=== 実行ログ ===
スクリプト: run_coach_M01-2.py
実行日時 : 2026-10-03 17:18:19
ハブ     : --name Pybricks Hub3
==================================================

Searching for Pybricks Hub3...

  0%|          | 0.00/6.14k [00:00<?, ?B/s]
  9%|▊         | 531/6.14k [00:00<00:01, 5.03kB/s]
 17%|█▋        | 1.06k/6.14k [00:00<00:01, 5.04kB/s]
 29%|██▉       | 1.77k/6.14k [00:00<00:00, 4.72kB/s]
 38%|███▊      | 2.30k/6.14k [00:00<00:00, 4.88kB/s]
 46%|████▌     | 2.83k/6.14k [00:00<00:00, 4.80kB/s]
 55%|█████▍    | 3.36k/6.14k [00:00<00:00, 4.89kB/s]
 63%|██████▎   | 3.89k/6.14k [00:00<00:00, 4.35kB/s]
 72%|███████▏  | 4.42k/6.14k [00:00<00:00, 4.38kB/s]
 81%|████████  | 4.96k/6.14k [00:01<00:00, 4.26kB/s]
 89%|████████▉ | 5.49k/6.14k [00:01<00:00, 4.41kB/s]
100%|██████████| 6.14k/6.14k [00:01<00:00, 4.75kB/s]
100%|██████████| 6.14k/6.14k [00:01<00:00, 4.64kB/s]
=== ロボット初期化開始 ===
★ 走行設定: new （new＝今年の値 / old＝昨年の速度・加速度・PID）
✓ 機体の校正表: Pybricks Hub3 {'heading_correction': 360.1, 'wheel': 62.32, 'axle': 114.48}
✓ ハブ設定完了
✓ モーター設定完了
✓ デフォルト設定適用: 直進={'straight_acceleration': 800, 'straight_speed': 550}, 回転={'turn_acceleration': 313, 'turn_rate': 250}
✓ ロボットパラメータ設定完了
✓ PID制御設定完了（Pybricks の既定値を使用）
✓ ジャイロの待ち完了: 2000 ms（止まったまま 2000 ms）
✓ センサー初期化完了
✓ モーター角度リセット完了: 全モーター=0°
=== ロボット初期化完了 ===
The program was stopped (SystemExit).

==================================================
終了コード: 0
終了日時  : 2026-10-03 17:18:38
実行時間  : 18.4 秒
接続〜初期化完了: 8.1 秒（ハブを探す・つなぐ・送る・ジャイロの待ち。本番は試合の前に 1 回だけ）
走行: 測れず（「# 走行完了！」の行が無い。途中で止まった？）
