=== 実行ログ ===
スクリプト: run_gyro_steps_corrected.py
実行日時 : 2026-09-17 15:49:26
ハブ     : --name Pybricks Hub3
==================================================

Searching for Pybricks Hub3...

  0%|          | 0.00/4.89k [00:00<?, ?B/s]
 21%|██        | 1.01k/4.89k [00:00<00:00, 10.1kB/s]
 41%|████▏     | 2.03k/4.89k [00:00<00:00, 9.59kB/s]
 62%|██████▏   | 3.04k/4.89k [00:00<00:00, 9.38kB/s]
 83%|████████▎ | 4.06k/4.89k [00:00<00:00, 9.31kB/s]
100%|██████████| 4.89k/4.89k [00:00<00:00, 6.39kB/s]
=== ロボット初期化開始 ===
✓ ハブ設定完了
✓ モーター設定完了
✓ デフォルト設定適用: 直進={'straight_acceleration': 800, 'straight_speed': 550}, 回転={'turn_acceleration': 313, 'turn_rate': 250}
✓ ロボットパラメータ設定完了
✓ PID制御設定完了（Pybricks の既定値を使用）
✓ センサー初期化完了
✓ モーター角度リセット完了: 全モーター=0°
=== ロボット初期化完了 ===
# MODE: steps / 補正: True / 命令: 1800 度 / ジャイロの向き: 1819.88 度
# imu.settings: (2.0, 2500.0, (0.1389356, -1.317983, -0.2881232), (360.0, 360.0, 360.0), (9806.65, -9806.65, 9806.65, -9806.65, 9806.65, -9806.65), 360.0)
# → 機体がスタートの向きから実際に何度（前と後ろで何 mm）ずれているかを測る

==================================================
終了コード: 0
終了日時  : 2026-09-17 15:50:03
実行時間  : 37.0 秒
