=== 実行ログ ===
スクリプト: run_M15M11_ayumu.py
実行日時 : 2026-10-10 17:44:21
ハブ     : --name Pybricks Hub
==================================================

Searching for Pybricks Hub...

  0%|          | 0.00/6.10k [00:00<?, ?B/s]
  9%|▊         | 531/6.10k [00:00<00:01, 4.84kB/s]
 17%|█▋        | 1.06k/6.10k [00:00<00:01, 4.58kB/s]
 26%|██▌       | 1.59k/6.10k [00:00<00:00, 4.79kB/s]
 35%|███▍      | 2.12k/6.10k [00:00<00:00, 4.89kB/s]
 46%|████▋     | 2.83k/6.10k [00:00<00:00, 5.27kB/s]
 55%|█████▌    | 3.36k/6.10k [00:00<00:00, 5.20kB/s]
 64%|██████▍   | 3.89k/6.10k [00:00<00:00, 5.16kB/s]
 73%|███████▎  | 4.42k/6.10k [00:00<00:00, 5.11kB/s]
 81%|████████  | 4.96k/6.10k [00:01<00:00, 4.70kB/s]
 90%|████████▉ | 5.49k/6.10k [00:01<00:00, 4.43kB/s]
100%|██████████| 6.10k/6.10k [00:01<00:00, 4.63kB/s]
100%|██████████| 6.10k/6.10k [00:01<00:00, 4.82kB/s]
=== ロボット初期化開始 ===
★ 走行設定: new （new＝今年の値 / old＝昨年の速度・加速度・PID）
! IMU の 3 軸校正がされていません（run_imu_calibrate_guided.py を実行してね）
!  Pybricks Hub は校正表に無いハブです。回転が 90° あたり 1° くらいずれるかもしれません
✓ ハブ設定完了
✓ モーター設定完了
✓ デフォルト設定適用: 直進={'straight_acceleration': 800, 'straight_speed': 550}, 回転={'turn_acceleration': 313, 'turn_rate': 250}
✓ ロボットパラメータ設定完了
✓ PID制御設定完了（Pybricks の既定値を使用）
✓ ジャイロの待ち完了: 2001 ms（止まったまま 2000 ms）
✓ センサー初期化完了
✓ モーター角度リセット完了: 全モーター=0°
=== ロボット初期化完了 ===
# 走行完了！

==================================================
終了コード: 0
終了日時  : 2026-10-10 17:44:32
実行時間  : 10.5 秒
接続〜初期化完了: 8.0 秒（ハブを探す・つなぐ・送る・ジャイロの待ち。本番は試合の前に 1 回だけ）
走行: 0.8 秒（初期化完了 → 走行完了。本番でもかかる時間）
