=== 実行ログ ===
スクリプト: run_M15M11_ayumu.py
実行日時 : 2026-10-10 17:47:12
ハブ     : --name Pybricks Hub
==================================================

Searching for Pybricks Hub...

  0%|          | 0.00/6.12k [00:00<?, ?B/s]
  9%|▊         | 531/6.12k [00:00<00:01, 4.79kB/s]
 17%|█▋        | 1.06k/6.12k [00:00<00:01, 4.59kB/s]
 29%|██▉       | 1.77k/6.12k [00:00<00:00, 5.18kB/s]
 38%|███▊      | 2.30k/6.12k [00:00<00:00, 5.13kB/s]
 49%|████▉     | 3.01k/6.12k [00:00<00:00, 5.42kB/s]
 61%|██████    | 3.72k/6.12k [00:00<00:00, 5.36kB/s]
 72%|███████▏  | 4.42k/6.12k [00:00<00:00, 5.31kB/s]
 84%|████████▍ | 5.13k/6.12k [00:00<00:00, 5.29kB/s]
 93%|█████████▎| 5.66k/6.12k [00:01<00:00, 5.04kB/s]
100%|██████████| 6.12k/6.12k [00:01<00:00, 5.14kB/s]
=== ロボット初期化開始 ===
★ 走行設定: new （new＝今年の値 / old＝昨年の速度・加速度・PID）
! IMU の 3 軸校正がされていません（run_imu_calibrate_guided.py を実行してね）
!  Pybricks Hub は校正表に無いハブです。回転が 90° あたり 1° くらいずれるかもしれません
✓ ハブ設定完了
✓ モーター設定完了
✓ デフォルト設定適用: 直進={'straight_acceleration': 800, 'straight_speed': 550}, 回転={'turn_acceleration': 313, 'turn_rate': 250}
✓ ロボットパラメータ設定完了
✓ PID制御設定完了（Pybricks の既定値を使用）
✓ ジャイロの待ち完了: 2000 ms（止まったまま 2000 ms）
✓ センサー初期化完了
✓ モーター角度リセット完了: 全モーター=0°
=== ロボット初期化完了 ===
# 走行完了！

==================================================
終了コード: 0
終了日時  : 2026-10-10 17:47:24
実行時間  : 12.0 秒
接続〜初期化完了: 8.5 秒（ハブを探す・つなぐ・送る・ジャイロの待ち。本番は試合の前に 1 回だけ）
走行: 1.9 秒（初期化完了 → 走行完了。本番でもかかる時間）
