=== 実行ログ ===
スクリプト: run_coach_M12.py
実行日時 : 2026-10-05 14:42:01
ハブ     : --name Pybricks Hub3
==================================================

Searching for Pybricks Hub3...

  0%|          | 0.00/6.17k [00:00<?, ?B/s]
  9%|▊         | 531/6.17k [00:00<00:01, 5.00kB/s]
 20%|██        | 1.24k/6.17k [00:00<00:00, 5.54kB/s]
 32%|███▏      | 1.95k/6.17k [00:00<00:00, 5.12kB/s]
 40%|████      | 2.48k/6.17k [00:00<00:00, 5.10kB/s]
 52%|█████▏    | 3.19k/6.17k [00:00<00:00, 5.39kB/s]
 63%|██████▎   | 3.89k/6.17k [00:00<00:00, 5.35kB/s]
 75%|███████▍  | 4.60k/6.17k [00:00<00:00, 5.51kB/s]
 86%|████████▌ | 5.31k/6.17k [00:00<00:00, 5.63kB/s]
 98%|█████████▊| 6.02k/6.17k [00:01<00:00, 5.49kB/s]
100%|██████████| 6.17k/6.17k [00:01<00:00, 5.40kB/s]
=== ロボット初期化開始 ===
★ 走行設定: new （new＝今年の値 / old＝昨年の速度・加速度・PID）
✓ 機体の校正表: Pybricks Hub3 {'heading_correction': 360.1, 'wheel': 62.32, 'axle': 114.48}
✓ ハブ設定完了
✓ モーター設定完了
✓ デフォルト設定適用: 直進={'straight_acceleration': 800, 'straight_speed': 550}, 回転={'turn_acceleration': 313, 'turn_rate': 250}
✓ ロボットパラメータ設定完了
✓ PID制御設定完了（Pybricks の既定値を使用）
✓ ジャイロの待ち完了: 2000 ms（止まったまま 2000 ms）
✓ センサー初期化完了
✓ モーター角度リセット完了: 全モーター=0°
=== ロボット初期化完了 ===
The program was stopped (SystemExit).

==================================================
終了コード: 0
終了日時  : 2026-10-05 14:42:30
実行時間  : 29.7 秒
接続〜初期化完了: 7.7 秒（ハブを探す・つなぐ・送る・ジャイロの待ち。本番は試合の前に 1 回だけ）
走行: 測れず（「# 走行完了！」の行が無い。途中で止まった？）
