=== 実行ログ ===
スクリプト: run_coach_M12.py
実行日時 : 2026-10-05 14:52:53
ハブ     : --name Pybricks Hub3
==================================================

Searching for Pybricks Hub3...

  0%|          | 0.00/6.20k [00:00<?, ?B/s]
  6%|▌         | 354/6.20k [00:00<00:01, 3.33kB/s]
 11%|█▏        | 708/6.20k [00:00<00:01, 3.09kB/s]
 17%|█▋        | 1.06k/6.20k [00:00<00:01, 3.21kB/s]
 26%|██▌       | 1.59k/6.20k [00:00<00:01, 3.92kB/s]
 34%|███▍      | 2.12k/6.20k [00:00<00:00, 4.11kB/s]
 43%|████▎     | 2.65k/6.20k [00:00<00:00, 4.04kB/s]
 54%|█████▍    | 3.36k/6.20k [00:00<00:00, 4.48kB/s]
 66%|██████▌   | 4.07k/6.20k [00:00<00:00, 4.91kB/s]
 77%|███████▋  | 4.78k/6.20k [00:01<00:00, 5.19kB/s]
 89%|████████▊ | 5.49k/6.20k [00:01<00:00, 5.41kB/s]
100%|█████████▉| 6.20k/6.20k [00:01<00:00, 5.19kB/s]
100%|██████████| 6.20k/6.20k [00:01<00:00, 4.53kB/s]
=== ロボット初期化開始 ===
★ 走行設定: new （new＝今年の値 / old＝昨年の速度・加速度・PID）
✓ 機体の校正表: Pybricks Hub3 {'heading_correction': 360.1, 'wheel': 62.32, 'axle': 114.48}
✓ ハブ設定完了
✓ モーター設定完了
✓ デフォルト設定適用: 直進={'straight_acceleration': 800, 'straight_speed': 550}, 回転={'turn_acceleration': 313, 'turn_rate': 250}
✓ ロボットパラメータ設定完了
✓ PID制御設定完了（Pybricks の既定値を使用）
✓ ジャイロの待ち完了: 2001 ms（止まったまま 2000 ms）
✓ センサー初期化完了
✓ モーター角度リセット完了: 全モーター=0°
=== ロボット初期化完了 ===
# 走行完了！

==================================================
終了コード: 0
終了日時  : 2026-10-05 14:53:10
実行時間  : 17.0 秒
接続〜初期化完了: 8.2 秒（ハブを探す・つなぐ・送る・ジャイロの待ち。本番は試合の前に 1 回だけ）
走行: 7.1 秒（初期化完了 → 走行完了。本番でもかかる時間）
