=== 実行ログ ===
スクリプト: run_coach_M12.py
実行日時 : 2026-10-03 11:48:17
ハブ     : --name Pybricks Hub3
==================================================

Searching for Pybricks Hub3...

  0%|          | 0.00/6.13k [00:00<?, ?B/s]
  8%|▊         | 507/6.13k [00:00<00:01, 3.04kB/s]
 17%|█▋        | 1.01k/6.13k [00:00<00:01, 2.94kB/s]
 25%|██▍       | 1.52k/6.13k [00:00<00:01, 2.93kB/s]
 33%|███▎      | 2.03k/6.13k [00:00<00:01, 2.91kB/s]
 41%|████▏     | 2.54k/6.13k [00:00<00:01, 2.29kB/s]
 50%|████▉     | 3.04k/6.13k [00:01<00:01, 2.46kB/s]
 58%|█████▊    | 3.55k/6.13k [00:01<00:00, 2.59kB/s]
 66%|██████▌   | 4.06k/6.13k [00:01<00:00, 2.68kB/s]
 74%|███████▍  | 4.56k/6.13k [00:01<00:00, 2.75kB/s]
 83%|████████▎ | 5.07k/6.13k [00:01<00:00, 2.43kB/s]
 91%|█████████ | 5.58k/6.13k [00:02<00:00, 2.56kB/s]
 99%|█████████▉| 6.08k/6.13k [00:02<00:00, 2.48kB/s]
100%|██████████| 6.13k/6.13k [00:02<00:00, 2.42kB/s]
=== ロボット初期化開始 ===
★ 走行設定: new （new＝今年の値 / old＝昨年の速度・加速度・PID）
✓ 機体の校正表: Pybricks Hub3 {'heading_correction': 360.1, 'wheel': 62.32, 'axle': 114.48}
✓ ハブ設定完了
✓ モーター設定完了
✓ デフォルト設定適用: 直進={'straight_acceleration': 800, 'straight_speed': 550}, 回転={'turn_acceleration': 313, 'turn_rate': 250}
✓ ロボットパラメータ設定完了
✓ PID制御設定完了（Pybricks の既定値を使用）

[Ctrl+C で停止]

==================================================
終了コード: 1
終了日時  : 2026-10-03 11:48:29
実行時間  : 12.1 秒
