=== 実行ログ ===
スクリプト: run_coach_M12.py
実行日時 : 2026-10-03 11:42:23
ハブ     : --name Pybricks Hub3
==================================================

Searching for Pybricks Hub3...

  0%|          | 0.00/6.52k [00:00<?, ?B/s]
  8%|▊         | 507/6.52k [00:00<00:02, 3.00kB/s]
 16%|█▌        | 1.01k/6.52k [00:00<00:01, 2.93kB/s]
 23%|██▎       | 1.52k/6.52k [00:00<00:02, 2.37kB/s]
 31%|███       | 2.03k/6.52k [00:00<00:01, 2.55kB/s]
 39%|███▉      | 2.54k/6.52k [00:00<00:01, 2.67kB/s]
 47%|████▋     | 3.04k/6.52k [00:01<00:01, 2.74kB/s]
 54%|█████▍    | 3.55k/6.52k [00:01<00:01, 2.80kB/s]
 62%|██████▏   | 4.06k/6.52k [00:01<00:00, 2.62kB/s]
 70%|██████▉   | 4.56k/6.52k [00:01<00:00, 2.70kB/s]
 78%|███████▊  | 5.07k/6.52k [00:01<00:00, 2.76kB/s]
 86%|████████▌ | 5.58k/6.52k [00:02<00:00, 2.80kB/s]
 93%|█████████▎| 6.08k/6.52k [00:02<00:00, 2.83kB/s]
100%|██████████| 6.52k/6.52k [00:02<00:00, 1.57kB/s]
100%|██████████| 6.52k/6.52k [00:02<00:00, 2.30kB/s]
=== ロボット初期化開始 ===
★ 走行設定: new （new＝今年の値 / old＝昨年の速度・加速度・PID）
✓ 機体の校正表: Pybricks Hub3 {'heading_correction': 360.1, 'wheel': 62.32, 'axle': 114.48}
✓ ハブ設定完了
✓ モーター設定完了
✓ デフォルト設定適用: 直進={'straight_acceleration': 800, 'straight_speed': 550}, 回転={'turn_acceleration': 313, 'turn_rate': 250}
✓ ロボットパラメータ設定完了
✓ PID制御設定完了（Pybricks の既定値を使用）
✓ ジャイロの待ち完了: 2000 ms（止まったまま 2000 ms）
✓ センサー初期化完了
✓ モーター角度リセット完了: 全モーター=0°
=== ロボット初期化完了 ===
# 走行完了！

==================================================
終了コード: 0
終了日時  : 2026-10-03 11:43:06
実行時間  : 42.9 秒
