=== 実行ログ ===
スクリプト: run_coach_M12.py
実行日時 : 2026-10-05 14:54:39
ハブ     : --name Pybricks Hub3
==================================================

Searching for Pybricks Hub3...

  0%|          | 0.00/6.20k [00:00<?, ?B/s]
 11%|█▏        | 708/6.20k [00:00<00:00, 5.79kB/s]
 23%|██▎       | 1.42k/6.20k [00:00<00:00, 5.86kB/s]
 34%|███▍      | 2.12k/6.20k [00:00<00:00, 5.88kB/s]
 46%|████▌     | 2.83k/6.20k [00:00<00:00, 5.61kB/s]
 57%|█████▋    | 3.54k/6.20k [00:00<00:00, 5.72kB/s]
 69%|██████▊   | 4.25k/6.20k [00:00<00:00, 5.77kB/s]
 80%|███████▉  | 4.96k/6.20k [00:00<00:00, 5.82kB/s]
 91%|█████████▏| 5.66k/6.20k [00:00<00:00, 5.62kB/s]
100%|██████████| 6.20k/6.20k [00:01<00:00, 5.57kB/s]
=== ロボット初期化開始 ===
★ 走行設定: new （new＝今年の値 / old＝昨年の速度・加速度・PID）
✓ 機体の校正表: Pybricks Hub3 {'heading_correction': 360.1, 'wheel': 62.32, 'axle': 114.48}
✓ ハブ設定完了
✓ モーター設定完了
✓ デフォルト設定適用: 直進={'straight_acceleration': 800, 'straight_speed': 550}, 回転={'turn_acceleration': 313, 'turn_rate': 250}
✓ ロボットパラメータ設定完了
✓ PID制御設定完了（Pybricks の既定値を使用）
✓ ジャイロの待ち完了: 2001 ms（止まったまま 2000 ms）
✓ センサー初期化完了
✓ モーター角度リセット完了: 全モーター=0°
=== ロボット初期化完了 ===
The program was stopped (SystemExit).

==================================================
終了コード: 0
終了日時  : 2026-10-05 14:54:58
実行時間  : 19.3 秒
接続〜初期化完了: 7.8 秒（ハブを探す・つなぐ・送る・ジャイロの待ち。本番は試合の前に 1 回だけ）
走行: 測れず（「# 走行完了！」の行が無い。途中で止まった？）
