=== 実行ログ ===
スクリプト: run_M9_soichiro.py
実行日時 : 2026-10-02 15:51:47
ハブ     : --name Pybricks Hub3
==================================================

Searching for Pybricks Hub3...

  0%|          | 0.00/6.11k [00:00<?, ?B/s]
  3%|▎         | 177/6.11k [00:00<00:03, 1.61kB/s]
 14%|█▍        | 885/6.11k [00:00<00:01, 3.35kB/s]
 23%|██▎       | 1.42k/6.11k [00:00<00:01, 3.89kB/s]
 32%|███▏      | 1.95k/6.11k [00:00<00:01, 3.73kB/s]
 43%|████▎     | 2.65k/6.11k [00:00<00:00, 4.44kB/s]
 52%|█████▏    | 3.19k/6.11k [00:00<00:00, 3.97kB/s]
 61%|██████    | 3.72k/6.11k [00:00<00:00, 3.82kB/s]
 70%|██████▉   | 4.25k/6.11k [00:01<00:00, 3.50kB/s]
 78%|███████▊  | 4.78k/6.11k [00:01<00:00, 3.74kB/s]
 87%|████████▋ | 5.31k/6.11k [00:01<00:00, 3.68kB/s]
 96%|█████████▌| 5.84k/6.11k [00:01<00:00, 3.86kB/s]
100%|██████████| 6.11k/6.11k [00:01<00:00, 3.76kB/s]
=== ロボット初期化開始 ===
★ 走行設定: new （new＝今年の値 / old＝昨年の速度・加速度・PID）
✓ 機体の校正表: Pybricks Hub3 {'heading_correction': 360.1, 'wheel': 62.32, 'axle': 114.48}
✓ ハブ設定完了
✓ モーター設定完了
✓ デフォルト設定適用: 直進={'straight_acceleration': 800, 'straight_speed': 550}, 回転={'turn_acceleration': 313, 'turn_rate': 250}
✓ ロボットパラメータ設定完了
✓ PID制御設定完了（Pybricks の既定値を使用）
⚠ ジャイロの待ち: 機体が止まらないまま 10000 ms たちました。回転が約 1.4% ずれるかもしれません
✓ センサー初期化完了
✓ モーター角度リセット完了: 全モーター=0°
=== ロボット初期化完了 ===
Traceback (most recent call last):
  File "run_M9_soichiro.py", line 83, in <module>
  File "run_M9_soichiro.py", line 70, in run
TypeError: 'Robot' object isn't iterable

==================================================
終了コード: 0
終了日時  : 2026-10-02 15:52:10
実行時間  : 23.5 秒
