=== 実行ログ ===
スクリプト: run_gyro_state_repeat_nowait.py
実行日時 : 2026-09-19 11:55:04
ハブ     : --name Pybricks Hub3
==================================================

Searching for Pybricks Hub3...

  0%|          | 0.00/7.31k [00:00<?, ?B/s]
 14%|█▍        | 1.01k/7.31k [00:00<00:00, 8.80kB/s]
 28%|██▊       | 2.03k/7.31k [00:00<00:00, 8.45kB/s]
 42%|████▏     | 3.04k/7.31k [00:00<00:00, 8.74kB/s]
 55%|█████▌    | 4.06k/7.31k [00:00<00:00, 8.57kB/s]
 69%|██████▉   | 5.07k/7.31k [00:00<00:00, 6.64kB/s]
 83%|████████▎ | 6.08k/7.31k [00:01<00:00, 3.84kB/s]
 97%|█████████▋| 7.10k/7.31k [00:01<00:00, 3.31kB/s]
100%|██████████| 7.31k/7.31k [00:02<00:00, 3.43kB/s]
=== ロボット初期化開始 ===
★ 走行設定: new （new＝今年の値 / old＝昨年の速度・加速度・PID）
✓ 機体の校正表: Pybricks Hub3 {'heading_correction': 365.8, 'wheel': 62.32, 'axle': 114.48}
✓ ハブ設定完了
✓ モーター設定完了
✓ デフォルト設定適用: 直進={'straight_acceleration': 800, 'straight_speed': 550}, 回転={'turn_acceleration': 313, 'turn_rate': 250}
✓ ロボットパラメータ設定完了
✓ PID制御設定完了（Pybricks の既定値を使用）
✓ センサー初期化完了
✓ モーター角度リセット完了: 全モーター=0°
=== ロボット初期化完了 ===
# imu.settings: (2.0, 2500.0, (0.107595, -1.197198, -0.486059), (366.1989, 351.5872, 362.0139), (10031.61, -9781.568, 9785.638, -9813.727, 9523.833, -10133.98), 365.8)
# 前: tilt (-0.1911994, 0.2616345) / 電池: 7788 mV
R, 1 , ジャイロ 1800.27 , rotZ 1829.27 , エンコーダ 1955.39 , 比率(全体) 0.9207 , 比率(2〜4 周目) 0.9241 , 電池 7794
S, 1 , 当て直しで動いた角度 h2-h1 -5.65 , 1 周の読み 358.924 , 校正前の目盛りで 364.71
R, 2 , ジャイロ 1799.26 , rotZ 1828.25 , エンコーダ 1983.16 , 比率(全体) 0.9073 , 比率(2〜4 周目) 0.9075001 , 電池 7792
S, 2 , 当て直しで動いた角度 h2-h1 -28.37 , 1 周の読み 354.179 , 校正前の目盛りで 359.89
# 電池: 7784 mV

==================================================
終了コード: 0
終了日時  : 2026-09-19 11:55:48
実行時間  : 44.5 秒
