=== 実行ログ ===
スクリプト: run_gyro_state_repeat_nowait.py
実行日時 : 2026-09-19 11:42:24
ハブ     : --name Pybricks Hub3
==================================================

Searching for Pybricks Hub3...

  0%|          | 0.00/7.31k [00:00<?, ?B/s]
 14%|█▍        | 1.01k/7.31k [00:00<00:00, 8.83kB/s]
 28%|██▊       | 2.03k/7.31k [00:00<00:00, 7.91kB/s]
 42%|████▏     | 3.04k/7.31k [00:00<00:00, 8.48kB/s]
 55%|█████▌    | 4.06k/7.31k [00:00<00:00, 7.65kB/s]
 69%|██████▉   | 5.07k/7.31k [00:00<00:00, 4.87kB/s]
 83%|████████▎ | 6.08k/7.31k [00:01<00:00, 3.74kB/s]
 90%|█████████ | 6.59k/7.31k [00:01<00:00, 3.54kB/s]
 97%|█████████▋| 7.10k/7.31k [00:01<00:00, 2.99kB/s]
100%|██████████| 7.31k/7.31k [00:02<00:00, 3.24kB/s]
=== ロボット初期化開始 ===
★ 走行設定: new （new＝今年の値 / old＝昨年の速度・加速度・PID）
✓ 機体の校正表: Pybricks Hub3 {'heading_correction': 365.8, 'wheel': 62.32, 'axle': 114.48}
✓ ハブ設定完了
✓ モーター設定完了
✓ デフォルト設定適用: 直進={'straight_acceleration': 800, 'straight_speed': 550}, 回転={'turn_acceleration': 313, 'turn_rate': 250}
✓ ロボットパラメータ設定完了
✓ PID制御設定完了（Pybricks の既定値を使用）
✓ センサー初期化完了
✓ モーター角度リセット完了: 全モーター=0°
=== ロボット初期化完了 ===
# imu.settings: (2.0, 2500.0, (0.107595, -1.197198, -0.486059), (366.1989, 351.5872, 362.0139), (10031.61, -9781.568, 9785.638, -9813.727, 9523.833, -10133.98), 365.8)
# 前: tilt (-0.1695709, 0.2809557) / 電池: 7817 mV
R, 1 , ジャイロ 1800.0 , rotZ 1829.0 , エンコーダ 1979.62 , 比率(全体) 0.9093 , 比率(2〜4 周目) 0.9146 , 電池 7820
S, 1 , 当て直しで動いた角度 h2-h1 -4.88 , 1 周の読み 359.023 , 校正前の目盛りで 364.81
R, 2 , ジャイロ 1797.86 , rotZ 1826.83 , エンコーダ 2000.03 , 比率(全体) 0.8988999 , 比率(2〜4 周目) 0.9006001 , 電池 7820
S, 2 , 当て直しで動いた角度 h2-h1 -25.83 , 1 周の読み 354.406 , 校正前の目盛りで 360.12
# 電池: 7809 mV

==================================================
終了コード: 0
終了日時  : 2026-09-19 11:43:08
実行時間  : 43.2 秒
