=== 実行ログ ===
スクリプト: run_gyro_state_repeat_nowait.py
実行日時 : 2026-09-19 11:58:58
ハブ     : --name Pybricks Hub3
==================================================

Searching for Pybricks Hub3...

  0%|          | 0.00/7.73k [00:00<?, ?B/s]
 20%|█▉        | 1.52k/7.73k [00:00<00:00, 9.83kB/s]
 33%|███▎      | 2.54k/7.73k [00:00<00:00, 8.94kB/s]
 46%|████▌     | 3.55k/7.73k [00:00<00:00, 9.06kB/s]
 59%|█████▉    | 4.56k/7.73k [00:00<00:00, 8.35kB/s]
 72%|███████▏  | 5.58k/7.73k [00:00<00:00, 5.87kB/s]
 85%|████████▌ | 6.59k/7.73k [00:01<00:00, 4.12kB/s]
 98%|█████████▊| 7.61k/7.73k [00:01<00:00, 3.30kB/s]
100%|██████████| 7.73k/7.73k [00:01<00:00, 4.00kB/s]
=== ロボット初期化開始 ===
★ 走行設定: new （new＝今年の値 / old＝昨年の速度・加速度・PID）
✓ ジャイロの目盛りを Pybricks Hub3 の値にしました: 360.1
✓ ハブ設定完了
✓ モーター設定完了
✓ デフォルト設定適用: 直進={'straight_acceleration': 800, 'straight_speed': 550}, 回転={'turn_acceleration': 313, 'turn_rate': 250}
✓ ロボットパラメータ設定完了
✓ PID制御設定完了（Pybricks の既定値を使用）
✓ ジャイロの待ち完了: 2000 ms（止まったまま 2000 ms）
✓ センサー初期化完了
✓ モーター角度リセット完了: 全モーター=0°
=== ロボット初期化完了 ===
# imu.settings: (2.0, 2500.0, (0.107595, -1.197198, -0.486059), (366.1989, 351.5872, 362.0139), (10031.61, -9781.568, 9785.638, -9813.727, 9523.833, -10133.98), 360.1)
# 前: tilt (-0.2222758, 0.273174) / 電池: 7782 mV
R, 1 , ジャイロ 1799.86 , rotZ 1800.36 , エンコーダ 1945.05 , 比率(全体) 0.9254 , 比率(2〜4 周目) 0.9255 , 電池 7788
S, 1 , 当て直しで動いた角度 h2-h1 0.36 , 1 周の読み 360.046 , 校正前の目盛りで 360.15
R, 2 , ジャイロ 1799.99 , rotZ 1800.49 , エンコーダ 1938.79 , 比率(全体) 0.9283999 , 比率(2〜4 周目) 0.9290999 , 電池 7785
S, 2 , 当て直しで動いた角度 h2-h1 0.76 , 1 周の読み 360.149 , 校正前の目盛りで 360.25
# 電池: 7777 mV

==================================================
終了コード: 0
終了日時  : 2026-09-19 11:59:42
実行時間  : 44.4 秒
