=== 実行ログ ===
スクリプト: run_M01_kidachi.py
実行日時 : 2026-03-21 17:39:57
ハブ     : --name Pybricks Hub4
==================================================

Searching for Pybricks Hub4...

  0%|          | 0.00/4.10k [00:00<?, ?B/s]
 17%|█▋        | 708/4.10k [00:00<00:00, 6.10kB/s]
 35%|███▍      | 1.42k/4.10k [00:00<00:00, 5.57kB/s]
 52%|█████▏    | 2.12k/4.10k [00:00<00:00, 5.41kB/s]
 69%|██████▉   | 2.83k/4.10k [00:00<00:00, 5.59kB/s]
 86%|████████▋ | 3.54k/4.10k [00:00<00:00, 5.47kB/s]
100%|██████████| 4.10k/4.10k [00:00<00:00, 5.20kB/s]
100%|██████████| 4.10k/4.10k [00:00<00:00, 5.37kB/s]
=== ロボット初期化開始 ===
✓ ハブ設定完了
! right_lift not found on Port.A; using NullMotor. ([Errno 19] ENODEV: 

A sensor or motor is not connected to the specified port:
--> Check the cables to each motor and sensor.
--> Check the port settings in your script.
--> Check the line in your script that matches
    the line number given in the 'Traceback' above.

)
✓ モーター設定完了
✓ デフォルト設定適用: 直進={'straight_acceleration': 500, 'straight_speed': 400}, 回転={'turn_acceleration': 850, 'turn_rate': 240}
✓ ロボットパラメータ設定完了
✓ PID制御設定完了
✓ センサー初期化完了
✓ モーター角度リセット完了: 全モーター=0°
=== ロボット初期化完了 ===
# 走行完了！

==================================================
終了コード: 0
終了日時  : 2026-03-21 17:40:06
実行時間  : 9.6 秒
