=== 実行ログ ===
スクリプト: run_gyro_scale_check.py
実行日時 : 2026-09-17 14:17:24
ハブ     : --name Pybricks Hub3
==================================================

Searching for Pybricks Hub3...

  0%|          | 0.00/4.47k [00:00<?, ?B/s]
 23%|██▎       | 1.01k/4.47k [00:00<00:00, 8.00kB/s]
 45%|████▌     | 2.03k/4.47k [00:00<00:00, 8.69kB/s]
 68%|██████▊   | 3.04k/4.47k [00:00<00:00, 7.67kB/s]
 91%|█████████ | 4.06k/4.47k [00:00<00:00, 7.86kB/s]
100%|██████████| 4.47k/4.47k [00:00<00:00, 6.89kB/s]
=== ロボット初期化開始 ===
✓ ハブ設定完了
✓ モーター設定完了
✓ デフォルト設定適用: 直進={'straight_acceleration': 800, 'straight_speed': 550}, 回転={'turn_acceleration': 313, 'turn_rate': 250}
✓ ロボットパラメータ設定完了
✓ PID制御設定完了（Pybricks の既定値を使用）
✓ センサー初期化完了
✓ モーター角度リセット完了: 全モーター=0°
=== ロボット初期化完了 ===
# 命令: 1800 度 / ジャイロの向き: 1798.75 度
# imu.settings: (2.0, 2500.0, (0.1389356, -1.317983, -0.2881232), (360.0, 360.0, 360.0), (9806.65, -9806.65, 9806.65, -9806.65, 9806.65, -9806.65), 360.0)
# → 機体がスタートの向きから実際に何度（前と後ろで何 mm）ずれているかを測る

==================================================
終了コード: 0
終了日時  : 2026-09-17 14:17:47
実行時間  : 23.0 秒
