=== 実行ログ ===
スクリプト: run_gyro_scale_check.py
実行日時 : 2026-09-17 15:45:56
ハブ     : --name Pybricks Hub3
==================================================

Searching for Pybricks Hub3...

  0%|          | 0.00/4.72k [00:00<?, ?B/s]
 11%|█         | 507/4.72k [00:00<00:00, 5.02kB/s]
 21%|██▏       | 1.01k/4.72k [00:00<00:01, 3.44kB/s]
 32%|███▏      | 1.52k/4.72k [00:00<00:00, 3.90kB/s]
 43%|████▎     | 2.03k/4.72k [00:00<00:00, 3.27kB/s]
 54%|█████▎    | 2.54k/4.72k [00:00<00:01, 2.09kB/s]
 64%|██████▍   | 3.04k/4.72k [00:01<00:00, 1.82kB/s]
 75%|███████▌  | 3.55k/4.72k [00:01<00:00, 1.47kB/s]
 86%|████████▌ | 4.06k/4.72k [00:02<00:00, 1.36kB/s]
 97%|█████████▋| 4.56k/4.72k [00:02<00:00, 1.06kB/s]
100%|██████████| 4.72k/4.72k [00:03<00:00, 886B/s]  
100%|██████████| 4.72k/4.72k [00:03<00:00, 1.41kB/s]
=== ロボット初期化開始 ===
✓ ハブ設定完了
✓ モーター設定完了
✓ デフォルト設定適用: 直進={'straight_acceleration': 800, 'straight_speed': 550}, 回転={'turn_acceleration': 313, 'turn_rate': 250}
✓ ロボットパラメータ設定完了
✓ PID制御設定完了（Pybricks の既定値を使用）
✓ センサー初期化完了
✓ モーター角度リセット完了: 全モーター=0°
=== ロボット初期化完了 ===
# MODE: spin / 命令: 1800 度 / ジャイロの向き: 1798.7 度
# imu.settings: (2.0, 2500.0, (0.1389356, -1.317983, -0.2881232), (360.0, 360.0, 360.0), (9806.65, -9806.65, 9806.65, -9806.65, 9806.65, -9806.65), 360.0)
# → 機体がスタートの向きから実際に何度（前と後ろで何 mm）ずれているかを測る

==================================================
終了コード: 0
終了日時  : 2026-09-17 15:46:17
実行時間  : 21.0 秒
