=== 実行ログ ===
スクリプト: run_gyro_motor_check.py
実行日時 : 2026-09-17 19:20:12
ハブ     : --name Pybricks Hub3
==================================================

Searching for Pybricks Hub3...

  0%|          | 0.00/5.59k [00:00<?, ?B/s]
 18%|█▊        | 1.01k/5.59k [00:00<00:00, 9.76kB/s]
 36%|███▋      | 2.03k/5.59k [00:00<00:00, 9.43kB/s]
 54%|█████▍    | 3.04k/5.59k [00:00<00:00, 9.32kB/s]
 73%|███████▎  | 4.06k/5.59k [00:00<00:00, 9.31kB/s]
 91%|█████████ | 5.07k/5.59k [00:00<00:00, 9.24kB/s]
100%|██████████| 5.59k/5.59k [00:00<00:00, 8.92kB/s]
=== ロボット初期化開始 ===
✓ ハブ設定完了
✓ モーター設定完了
✓ デフォルト設定適用: 直進={'straight_acceleration': 800, 'straight_speed': 550}, 回転={'turn_acceleration': 313, 'turn_rate': 250}
✓ ロボットパラメータ設定完了
✓ PID制御設定完了（Pybricks の既定値を使用）
✓ センサー初期化完了
✓ モーター角度リセット完了: 全モーター=0°
=== ロボット初期化完了 ===
# MODE: spin / 回転速度: None / 命令: 1800 度 / 止まった時のジャイロ h1: 1799.5 度
# ★いま★ ライトが緑になったら（ピーと鳴ったら）、手で定規にぴったり当て直して、手を離してね
# 定規に合わせ直した時のジャイロ h2: 1818.14 度
# 本当のズレ（＋は回り足りない）: 18.64 度（ジャイロの目盛りで）
# モーターで回ったときのジャイロの 1 周の読み: 363.627 度（手で回したときは 361.8）
# 電池: 7928 mV

==================================================
終了コード: 0
終了日時  : 2026-09-17 19:20:35
実行時間  : 22.7 秒
