=== 実行ログ ===
スクリプト: run_gyro_motor_check.py
実行日時 : 2026-09-18 13:17:58
ハブ     : --name Pybricks Hub3
==================================================

Searching for Pybricks Hub3...

  0%|          | 0.00/6.75k [00:00<?, ?B/s]
 15%|█▌        | 1.01k/6.75k [00:00<00:00, 9.87kB/s]
 30%|███       | 2.03k/6.75k [00:00<00:00, 8.82kB/s]
 45%|████▌     | 3.04k/6.75k [00:00<00:00, 9.00kB/s]
 60%|██████    | 4.06k/6.75k [00:00<00:00, 9.10kB/s]
 75%|███████▌  | 5.07k/6.75k [00:00<00:00, 8.73kB/s]
 90%|█████████ | 6.08k/6.75k [00:00<00:00, 8.49kB/s]
100%|██████████| 6.75k/6.75k [00:01<00:00, 4.84kB/s]
=== ロボット初期化開始 ===
✓ 機体の校正表: Pybricks Hub3 {'heading_correction': 364.0, 'wheel': 62.32, 'axle': 114.48}
✓ ハブ設定完了
✓ モーター設定完了
✓ デフォルト設定適用: 直進={'straight_acceleration': 800, 'straight_speed': 550}, 回転={'turn_acceleration': 313, 'turn_rate': 250}
✓ ロボットパラメータ設定完了
✓ PID制御設定完了（Pybricks の既定値を使用）
✓ センサー初期化完了
✓ モーター角度リセット完了: 全モーター=0°
=== ロボット初期化完了 ===
# imu.settings: (2.0, 2500.0, (0.107595, -1.197198, -0.486059), (366.1989, 351.5872, 362.0139), (10031.61, -9781.568, 9785.638, -9813.727, 9523.833, -10133.98), 364.0)
# 前: tilt (-0.1403144, 0.3687971) / 角速度 Matrix([
    [  -0.017],
    [  -0.065],
    [   0.029],
]) / 加速度 Matrix([
    [   4.192],
    [  59.565],
    [ 999.999],
])
# 後: tilt (0.074412, 0.3470698) / 角速度 Matrix([
    [  -0.017],
    [  -0.137],
    [   0.029],
])
# 軸ごとの回転 X/Y/Z: -31.24 13.54 -1819.6 / heading: 1799.61
# MODE: spin / 回転速度: None / 補正: False / 命令: 1800 度 / 止まった時のジャイロ h1: 1799.61 度
# ★いま★ ライトが緑になったら（ピーと鳴ったら）、手で定規にぴったり当て直して、手を離してね
# 定規に合わせ直した時のジャイロ h2: 1780.76 度
# 本当のズレ（＋は回り足りない）: -18.85 度（ジャイロの目盛りで）
# モーターで回ったときのジャイロの 1 周の読み: 356.152 度（360 なら目盛りは合っている）
# 電池: 7937 mV

==================================================
終了コード: 0
終了日時  : 2026-09-18 13:18:21
実行時間  : 23.6 秒
