=== 実行ログ ===
スクリプト: run_gyro_motor_check.py
実行日時 : 2026-09-18 12:13:38
ハブ     : --name Pybricks Hub3
==================================================

Searching for Pybricks Hub3...

  0%|          | 0.00/6.75k [00:00<?, ?B/s]
 15%|█▌        | 1.01k/6.75k [00:00<00:00, 9.85kB/s]
 30%|███       | 2.03k/6.75k [00:00<00:00, 9.45kB/s]
 45%|████▌     | 3.04k/6.75k [00:00<00:00, 9.32kB/s]
 60%|██████    | 4.06k/6.75k [00:00<00:00, 8.87kB/s]
 75%|███████▌  | 5.07k/6.75k [00:00<00:00, 8.97kB/s]
 90%|█████████ | 6.08k/6.75k [00:00<00:00, 9.06kB/s]
100%|██████████| 6.75k/6.75k [00:01<00:00, 6.14kB/s]
=== ロボット初期化開始 ===
✓ 機体の校正表: Pybricks Hub3 {'heading_correction': 364.0, 'wheel': 62.32, 'axle': 114.48}
✓ ハブ設定完了
✓ モーター設定完了
✓ デフォルト設定適用: 直進={'straight_acceleration': 800, 'straight_speed': 550}, 回転={'turn_acceleration': 313, 'turn_rate': 250}
✓ ロボットパラメータ設定完了
✓ PID制御設定完了（Pybricks の既定値を使用）
✓ センサー初期化完了
✓ モーター角度リセット完了: 全モーター=0°
=== ロボット初期化完了 ===
# imu.settings: (2.0, 2500.0, (0.107595, -1.197198, -0.486059), (366.1989, 351.5872, 362.0139), (10031.61, -9781.568, 9785.638, -9813.727, 9523.833, -10133.98), 364.0)
# 前: tilt (-0.2438363, 0.09960409) / 角速度 Matrix([
    [   0.031],
    [   0.050],
    [   0.072],
]) / 加速度 Matrix([
    [  53.951],
    [  23.635],
    [ 999.999],
])
# 後: tilt (-0.3368736, 0.09395716) / 角速度 Matrix([
    [   0.100],
    [   0.050],
    [  -0.066],
])
# 軸ごとの回転 X/Y/Z: -34.05 18.97 -1820.41 / heading: 1800.4
# MODE: spin / 回転速度: None / 補正: False / 命令: 1800 度 / 止まった時のジャイロ h1: 1800.4 度
# ★いま★ ライトが緑になったら（ピーと鳴ったら）、手で定規にぴったり当て直して、手を離してね
# 定規に合わせ直した時のジャイロ h2: 1803.16 度
# 本当のズレ（＋は回り足りない）: 2.76 度（ジャイロの目盛りで）
# モーターで回ったときのジャイロの 1 周の読み: 360.632 度（360 なら目盛りは合っている）
# 電池: 8086 mV

==================================================
終了コード: 0
終了日時  : 2026-09-18 12:14:01
実行時間  : 23.0 秒
