=== 実行ログ ===
スクリプト: run_gyro_motor_check.py
実行日時 : 2026-09-18 12:13:01
ハブ     : --name Pybricks Hub3
==================================================

Searching for Pybricks Hub3...

  0%|          | 0.00/6.75k [00:00<?, ?B/s]
 15%|█▌        | 1.01k/6.75k [00:00<00:00, 7.73kB/s]
 30%|███       | 2.03k/6.75k [00:00<00:00, 7.52kB/s]
 45%|████▌     | 3.04k/6.75k [00:00<00:00, 7.45kB/s]
 60%|██████    | 4.06k/6.75k [00:00<00:00, 7.74kB/s]
 75%|███████▌  | 5.07k/6.75k [00:00<00:00, 7.60kB/s]
 90%|█████████ | 6.08k/6.75k [00:00<00:00, 5.87kB/s]
100%|██████████| 6.75k/6.75k [00:01<00:00, 2.98kB/s]
100%|██████████| 6.75k/6.75k [00:01<00:00, 4.54kB/s]
=== ロボット初期化開始 ===
✓ 機体の校正表: Pybricks Hub3 {'heading_correction': 364.0, 'wheel': 62.32, 'axle': 114.48}
✓ ハブ設定完了
✓ モーター設定完了
✓ デフォルト設定適用: 直進={'straight_acceleration': 800, 'straight_speed': 550}, 回転={'turn_acceleration': 313, 'turn_rate': 250}
✓ ロボットパラメータ設定完了
✓ PID制御設定完了（Pybricks の既定値を使用）
✓ センサー初期化完了
✓ モーター角度リセット完了: 全モーター=0°
=== ロボット初期化完了 ===
# imu.settings: (2.0, 2500.0, (0.107595, -1.197198, -0.486059), (366.1989, 351.5872, 362.0139), (10031.61, -9781.568, 9785.638, -9813.727, 9523.833, -10133.98), 364.0)
# 前: tilt (-0.2871607, 0.06375957) / 角速度 Matrix([
    [  -0.037],
    [  -0.018],
    [  -0.136],
]) / 加速度 Matrix([
    [  53.951],
    [  28.426],
    [ 999.999],
])
# 後: tilt (-0.3209329, 0.08179733) / 角速度 Matrix([
    [   0.100],
    [   0.052],
    [   0.072],
])
# 軸ごとの回転 X/Y/Z: -34.18 18.98 -1820.54 / heading: 1800.54
# MODE: spin / 回転速度: None / 補正: False / 命令: 1800 度 / 止まった時のジャイロ h1: 1800.54 度
# ★いま★ ライトが緑になったら（ピーと鳴ったら）、手で定規にぴったり当て直して、手を離してね
# 定規に合わせ直した時のジャイロ h2: 1806.82 度
# 本当のズレ（＋は回り足りない）: 6.28 度（ジャイロの目盛りで）
# モーターで回ったときのジャイロの 1 周の読み: 361.364 度（360 なら目盛りは合っている）
# 電池: 8089 mV

==================================================
終了コード: 0
終了日時  : 2026-09-18 12:13:34
実行時間  : 33.4 秒
