=== 実行ログ ===
スクリプト: run_gyro_motor_check.py
実行日時 : 2026-09-17 19:46:28
ハブ     : --name Pybricks Hub3
==================================================

Searching for Pybricks Hub3...

  0%|          | 0.00/6.75k [00:00<?, ?B/s]
 15%|█▌        | 1.01k/6.75k [00:00<00:00, 9.89kB/s]
 30%|███       | 2.03k/6.75k [00:00<00:00, 8.84kB/s]
 45%|████▌     | 3.04k/6.75k [00:00<00:00, 8.97kB/s]
 60%|██████    | 4.06k/6.75k [00:00<00:00, 8.69kB/s]
 75%|███████▌  | 5.07k/6.75k [00:00<00:00, 8.85kB/s]
 90%|█████████ | 6.08k/6.75k [00:00<00:00, 8.30kB/s]
100%|██████████| 6.75k/6.75k [00:01<00:00, 5.43kB/s]
=== ロボット初期化開始 ===
✓ ジャイロの目盛りを Pybricks Hub3 の値にしました: 363.7
✓ ハブ設定完了
✓ モーター設定完了
✓ デフォルト設定適用: 直進={'straight_acceleration': 800, 'straight_speed': 550}, 回転={'turn_acceleration': 313, 'turn_rate': 250}
✓ ロボットパラメータ設定完了
✓ PID制御設定完了（Pybricks の既定値を使用）
✓ センサー初期化完了
✓ モーター角度リセット完了: 全モーター=0°
=== ロボット初期化完了 ===
# imu.settings: (2.0, 2500.0, (0.107595, -1.197198, -0.486059), (366.1989, 351.5872, 362.0139), (10031.61, -9781.568, 9785.638, -9813.727, 9523.833, -10133.98), 363.7)
# 前: tilt (-0.2224782, 0.1299244) / 角速度 Matrix([
    [  -0.005],
    [   0.014],
    [   0.129],
]) / 加速度 Matrix([
    [  34.995],
    [  -7.503],
    [ 999.999],
])
# 後: tilt (-0.3676503, 0.08181491) / 角速度 Matrix([
    [   0.062],
    [   0.086],
    [   0.059],
])
# 軸ごとの回転 X/Y/Z: -35.8 21.06 -1817.47 / heading: 1798.97
# MODE: spin / 回転速度: None / 補正: False / 命令: 1800 度 / 止まった時のジャイロ h1: 1798.97 度
# ★いま★ ライトが緑になったら（ピーと鳴ったら）、手で定規にぴったり当て直して、手を離してね
# 定規に合わせ直した時のジャイロ h2: 1802.19 度
# 本当のズレ（＋は回り足りない）: 3.22 度（ジャイロの目盛りで）
# モーターで回ったときのジャイロの 1 周の読み: 360.438 度（360 なら目盛りは合っている）
# 電池: 7899 mV

==================================================
終了コード: 0
終了日時  : 2026-09-17 19:46:51
実行時間  : 23.0 秒
