=== 実行ログ ===
スクリプト: teach_record.py
実行日時 : 2026-10-02 21:33:05
ハブ     : --name Pybricks Hub3
==================================================

Searching for Pybricks Hub3...

  0%|          | 0.00/7.12k [00:00<?, ?B/s]
 14%|█▍        | 1.01k/7.12k [00:00<00:00, 8.01kB/s]
 28%|██▊       | 2.03k/7.12k [00:00<00:00, 8.06kB/s]
 43%|████▎     | 3.04k/7.12k [00:00<00:00, 8.16kB/s]
 57%|█████▋    | 4.06k/7.12k [00:00<00:00, 8.15kB/s]
 71%|███████   | 5.07k/7.12k [00:00<00:00, 6.31kB/s]
 85%|████████▌ | 6.08k/7.12k [00:01<00:00, 3.98kB/s]
100%|█████████▉| 7.10k/7.12k [00:01<00:00, 3.55kB/s]
100%|██████████| 7.12k/7.12k [00:01<00:00, 4.34kB/s]
=== ロボット初期化開始 ===
★ 走行設定: new （new＝今年の値 / old＝昨年の速度・加速度・PID）
✓ 機体の校正表: Pybricks Hub3 {'heading_correction': 360.1, 'wheel': 62.32, 'axle': 114.48}
✓ ハブ設定完了
✓ モーター設定完了
✓ デフォルト設定適用: 直進={'straight_acceleration': 800, 'straight_speed': 550}, 回転={'turn_acceleration': 313, 'turn_rate': 250}
✓ ロボットパラメータ設定完了
✓ PID制御設定完了（Pybricks の既定値を使用）
✓ ジャイロの待ち完了: 2900 ms（止まったまま 2000 ms）
✓ センサー初期化完了
✓ モーター角度リセット完了: 全モーター=0°
=== ロボット初期化完了 ===
# teach: wheel=62.32 axle=114.48 hub=Pybricks Hub3
# 列: P,ms,左タイヤ(度),右タイヤ(度),向き(0.1度),左アーム(度),右アーム(度)
● 記録スタート: 手で押して動かしてね。1 つの動きごとに手を止める（ピッと鳴る）
● 終わったら、ハブの真ん中のボタンで止める
P,0,0,0,0,0,0
P,442,1,0,0,0,0
P,644,2,1,1,0,0
P,685,4,1,3,0,0
P,726,5,1,4,0,0
P,767,6,1,3,0,0
P,809,7,1,0,0,0
P,850,11,1,0,0,0
P,891,13,1,0,0,0
P,933,14,2,0,0,0
P,975,18,2,0,0,0
P,1016,21,2,2,0,0
P,1058,23,2,2,0,0
P,1100,26,2,2,0,0
P,1142,29,2,3,0,0
P,1184,31,2,3,0,0
P,1225,35,2,3,0,0
P,1266,39,2,3,0,0
P,1308,44,2,3,0,0
P,1350,49,2,2,0,0
P,1392,55,2,2,0,0
P,1434,59,2,2,0,0
P,1475,64,2,2,0,0
P,1517,68,2,2,0,0
P,1559,73,3,2,0,1
P,1601,77,3,2,0,1
P,1643,81,2,2,0,0
P,1685,85,2,1,0,0
P,1727,89,3,0,0,1
P,1769,93,3,-1,0,1
P,1811,98,3,-1,0,1
P,1853,103,2,0,0,1
P,1895,108,6,0,0,1
P,1937,114,14,-3,0,1
P,1979,121,23,-7,0,1
P,2021,128,31,-8,0,1
P,2063,137,39,-10,0,1
P,2105,145,48,-10,0,1
P,2147,153,55,-8,0,1
P,2189,160,62,-6,0,1
P,2231,166,67,-5,0,1
P,2273,173,73,-4,0,1
P,2315,178,78,-4,0,1
P,2356,183,83,-4,0,1
P,2398,188,88,-5,0,1
P,2440,194,95,-5,0,1
P,2481,199,100,-5,0,1
P,2523,206,106,-5,0,2
P,2565,212,113,-4,0,2
P,2606,218,119,-4,0,1
P,2648,225,126,-4,0,2
P,2690,231,133,-4,0,2
P,2731,237,139,-4,0,2
P,2773,243,146,-5,0,2
P,2815,248,152,-6,0,2
P,2857,254,156,-6,0,2
P,2899,260,162,-6,0,2
P,2940,264,167,-6,0,2
P,2982,267,169,-6,0,2
P,3024,272,175,-7,0,2
P,3066,276,180,-7,0,2
P,3108,280,183,-7,0,2
P,3150,284,187,-8,0,2
P,3192,287,191,-9,0,2
P,3234,291,194,-9,0,2
P,3276,294,198,-10,0,2
P,3318,297,201,-10,0,2
P,3359,299,205,-10,0,2
P,3401,303,207,-9,0,2
P,3443,306,210,-8,0,2
P,3485,309,213,-8,0,2
P,3527,312,216,-8,0,2
P,3569,315,220,-9,0,2
P,3610,318,223,-11,0,2
P,3652,321,226,-12,0,2
P,3694,322,229,-13,0,2
P,3736,324,230,-12,0,2
P,3778,325,230,-11,0,2
P,3899,325,231,-11,0,2
P,3981,326,231,-10,0,2
P,4023,327,231,-9,0,2
P,4065,329,233,-8,0,2
P,4107,333,236,-8,0,2
P,4149,337,240,-8,0,2
P,4191,341,244,-7,0,1
P,4233,344,247,-7,0,1
P,4275,347,251,-7,0,2
P,4317,348,253,-7,0,2
P,4359,349,255,-9,0,2
P,4401,352,258,-10,0,2
P,4443,354,259,-11,0,2
P,4685,354,259,-11,0,1
P,4727,354,259,-11,0,2
P,4769,354,259,-11,0,1
P,4970,355,260,-8,0,1
P,5012,360,263,-6,0,1
P,5054,365,266,-4,0,1
P,5095,369,271,-2,0,1
P,5137,374,272,0,0,1
P,5179,375,275,-1,0,1
P,5220,375,277,-2,0,1
P,5502,375,278,-4,0,1
P,5584,376,280,-6,0,1
P,5625,376,281,-7,0,1
P,5787,376,280,-7,0,1
P,6309,375,279,-6,0,1
P,6350,375,278,-6,0,0
● 動き 1 : 進んだ 178 mm / 向き -0.6 ° / 左アーム 0 ° / 右アーム 0 °
P,7373,375,278,-6,0,0
P,8375,375,278,-6,0,0
The program was stopped (SystemExit).

==================================================
終了コード: 0
終了日時  : 2026-10-02 21:33:23
実行時間  : 17.8 秒
