=== 実行ログ ===
スクリプト: teach_record.py
実行日時 : 2026-10-03 10:59:44
ハブ     : --name Pybricks Hub3
==================================================

Searching for Pybricks Hub3...

  0%|          | 0.00/7.12k [00:00<?, ?B/s]
 14%|█▍        | 1.01k/7.12k [00:00<00:00, 9.10kB/s]
 28%|██▊       | 2.03k/7.12k [00:00<00:00, 9.25kB/s]
 43%|████▎     | 3.04k/7.12k [00:00<00:00, 8.73kB/s]
 57%|█████▋    | 4.06k/7.12k [00:00<00:00, 8.50kB/s]
 71%|███████   | 5.07k/7.12k [00:00<00:00, 8.73kB/s]
 85%|████████▌ | 6.08k/7.12k [00:00<00:00, 8.56kB/s]
100%|█████████▉| 7.10k/7.12k [00:00<00:00, 5.73kB/s]
100%|██████████| 7.12k/7.12k [00:01<00:00, 6.30kB/s]
=== ロボット初期化開始 ===
★ 走行設定: new （new＝今年の値 / old＝昨年の速度・加速度・PID）
✓ 機体の校正表: Pybricks Hub3 {'heading_correction': 360.1, 'wheel': 62.32, 'axle': 114.48}
✓ ハブ設定完了
✓ モーター設定完了
✓ デフォルト設定適用: 直進={'straight_acceleration': 800, 'straight_speed': 550}, 回転={'turn_acceleration': 313, 'turn_rate': 250}
✓ ロボットパラメータ設定完了
✓ PID制御設定完了（Pybricks の既定値を使用）
✓ ジャイロの待ち完了: 2000 ms（止まったまま 2000 ms）
✓ センサー初期化完了
✓ モーター角度リセット完了: 全モーター=0°
=== ロボット初期化完了 ===
# teach: wheel=62.32 axle=114.48 hub=Pybricks Hub3
# 列: P,ms,左タイヤ(度),右タイヤ(度),向き(0.1度),左アーム(度),右アーム(度)
● 記録スタート: 手で押して動かしてね。1 つの動きごとに手を止める（ピッと鳴る）
● 終わったら、ハブの真ん中のボタンで止める
P,0,0,0,0,0,0
P,1002,0,0,0,0,0
P,1844,0,0,0,-1,0
P,1926,0,0,0,1,0
P,2007,0,0,0,0,0
P,2329,0,0,0,0,2
P,2371,0,0,0,0,5
P,2413,0,0,0,0,6
P,2535,0,0,0,0,5
P,2577,0,0,0,0,4
P,2619,0,0,0,0,3
P,2741,0,0,0,-1,3
P,2823,0,0,0,-1,6
P,2945,0,0,0,0,5
P,2987,0,0,0,0,4
P,3029,0,0,0,0,3
P,3071,0,0,0,0,1
P,3193,0,0,0,0,0
P,3235,0,0,0,0,1
P,3277,1,0,0,0,0
P,3319,0,0,0,0,0
● 動き 1 : 進んだ 0 mm / 向き 0.0 ° / 左アーム 0 ° / 右アーム 0 °
P,4020,0,0,0,-1,0
P,4062,0,0,0,-1,2
P,4104,0,0,0,0,4
P,4145,0,0,0,0,5
P,4227,0,0,0,-1,5
P,4309,0,0,0,-2,5
P,4391,0,0,0,-1,6
P,4473,0,0,0,0,6
P,4515,0,0,0,-1,6
P,4677,0,0,0,-1,5
P,4799,0,0,0,-3,5
P,4841,0,0,0,-2,6
P,4882,0,0,0,-1,5
P,4924,0,0,0,-2,6
P,4966,0,0,0,-3,5
P,5128,0,0,1,-1,5
P,5170,0,0,0,0,5
P,5212,0,0,1,0,3
P,5254,1,0,1,0,3
P,5336,0,0,0,0,3
P,5417,0,0,1,1,2
P,5459,0,0,0,1,0
P,5501,0,0,1,0,0
● 動き 2 : 進んだ 0 mm / 向き 0.0 ° / 左アーム 0 ° / 右アーム 0 °
P,6523,0,0,0,0,0
P,7245,1,0,0,1,0
P,7327,1,1,0,1,0
P,7368,1,3,-1,1,0
P,7410,4,7,-4,1,0
P,7452,6,10,-5,1,0
P,7493,11,13,-2,1,0
P,7535,17,18,0,1,0
P,7577,24,26,0,1,0
P,7618,32,34,2,1,0
P,7660,42,44,2,1,0
P,7702,51,56,1,1,0
P,7744,61,67,0,1,0
P,7786,72,77,0,1,0
P,7828,81,89,-2,1,0
P,7870,92,99,-2,1,0
P,7912,102,109,-2,1,0
P,7954,111,119,-1,1,0
P,7996,122,128,0,1,0
P,8038,131,137,1,1,0
P,8080,142,146,3,1,0
P,8122,152,156,3,1,0
P,8164,162,166,2,1,0
P,8206,174,177,2,1,0
P,8248,185,190,2,1,0
P,8290,198,202,3,1,0
P,8332,209,214,4,1,0
P,8374,220,225,7,1,0
P,8416,234,237,9,1,-1
P,8458,246,251,11,1,-1
P,8500,260,263,12,1,-1
P,8542,274,277,13,1,-1
P,8584,286,290,12,1,-1
P,8626,301,304,9,1,-1
P,8668,315,318,5,1,-1
P,8710,328,332,1,1,0
P,8752,342,346,0,1,-1
P,8794,357,361,-2,1,0
P,8836,372,376,-1,1,0
P,8878,387,393,0,1,0
P,8920,401,407,4,1,0
P,8962,417,422,9,1,0
P,9004,431,435,12,1,0
P,9045,443,449,13,1,0
P,9087,456,462,12,1,0
P,9129,468,474,10,1,0
P,9170,479,487,7,1,0
P,9212,492,500,4,1,0
P,9254,504,512,3,1,0
P,9295,516,523,3,1,0
P,9337,529,536,4,1,0
P,9379,541,548,5,1,0
P,9420,552,560,6,1,0
P,9462,565,573,6,1,-1
P,9504,577,585,7,1,0
P,9545,588,596,7,1,-1
P,9587,601,610,7,1,-1
P,9629,612,621,7,1,-1
P,9671,623,633,6,1,-1
P,9713,636,645,6,1,-1
P,9755,647,656,7,1,-1
P,9797,660,668,7,1,-1
P,9839,671,678,6,1,-1
P,9881,683,688,6,1,-1
P,9923,696,701,6,1,-1
P,9965,707,711,6,1,0
P,10007,719,725,6,1,0
P,10049,730,737,6,1,0
P,10091,741,748,7,1,0
P,10133,753,761,7,1,0
P,10175,763,772,7,1,0
P,10217,773,784,7,1,0
P,10259,783,793,8,1,0
P,10301,792,802,9,1,0
P,10343,802,810,10,1,0
P,10385,810,821,11,1,0
P,10427,819,829,11,1,0
P,10469,827,838,11,1,0
P,10511,835,846,10,1,0
P,10553,845,856,10,1,0
P,10595,854,864,9,1,0
P,10637,863,874,8,1,0
P,10679,872,883,7,1,0
P,10721,880,891,6,1,0
P,10763,891,901,7,1,0
P,10805,899,910,8,1,-1
P,10847,909,920,8,1,-1
P,10888,917,928,9,1,0
P,10930,925,936,9,1,-1
P,10972,933,946,9,1,-1
P,11014,942,954,8,1,-1
P,11056,949,962,8,1,-1
P,11098,958,971,8,1,-1
P,11140,965,978,8,1,-1
P,11182,974,986,8,1,-1
P,11224,980,993,8,1,-1
P,11266,987,1001,7,1,-1
P,11308,995,1008,7,1,-1
P,11350,1000,1014,6,1,-1
P,11392,1007,1020,6,1,-1
P,11434,1012,1025,6,1,-1
P,11476,1016,1029,6,1,-1
P,11518,1021,1033,7,1,-1
P,11560,1025,1036,8,1,-1
P,11602,1029,1040,9,1,-1
P,11644,1032,1043,9,1,-1
P,11686,1036,1046,9,1,-1
P,11728,1039,1048,9,1,-1
P,11769,1041,1050,9,1,0
P,11811,1044,1053,9,1,-1
P,11853,1047,1055,9,1,-1
P,11894,1049,1057,10,1,-1
P,11935,1050,1059,10,1,-1
P,11977,1052,1060,10,1,-1
P,12019,1052,1060,10,1,0
P,12061,1052,1060,10,1,-1
P,12103,1052,1060,10,1,0
P,12145,1052,1061,10,1,-1
P,12227,1053,1061,10,1,-1
P,12268,1053,1063,9,1,-1
P,12309,1056,1063,10,1,0
P,12350,1058,1065,11,1,-1
P,12392,1059,1067,8,1,-1
P,12434,1061,1070,6,1,-1
P,12476,1063,1071,5,1,-1
P,12518,1063,1072,6,1,0
P,12560,1063,1071,7,1,-1
P,12602,1063,1070,7,1,-1
P,12763,1062,1070,5,1,-1
P,12804,1062,1070,5,1,0
P,12846,1062,1070,5,0,-1
P,12888,1062,1070,5,0,0
P,12930,1062,1070,5,0,-1
P,12972,1062,1070,5,0,0
P,13013,1062,1070,5,0,-1
P,13495,1062,1070,6,1,-1
P,13537,1062,1070,6,0,-1
P,13579,1062,1070,5,-1,-1
P,13701,1062,1070,6,-1,0
P,13783,1062,1070,6,-1,-1
P,13825,1062,1070,6,-1,0
P,13867,1062,1070,6,-1,-1
P,13909,1062,1070,5,-1,0
P,13950,1062,1070,5,-1,-1
P,14112,1062,1070,6,0,-1
P,14434,1063,1071,6,0,-1
P,14515,1063,1071,6,0,0
P,14557,1063,1071,7,0,-1
P,14679,1064,1071,7,-1,0
P,14760,1063,1071,7,-1,0
P,14802,1063,1071,7,-1,-1
P,14844,1064,1072,7,-1,0
P,14925,1063,1071,9,0,0
P,14967,1064,1072,8,-1,0
P,15249,1063,1071,8,-1,0
P,15290,1063,1070,7,-1,0
P,15412,1062,1070,7,-1,0
P,15774,1063,1070,8,-1,0
● 動き 3 : 進んだ 580 mm / 向き 0.8 ° / 左アーム -1 ° / 右アーム 0 °
P,16516,1063,1070,8,-1,1
P,16558,1063,1071,7,-1,2
P,16600,1062,1071,6,-1,1
P,16642,1062,1070,5,-1,1
P,16684,1060,1068,3,-1,2
P,16726,1057,1066,2,-1,2
P,16768,1056,1065,2,-1,3
P,16810,1056,1066,2,-1,3
P,16852,1056,1065,2,-1,1
P,16894,1056,1065,1,-1,2
P,16936,1056,1066,2,-1,2
P,17058,1056,1065,2,-1,1
P,17100,1056,1066,1,-1,2
P,17222,1056,1066,2,-1,1
P,17264,1056,1066,1,-1,2
P,17426,1056,1066,1,-1,1
P,17468,1056,1066,1,-1,2
P,17590,1056,1065,1,-1,2
P,17632,1056,1066,1,-1,2
P,17834,1056,1065,1,-1,2
P,17875,1056,1066,1,-1,2
P,17957,1056,1066,1,-1,1
P,17999,1056,1066,1,-1,2
P,18041,1056,1066,1,-1,1
P,18083,1056,1066,1,-1,2
P,18205,1056,1065,1,-1,2
P,18247,1056,1066,1,-1,2
P,18409,1056,1066,1,-1,1
P,18451,1056,1066,1,-1,2
P,18573,1057,1066,4,-1,1
P,18614,1062,1068,10,0,1
P,18656,1065,1071,16,0,2
P,18698,1065,1072,16,-1,2
P,18740,1065,1071,16,-1,3
P,18822,1065,1069,26,-1,3
P,18864,1065,1067,33,-1,3
P,18906,1065,1066,35,-1,3
P,18948,1065,1065,38,-1,4
P,18990,1065,1064,45,-1,4
P,19032,1065,1064,50,-1,4
P,19074,1065,1063,54,-1,3
P,19155,1067,1063,62,-1,3
P,19197,1073,1063,75,-1,3
P,19239,1079,1064,91,-1,3
P,19280,1084,1064,105,-1,4
P,19322,1089,1064,121,-1,4
P,19364,1096,1064,139,-1,3
P,19405,1100,1064,152,-1,3
P,19447,1104,1064,162,-1,3
P,19489,1107,1065,170,-1,3
P,19530,1110,1064,179,-1,3
P,19572,1111,1064,187,-1,4
P,19614,1114,1064,193,-1,3
P,19655,1115,1064,199,-1,4
P,19737,1115,1064,201,-1,3
P,19779,1115,1063,201,-1,3
P,19820,1115,1064,201,-1,4
P,19862,1115,1063,200,-1,3
P,19904,1114,1064,194,-1,3
P,19945,1113,1064,191,-1,3
P,19987,1113,1063,190,-1,3
P,20029,1111,1063,188,-1,3
P,20070,1110,1063,186,-1,3
P,20272,1110,1063,185,-2,2
P,20314,1111,1064,185,-2,2
P,20355,1111,1064,184,-3,2
P,20477,1111,1064,185,-2,2
P,20599,1111,1064,185,-3,2
P,20720,1111,1064,185,-2,2
P,20762,1111,1064,185,-3,2
P,20804,1111,1064,185,-2,2
P,20845,1111,1064,185,-3,2
P,20967,1111,1064,184,-2,2
P,21049,1111,1064,184,-3,2
P,21130,1111,1064,184,-2,2
P,21172,1111,1064,184,-3,2
P,21294,1111,1064,185,-2,2
P,21336,1111,1064,185,-3,2
P,21498,1111,1064,184,-2,2
P,21540,1111,1064,185,-3,2
P,21622,1111,1064,185,-2,2
P,21664,1111,1064,184,-3,2
P,21706,1111,1064,184,-2,2
P,21748,1111,1064,185,-3,2
P,21790,1111,1064,184,-2,2
P,21872,1111,1064,184,-3,2
P,21914,1111,1064,184,-2,2
P,21995,1111,1064,184,-3,2
P,22157,1111,1064,184,-2,2
P,22199,1111,1064,184,-3,3
P,22320,1114,1065,190,-3,3
P,22362,1114,1064,196,-3,2
P,22404,1115,1064,198,-3,2
P,22485,1116,1063,204,-3,2
P,22567,1116,1063,210,-3,2
P,22689,1116,1063,205,-3,2
P,22730,1115,1064,201,-3,2
P,22851,1115,1064,201,-3,3
P,22893,1115,1064,201,-3,2
P,22935,1114,1064,203,-3,2
P,22976,1115,1063,207,-3,2
P,23018,1116,1063,210,-3,2
P,23060,1116,1063,215,-3,2
P,23102,1116,1063,222,-3,2
P,23184,1116,1063,228,-3,2
P,23226,1116,1063,234,-3,2
P,23268,1116,1063,245,-3,2
P,23310,1117,1063,254,-3,2
P,23352,1117,1063,263,-3,2
P,23394,1117,1063,268,-3,2
P,23435,1117,1063,273,-3,2
P,23517,1117,1063,282,-2,2
P,23559,1117,1063,288,-3,2
P,23641,1117,1063,296,-3,2
P,23723,1117,1063,304,-3,2
P,23765,1117,1063,311,-3,2
P,23807,1117,1063,317,-3,2
P,23889,1117,1063,323,-3,2
P,23931,1117,1063,325,-2,2
P,23973,1117,1063,328,-3,2
P,24015,1117,1063,335,-2,2
P,24057,1117,1063,343,-3,2
P,24098,1117,1063,348,-2,2
P,24140,1117,1063,351,-3,2
P,24262,1117,1063,353,-2,2
P,24304,1117,1063,358,-3,2
P,24466,1117,1064,357,-3,2
P,24508,1117,1065,353,-3,2
P,24550,1116,1066,350,-3,2
P,24632,1116,1067,346,-3,2
P,24714,1116,1068,342,-3,2
P,24756,1116,1070,336,-3,2
P,24798,1116,1073,332,-3,2
P,24880,1116,1073,327,-3,2
P,24922,1115,1074,327,-3,2
P,25004,1115,1073,326,-2,2
P,25046,1114,1073,326,-3,2
P,25087,1114,1072,326,-3,2
P,25209,1114,1073,326,-3,2
P,25251,1114,1073,326,-2,2
P,25293,1114,1072,326,-3,2
P,25335,1114,1073,326,-3,2
P,25417,1114,1072,326,-3,2
P,25459,1114,1073,326,-3,2
P,25621,1114,1072,326,-3,2
P,25703,1114,1072,326,-2,2
P,25745,1114,1072,326,-3,2
P,25827,1114,1072,326,-2,3
P,25909,1114,1073,326,-2,3
P,25951,1114,1072,326,-2,3
P,25993,1114,1073,326,-2,3
P,26195,1114,1073,324,-1,3
P,26237,1114,1074,323,-1,3
P,26279,1114,1073,324,-1,3
P,26321,1114,1073,325,-2,3
P,26363,1114,1074,322,-1,3
P,26404,1114,1075,321,-1,3
P,26486,1114,1073,326,-1,3
P,26528,1115,1073,328,-1,3
P,26609,1114,1073,327,-1,3
P,26771,1114,1073,326,-1,4
P,26813,1114,1072,328,-1,4
P,26855,1114,1071,331,-1,4
P,26897,1114,1071,332,0,4
P,26939,1114,1070,332,0,3
P,26981,1114,1070,332,-1,6
P,27023,1114,1070,333,-2,6
P,27145,1114,1070,333,-1,6
P,27267,1114,1071,331,-1,6
P,27309,1114,1072,329,-2,6
P,27351,1114,1072,328,-1,6
P,27393,1114,1073,329,-1,6
P,27475,1114,1074,325,-1,6
P,27757,1114,1073,325,-1,6
P,27839,1114,1075,322,-1,6
P,27881,1114,1076,320,-1,7
P,27923,1114,1077,318,0,7
P,27965,1114,1076,318,-1,7
P,28007,1114,1076,321,0,6
P,28049,1114,1075,321,-1,6
P,28090,1114,1075,321,0,6
P,28172,1114,1075,322,-1,6
P,28214,1114,1074,322,0,7
P,28295,1114,1073,323,0,7
P,28337,1114,1073,323,0,6
P,28459,1114,1073,323,0,7
P,28580,1114,1073,323,0,6
P,28702,1114,1073,322,0,7
P,28744,1114,1073,322,0,6
P,29065,1114,1073,323,0,5
P,29107,1114,1073,323,0,4
P,29149,1114,1073,323,0,3
P,29191,1114,1073,323,0,0
P,29313,1114,1073,323,0,1
P,29355,1114,1073,323,0,0
P,29597,1114,1073,323,0,1
P,29759,1114,1073,323,-1,0
P,29801,1114,1073,323,0,0
P,29843,1114,1073,323,0,1
P,29885,1114,1073,323,0,0
P,30287,1114,1073,322,-1,0
P,30369,1114,1073,322,0,0
P,30411,1114,1073,319,-1,0
P,30453,1114,1074,317,-1,0
P,30495,1114,1075,317,-1,0
P,30577,1113,1075,316,1,1
P,30619,1113,1075,316,1,6
P,30661,1113,1076,315,-1,6
P,30703,1114,1075,316,-1,6
P,30905,1113,1075,314,-1,5
P,30947,1111,1075,311,-1,6
P,31029,1110,1075,308,-1,6
P,31151,1110,1074,307,-1,6
P,31193,1110,1075,306,-1,3
P,31234,1110,1075,306,-1,1
P,31316,1110,1074,306,-1,1
P,31358,1110,1075,306,-1,1
P,31400,1110,1074,307,-1,1
P,31442,1110,1075,307,-1,1
P,31484,1110,1074,307,-1,1
P,31526,1109,1073,307,-1,0
● 動き 4 : 進んだ 13 mm / 向き 29.9 ° / 左アーム 0 ° / 右アーム 0 °
P,32148,1109,1073,307,-1,1
P,32230,1109,1073,307,-1,0
P,32752,1108,1074,302,-1,0
P,32794,1106,1076,293,-1,0
P,32835,1104,1076,284,-1,0
P,32877,1103,1076,280,-1,0
P,32919,1103,1077,274,-1,0
P,32961,1102,1077,266,-1,0
P,33003,1102,1078,258,-1,0
P,33045,1102,1082,246,-1,0
P,33087,1102,1089,232,-1,0
P,33129,1102,1093,222,-1,0
P,33171,1103,1096,214,-1,0
P,33213,1103,1097,209,-1,1
P,33255,1102,1098,205,-1,0
P,33297,1101,1098,194,-1,0
P,33339,1101,1098,182,-1,0
P,33381,1100,1099,171,-1,0
P,33423,1092,1099,152,-1,0
P,33465,1088,1099,135,-1,0
P,33507,1082,1099,119,-1,0
P,33549,1077,1099,103,-1,0
P,33591,1073,1104,85,-1,1
P,33633,1070,1109,63,-1,0
P,33675,1068,1111,44,-1,0
P,33717,1063,1115,24,-1,0
P,33759,1059,1119,0,-1,0
P,33801,1054,1125,-29,-1,0
P,33843,1049,1130,-57,-1,0
P,33884,1047,1134,-80,-1,0
P,33926,1045,1138,-99,-1,1
P,33968,1043,1142,-116,-1,1
P,34010,1041,1146,-129,-1,0
P,34052,1038,1148,-146,-1,1
P,34094,1035,1149,-161,-1,0
P,34135,1031,1152,-176,-1,0
P,34177,1028,1155,-197,-1,1
P,34229,1023,1158,-221,-1,1
P,34270,1020,1160,-239,-1,0
P,34312,1016,1162,-257,-1,0
P,34354,1013,1166,-276,-1,0
P,34395,1010,1169,-294,-1,0
P,34437,1008,1171,-312,-1,0
P,34479,1005,1175,-332,-1,0
P,34521,1003,1180,-354,-1,0
P,34563,999,1183,-374,-1,0
P,34605,997,1186,-393,-1,0
P,34647,994,1190,-412,-1,0
P,34689,992,1192,-429,-1,0
P,34731,990,1195,-442,-1,0
P,34773,989,1196,-453,-1,0
P,34815,987,1197,-464,-1,0
P,34857,986,1197,-474,-1,0
P,34899,983,1197,-487,-1,0
P,34941,980,1197,-501,-1,0
P,34983,976,1197,-519,-1,0
P,35025,972,1197,-538,-1,0
P,35067,968,1197,-552,-1,0
P,35108,965,1197,-563,-1,0
P,35150,965,1197,-571,-1,0
P,35192,964,1197,-579,-1,0
P,35233,964,1197,-586,-1,0
P,35275,964,1197,-592,-1,0
P,35317,964,1197,-599,-1,0
P,35359,963,1197,-607,-1,0
P,35401,963,1197,-616,-1,0
P,35443,963,1197,-623,-1,0
P,35525,964,1197,-627,-1,0
P,35567,964,1196,-626,-1,0
P,35688,964,1195,-623,0,0
P,35850,964,1196,-625,0,0
P,36132,964,1195,-624,0,0
P,36174,965,1195,-621,0,0
P,36256,965,1194,-621,0,0
P,36298,965,1195,-621,0,0
P,36380,965,1194,-621,0,0
P,36462,965,1195,-621,0,0
P,36584,965,1194,-621,0,0
P,36626,965,1195,-621,0,0
P,36667,965,1194,-621,-1,0
P,36709,965,1195,-621,-1,0
P,36751,965,1195,-621,0,0
P,36793,965,1195,-621,-1,0
P,36835,965,1194,-621,-1,0
P,36877,965,1195,-621,-1,0
P,36959,965,1195,-621,-2,3
P,37001,965,1194,-621,-1,4
P,37043,965,1195,-621,-2,5
P,37084,965,1195,-622,-2,6
P,37126,965,1195,-622,-1,6
P,37208,964,1195,-621,-2,6
P,37289,964,1194,-620,-2,6
P,37330,964,1194,-621,-1,6
P,37372,964,1194,-621,-2,6
P,37454,964,1194,-620,-1,6
P,37496,964,1194,-620,-2,6
P,37618,964,1194,-618,-2,7
P,37660,964,1192,-615,-2,6
P,37702,964,1191,-610,-2,6
P,37743,964,1189,-604,-2,7
P,37784,964,1188,-601,-2,7
P,37826,964,1188,-601,-2,6
P,37988,964,1188,-602,-2,5
P,38029,965,1188,-602,-2,4
P,38071,965,1188,-601,-2,3
P,38113,965,1188,-601,-2,0
P,38235,965,1188,-602,-2,1
P,38277,965,1188,-602,-2,0
P,38319,965,1188,-602,-1,0
P,38601,965,1190,-605,-2,0
P,38643,965,1192,-611,-2,0
P,38685,966,1193,-611,-2,0
P,38767,966,1194,-613,-2,0
P,38809,965,1195,-619,-2,0
P,38851,964,1196,-629,-1,0
P,38893,964,1197,-636,-1,0
P,38935,963,1197,-644,-1,0
P,38977,963,1197,-652,-1,0
P,39019,963,1197,-661,-1,0
P,39061,963,1197,-670,-2,-1
P,39103,963,1197,-682,-2,-2
P,39145,963,1197,-694,-2,-2
P,39187,963,1197,-706,-2,-2
P,39229,963,1197,-720,-2,-2
P,39271,963,1197,-732,-2,-2
P,39313,963,1197,-737,-2,-2
P,39595,964,1197,-737,-2,-2
P,39997,965,1198,-736,-2,-2
P,40039,966,1198,-736,-2,-2
P,40080,968,1201,-737,-2,-2
P,40122,975,1209,-738,-2,-2
P,40164,980,1216,-743,-2,-2
P,40206,989,1227,-744,-2,-2
P,40248,1001,1236,-741,-2,-2
P,40290,1013,1248,-737,-1,-2
P,40332,1028,1261,-730,-2,-2
P,40374,1044,1274,-725,-1,-2
P,40416,1057,1288,-725,-1,-2
P,40458,1070,1302,-729,-1,-2
P,40500,1080,1315,-739,-1,-2
P,40542,1092,1331,-747,-1,-2
P,40584,1102,1343,-755,-1,-2
P,40626,1112,1356,-761,-1,-2
P,40668,1123,1366,-765,-1,-2
P,40710,1132,1377,-769,-1,-2
P,40752,1143,1388,-773,-2,-2
P,40794,1151,1398,-777,-1,-2
P,40836,1159,1408,-781,-1,-2
P,40878,1167,1416,-786,-2,-2
P,40920,1173,1424,-789,-2,-2
P,40962,1179,1432,-793,-2,-2
P,41004,1185,1439,-796,-2,-2
P,41046,1190,1448,-799,-2,-2
P,41088,1196,1455,-802,-2,-2
P,41130,1202,1464,-804,-2,-1
P,41172,1211,1473,-806,-2,-2
P,41214,1218,1482,-807,-2,-1
P,41256,1227,1493,-810,-2,-2
P,41298,1237,1504,-812,-2,-1
P,41340,1247,1513,-815,-2,-1
P,41382,1258,1525,-817,-2,-1
P,41424,1268,1534,-820,-2,-1
P,41466,1278,1545,-822,-2,-1
P,41508,1288,1555,-824,-2,-1
P,41550,1297,1565,-825,-2,-1
P,41592,1307,1575,-827,-2,-1
P,41634,1316,1584,-827,-2,-2
P,41676,1324,1593,-827,-2,-1
P,41718,1334,1602,-826,-2,-2
P,41760,1342,1610,-825,-2,-2
P,41802,1350,1617,-824,-2,-2
P,41843,1356,1624,-825,-1,-2
P,41885,1361,1629,-825,-2,-2
P,41927,1366,1635,-826,-1,-2
P,41968,1369,1638,-826,-2,-2
P,42010,1371,1641,-826,-1,-2
P,42052,1372,1642,-827,-1,-2
P,42094,1372,1643,-827,-1,-2
P,42336,1373,1643,-826,-1,-2
P,42498,1375,1643,-822,-1,-2
P,42540,1376,1643,-818,-1,-2
P,42582,1377,1643,-816,-1,-2
P,42704,1377,1643,-816,-2,-2
P,42746,1377,1643,-815,-1,-1
P,42828,1377,1643,-815,-2,-2
P,42870,1377,1643,-815,-1,-1
P,42912,1377,1643,-814,-2,0
P,42954,1377,1641,-814,0,-1
P,42996,1376,1641,-814,0,-1
P,43038,1376,1641,-814,0,0
P,43280,1376,1641,-815,0,-1
P,43402,1376,1641,-815,0,0
P,43484,1376,1641,-815,0,-1
P,43606,1376,1641,-815,0,0
P,43688,1376,1641,-814,-1,-1
P,43729,1376,1641,-814,-1,0
P,43891,1376,1641,-814,-2,0
P,43933,1376,1641,-814,-2,-1
P,43975,1376,1641,-814,-1,-1
P,44017,1376,1641,-814,-1,0
P,44059,1376,1641,-814,-2,0
P,44101,1376,1641,-814,-1,-1
P,44383,1376,1641,-814,-2,-1
P,44425,1376,1641,-814,-1,-1
P,44467,1376,1641,-814,-2,0
P,44509,1376,1641,-814,-2,-1
P,44591,1376,1641,-814,-1,0
P,44633,1376,1641,-814,-2,0
P,44715,1376,1641,-814,-2,-1
P,44797,1376,1641,-814,-2,0
P,44839,1376,1641,-815,-2,-1
P,44881,1376,1641,-815,-2,0
P,44923,1376,1641,-815,-2,-1
P,44965,1376,1641,-815,-1,0
P,45007,1376,1641,-815,-2,0
P,45089,1376,1641,-815,-1,0
P,45171,1376,1641,-815,-2,0
P,45213,1376,1641,-815,-1,-1
P,45255,1376,1641,-815,-2,-1
P,45297,1376,1641,-815,-2,0
P,45379,1376,1641,-815,-2,-1
P,45421,1376,1641,-815,-1,0
P,45463,1376,1641,-815,-1,-1
P,45505,1376,1641,-815,-2,-1
P,45547,1376,1641,-815,-1,0
P,45589,1376,1641,-815,-2,-1
P,45631,1376,1641,-815,-2,0
P,45713,1376,1641,-815,-1,-1
P,45795,1376,1641,-815,-2,-1
P,45837,1376,1641,-815,-2,0
P,45879,1376,1641,-815,-1,0
P,45921,1376,1641,-815,-2,0
P,46043,1376,1641,-815,-1,0
P,46085,1376,1641,-815,-2,0
P,46127,1376,1641,-815,-2,-1
P,46169,1376,1641,-815,-1,0
P,46211,1376,1641,-815,-1,-1
P,46253,1376,1641,-815,-2,0
P,46295,1376,1641,-815,-2,-1
P,46337,1376,1641,-815,-1,0
P,46379,1376,1641,-815,-2,0
P,46421,1376,1641,-815,-2,-1
P,46543,1376,1641,-815,-2,0
P,46625,1376,1641,-815,-2,-1
P,46667,1376,1641,-815,-2,0
P,46749,1376,1641,-814,-2,-1
P,46791,1376,1641,-814,-1,0
P,46833,1376,1641,-815,-2,0
P,46915,1376,1641,-815,-1,0
P,46957,1376,1641,-815,-1,-1
P,47039,1376,1641,-815,-1,0
P,47281,1376,1641,-815,0,0
P,47403,1376,1641,-814,-1,0
P,47445,1376,1641,-814,-2,-1
P,47487,1376,1641,-814,-2,0
P,47529,1376,1641,-814,-2,-1
P,47571,1377,1641,-814,-3,-1
P,47613,1377,1641,-814,0,0
P,47655,1377,1641,-815,-1,0
P,47697,1377,1641,-814,-1,-1
P,47819,1377,1641,-815,-1,0
P,47861,1376,1641,-815,-1,-1
P,47903,1376,1641,-815,0,-1
P,47945,1376,1641,-815,-1,-1
P,47987,1376,1641,-815,-1,0
P,48029,1376,1641,-815,0,0
P,48071,1376,1641,-814,-1,0
P,48113,1376,1641,-815,0,-1
P,48155,1376,1641,-815,-1,-1
P,48237,1376,1641,-815,-1,0
P,48319,1376,1641,-815,0,0
P,48361,1376,1641,-815,0,-1
P,48443,1376,1641,-815,0,0
P,48485,1376,1641,-815,0,-1
P,48527,1376,1641,-815,0,0
P,48569,1376,1641,-815,0,-1
P,48651,1376,1641,-815,0,0
P,48693,1376,1641,-815,0,-1
P,48735,1376,1641,-815,0,0
P,48777,1376,1641,-815,0,-1
P,49019,1376,1641,-815,0,0
P,49061,1376,1641,-815,0,-1
P,49103,1376,1641,-815,0,0
P,49225,1376,1641,-815,0,-1
P,49347,1376,1641,-814,0,0
P,49389,1376,1641,-814,0,-1
P,49431,1376,1641,-814,0,0
P,49473,1376,1641,-814,0,-1
P,49515,1376,1641,-814,0,0
P,49557,1376,1641,-814,0,-1
P,49639,1376,1641,-815,0,0
P,49681,1376,1641,-814,0,-1
P,49763,1376,1641,-814,0,0
P,49805,1376,1641,-814,0,-1
P,49927,1376,1641,-815,0,0
P,49969,1376,1641,-814,0,-1
P,50051,1376,1641,-814,0,0
P,50093,1376,1641,-815,0,-1
P,50175,1377,1641,-815,0,-1
P,50217,1376,1641,-814,0,-1
P,50299,1376,1641,-815,0,0
P,50341,1376,1641,-815,0,-1
P,50463,1376,1641,-815,0,0
P,50545,1376,1641,-815,0,-1
P,50747,1376,1641,-815,0,0
P,50829,1376,1641,-815,0,-1
P,51031,1376,1641,-815,0,0
P,51153,1376,1641,-815,0,-1
P,51235,1376,1642,-815,0,-1
P,51277,1376,1641,-815,0,0
P,51319,1376,1641,-815,0,-1
P,51401,1376,1641,-815,0,0
P,51483,1376,1641,-815,0,-1
P,51565,1376,1641,-815,0,0
P,51727,1376,1641,-815,0,-1
P,51769,1376,1641,-815,0,0
P,51810,1376,1642,-815,0,-1
P,51852,1376,1641,-815,0,-1
P,52094,1376,1641,-815,0,0
P,52176,1376,1641,-815,0,-1
P,52218,1376,1641,-815,0,0
P,52260,1376,1641,-815,0,-1
P,52422,1376,1641,-815,0,0
P,52464,1376,1641,-815,0,-1
P,52546,1376,1641,-815,0,0
P,52628,1376,1641,-815,0,-1
P,52950,1376,1641,-815,0,0
P,52991,1376,1641,-815,0,-1
P,53313,1376,1641,-815,0,0
P,53395,1376,1641,-815,0,-1
P,53596,1376,1641,-815,0,0
P,53758,1376,1641,-815,0,-1
P,54160,1376,1641,-815,0,0
P,54242,1376,1641,-815,0,-1
P,54484,1376,1641,-815,0,0
P,54526,1376,1641,-815,0,-1
P,54568,1376,1641,-815,0,0
P,54610,1376,1641,-815,0,-1
P,54732,1376,1641,-815,0,0
P,54774,1376,1641,-815,0,-1
P,54816,1376,1641,-815,0,0
P,54858,1376,1641,-815,0,-1
P,55340,1376,1641,-815,0,0
P,55381,1376,1641,-815,0,-1
P,55463,1376,1641,-815,0,0
P,55625,1376,1641,-815,1,-1
P,55666,1376,1641,-815,1,0
P,55708,1376,1641,-815,1,-1
P,55870,1376,1641,-815,1,0
P,55911,1376,1641,-815,1,-1
P,55953,1376,1641,-815,1,0
P,56155,1376,1641,-815,0,-1
P,56236,1376,1642,-815,0,-1
P,56278,1376,1642,-815,1,-1
P,56320,1377,1641,-815,2,0
P,56362,1377,1642,-815,2,-1
P,56404,1377,1642,-815,2,0
P,56486,1377,1643,-815,2,0
P,56528,1378,1644,-815,2,-1
P,56570,1381,1644,-813,2,0
P,56612,1383,1646,-810,2,-1
P,56654,1390,1655,-813,2,-1
P,56696,1399,1666,-819,2,-1
P,56738,1408,1676,-824,2,-1
P,56780,1419,1688,-827,2,-1
P,56822,1429,1699,-830,2,-1
P,56864,1441,1711,-833,2,-1
P,56906,1451,1721,-835,2,-1
P,56947,1461,1732,-838,2,-1
P,56989,1473,1743,-839,2,-1
P,57031,1483,1753,-838,2,-1
P,57073,1494,1762,-836,2,-1
P,57115,1506,1773,-832,2,-1
P,57157,1517,1783,-829,2,-1
P,57199,1530,1795,-825,1,0
P,57241,1543,1808,-820,1,-1
P,57282,1556,1821,-816,1,0
P,57324,1571,1835,-811,1,0
P,57366,1586,1848,-805,1,0
P,57408,1600,1861,-798,1,0
P,57450,1616,1874,-791,2,0
P,57491,1630,1886,-784,2,0
P,57533,1645,1897,-778,1,0
P,57575,1660,1909,-773,2,0
P,57617,1672,1920,-769,2,0
P,57659,1686,1932,-766,2,0
P,57700,1697,1942,-763,2,0
P,57741,1707,1951,-761,2,0
P,57782,1716,1960,-760,2,0
P,57824,1725,1969,-760,2,0
P,57865,1732,1975,-761,2,0
P,57907,1738,1982,-762,2,0
P,57949,1743,1988,-764,2,0
P,57990,1746,1992,-765,2,0
P,58031,1749,1994,-765,2,0
P,58233,1749,1994,-764,2,-1
P,58315,1749,1994,-763,2,0
P,58357,1749,1994,-763,2,-1
P,58399,1749,1993,-760,2,-1
P,58440,1749,1991,-755,2,0
P,58482,1749,1987,-741,1,0
P,58524,1749,1982,-721,1,0
P,58565,1749,1979,-708,1,0
P,58607,1750,1975,-692,1,0
P,58649,1756,1971,-672,2,0
P,58690,1759,1969,-655,1,0
P,58732,1762,1966,-638,2,0
P,58774,1768,1966,-621,2,0
P,58815,1773,1966,-603,2,0
P,58857,1780,1966,-583,2,0
P,58899,1788,1966,-560,2,0
P,58940,1796,1966,-536,2,0
P,58981,1803,1965,-511,2,0
P,59023,1810,1963,-483,1,-1
P,59065,1818,1961,-454,1,0
P,59107,1825,1959,-426,1,0
P,59149,1832,1958,-399,1,0
P,59190,1840,1956,-375,1,0
P,59231,1846,1954,-348,1,0
P,59273,1851,1951,-322,2,0
P,59315,1857,1948,-297,2,0
P,59356,1861,1945,-273,2,0
P,59398,1867,1943,-247,1,0
P,59440,1873,1940,-222,1,0
P,59481,1878,1938,-198,1,0
P,59523,1884,1937,-175,1,0
P,59565,1890,1936,-152,1,0
P,59606,1896,1934,-127,1,0
P,59648,1902,1932,-99,1,0
P,59690,1910,1931,-73,1,0
P,59731,1918,1931,-47,1,0
P,59773,1926,1931,-19,1,0
P,59815,1936,1931,8,1,0
P,59856,1946,1931,36,1,0
P,59897,1956,1931,65,1,0
P,59939,1967,1931,95,1,0
P,59980,1977,1931,123,1,0
P,60021,1986,1931,152,1,0
P,60062,1994,1931,178,1,0
P,60104,2004,1931,204,1,0
P,60145,2011,1931,229,1,0
P,60186,2019,1931,252,1,0
P,60227,2026,1931,275,1,0
P,60269,2034,1931,297,1,0
P,60310,2040,1931,319,1,0
P,60351,2046,1931,340,1,0
P,60393,2052,1931,360,1,0
P,60435,2057,1931,378,1,0
P,60476,2062,1930,394,1,0
P,60518,2064,1927,409,1,0
P,60560,2065,1924,420,1,0
P,60601,2065,1924,425,1,0
P,60843,2067,1924,432,1,0
P,61165,2066,1924,429,1,0
● 動き 5 : 進んだ 492 mm / 向き 12.2 ° / 左アーム 2 ° / 右アーム 0 °
P,61867,2067,1925,428,1,0
P,61909,2067,1926,426,1,0
P,61951,2069,1928,424,1,0
P,61992,2075,1933,423,1,0
P,62034,2079,1937,424,1,0
P,62076,2084,1942,424,1,0
P,62118,2090,1949,422,1,0
P,62160,2097,1954,423,1,0
P,62202,2101,1961,421,1,0
P,62244,2108,1967,421,1,0
P,62286,2114,1973,419,1,0
P,62328,2119,1979,417,1,0
P,62370,2124,1984,415,1,0
P,62412,2128,1989,413,1,0
P,62454,2132,1995,412,1,0
P,62496,2138,2000,412,1,0
P,62538,2144,2006,413,1,-1
P,62580,2151,2012,414,1,0
P,62622,2157,2018,415,1,0
P,62664,2163,2025,416,1,0
P,62706,2169,2031,416,1,-1
P,62748,2175,2037,416,1,-1
P,62790,2181,2042,415,1,-1
P,62832,2185,2046,415,1,0
P,62874,2189,2051,415,1,-1
P,62915,2193,2056,415,1,-1
P,62957,2198,2059,415,1,-1
P,62999,2202,2063,415,1,-1
P,63041,2207,2067,416,1,-1
P,63083,2210,2071,417,1,-1
P,63125,2215,2075,418,1,-1
P,63167,2220,2079,418,1,-1
P,63209,2223,2083,419,1,-1
P,63251,2228,2087,420,1,-1
P,63293,2231,2091,420,1,-1
P,63335,2234,2094,420,1,-1
P,63377,2237,2097,419,1,-1
P,63419,2241,2101,419,1,-1
P,63461,2245,2104,419,1,0
P,63503,2248,2108,419,1,-1
P,63545,2252,2112,419,1,-1
P,63587,2255,2115,418,1,-1
P,63629,2258,2119,417,1,-1
P,63671,2262,2123,416,1,0
P,63713,2265,2126,415,1,-1
P,63755,2269,2129,414,1,0
P,63797,2272,2132,414,1,0
P,63839,2273,2133,416,1,0
P,63921,2273,2133,416,1,-1
P,63963,2273,2133,416,1,0
P,64045,2273,2133,416,1,-1
P,64087,2273,2133,416,1,0
P,64209,2273,2133,417,1,-1
P,64251,2273,2133,417,1,0
P,64333,2273,2133,418,1,-1
P,64375,2273,2133,419,1,0
P,64417,2273,2133,419,1,-1
P,64468,2274,2133,420,1,0
P,64590,2274,2133,420,1,-1
P,64632,2274,2133,420,1,0
P,64674,2274,2133,420,1,-1
P,64796,2274,2133,420,1,0
P,64838,2274,2133,420,1,-1
P,64880,2274,2133,420,1,0
P,64922,2274,2133,420,1,-1
P,64964,2273,2133,420,1,0
P,65006,2273,2133,420,0,-1
P,65048,2273,2133,419,-1,-1
P,65210,2273,2133,419,-1,0
P,65252,2273,2133,418,-1,-1
P,65294,2273,2133,418,-1,0
P,65336,2273,2133,418,-1,-1
P,65378,2273,2133,418,0,0
P,65420,2273,2133,419,1,-1
P,65462,2273,2132,421,1,-1
P,65504,2273,2131,422,1,-1
P,65546,2272,2129,423,1,0
P,65588,2269,2127,422,1,0
P,65630,2265,2124,421,1,0
P,65672,2263,2124,419,1,0
P,65714,2262,2123,419,1,0
P,65796,2261,2123,419,1,0
P,65998,2257,2123,415,1,0
P,66040,2250,2119,409,1,0
P,66082,2240,2109,408,1,0
P,66124,2229,2098,408,1,0
P,66166,2216,2087,410,1,-1
P,66208,2206,2073,415,1,0
P,66250,2195,2062,419,1,0
P,66292,2184,2049,422,1,-1
P,66334,2174,2038,425,1,0
P,66376,2163,2028,426,1,-1
P,66418,2153,2016,426,1,-1
P,66460,2144,2006,427,1,0
P,66502,2134,1996,429,1,0
P,66544,2126,1986,431,1,0
P,66586,2117,1977,433,1,0
P,66628,2108,1967,435,1,0
P,66670,2100,1958,438,1,0
P,66712,2091,1950,440,1,0
P,66754,2084,1940,442,1,0
P,66796,2076,1933,443,1,0
P,66838,2070,1927,444,1,0
P,66880,2067,1924,443,1,0
P,66922,2066,1924,443,1,0
P,67003,2067,1924,442,1,0
P,67045,2067,1926,438,0,0
P,67087,2069,1927,437,-1,0
P,67129,2068,1927,437,0,0
● 動き 6 : 進んだ 1 mm / 向き 0.8 ° / 左アーム -1 ° / 右アーム 0 °
P,67951,2069,1928,436,0,0
P,68233,2070,1928,441,1,0
P,68275,2072,1928,448,1,0
P,68317,2074,1928,456,1,0
P,68359,2076,1927,469,0,0
P,68400,2077,1925,484,0,0
P,68442,2077,1924,500,0,0
P,68484,2077,1923,517,0,0
P,68526,2076,1922,537,0,0
P,68568,2077,1922,558,0,0
P,68609,2077,1922,574,0,0
P,68651,2077,1922,587,0,0
P,68693,2077,1922,602,0,0
P,68735,2077,1922,620,0,0
P,68777,2077,1922,639,1,0
P,68819,2076,1922,661,1,0
P,68861,2076,1922,684,1,0
P,68903,2076,1922,711,2,0
P,68945,2076,1922,740,2,0
P,68987,2076,1922,771,2,0
P,69029,2076,1922,800,2,0
P,69071,2076,1922,828,2,0
P,69113,2076,1922,857,2,0
P,69155,2076,1922,883,2,0
P,69197,2076,1922,907,1,0
P,69239,2076,1922,925,1,0
P,69281,2076,1922,933,1,0
● 動き 7 : 進んだ 1 mm / 向き 49.4 ° / 左アーム 1 ° / 右アーム 0 °
P,69823,2075,1923,928,1,0
P,70025,2075,1923,926,0,0
P,70107,2075,1924,926,0,0
P,70229,2075,1924,925,1,0
P,70271,2076,1926,925,1,0
P,70312,2077,1930,924,1,0
P,70354,2077,1934,926,1,0
P,70396,2077,1940,925,1,0
P,70438,2077,1950,926,1,0
P,70480,2077,1961,930,1,0
P,70522,2077,1977,930,1,0
P,70564,2077,1993,928,1,-1
P,70606,2077,2013,924,1,-1
P,70648,2077,2032,921,1,0
P,70690,2077,2048,920,1,-1
P,70732,2077,2067,918,1,-1
P,70774,2077,2083,919,1,-1
P,70816,2077,2097,919,0,-1
P,70858,2077,2111,919,0,-1
P,70900,2077,2124,920,0,-1
P,70942,2077,2136,922,0,0
P,70984,2077,2147,923,0,0
P,71026,2077,2160,923,0,0
P,71068,2077,2173,924,0,0
P,71110,2077,2187,923,1,0
P,71152,2077,2200,921,1,0
P,71193,2077,2212,919,1,0
P,71235,2077,2224,910,0,0
P,71277,2077,2234,901,-1,0
P,71319,2077,2241,896,0,0
P,71361,2077,2248,894,-1,0
P,71403,2077,2250,894,-1,0
P,71445,2077,2253,893,-1,0
P,71487,2077,2255,892,-1,0
P,71568,2076,2255,892,-1,0
P,71810,2076,2257,892,0,0
P,71852,2076,2261,893,0,0
P,71893,2076,2265,894,0,0
P,71935,2076,2272,890,0,0
P,71977,2076,2281,883,0,0
P,72018,2076,2289,878,0,0
P,72060,2076,2297,876,0,0
P,72102,2076,2307,878,0,0
P,72144,2076,2316,883,0,0
P,72186,2076,2326,887,0,0
P,72227,2076,2333,888,0,0
P,72268,2076,2341,888,0,0
P,72310,2076,2347,885,0,0
P,72352,2076,2354,883,0,0
P,72393,2076,2359,882,0,0
P,72435,2076,2364,881,0,-1
P,72477,2077,2370,879,0,0
P,72519,2077,2374,875,0,-1
P,72561,2077,2376,870,0,-1
P,72603,2077,2378,865,0,0
P,72645,2077,2380,859,0,-1
P,72687,2077,2382,855,0,-1
P,72729,2077,2382,854,0,0
P,72771,2077,2383,855,0,-1
P,72813,2077,2382,855,1,-1
P,72855,2077,2382,855,0,-1
P,72977,2077,2382,854,0,0
P,73059,2077,2382,854,0,-1
P,73141,2077,2383,852,0,-1
P,73183,2075,2383,844,0,0
P,73225,2072,2383,833,0,0
P,73267,2067,2383,820,0,-1
P,73309,2066,2382,805,0,-1
P,73351,2066,2383,790,0,-1
P,73393,2066,2386,772,0,0
P,73434,2066,2391,751,0,-1
P,73476,2066,2395,733,0,-1
P,73518,2066,2400,713,0,-1
P,73560,2066,2405,693,0,-1
P,73602,2066,2412,673,0,-1
P,73644,2066,2417,657,0,-1
P,73686,2066,2421,643,0,-1
P,73728,2066,2424,633,0,-1
P,73770,2066,2427,622,0,-1
P,73812,2066,2427,612,0,-1
P,73854,2066,2428,598,0,-1
P,73896,2066,2428,582,0,-1
P,73938,2066,2428,563,0,-1
P,73980,2066,2428,545,0,-1
P,74022,2066,2428,531,0,-1
P,74064,2066,2428,519,0,-1
P,74146,2066,2429,513,0,-1
P,74188,2066,2428,513,0,-1
P,74230,2067,2427,517,0,-1
P,74312,2067,2427,518,0,0
P,74354,2067,2427,518,0,-1
● 動き 8 : 進んだ 135 mm / 向き -41.3 ° / 左アーム -1 ° / 右アーム -1 °
P,75016,2067,2427,518,1,-1
P,75098,2067,2427,518,0,-1
P,75140,2067,2427,518,1,-1
P,75262,2065,2428,508,1,-1
P,75304,2065,2428,497,1,-1
P,75346,2065,2429,488,1,-1
P,75388,2064,2429,474,1,-1
P,75430,2062,2429,459,1,-1
P,75471,2055,2429,438,1,-1
P,75513,2044,2429,410,0,-1
P,75555,2036,2429,381,1,-1
P,75596,2027,2429,354,1,-1
P,75638,2017,2429,327,1,-1
P,75680,2008,2429,301,1,-1
P,75721,2000,2429,275,1,-1
P,75763,1990,2429,247,1,-1
P,75805,1982,2429,219,1,-1
P,75846,1973,2430,190,1,-1
P,75888,1962,2430,161,1,-1
P,75930,1954,2430,135,1,-1
P,75971,1947,2430,112,1,-1
P,76013,1939,2430,92,1,-1
P,76055,1933,2430,73,1,-1
P,76097,1928,2430,56,1,-1
P,76139,1921,2430,39,1,-2
P,76180,1917,2430,24,1,-2
P,76221,1913,2430,11,1,-2
P,76263,1908,2430,-1,1,-1
P,76305,1904,2430,-12,1,-2
P,76347,1901,2430,-23,1,-1
P,76389,1897,2430,-31,1,-2
P,76431,1895,2430,-37,1,-1
P,76473,1894,2429,-40,1,-1
P,76515,1893,2429,-41,1,-1
P,76557,1893,2430,-41,1,-1
P,76599,1893,2429,-40,1,-1
P,76641,1894,2429,-38,1,-1
P,76682,1894,2429,-35,1,-2
P,76724,1894,2428,-31,1,-2
P,76766,1895,2427,-26,1,-2
P,76847,1896,2426,-20,1,-2
P,76889,1897,2425,-15,1,-2
P,76931,1897,2424,-10,1,-2
P,76972,1897,2423,-6,1,-1
P,77014,1898,2423,-5,1,-1
P,77216,1898,2423,-5,1,-2
P,77257,1897,2423,-6,1,-1
P,77339,1897,2423,-6,0,-1
P,77501,1897,2423,-7,1,-1
P,78022,1897,2423,-7,0,-1
P,78064,1897,2423,-7,1,-1
P,78226,1897,2423,-7,0,-1
P,78268,1897,2423,-7,1,-1
P,78390,1897,2423,-7,0,-1
P,78432,1897,2423,-7,1,-1
P,78514,1897,2423,-7,0,-1
P,78556,1897,2423,-7,1,-1
P,78638,1897,2423,-7,0,-1
P,78680,1897,2423,-7,1,-1
P,78762,1897,2423,-7,0,-1
P,78804,1897,2423,-7,1,-1
P,78846,1897,2423,-7,0,-1
P,78888,1897,2423,-7,1,-1
P,78970,1897,2423,-7,0,-1
P,79012,1897,2423,-7,1,-1
P,79054,1897,2423,-7,0,-1
P,79096,1897,2423,-7,1,-1
P,79178,1897,2423,-7,0,-1
P,79220,1897,2423,-7,1,-1
P,79382,1897,2423,-7,0,-1
P,79504,1897,2424,-9,1,-1
P,79545,1897,2424,-9,0,-1
P,79586,1897,2423,-9,0,-1
P,79627,1896,2423,-10,0,-1
P,79669,1894,2422,-14,0,-1
P,79751,1894,2422,-11,-1,-1
P,79793,1897,2422,-3,0,-1
P,79835,1900,2421,10,0,-1
P,79876,1903,2419,28,0,-1
P,79917,1904,2418,46,0,-1
P,79959,1906,2412,71,0,-1
P,80001,1912,2404,108,0,-1
P,80043,1917,2396,150,0,-1
P,80085,1922,2386,192,-1,-1
P,80126,1928,2377,233,0,-1
P,80168,1933,2369,277,0,-1
P,80210,1940,2360,320,-1,-1
P,80251,1947,2352,360,-1,-1
P,80293,1953,2346,401,0,0
P,80335,1960,2339,439,0,0
P,80376,1966,2333,474,0,0
P,80418,1974,2328,509,0,0
P,80460,1983,2323,545,0,0
P,80501,1991,2319,580,0,0
P,80543,1999,2315,615,-1,0
P,80585,2009,2312,651,-1,0
P,80626,2018,2308,686,-1,0
P,80668,2026,2305,723,-1,0
P,80710,2036,2301,760,-1,0
P,80751,2044,2297,798,-1,0
P,80793,2053,2293,837,-1,0
P,80835,2062,2289,879,-1,0
P,80876,2072,2286,920,-1,0
P,80917,2082,2283,963,-1,0
P,80959,2093,2280,1005,-1,0
P,81000,2104,2279,1042,-1,0
P,81041,2114,2279,1075,-1,0
P,81083,2126,2279,1107,-1,0
P,81125,2138,2279,1139,-1,0
P,81166,2149,2279,1171,-1,0
P,81208,2159,2279,1206,-1,0
P,81250,2173,2279,1241,-1,0
P,81291,2184,2279,1275,-1,0
P,81333,2194,2279,1307,-1,0
P,81375,2205,2279,1336,-1,0
P,81417,2214,2279,1364,-1,0
P,81459,2223,2279,1392,-1,0
P,81501,2231,2279,1418,-1,0
P,81543,2237,2279,1441,-1,0
P,81585,2244,2279,1462,-1,0
P,81627,2249,2279,1479,-1,0
P,81669,2253,2279,1491,-1,0
P,81711,2254,2279,1496,-1,0
P,81753,2255,2279,1496,-1,0
● 動き 9 : 進んだ 11 mm / 向き 98.2 ° / 左アーム -1 ° / 右アーム 1 °
P,82375,2255,2279,1511,-1,0
P,82456,2255,2279,1518,-1,0
P,82697,2254,2279,1512,-1,0
P,82739,2254,2279,1512,0,0
P,82781,2254,2279,1512,-1,0
P,82823,2254,2279,1512,0,0
P,82945,2254,2279,1512,-1,0
P,83066,2254,2279,1512,0,0
P,83107,2254,2279,1512,-1,0
P,83149,2254,2279,1512,0,0
P,83191,2254,2279,1512,-1,0
P,83273,2254,2279,1512,0,0
P,83475,2255,2280,1512,0,0
P,83517,2255,2281,1510,-1,0
P,83559,2255,2284,1507,0,0
P,83601,2255,2285,1506,0,0
P,83643,2255,2287,1508,0,0
P,83685,2256,2292,1510,0,0
P,83727,2256,2299,1512,1,0
P,83769,2257,2310,1511,1,0
P,83811,2257,2322,1512,1,0
P,83853,2257,2335,1514,1,0
P,83895,2257,2352,1515,1,-1
P,83937,2262,2366,1516,1,0
P,83979,2277,2383,1520,1,-1
P,84021,2297,2400,1524,1,-1
P,84062,2315,2418,1526,1,-1
P,84104,2336,2438,1529,1,-1
P,84146,2359,2457,1531,1,-1
P,84188,2381,2476,1532,1,-1
P,84230,2403,2498,1533,1,0
P,84272,2423,2520,1533,1,0
P,84314,2444,2546,1534,1,0
P,84356,2467,2569,1535,1,0
P,84398,2490,2592,1535,1,0
P,84440,2517,2616,1534,1,0
P,84482,2541,2639,1533,1,0
P,84524,2564,2665,1531,1,0
P,84566,2589,2688,1530,0,0
P,84608,2610,2712,1530,0,0
P,84650,2635,2740,1528,0,-1
P,84692,2657,2764,1526,0,-1
P,84734,2682,2791,1526,0,-1
P,84776,2711,2815,1526,0,-1
P,84818,2737,2839,1526,0,-1
P,84860,2764,2866,1526,0,-1
P,84902,2788,2892,1526,0,0
P,84944,2811,2923,1525,0,0
P,84986,2841,2950,1525,0,0
P,85028,2869,2977,1525,0,0
P,85070,2901,3006,1526,0,0
P,85111,2928,3032,1526,0,0
P,85153,2954,3059,1528,0,0
P,85195,2982,3091,1529,0,-1
P,85236,3008,3118,1529,0,-1
P,85278,3034,3144,1529,0,-1
P,85320,3065,3172,1530,0,-1
P,85361,3090,3195,1532,0,-1
P,85403,3114,3217,1534,0,-1
P,85445,3138,3242,1538,0,0
P,85486,3159,3266,1539,0,0
P,85528,3179,3287,1540,0,0
P,85570,3202,3311,1540,0,0
P,85611,3223,3328,1541,0,0
P,85653,3241,3347,1542,0,0
P,85695,3261,3364,1543,0,0
P,85736,3276,3378,1544,0,0
P,85778,3289,3391,1544,0,0
P,85820,3302,3405,1544,0,0
P,85861,3314,3417,1545,0,0
P,85903,3323,3429,1545,0,0
P,85945,3333,3441,1543,0,0
P,85986,3342,3451,1539,0,-1
P,86028,3350,3461,1536,0,-1
P,86070,3357,3470,1536,0,-1
P,86111,3363,3475,1537,0,-1
P,86153,3367,3478,1539,0,-1
P,86195,3367,3477,1538,0,-1
P,86236,3367,3477,1537,0,0
P,86278,3367,3477,1537,0,-1
P,86600,3367,3477,1537,0,0
P,86642,3367,3477,1537,0,-1
P,86684,3367,3476,1537,0,0
P,86726,3367,3477,1537,0,-1
P,86928,3367,3476,1537,0,-1
P,86970,3367,3477,1537,0,-1
P,87212,3367,3477,1537,0,0
P,87254,3367,3477,1537,0,-1
P,87336,3367,3476,1537,0,-1
P,87378,3367,3477,1537,0,-1
● 動き 10 : 進んだ 628 mm / 向き 2.3 ° / 左アーム 1 ° / 右アーム -1 °
P,88040,3367,3477,1537,0,0
P,88082,3367,3477,1537,0,-1
P,88524,3367,3477,1537,0,0
P,88566,3367,3477,1537,0,-1
P,88768,3367,3476,1537,0,-1
P,88809,3367,3477,1537,0,-1
P,88971,3367,3476,1538,0,-1
P,89013,3367,3477,1537,0,-1
P,89334,3367,3476,1538,0,-1
The program was stopped (SystemExit).

==================================================
終了コード: 0
終了日時  : 2026-10-03 11:01:21
実行時間  : 96.6 秒
