=== 実行ログ ===
スクリプト: teach_record.py
実行日時 : 2026-10-02 21:30:15
ハブ     : --name Pybricks Hub3
==================================================

Searching for Pybricks Hub3...

  0%|          | 0.00/7.12k [00:00<?, ?B/s]
 14%|█▍        | 1.01k/7.12k [00:00<00:00, 8.20kB/s]
 28%|██▊       | 2.03k/7.12k [00:00<00:00, 8.17kB/s]
 43%|████▎     | 3.04k/7.12k [00:00<00:00, 8.18kB/s]
 57%|█████▋    | 4.06k/7.12k [00:00<00:00, 8.55kB/s]
 71%|███████   | 5.07k/7.12k [00:00<00:00, 6.99kB/s]
 85%|████████▌ | 6.08k/7.12k [00:01<00:00, 4.72kB/s]
100%|█████████▉| 7.10k/7.12k [00:01<00:00, 3.91kB/s]
100%|██████████| 7.12k/7.12k [00:01<00:00, 4.74kB/s]
=== ロボット初期化開始 ===
★ 走行設定: new （new＝今年の値 / old＝昨年の速度・加速度・PID）
✓ 機体の校正表: Pybricks Hub3 {'heading_correction': 360.1, 'wheel': 62.32, 'axle': 114.48}
✓ ハブ設定完了
✓ モーター設定完了
✓ デフォルト設定適用: 直進={'straight_acceleration': 800, 'straight_speed': 550}, 回転={'turn_acceleration': 313, 'turn_rate': 250}
✓ ロボットパラメータ設定完了
✓ PID制御設定完了（Pybricks の既定値を使用）
✓ ジャイロの待ち完了: 2001 ms（止まったまま 2000 ms）
✓ センサー初期化完了
✓ モーター角度リセット完了: 全モーター=0°
=== ロボット初期化完了 ===
# teach: wheel=62.32 axle=114.48 hub=Pybricks Hub3
# 列: P,ms,左タイヤ(度),右タイヤ(度),向き(0.1度),左アーム(度),右アーム(度)
● 記録スタート: 手で押して動かしてね。1 つの動きごとに手を止める（ピッと鳴る）
● 終わったら、ハブの真ん中のボタンで止める
P,0,0,0,0,0,0
P,282,0,0,0,0,-1
P,324,0,0,0,0,0
P,566,0,0,0,0,-1
P,608,0,0,0,0,0
P,689,0,0,0,0,-1
P,731,0,0,0,0,0
● 動き 1 : 進んだ 0 mm / 向き 0.0 ° / 左アーム 0 ° / 右アーム 0 °
P,1513,0,0,0,0,-1
P,1555,0,0,0,0,0
P,1597,1,0,0,0,0
● 動き 2 : 進んだ 0 mm / 向き 0.0 ° / 左アーム 0 ° / 右アーム 0 °
P,2619,1,0,0,0,0
P,3541,1,1,0,0,0
P,3583,1,1,0,0,1
P,3625,2,1,1,0,0
P,3667,2,2,2,0,0
P,3709,3,2,4,0,0
P,3791,4,2,4,0,0
P,3952,4,2,2,0,1
P,3994,5,2,1,0,1
P,4116,10,2,-2,0,0
P,4158,16,2,1,0,1
P,4200,21,2,5,0,1
P,4241,27,2,9,0,1
P,4282,32,2,11,0,1
P,4324,37,2,11,0,1
P,4366,40,2,10,0,1
P,4408,44,2,8,0,1
P,4450,47,2,6,0,1
P,4491,51,2,4,0,1
P,4532,54,2,2,0,1
P,4574,59,2,1,0,1
P,4616,64,2,1,0,1
P,4658,68,2,2,0,1
P,4700,73,2,2,0,1
P,4741,78,2,2,0,1
P,4783,83,2,1,0,1
P,4825,88,2,0,0,1
P,4867,91,2,-1,0,1
P,4909,97,2,-1,0,1
P,4951,100,2,-1,0,1
P,4993,104,2,0,0,1
P,5035,108,2,-1,0,1
P,5077,111,2,-2,0,1
P,5119,115,2,-3,0,1
P,5161,118,2,-4,0,1
P,5203,120,2,-4,0,1
P,5245,124,2,-4,0,1
P,5287,127,2,-3,0,1
P,5329,130,2,-2,0,1
P,5371,134,2,-2,0,1
P,5413,137,2,-2,0,1
P,5455,140,2,-2,0,1
P,5497,143,2,-2,0,1
P,5539,146,2,-2,0,1
P,5581,149,2,-1,0,1
P,5622,151,2,-2,0,1
P,5663,154,2,-2,0,1
P,5705,157,2,-3,0,1
P,5747,159,2,-4,0,1
P,5789,163,2,-3,0,1
P,5831,165,2,-3,0,1
P,5873,169,2,-3,0,1
P,5915,172,2,-3,0,1
P,5957,175,2,-3,0,1
P,5999,179,2,-3,0,1
P,6041,182,2,-4,0,1
P,6083,184,2,-4,0,1
P,6125,188,2,-4,0,1
P,6167,190,2,-4,0,1
P,6209,194,2,-4,0,1
P,6251,197,2,-3,0,1
P,6292,200,2,-3,0,1
P,6334,204,2,-3,0,1
P,6376,207,2,-3,0,1
P,6417,209,2,-3,0,1
P,6459,212,2,-2,0,1
P,6501,215,2,-2,0,1
P,6542,217,2,-2,0,1
P,6584,220,2,-1,0,1
P,6626,222,2,-1,0,1
P,6668,223,2,-1,0,1
P,6710,225,2,-1,0,1
P,6752,228,2,-1,0,1
P,6794,230,2,-1,0,1
P,6836,232,2,-1,0,1
P,6878,234,2,-1,0,1
P,6920,237,2,-1,0,1
P,6962,240,2,-2,0,1
P,7004,244,2,-2,0,1
P,7046,246,2,-2,0,1
P,7088,250,2,-3,0,1
P,7130,253,2,-3,0,1
P,7172,255,2,-4,0,1
P,7214,258,2,-5,0,1
P,7256,261,2,-5,0,1
P,7298,264,2,-5,0,1
P,7340,266,2,-4,0,1
P,7382,269,2,-5,0,1
P,7424,272,2,-5,0,1
P,7466,274,2,-6,0,1
P,7508,276,2,-7,0,1
P,7550,279,2,-8,0,1
P,7592,282,2,-9,0,1
P,7634,284,2,-9,0,1
P,7676,286,2,-10,0,1
P,7718,289,2,-10,0,1
P,7760,292,2,-11,0,1
P,7802,293,2,-11,0,1
P,7843,295,2,-12,0,1
P,7885,297,2,-12,0,1
P,7967,299,2,-13,0,1
P,8209,299,3,-13,0,1
P,8411,301,2,-14,0,1
P,8453,304,2,-13,0,1
P,8495,307,3,-13,0,1
P,8537,312,2,-12,0,1
P,8579,315,2,-12,0,1
P,8621,318,2,-13,0,1
P,8663,319,2,-14,0,1
P,8705,322,2,-14,0,1
P,8747,322,2,-15,0,2
P,8789,323,3,-15,0,2
P,9151,324,3,-15,0,2
P,9193,329,3,-13,0,2
P,9235,332,2,-12,0,2
P,9277,335,2,-11,0,2
P,9319,339,2,-10,0,2
P,9361,342,2,-10,0,2
P,9402,345,2,-10,0,2
P,9444,347,2,-10,0,2
P,9486,349,2,-9,0,2
P,9527,352,2,-9,0,2
P,9569,355,2,-9,0,2
P,9611,357,2,-8,0,2
P,9652,360,2,-8,0,2
P,9694,363,2,-8,0,2
P,9736,365,2,-7,0,2
P,9778,368,3,-6,0,2
P,9820,372,2,-6,0,2
P,9861,375,2,-6,0,2
P,9903,378,2,-7,0,2
P,9945,380,2,-7,0,2
P,9987,383,2,-8,0,2
P,10029,385,2,-8,0,2
P,10070,387,2,-9,0,2
P,10111,389,2,-9,0,2
P,10193,392,2,-9,0,2
P,10235,394,2,-9,0,2
P,10277,395,2,-10,0,2
P,10319,395,3,-11,0,2
P,10361,395,2,-11,0,1
P,10402,395,2,-11,0,2
P,10444,395,3,-11,0,2
P,10526,396,2,-11,0,1
P,10567,396,3,-11,0,2
P,10609,396,2,-11,0,2
P,10691,395,2,-11,0,2
P,10732,395,2,-11,0,1
P,10894,394,1,-11,0,1
P,10936,394,0,-11,0,1
P,11097,394,0,-11,0,2
P,11139,394,0,-11,0,1
P,11181,394,1,-11,0,2
P,11302,394,1,-12,0,1
P,11344,394,2,-13,0,1
P,11426,395,2,-15,0,2
P,11467,395,3,-15,0,1
P,11509,395,2,-15,0,2
P,11551,395,3,-16,0,1
P,11592,395,3,-17,0,2
P,11634,395,2,-19,0,1
P,11676,395,3,-21,0,1
P,11717,395,2,-24,0,1
P,11759,395,3,-26,0,2
P,11801,395,2,-27,0,1
P,11842,395,2,-28,0,2
P,11884,395,3,-29,0,2
P,11926,395,3,-30,0,1
P,12007,395,2,-34,0,1
P,12049,395,3,-35,0,2
P,12091,395,2,-37,0,2
P,12133,395,2,-39,0,1
P,12215,395,3,-42,0,1
P,12257,395,2,-44,0,1
P,12299,395,2,-45,0,2
P,12341,395,2,-46,0,1
P,12503,395,2,-51,0,1
P,12545,395,3,-52,0,2
P,12587,395,2,-53,0,1
P,12669,395,2,-55,0,2
P,12711,395,2,-56,0,1
P,12793,395,2,-58,0,2
P,12835,395,2,-60,0,1
P,13037,395,2,-65,0,1
P,13119,395,2,-67,0,2
P,13161,395,2,-68,0,1
P,13322,395,2,-72,0,2
P,13363,395,2,-72,0,1
P,13405,396,3,-73,0,1
P,13447,396,2,-74,0,1
P,13688,396,2,-79,1,2
P,13730,396,2,-80,0,1
P,13772,396,2,-80,1,1
P,13813,396,3,-80,0,2
P,13855,396,2,-80,0,1
P,13897,396,2,-80,0,2
P,13978,396,2,-80,1,1
P,14020,396,3,-80,1,1
P,14222,396,3,-80,0,1
P,14263,396,3,-80,1,1
P,14585,396,2,-80,1,1
P,14627,396,2,-80,0,1
P,14669,396,2,-80,1,1
P,14711,396,2,-80,0,1
● 動き 3 : 進んだ 108 mm / 向き -7.9 ° / 左アーム 0 ° / 右アーム 1 °
P,15333,395,2,-79,0,1
P,15535,395,1,-77,0,1
P,15977,395,0,-74,0,1
P,16178,395,-1,-72,0,1
P,16220,395,-2,-72,0,1
P,16262,394,-2,-72,0,1
P,16304,394,-3,-71,0,1
P,16346,392,-4,-71,0,1
P,16387,391,-6,-71,0,1
P,16428,389,-8,-70,0,1
P,16470,386,-8,-70,0,1
P,16512,384,-9,-70,0,1
P,16554,382,-9,-69,0,1
P,16596,382,-9,-68,0,2
P,16638,382,-9,-67,0,1
P,16680,381,-9,-67,0,1
P,16722,381,-9,-66,0,2
P,16764,381,-9,-66,0,1
P,16846,381,-9,-65,0,2
P,17168,380,-9,-64,0,2
P,17210,381,-9,-64,0,2
P,17332,380,-9,-62,0,2
P,17574,380,-9,-60,1,3
P,17616,381,-9,-61,0,3
P,17778,380,-9,-62,0,3
P,17820,381,-9,-61,0,3
P,17862,380,-9,-60,0,3
P,17944,380,-9,-58,0,2
P,17986,380,-9,-57,0,3
P,18188,381,-9,-56,0,3
P,18550,381,-9,-55,0,2
P,18592,381,-9,-54,0,3
P,18954,380,-9,-53,0,3
P,19036,381,-9,-54,0,3
P,19158,381,-9,-54,0,2
P,19200,381,-9,-54,0,3
P,19242,380,-9,-54,0,3
P,19284,381,-9,-54,0,2
P,19326,381,-9,-54,0,3
P,19448,381,-9,-53,0,2
P,19490,381,-9,-53,0,3
P,19532,381,-9,-52,0,2
P,19574,381,-9,-52,0,3
P,19616,381,-9,-52,0,2
P,19698,381,-9,-52,0,3
P,19860,381,-9,-51,0,2
P,19902,381,-9,-50,0,3
P,20064,381,-9,-45,0,3
P,20106,381,-9,-45,0,2
P,20228,381,-9,-46,1,2
P,20270,381,-9,-46,2,2
P,20312,381,-9,-46,1,2
P,20434,381,-9,-46,1,1
P,20476,382,-9,-46,1,1
P,20558,382,-8,-47,1,1
P,20600,382,-8,-47,0,1
● 動き 4 : 進んだ -7 mm / 向き 3.2 ° / 左アーム 0 ° / 右アーム 0 °
P,21622,382,-8,-47,0,1
P,22624,382,-8,-47,0,1
The program was stopped (SystemExit).

==================================================
終了コード: 0
終了日時  : 2026-10-02 21:30:49
実行時間  : 34.0 秒
