=== 実行ログ ===
スクリプト: teach_record.py
実行日時 : 2026-10-08 13:28:00
ハブ     : --name Pybricks Hub3
==================================================

Searching for Pybricks Hub3...

  0%|          | 0.00/7.12k [00:00<?, ?B/s]
 14%|█▍        | 1.01k/7.12k [00:00<00:00, 8.66kB/s]
 28%|██▊       | 2.03k/7.12k [00:00<00:00, 9.00kB/s]
 43%|████▎     | 3.04k/7.12k [00:00<00:00, 8.60kB/s]
 57%|█████▋    | 4.06k/7.12k [00:00<00:00, 8.85kB/s]
 71%|███████   | 5.07k/7.12k [00:00<00:00, 8.58kB/s]
 85%|████████▌ | 6.08k/7.12k [00:00<00:00, 8.13kB/s]
100%|█████████▉| 7.10k/7.12k [00:01<00:00, 4.54kB/s]
100%|██████████| 7.12k/7.12k [00:01<00:00, 5.57kB/s]
=== ロボット初期化開始 ===
★ 走行設定: new （new＝今年の値 / old＝昨年の速度・加速度・PID）
✓ 機体の校正表: Pybricks Hub3 {'heading_correction': 360.1, 'wheel': 62.32, 'axle': 114.48}
✓ ハブ設定完了
✓ モーター設定完了
✓ デフォルト設定適用: 直進={'straight_acceleration': 800, 'straight_speed': 550}, 回転={'turn_acceleration': 313, 'turn_rate': 250}
✓ ロボットパラメータ設定完了
✓ PID制御設定完了（Pybricks の既定値を使用）
✓ ジャイロの待ち完了: 2002 ms（止まったまま 2000 ms）
✓ センサー初期化完了
✓ モーター角度リセット完了: 全モーター=0°
=== ロボット初期化完了 ===
# teach: wheel=62.32 axle=114.48 hub=Pybricks Hub3
# 列: P,ms,左タイヤ(度),右タイヤ(度),向き(0.1度),左アーム(度),右アーム(度)
● 記録スタート: 手で押して動かしてね。1 つの動きごとに手を止める（ピッと鳴る）
● 終わったら、ハブの真ん中のボタンで止める
P,0,0,0,0,0,1
P,322,0,0,0,0,0
P,364,0,0,0,0,1
P,726,0,0,0,0,0
P,808,0,0,0,0,1
P,1010,0,0,0,0,0
P,1051,0,0,0,0,1
P,1293,0,0,-1,1,1
P,1335,0,1,0,1,1
P,1376,1,1,-1,1,1
P,1418,1,2,-1,1,1
P,1460,3,3,0,0,1
P,1502,5,4,0,0,1
P,1584,6,4,1,0,1
P,1625,7,6,2,0,1
P,1667,9,10,-1,0,1
P,1709,14,16,-3,0,1
P,1750,20,22,-4,0,1
P,1792,27,30,-6,0,1
P,1834,36,38,-6,0,1
P,1875,45,47,-5,0,1
P,1917,53,56,-5,0,1
P,1959,63,65,-4,0,1
P,2000,73,74,-2,0,1
P,2042,83,85,0,0,1
P,2084,94,95,0,0,1
P,2125,104,106,0,-1,1
P,2167,114,119,-2,0,1
P,2209,126,131,-3,0,1
P,2250,137,143,-4,-1,1
P,2292,148,155,-5,0,1
P,2334,162,165,-4,-1,1
P,2376,174,176,-3,0,0
P,2418,185,189,0,0,0
P,2460,198,201,0,0,0
P,2501,210,212,1,0,0
P,2543,222,226,1,0,0
P,2585,236,238,1,0,0
P,2627,249,252,0,0,0
P,2669,264,265,0,0,0
P,2710,276,278,-1,0,0
P,2751,289,290,-2,0,0
P,2793,302,306,-2,0,0
P,2835,316,317,-2,0,0
P,2876,329,330,-1,0,1
P,2918,342,344,0,0,0
P,2960,358,357,0,0,1
P,3001,371,371,-1,0,1
P,3043,384,386,-2,0,1
P,3085,398,399,-4,0,1
P,3127,412,414,-5,0,1
P,3169,426,428,-4,0,1
P,3211,442,443,-4,0,1
P,3253,456,459,-3,0,1
P,3295,473,474,-2,-1,1
P,3337,487,490,-2,-1,1
P,3379,500,504,-2,0,1
P,3421,514,518,-1,0,0
P,3463,527,530,-1,-1,0
P,3505,540,541,-1,0,0
P,3547,552,554,0,0,0
P,3589,564,565,0,0,0
P,3631,576,578,0,0,0
P,3673,588,589,0,0,0
P,3715,601,601,1,0,0
P,3757,614,614,1,0,0
P,3799,626,626,0,0,1
P,3841,639,639,0,0,1
P,3882,651,651,-1,0,0
P,3924,662,663,-3,0,0
P,3966,674,676,-5,0,0
P,4008,686,687,-6,0,0
P,4050,698,698,-6,0,0
P,4091,709,710,-7,0,1
P,4132,720,720,-8,0,1
P,4173,729,730,-9,0,1
P,4215,740,740,-10,0,1
P,4257,749,751,-12,0,1
P,4298,758,761,-13,0,1
P,4340,769,770,-14,0,1
P,4382,778,781,-14,0,1
P,4423,788,791,-14,0,1
P,4465,798,801,-15,0,1
P,4507,807,811,-15,0,1
P,4549,816,821,-15,0,1
P,4591,826,830,-15,-1,1
P,4632,832,837,-16,0,1
P,4674,837,843,-17,0,1
P,4716,840,847,-18,0,1
P,4758,842,849,-20,0,1
P,4880,842,849,-19,-1,1
P,4922,842,849,-19,0,1
P,4964,842,848,-19,0,1
P,5006,841,848,-20,0,1
P,5288,840,848,-23,0,1
P,5330,840,848,-24,0,0
P,5372,840,848,-24,0,1
P,5574,840,849,-23,-1,1
P,5616,841,849,-23,0,1
P,5738,842,849,-21,-1,1
P,5780,843,850,-19,0,1
P,5822,843,849,-18,0,1
P,5864,844,851,-17,0,1
P,5906,848,853,-13,0,1
P,5948,854,854,-4,0,1
P,5990,859,859,2,-1,1
P,6032,866,864,6,0,1
P,6073,873,868,11,-1,1
P,6115,880,874,17,0,1
P,6157,888,879,23,-1,1
P,6199,896,882,30,0,0
P,6241,904,890,38,-1,0
P,6283,913,895,47,-1,0
P,6325,922,902,55,0,0
P,6367,933,908,64,0,0
P,6409,942,915,72,0,0
P,6451,951,923,79,0,0
P,6493,962,929,86,0,0
P,6535,972,937,93,0,0
P,6577,984,944,101,0,0
P,6619,994,952,110,0,0
P,6661,1004,958,119,0,0
P,6703,1015,965,128,0,0
P,6745,1025,971,139,0,0
P,6786,1035,977,149,0,0
P,6828,1045,982,159,0,0
P,6870,1053,988,170,0,0
P,6911,1061,993,180,0,0
P,6953,1070,997,189,0,0
P,6995,1078,1003,199,0,0
P,7036,1085,1007,207,0,0
P,7078,1091,1011,214,0,0
P,7120,1097,1016,220,0,0
P,7161,1102,1020,226,0,0
P,7203,1108,1023,233,0,0
P,7245,1113,1027,241,0,0
P,7286,1119,1028,250,0,0
P,7328,1124,1030,260,0,0
P,7370,1129,1031,272,0,0
P,7411,1134,1031,283,0,0
P,7453,1140,1032,294,0,1
P,7495,1145,1033,304,0,0
P,7537,1149,1033,313,0,1
P,7579,1153,1037,320,0,0
P,7621,1159,1041,325,0,0
P,7663,1166,1046,330,-1,0
P,7705,1173,1051,335,0,1
P,7747,1179,1055,340,0,1
P,7789,1187,1060,345,0,0
P,7831,1194,1064,351,0,1
P,7873,1202,1068,358,-1,1
P,7915,1208,1074,364,0,1
P,7957,1215,1078,370,0,1
P,7999,1224,1084,376,0,1
P,8041,1230,1088,381,-1,1
P,8083,1237,1094,386,-1,1
P,8125,1244,1098,392,0,1
P,8167,1250,1102,397,0,1
P,8209,1257,1107,402,-1,1
P,8251,1261,1110,408,-1,1
P,8292,1267,1114,412,0,1
P,8334,1272,1118,417,0,1
P,8376,1278,1121,423,0,1
P,8418,1283,1124,429,-1,1
P,8460,1289,1127,434,-1,1
P,8501,1292,1130,437,0,1
P,8543,1296,1132,440,0,1
P,8585,1298,1134,440,0,1
P,8707,1298,1134,439,1,1
P,8749,1298,1134,438,3,1
P,8911,1298,1134,439,2,1
P,8993,1298,1134,439,1,1
P,9115,1298,1134,439,2,1
P,9396,1298,1134,439,1,1
P,9438,1298,1134,439,2,1
P,9560,1297,1135,435,3,1
P,9602,1297,1136,428,3,1
P,9644,1295,1137,419,2,1
P,9686,1293,1139,407,2,1
P,9728,1292,1142,392,2,1
P,9770,1292,1147,378,2,1
P,9812,1291,1150,365,2,1
P,9854,1290,1154,351,2,1
P,9896,1289,1158,337,2,1
P,9938,1288,1163,321,2,1
P,9980,1287,1166,305,2,1
P,10022,1287,1171,289,2,1
P,10064,1286,1175,274,2,1
P,10106,1286,1180,260,2,1
P,10148,1286,1184,245,2,1
P,10190,1286,1188,229,2,1
P,10232,1286,1193,214,3,1
P,10274,1286,1198,197,2,1
P,10316,1286,1203,180,2,1
P,10358,1286,1209,161,2,1
P,10400,1286,1214,141,3,1
P,10442,1286,1220,121,2,1
P,10483,1286,1224,102,2,1
P,10525,1286,1227,84,2,1
P,10567,1286,1231,68,1,1
P,10609,1286,1235,54,2,1
P,10651,1286,1237,41,2,1
P,10693,1286,1240,28,1,0
P,10735,1286,1241,15,1,1
P,10777,1286,1244,0,1,0
P,10819,1286,1249,-17,1,1
P,10861,1286,1254,-38,1,0
P,10903,1286,1258,-60,1,0
P,10945,1286,1262,-80,1,1
P,10987,1286,1268,-100,1,0
P,11029,1286,1273,-120,1,0
P,11071,1286,1278,-137,1,0
P,11113,1286,1282,-153,1,0
P,11155,1286,1286,-169,1,0
P,11197,1286,1291,-184,1,0
P,11239,1286,1295,-201,1,0
P,11281,1286,1299,-218,1,0
P,11323,1286,1303,-234,1,0
P,11365,1286,1307,-249,2,0
P,11407,1286,1312,-263,1,0
P,11449,1286,1314,-276,2,0
P,11491,1286,1318,-288,2,0
P,11533,1286,1322,-300,2,0
P,11574,1286,1325,-313,2,0
P,11616,1286,1329,-325,3,0
P,11658,1286,1332,-337,2,0
P,11700,1286,1336,-349,2,0
P,11742,1286,1339,-360,3,0
P,11783,1286,1343,-370,3,0
P,11824,1286,1346,-377,2,0
P,11866,1286,1349,-385,3,0
P,11908,1286,1351,-390,3,0
P,11950,1287,1354,-397,3,0
P,11992,1287,1356,-400,2,0
P,12034,1287,1357,-405,2,0
P,12076,1287,1358,-406,3,0
P,12118,1288,1359,-408,2,0
P,12320,1288,1359,-408,1,0
P,12402,1288,1358,-408,1,0
P,12443,1288,1358,-408,0,0
P,12485,1287,1358,-408,0,0
P,12807,1288,1358,-406,0,0
● 動き 1 : 進んだ 720 mm / 向き -40.6 ° / 左アーム 0 ° / 右アーム -1 °
The program was stopped (SystemExit).

==================================================
終了コード: 0
終了日時  : 2026-10-08 13:28:21
実行時間  : 20.6 秒
接続〜初期化完了: 6.2 秒（ハブを探す・つなぐ・送る・ジャイロの待ち。本番は試合の前に 1 回だけ）
走行: 測れず（「# 走行完了！」の行が無い。途中で止まった？）
