=== 実行ログ ===
スクリプト: teach_record.py
実行日時 : 2026-10-02 20:56:37
ハブ     : --name Pybricks Hub3
==================================================

Searching for Pybricks Hub3...

  0%|          | 0.00/7.12k [00:00<?, ?B/s]
 14%|█▍        | 1.01k/7.12k [00:00<00:00, 9.28kB/s]
 28%|██▊       | 2.03k/7.12k [00:00<00:00, 9.28kB/s]
 43%|████▎     | 3.04k/7.12k [00:00<00:00, 9.26kB/s]
 57%|█████▋    | 4.06k/7.12k [00:00<00:00, 9.20kB/s]
 71%|███████   | 5.07k/7.12k [00:00<00:00, 9.22kB/s]
 85%|████████▌ | 6.08k/7.12k [00:00<00:00, 8.27kB/s]
100%|█████████▉| 7.10k/7.12k [00:01<00:00, 4.50kB/s]
100%|██████████| 7.12k/7.12k [00:01<00:00, 5.63kB/s]
=== ロボット初期化開始 ===
★ 走行設定: new （new＝今年の値 / old＝昨年の速度・加速度・PID）
✓ 機体の校正表: Pybricks Hub3 {'heading_correction': 360.1, 'wheel': 62.32, 'axle': 114.48}
✓ ハブ設定完了
✓ モーター設定完了
✓ デフォルト設定適用: 直進={'straight_acceleration': 800, 'straight_speed': 550}, 回転={'turn_acceleration': 313, 'turn_rate': 250}
✓ ロボットパラメータ設定完了
✓ PID制御設定完了（Pybricks の既定値を使用）
✓ ジャイロの待ち完了: 2000 ms（止まったまま 2000 ms）
✓ センサー初期化完了
✓ モーター角度リセット完了: 全モーター=0°
=== ロボット初期化完了 ===
# teach: wheel=62.32 axle=114.48 hub=Pybricks Hub3
# 列: P,ms,左タイヤ(度),右タイヤ(度),向き(0.1度),左アーム(度),右アーム(度)
● 記録スタート: 手で押して動かしてね。1 つの動きごとに手を止める（ピッと鳴る）
● 終わったら、ハブの真ん中のボタンで止める
P,0,0,0,0,0,0
P,1002,0,0,0,0,0
P,2004,0,0,0,0,0
P,3006,0,0,0,0,0
P,4008,0,0,0,0,0
P,4050,1,0,0,0,0
P,4092,1,1,0,0,0
P,4134,2,3,0,0,0
P,4175,4,4,0,0,0
P,4217,5,6,0,0,0
P,4259,5,7,0,0,0
P,4301,6,7,0,0,0
P,4423,6,8,0,0,0
P,4464,7,8,1,0,0
P,4505,7,9,1,0,0
P,4547,8,9,1,0,0
P,4709,8,10,0,0,0
P,4750,8,14,-2,0,0
P,4792,15,19,-5,0,0
P,4834,21,26,-4,0,0
P,4876,29,34,-3,0,0
P,4918,40,42,-1,0,0
P,4959,49,52,0,0,-1
P,5001,58,60,1,0,-1
P,5043,68,67,1,0,-1
P,5084,76,76,1,0,0
P,5126,83,83,1,0,-1
P,5168,92,89,0,0,0
P,5209,98,97,0,0,-1
P,5251,106,104,-2,0,0
P,5293,113,111,-3,0,0
P,5335,121,120,-3,0,0
P,5377,130,128,-3,0,0
P,5419,139,137,-2,0,0
P,5461,147,146,-1,0,0
P,5503,156,155,-1,0,0
P,5545,164,165,-1,0,0
P,5587,173,175,0,0,0
P,5629,182,185,0,0,0
P,5671,191,195,0,0,0
P,5713,201,205,0,0,0
P,5755,210,215,0,0,0
P,5797,221,224,0,0,0
P,5839,230,234,0,0,0
P,5880,240,240,0,0,0
P,5921,249,250,0,0,0
P,5963,258,258,0,0,0
P,6005,268,267,0,0,0
P,6047,278,276,0,0,0
P,6089,287,285,1,0,0
P,6130,296,294,1,0,0
P,6171,306,304,1,0,0
P,6213,316,314,1,0,0
P,6255,325,325,1,0,0
P,6297,336,336,1,0,0
P,6339,345,347,0,0,0
P,6380,354,357,0,0,0
P,6421,363,367,0,0,0
P,6463,372,376,0,0,0
P,6505,381,387,0,0,-1
P,6547,391,395,-1,0,-1
P,6589,399,405,-2,0,0
P,6630,407,412,-2,0,0
P,6671,414,419,-3,0,0
P,6713,423,426,-3,0,-1
P,6755,431,435,-3,0,-1
P,6797,439,441,-4,0,-1
P,6839,446,448,-4,0,-1
P,6880,453,455,-5,0,-1
P,6922,461,462,-5,0,-1
P,6964,469,471,-6,0,-1
P,7005,477,479,-6,0,-1
P,7047,486,487,-6,0,-1
P,7089,494,496,-7,0,-1
P,7131,503,506,-8,0,-1
P,7173,512,515,-9,0,0
P,7215,521,527,-10,0,-1
P,7257,531,538,-10,0,-1
P,7299,539,549,-10,0,0
P,7341,548,558,-10,0,-1
P,7383,558,567,-9,0,0
P,7425,567,578,-8,0,0
P,7467,577,586,-7,0,0
P,7509,586,595,-7,0,0
P,7551,595,601,-7,0,0
P,7593,605,611,-7,0,0
P,7635,614,619,-7,0,0
P,7677,623,627,-6,0,0
P,7719,632,636,-5,0,0
P,7761,640,644,-5,0,0
P,7803,651,652,-4,0,0
P,7845,659,662,-4,0,0
P,7887,669,671,-3,0,0
P,7929,677,681,-3,0,-1
P,7971,685,690,-3,0,-1
P,8013,695,699,-3,0,-1
P,8055,702,710,-4,0,-1
P,8097,712,718,-3,0,-1
P,8139,720,727,-3,0,-1
P,8181,728,738,-3,0,-1
P,8223,738,747,-4,0,-1
P,8265,746,757,-4,0,-1
P,8307,756,766,-4,0,-1
P,8349,766,775,-5,0,-1
P,8391,774,784,-5,0,-1
P,8433,785,793,-5,0,-1
P,8475,794,803,-6,0,-1
P,8517,804,811,-7,0,-1
P,8559,813,821,-8,0,-1
P,8601,823,830,-9,0,-1
P,8643,833,839,-10,0,-1
P,8685,842,849,-10,0,-1
P,8727,852,858,-11,0,-1
P,8769,861,869,-12,0,-1
P,8810,869,878,-13,0,-1
P,8852,879,888,-14,0,-1
P,8894,887,900,-15,0,-1
P,8935,895,910,-15,0,-1
P,8977,904,919,-15,0,-1
P,9019,913,930,-15,0,-1
P,9060,922,939,-14,0,0
P,9102,932,947,-13,0,0
P,9144,941,956,-13,0,-1
P,9185,950,963,-13,0,-1
P,9227,961,973,-12,0,0
P,9269,970,982,-12,0,-1
P,9310,980,991,-12,0,-1
P,9352,990,999,-12,0,-1
P,9394,999,1008,-11,0,0
P,9435,1008,1017,-10,0,-1
P,9477,1018,1025,-10,0,-1
P,9519,1027,1035,-10,0,-1
P,9560,1036,1045,-10,0,-1
P,9602,1044,1055,-11,0,-1
P,9644,1053,1066,-12,0,-1
P,9685,1062,1076,-12,0,-1
P,9727,1071,1085,-13,0,-1
P,9769,1080,1096,-14,0,-1
P,9810,1088,1106,-15,0,-1
P,9852,1098,1115,-16,0,-1
P,9894,1106,1125,-17,0,-1
P,9935,1115,1133,-18,0,-1
P,9977,1125,1141,-17,0,-1
P,10019,1134,1151,-17,0,-1
P,10060,1143,1159,-16,0,-1
P,10102,1154,1168,-16,0,-1
P,10144,1163,1176,-16,0,-1
P,10186,1172,1185,-16,0,-1
P,10228,1181,1193,-17,0,-1
P,10270,1189,1201,-18,0,-1
P,10312,1197,1210,-19,0,-1
P,10354,1205,1218,-19,0,-1
P,10396,1212,1226,-19,0,-1
P,10438,1221,1233,-18,0,-1
P,10480,1227,1242,-18,0,-1
P,10522,1234,1249,-19,0,-1
P,10564,1240,1257,-20,0,-1
P,10606,1246,1264,-20,0,-1
P,10648,1253,1271,-20,0,-1
P,10690,1259,1280,-20,0,-1
P,10732,1266,1286,-19,0,-1
P,10774,1272,1293,-19,0,-1
P,10816,1278,1300,-20,0,-1
P,10858,1285,1305,-19,0,-1
P,10900,1289,1310,-18,0,-1
P,10941,1295,1315,-17,0,-1
P,10983,1301,1320,-16,0,-1
P,11025,1306,1323,-16,0,-1
P,11067,1312,1329,-16,0,-1
P,11109,1317,1334,-16,0,-1
P,11150,1322,1338,-16,0,0
P,11191,1325,1341,-16,0,-1
P,11233,1329,1345,-16,0,-1
P,11275,1333,1348,-16,0,-1
P,11317,1336,1352,-17,0,-1
P,11359,1339,1355,-18,0,-1
P,11400,1341,1357,-18,0,-1
P,11441,1343,1358,-17,0,-1
P,11523,1343,1358,-17,0,0
P,11565,1343,1358,-17,0,-1
P,11687,1343,1358,-17,0,0
P,11729,1342,1357,-17,0,-1
P,11771,1342,1356,-18,0,0
P,11813,1342,1356,-18,0,-1
P,11855,1341,1356,-18,0,-1
P,11937,1342,1357,-18,0,-1
P,12059,1342,1356,-18,0,0
P,12100,1342,1357,-18,0,-1
P,12182,1341,1356,-18,0,-1
P,12224,1341,1357,-18,0,-1
P,12266,1341,1356,-18,0,-1
P,12308,1342,1356,-18,0,-1
P,12350,1342,1357,-18,0,-1
P,12392,1342,1356,-18,0,-1
P,12434,1342,1357,-18,0,0
P,12476,1342,1357,-18,0,-1
P,12518,1342,1356,-18,0,-1
P,12560,1342,1357,-18,0,-1
P,12602,1342,1356,-18,0,-1
P,12684,1342,1357,-18,0,-1
P,12766,1342,1356,-18,0,-1
P,12808,1342,1357,-18,0,-1
P,12850,1342,1356,-18,0,-1
P,12972,1342,1356,-18,0,0
P,13014,1342,1356,-18,0,-1
P,13096,1342,1357,-18,0,-1
P,13178,1342,1356,-18,0,-1
P,13220,1342,1357,-18,0,-1
P,13262,1342,1356,-18,0,-1
P,13504,1342,1357,-18,0,-1
P,13546,1342,1356,-18,0,-1
P,13588,1342,1357,-18,0,-1
P,13670,1341,1356,-18,0,-1
P,13712,1341,1357,-18,0,-1
P,13754,1341,1356,-18,0,-1
P,13795,1342,1356,-18,0,-1
P,13877,1342,1357,-18,0,0
P,13919,1342,1357,-18,0,-1
P,13960,1342,1356,-18,0,-1
P,14002,1342,1356,-18,0,0
P,14044,1342,1356,-18,0,-1
P,14085,1342,1357,-18,0,-1
P,14126,1342,1356,-18,0,-1
P,14168,1342,1356,-18,0,0
P,14210,1342,1357,-18,0,-1
P,14292,1342,1356,-18,0,0
P,14334,1342,1356,-18,0,-1
P,14375,1342,1357,-18,0,-1
P,14417,1342,1356,-18,0,-1
P,14539,1342,1357,-18,0,-1
P,14620,1342,1356,-18,0,-1
P,14662,1342,1357,-18,0,-1
P,14704,1342,1356,-18,0,0
P,14746,1342,1356,-18,0,-1
P,14828,1342,1357,-18,0,-1
P,14870,1341,1356,-18,0,-1
P,14911,1342,1356,-18,0,-1
P,14953,1342,1357,-18,0,-1
P,14995,1342,1356,-18,0,-1
P,15037,1342,1357,-18,0,-1
P,15119,1342,1356,-18,0,-1
P,15200,1342,1357,-18,0,-1
P,15281,1342,1356,-18,0,-1
P,15363,1341,1357,-18,0,-1
P,15485,1342,1356,-18,0,0
P,15526,1342,1357,-18,0,-1
P,15768,1342,1356,-18,0,-1
P,15810,1341,1357,-18,0,0
P,15851,1341,1357,-18,0,-1
P,15893,1341,1356,-18,0,-1
P,16015,1341,1356,-18,0,0
P,16056,1341,1357,-18,0,-1
P,16098,1342,1356,-18,0,-1
P,16260,1342,1356,-18,0,0
P,16301,1342,1357,-18,0,-1
P,16383,1342,1356,-18,0,-1
P,16505,1342,1356,-18,0,0
P,16547,1342,1357,-18,0,-1
P,16629,1341,1356,-18,0,-1
P,16671,1341,1357,-18,0,-1
P,16793,1341,1356,-18,0,-1
P,16915,1341,1357,-18,0,-1
P,16957,1342,1356,-18,0,-1
P,17039,1342,1357,-18,0,-1
P,17081,1342,1356,-18,0,-1
P,17123,1342,1357,-18,0,-1
P,17165,1342,1356,-18,0,-1
P,17207,1342,1357,-18,0,-1
P,17249,1342,1356,-18,0,-1
P,17291,1342,1357,-18,0,-1
P,17333,1342,1356,-18,0,-1
P,17375,1342,1357,-18,0,-1
P,17457,1342,1356,-18,0,-1
P,17499,1342,1357,-18,0,-1
P,17541,1342,1356,-18,0,-1
P,17583,1342,1357,-18,0,-1
P,17705,1342,1356,-18,0,-1
P,17747,1342,1357,-18,0,-1
P,17789,1342,1356,-18,0,-1
P,17831,1342,1357,-18,0,-1
P,17952,1341,1356,-18,0,-1
P,17994,1341,1357,-18,0,0
P,18036,1341,1356,-18,0,-1
P,18078,1342,1357,-18,0,-1
P,18120,1342,1356,-18,0,0
P,18202,1342,1356,-18,0,-1
P,18244,1341,1356,-18,0,-1
P,18286,1341,1357,-18,0,-1
P,18328,1342,1356,-18,0,-1
P,18370,1342,1357,-18,0,0
P,18412,1342,1356,-18,0,-1
P,18454,1342,1357,-18,0,0
P,18495,1342,1356,-18,0,-1
P,18537,1342,1357,-18,0,-1
P,18579,1342,1356,-18,0,-1
P,18620,1342,1356,-18,0,0
P,18662,1342,1357,-18,0,-1
P,18704,1342,1357,-18,0,0
P,18746,1342,1357,-18,0,-1
P,18788,1341,1356,-18,0,-1
P,18830,1342,1357,-18,0,-1
P,18871,1342,1356,-18,0,-1
P,18953,1342,1357,-18,0,-1
P,18995,1341,1356,-18,0,-1
P,19036,1342,1356,-18,0,-1
P,19118,1342,1357,-18,0,-1
P,19160,1342,1356,-18,0,-1
P,19201,1342,1357,-18,0,-1
P,19243,1342,1357,-18,0,0
P,19285,1342,1356,-18,0,-1
P,19406,1341,1357,-18,0,-1
P,19448,1342,1356,-18,0,-1
P,19530,1342,1357,-18,0,-1
P,19571,1342,1357,-18,0,0
P,19613,1342,1357,-18,0,-1
P,19695,1342,1356,-18,0,-1
P,19857,1342,1357,-18,0,-1
P,19899,1342,1356,-18,0,-1
P,19981,1342,1357,-18,0,-1
P,20023,1342,1356,-18,0,-1
P,20065,1342,1357,-18,0,-1
P,20106,1342,1356,-18,0,-1
P,20148,1341,1356,-18,0,-1
P,20230,1341,1357,-18,0,0
P,20271,1341,1357,-18,0,-1
P,20353,1341,1356,-18,0,-1
P,20395,1341,1357,-18,0,-1
P,20476,1342,1356,-18,0,-1
P,20638,1342,1357,-18,0,-1
P,20680,1342,1356,-18,0,-1
P,20761,1342,1357,-18,0,-1
P,20802,1342,1357,-18,0,0
P,20844,1342,1356,-18,0,0
P,20926,1342,1357,-18,0,-1
P,20968,1342,1356,-18,0,-1
P,21050,1342,1357,-18,0,-1
P,21091,1342,1356,-18,0,-1
P,21132,1342,1357,-18,0,-1
P,21174,1342,1356,-18,0,-1
P,21296,1342,1357,-18,0,0
P,21337,1342,1356,-18,0,-1
P,21379,1342,1357,-18,0,-1
P,21421,1342,1356,-18,0,0
P,21503,1342,1357,-18,0,-1
P,21545,1341,1356,-18,0,-1
P,21587,1341,1357,-18,0,-1
P,21669,1341,1356,-18,0,-1
P,21711,1341,1357,-18,0,-1
P,21753,1341,1356,-18,0,-1
P,21795,1342,1356,-18,0,-1
P,21877,1341,1356,-18,0,-1
P,22039,1342,1356,-19,0,-1
P,22081,1342,1357,-19,0,-1
P,22123,1341,1356,-19,0,-1
P,22365,1341,1357,-19,0,-1
P,22407,1342,1356,-19,0,-1
P,22449,1341,1357,-19,0,-1
P,22531,1341,1356,-19,0,-1
P,22573,1341,1357,-19,0,-1
P,22615,1342,1356,-19,0,-1
P,22737,1341,1357,-19,0,-1
P,22778,1341,1356,-19,0,-1
P,22820,1341,1357,-19,0,-1
P,22862,1342,1356,-19,0,-1
P,22903,1342,1357,-19,0,-1
P,23025,1341,1357,-19,0,-1
P,23067,1341,1356,-19,0,-1
P,23109,1341,1357,-19,0,-1
P,23151,1341,1356,-19,0,-1
P,23193,1341,1357,-19,0,0
P,23235,1341,1357,-19,0,-1
P,23317,1341,1356,-19,0,-1
P,23359,1341,1357,-19,0,0
P,23401,1341,1356,-19,0,-1
P,23483,1342,1357,-19,0,-1
P,23605,1342,1356,-19,0,-1
P,23687,1342,1357,-19,0,-1
P,23809,1342,1357,-19,0,0
P,23850,1342,1357,-19,0,-1
P,23932,1342,1356,-19,0,-1
P,24014,1341,1357,-19,0,-1
P,24055,1342,1357,-19,0,-1
P,24097,1342,1356,-19,0,-1
P,24139,1341,1357,-19,0,-1
P,24180,1342,1357,-19,0,-1
P,24222,1341,1356,-19,0,0
P,24264,1341,1356,-19,0,-1
P,24305,1341,1357,-19,0,-1
P,24427,1342,1356,-19,0,0
P,24469,1342,1356,-19,0,-1
P,24551,1341,1356,-19,0,0
P,24593,1341,1356,-19,0,-1
P,24635,1342,1357,-19,0,-1
P,24717,1341,1356,-19,0,-1
P,24759,1341,1357,-19,0,-1
P,24840,1342,1357,-19,0,-1
P,24962,1342,1356,-19,0,-1
P,25004,1341,1356,-19,0,-1
P,25046,1341,1357,-19,0,-1
P,25088,1341,1356,-19,0,0
P,25130,1342,1357,-19,0,-1
P,25212,1342,1356,-19,0,0
P,25254,1341,1356,-19,0,-1
P,25295,1342,1357,-19,0,-1
P,25377,1342,1356,-19,0,-1
P,25499,1342,1357,-19,0,-1
P,25540,1342,1356,-19,0,-1
P,25702,1342,1357,-19,0,-1
P,25784,1341,1356,-19,0,-1
P,25826,1341,1357,-19,0,-1
P,25868,1342,1356,-19,0,-1
P,25910,1342,1356,-19,0,0
P,25951,1342,1357,-19,0,-1
P,25993,1341,1357,-19,0,-1
P,26035,1341,1356,-19,0,-1
P,26157,1341,1357,-19,0,-1
P,26199,1341,1356,-19,0,-1
P,26241,1341,1356,-19,0,0
P,26283,1341,1356,-19,0,-1
P,26365,1341,1357,-19,0,-1
P,26406,1341,1357,-19,0,0
P,26448,1341,1356,-19,0,-1
P,26490,1342,1356,-19,0,-1
P,26532,1341,1356,-19,0,-1
P,26734,1341,1356,-19,0,0
P,26776,1341,1356,-19,0,-1
P,26818,1341,1356,-19,0,0
P,26860,1341,1356,-19,0,-1
P,27022,1341,1356,-19,0,0
P,27064,1341,1356,-19,0,-1
● 動き 1 : 進んだ 733 mm / 向き -1.9 ° / 左アーム 0 ° / 右アーム -1 °
P,27726,1341,1356,-19,0,0
P,27768,1341,1356,-19,0,-1
P,27890,1341,1355,-18,0,-1
P,27972,1341,1354,-16,0,-1
P,28014,1340,1353,-15,0,-1
P,28056,1339,1352,-14,0,-1
P,28098,1337,1350,-12,0,-1
P,28140,1336,1349,-11,0,-1
P,28262,1336,1348,-11,0,-1
P,28304,1336,1349,-11,0,-1
P,28346,1336,1349,-11,0,0
P,28388,1336,1348,-10,0,2
P,28670,1336,1348,-10,2,2
P,28711,1336,1348,-10,1,2
P,28753,1336,1348,-9,0,2
P,28915,1336,1348,-10,-1,2
P,29077,1336,1348,-10,0,2
P,29119,1336,1348,-10,-1,2
P,29160,1336,1348,-10,0,2
P,29202,1336,1348,-10,-1,2
P,29244,1336,1348,-10,0,2
P,29285,1336,1348,-10,-1,2
P,29327,1336,1348,-10,0,2
P,29369,1336,1348,-10,-1,2
P,29451,1336,1349,-10,-1,2
P,29493,1336,1348,-10,-1,2
P,29815,1336,1349,-10,-1,2
P,29856,1336,1348,-10,-1,2
P,30058,1336,1349,-10,-1,2
P,30100,1336,1348,-10,-1,2
P,30221,1336,1349,-10,-1,2
P,30262,1336,1348,-10,-1,2
P,30424,1336,1349,-10,-1,2
P,30465,1336,1348,-10,-1,2
● 動き 2 : 進んだ -4 mm / 向き 0.9 ° / 左アーム -1 ° / 右アーム 3 °
P,31486,1336,1348,-11,-1,2
The program was stopped (SystemExit).

==================================================
終了コード: 0
終了日時  : 2026-10-02 20:57:17
実行時間  : 39.9 秒
