=== 実行ログ ===
スクリプト: teach_record.py
実行日時 : 2026-10-02 20:58:05
ハブ     : --name Pybricks Hub3
==================================================

Searching for Pybricks Hub3...

  0%|          | 0.00/7.12k [00:00<?, ?B/s]
 14%|█▍        | 1.01k/7.12k [00:00<00:00, 8.76kB/s]
 28%|██▊       | 2.03k/7.12k [00:00<00:00, 8.98kB/s]
 43%|████▎     | 3.04k/7.12k [00:00<00:00, 9.09kB/s]
 57%|█████▋    | 4.06k/7.12k [00:00<00:00, 9.16kB/s]
 71%|███████   | 5.07k/7.12k [00:00<00:00, 8.79kB/s]
 85%|████████▌ | 6.08k/7.12k [00:00<00:00, 7.81kB/s]
100%|█████████▉| 7.10k/7.12k [00:01<00:00, 5.03kB/s]
100%|██████████| 7.12k/7.12k [00:01<00:00, 5.89kB/s]
=== ロボット初期化開始 ===
★ 走行設定: new （new＝今年の値 / old＝昨年の速度・加速度・PID）
✓ 機体の校正表: Pybricks Hub3 {'heading_correction': 360.1, 'wheel': 62.32, 'axle': 114.48}
✓ ハブ設定完了
✓ モーター設定完了
✓ デフォルト設定適用: 直進={'straight_acceleration': 800, 'straight_speed': 550}, 回転={'turn_acceleration': 313, 'turn_rate': 250}
✓ ロボットパラメータ設定完了
✓ PID制御設定完了（Pybricks の既定値を使用）
✓ ジャイロの待ち完了: 2000 ms（止まったまま 2000 ms）
✓ センサー初期化完了
✓ モーター角度リセット完了: 全モーター=0°
=== ロボット初期化完了 ===
# teach: wheel=62.32 axle=114.48 hub=Pybricks Hub3
# 列: P,ms,左タイヤ(度),右タイヤ(度),向き(0.1度),左アーム(度),右アーム(度)
● 記録スタート: 手で押して動かしてね。1 つの動きごとに手を止める（ピッと鳴る）
● 終わったら、ハブの真ん中のボタンで止める
P,0,0,0,0,0,0
P,482,-1,0,0,0,0
P,604,0,0,0,0,0
P,686,-1,0,0,0,0
P,728,0,0,0,0,0
P,1130,-1,0,0,0,0
P,1251,0,0,0,0,0
● 動き 1 : 進んだ 0 mm / 向き 0.0 ° / 左アーム 0 ° / 右アーム 0 °
P,2274,0,0,0,0,0
P,2836,-1,0,0,0,0
P,3077,0,1,-1,0,0
P,3119,0,0,-1,0,0
P,3321,0,0,0,1,0
P,3442,1,0,0,1,0
P,3484,1,1,1,2,0
P,3526,1,2,1,2,0
P,3567,2,3,0,2,0
P,3609,3,4,0,2,0
P,3651,4,6,-3,1,0
P,3693,6,8,-5,1,0
P,3735,8,11,-8,1,0
P,3777,10,14,-11,2,0
P,3819,12,17,-16,2,0
P,3861,16,21,-15,1,0
P,3902,21,26,-14,1,0
P,3944,27,31,-14,1,0
P,3986,33,37,-16,1,0
P,4027,39,44,-17,1,0
P,4069,46,52,-18,1,0
P,4111,54,60,-18,1,0
P,4152,61,67,-18,1,0
P,4194,69,77,-17,0,0
P,4236,76,85,-16,0,0
P,4278,84,93,-15,0,0
P,4320,93,102,-13,0,0
P,4362,101,111,-11,0,0
P,4404,110,119,-8,0,0
P,4446,117,126,-7,0,0
P,4487,126,134,-4,0,0
P,4529,135,142,-2,0,0
P,4571,143,149,0,0,0
P,4612,152,156,0,0,0
P,4654,159,165,1,0,-1
P,4696,170,172,2,0,-1
P,4737,178,180,3,0,0
P,4779,187,189,3,0,0
P,4821,197,197,2,0,-1
P,4862,206,206,2,0,-1
P,4904,215,216,1,0,0
P,4946,226,226,0,0,0
P,4988,236,237,0,0,0
P,5030,248,249,0,0,0
P,5072,257,261,1,0,0
P,5114,267,273,2,0,0
P,5156,279,285,4,0,0
P,5198,289,297,5,0,0
P,5240,300,308,5,0,0
P,5282,311,318,5,0,0
P,5324,322,327,5,0,0
P,5366,334,339,6,0,0
P,5408,344,347,8,0,0
P,5450,355,357,10,0,0
P,5492,364,365,13,0,0
P,5534,374,373,16,0,0
P,5576,384,380,21,0,0
P,5618,392,387,25,0,0
P,5660,401,393,30,0,0
P,5701,408,400,34,0,0
P,5743,416,407,37,0,0
P,5785,423,413,39,0,0
P,5826,429,420,41,0,0
P,5868,435,426,42,0,0
P,5910,442,433,43,0,0
P,5952,447,439,44,0,0
P,5994,453,446,45,0,-1
P,6036,461,453,48,0,-1
P,6078,468,460,51,0,0
P,6120,477,468,55,0,-1
P,6162,485,475,58,0,-1
P,6204,494,483,61,0,-1
P,6246,504,492,63,0,-1
P,6288,513,500,64,0,-1
P,6330,524,509,67,0,-1
P,6371,534,518,70,0,-1
P,6413,544,527,74,0,-1
P,6455,557,536,79,0,-1
P,6496,568,545,85,0,-1
P,6538,579,553,91,0,-1
P,6580,590,563,97,0,-1
P,6622,602,571,103,0,-1
P,6664,612,580,109,0,-1
P,6706,623,589,114,0,-1
P,6748,632,599,119,0,-1
P,6790,641,608,123,0,-1
P,6832,652,618,127,0,0
P,6874,663,629,130,0,0
P,6916,675,640,132,0,0
P,6958,686,651,132,0,0
P,7000,696,663,132,0,0
P,7042,708,672,133,0,0
P,7084,718,683,133,0,0
P,7126,729,691,133,0,0
P,7168,739,702,134,0,0
P,7210,748,710,135,0,0
P,7252,758,719,139,0,0
P,7294,768,728,144,0,0
P,7336,777,735,149,0,0
P,7377,785,741,153,0,0
P,7419,791,747,157,0,0
P,7461,798,752,161,0,0
P,7502,804,756,166,0,0
P,7544,809,761,170,0,0
P,7586,816,766,174,0,0
P,7627,822,772,178,0,0
P,7669,830,779,184,0,0
P,7711,839,785,191,0,-1
P,7753,848,793,198,0,0
P,7795,859,802,207,0,-1
P,7837,873,812,215,0,-1
P,7879,887,825,223,0,-1
P,7921,902,835,230,0,-1
P,7963,915,847,236,0,-1
P,8005,927,857,242,0,-1
P,8047,939,866,248,0,-1
P,8089,950,876,252,0,-1
P,8131,961,885,256,0,-1
P,8172,970,893,260,0,-1
P,8214,977,901,264,0,-1
P,8256,985,906,267,0,-1
P,8298,991,912,270,0,-1
P,8340,996,916,273,0,-1
P,8382,1002,921,274,0,-1
P,8424,1008,926,273,0,-1
P,8466,1014,933,272,0,-1
P,8508,1019,939,270,0,-1
P,8550,1025,945,269,0,0
P,8592,1033,953,268,0,0
P,8634,1040,961,267,0,-1
P,8676,1046,968,266,0,0
P,8718,1054,976,265,0,0
P,8760,1060,983,264,0,0
P,8802,1066,989,264,0,0
P,8843,1071,995,264,0,0
P,8885,1075,1001,263,0,0
P,8927,1080,1006,261,0,0
P,8969,1084,1012,260,0,0
P,9011,1090,1017,260,0,0
P,9053,1095,1023,259,0,0
P,9095,1100,1028,259,0,0
P,9137,1105,1032,259,0,0
P,9179,1110,1037,260,0,0
P,9221,1115,1042,260,0,0
P,9263,1120,1047,261,0,0
P,9304,1123,1049,262,0,0
P,9346,1127,1054,262,0,0
P,9388,1131,1058,262,0,0
P,9430,1134,1061,260,0,0
P,9472,1135,1063,259,0,0
P,9513,1136,1064,258,0,0
P,9555,1137,1064,257,0,0
P,9997,1136,1064,257,0,0
P,10038,1136,1064,257,1,0
P,10120,1136,1064,257,0,0
P,10162,1136,1064,257,1,0
P,10244,1136,1064,257,1,-1
P,10286,1136,1064,257,1,0
P,10408,1137,1065,256,1,0
P,10529,1137,1066,255,1,0
P,10571,1138,1066,256,1,0
P,10613,1139,1066,256,1,0
P,10815,1139,1067,256,1,-1
P,10937,1139,1067,256,1,0
P,10979,1139,1067,256,1,-1
P,11021,1139,1067,256,1,0
P,11063,1139,1067,256,1,-1
P,11105,1139,1068,256,1,-1
P,11147,1141,1070,253,1,-1
P,11188,1145,1074,254,1,0
P,11229,1151,1080,258,1,0
P,11270,1157,1086,258,1,0
P,11312,1163,1092,261,1,0
P,11354,1169,1097,263,1,0
P,11396,1173,1100,264,1,0
P,11438,1175,1103,264,0,0
P,11519,1175,1103,264,1,0
P,11641,1175,1103,263,0,0
P,11683,1175,1103,263,1,0
P,11764,1174,1103,255,1,0
P,11806,1172,1104,247,0,0
P,11848,1168,1104,235,0,0
P,11889,1166,1104,226,0,0
P,11931,1165,1105,225,0,-1
P,11973,1165,1105,224,0,0
P,12015,1165,1105,224,1,0
P,12057,1165,1105,223,0,0
P,12139,1165,1105,217,0,0
P,12181,1165,1106,214,0,0
P,12223,1165,1110,204,1,0
P,12265,1165,1114,193,1,0
P,12307,1165,1119,180,1,0
P,12349,1165,1125,164,1,0
P,12391,1165,1130,150,1,0
P,12433,1165,1135,137,1,-1
P,12475,1165,1140,125,1,-1
P,12517,1165,1144,112,1,-1
P,12559,1165,1148,99,1,-1
P,12601,1165,1153,87,1,-1
P,12643,1165,1157,75,1,-1
P,12685,1165,1161,62,1,-1
P,12727,1165,1166,49,1,-1
P,12769,1165,1171,35,1,-1
P,12811,1165,1175,23,1,-1
P,12853,1164,1179,12,1,-1
P,12894,1164,1183,0,1,-1
P,12935,1164,1189,-16,1,-1
P,12976,1164,1194,-34,1,-1
P,13018,1164,1201,-51,1,-1
P,13060,1164,1205,-66,1,-1
P,13102,1164,1210,-79,1,-1
P,13144,1164,1214,-91,1,-1
P,13185,1164,1218,-104,1,-1
P,13226,1164,1222,-117,1,-1
P,13268,1164,1227,-130,1,-1
P,13310,1164,1231,-143,1,-1
P,13352,1164,1235,-157,1,-1
P,13394,1164,1239,-169,1,-1
P,13436,1164,1242,-180,1,-1
P,13478,1164,1246,-189,1,-1
P,13520,1164,1249,-199,1,0
P,13562,1164,1251,-208,1,0
P,13604,1164,1254,-218,1,0
P,13646,1164,1258,-230,1,0
P,13688,1164,1262,-241,1,0
P,13730,1164,1265,-252,1,0
P,13772,1164,1270,-262,1,0
P,13814,1164,1273,-273,1,0
P,13856,1164,1276,-283,1,0
P,13898,1164,1279,-294,1,0
P,13940,1164,1283,-305,1,0
P,13982,1164,1286,-316,1,0
P,14024,1164,1289,-325,1,0
P,14066,1164,1292,-333,1,0
P,14108,1164,1294,-340,1,0
P,14150,1164,1296,-346,1,0
P,14192,1164,1298,-351,1,0
P,14234,1164,1298,-356,1,0
P,14276,1164,1301,-364,1,0
P,14317,1164,1303,-371,1,0
P,14359,1164,1306,-379,1,0
P,14401,1164,1309,-386,1,0
P,14443,1164,1311,-393,1,0
P,14485,1164,1313,-398,1,0
P,14527,1164,1315,-401,1,0
P,14649,1165,1315,-399,1,0
P,14731,1165,1315,-395,1,-1
P,14773,1166,1315,-394,1,-1
● 動き 2 : 進んだ 675 mm / 向き -39.3 ° / 左アーム 1 ° / 右アーム -1 °
P,15395,1168,1315,-390,1,-1
P,15437,1168,1316,-389,1,-1
P,15479,1169,1316,-388,1,-1
P,15521,1170,1316,-386,1,-1
P,15562,1171,1317,-385,1,-1
P,15604,1172,1318,-384,1,0
P,15646,1172,1318,-384,1,-1
P,15808,1173,1319,-382,1,-1
P,15850,1174,1319,-381,1,-1
P,15892,1174,1320,-380,1,-1
P,15933,1175,1320,-379,1,-1
P,15975,1176,1320,-379,1,0
P,16017,1176,1324,-383,1,0
P,16058,1178,1329,-391,1,0
P,16100,1182,1334,-396,1,-1
P,16142,1187,1342,-398,1,0
P,16184,1193,1350,-402,1,0
P,16226,1199,1359,-405,1,0
P,16267,1206,1367,-407,1,0
P,16308,1212,1375,-410,1,0
P,16350,1220,1383,-413,1,0
P,16392,1226,1391,-415,1,0
P,16433,1233,1398,-415,1,0
P,16475,1241,1404,-415,1,0
P,16517,1248,1410,-414,1,0
P,16558,1254,1417,-414,1,0
P,16600,1262,1422,-413,1,0
P,16642,1268,1429,-414,1,0
P,16684,1273,1435,-416,1,0
P,16726,1279,1442,-419,1,0
P,16767,1284,1447,-421,1,0
P,16808,1288,1452,-423,1,0
P,16850,1293,1457,-424,1,0
P,16892,1298,1462,-425,1,0
P,16933,1302,1467,-426,1,0
P,16975,1306,1471,-427,1,0
P,17017,1311,1476,-427,1,0
P,17058,1315,1480,-426,1,0
P,17100,1319,1483,-425,1,0
P,17142,1324,1488,-424,1,0
P,17184,1327,1491,-423,1,0
P,17226,1332,1496,-424,1,0
P,17267,1335,1501,-424,1,0
P,17308,1339,1505,-425,1,0
P,17350,1343,1509,-425,1,0
P,17392,1348,1515,-427,1,0
P,17434,1351,1520,-428,1,-1
P,17476,1355,1525,-430,1,-1
P,17517,1360,1530,-432,1,-1
P,17559,1363,1535,-433,1,-1
P,17601,1368,1540,-434,1,-1
P,17642,1372,1545,-435,1,-1
P,17684,1375,1550,-437,1,-1
P,17726,1379,1553,-437,1,-1
P,17768,1383,1557,-437,1,-1
P,17810,1388,1561,-437,1,-1
P,17852,1393,1566,-436,1,-1
P,17894,1398,1570,-436,1,-1
P,17936,1402,1575,-437,1,-1
P,17978,1406,1579,-437,1,-1
P,18019,1411,1584,-438,1,-1
P,18061,1416,1588,-439,1,-1
P,18103,1420,1592,-439,1,-1
P,18144,1424,1595,-439,1,-1
P,18186,1427,1599,-439,1,-1
P,18228,1429,1601,-439,1,-1
P,18269,1432,1603,-439,1,-1
P,18311,1433,1603,-437,1,-1
P,18353,1434,1604,-437,1,-1
P,18635,1434,1604,-436,1,-2
P,18677,1434,1604,-436,0,-2
P,18718,1434,1604,-437,0,-1
P,18759,1433,1604,-437,0,-1
P,18801,1432,1603,-437,0,-1
P,18923,1432,1603,-437,1,-1
P,19165,1432,1603,-437,0,-1
P,19327,1432,1603,-437,1,-1
P,19449,1432,1603,-437,0,-1
P,19531,1432,1603,-437,1,-1
P,19613,1432,1603,-437,0,-1
P,19655,1432,1603,-437,1,-1
P,19737,1432,1603,-437,0,-1
P,19819,1432,1603,-437,1,-1
P,19941,1432,1603,-437,0,-1
P,20143,1432,1603,-437,1,-1
P,20185,1432,1603,-437,0,-1
P,20227,1432,1603,-437,1,-1
P,20309,1432,1603,-437,0,-1
P,20351,1432,1603,-437,1,-1
The program was stopped (SystemExit).

==================================================
終了コード: 0
終了日時  : 2026-10-02 20:58:32
実行時間  : 27.2 秒
