=== 実行ログ ===
スクリプト: teach_record.py
実行日時 : 2026-10-10 19:32:02
ハブ     : --name Pybricks Hub3
==================================================

Searching for Pybricks Hub3...

  0%|          | 0.00/7.12k [00:00<?, ?B/s]
 14%|█▍        | 1.01k/7.12k [00:00<00:00, 8.90kB/s]
 28%|██▊       | 2.03k/7.12k [00:00<00:00, 8.48kB/s]
 43%|████▎     | 3.04k/7.12k [00:00<00:00, 8.77kB/s]
 57%|█████▋    | 4.06k/7.12k [00:00<00:00, 8.94kB/s]
 71%|███████   | 5.07k/7.12k [00:00<00:00, 8.15kB/s]
 85%|████████▌ | 6.08k/7.12k [00:00<00:00, 5.05kB/s]
100%|█████████▉| 7.10k/7.12k [00:01<00:00, 4.06kB/s]
100%|██████████| 7.12k/7.12k [00:01<00:00, 4.97kB/s]
=== ロボット初期化開始 ===
★ 走行設定: new （new＝今年の値 / old＝昨年の速度・加速度・PID）
✓ 機体の校正表: Pybricks Hub3 {'heading_correction': 360.1, 'wheel': 62.32, 'axle': 114.48}
✓ ハブ設定完了
✓ モーター設定完了
✓ デフォルト設定適用: 直進={'straight_acceleration': 800, 'straight_speed': 550}, 回転={'turn_acceleration': 313, 'turn_rate': 250}
✓ ロボットパラメータ設定完了
✓ PID制御設定完了（Pybricks の既定値を使用）
✓ ジャイロの待ち完了: 2200 ms（止まったまま 2000 ms）
✓ センサー初期化完了
✓ モーター角度リセット完了: 全モーター=0°
=== ロボット初期化完了 ===
# teach: wheel=62.32 axle=114.48 hub=Pybricks Hub3
# 列: P,ms,左タイヤ(度),右タイヤ(度),向き(0.1度),左アーム(度),右アーム(度)
● 記録スタート: 手で押して動かしてね。1 つの動きごとに手を止める（ピッと鳴る）
● 終わったら、ハブの真ん中のボタンで止める
P,0,0,0,0,0,0
P,1002,0,0,0,0,0
P,1484,-1,0,0,0,0
P,1526,0,0,0,0,0
P,1648,1,1,0,0,0
P,1690,2,2,0,0,0
P,1731,3,4,0,0,0
P,1773,6,6,0,0,0
P,1815,7,7,0,0,0
P,1857,9,7,0,0,0
P,2059,10,7,1,0,0
P,2181,10,8,3,0,0
P,2223,11,7,4,0,0
P,2265,17,8,9,0,0
P,2307,24,8,15,0,0
P,2348,34,8,19,0,0
P,2390,44,8,22,0,0
P,2432,54,19,17,0,0
P,2474,66,37,6,0,0
P,2516,84,54,1,0,0
P,2558,105,75,0,0,0
P,2600,131,95,2,0,0
P,2642,154,118,8,0,0
P,2684,178,144,13,0,1
P,2726,202,168,17,0,1
P,2768,225,193,22,0,1
P,2810,253,215,27,0,1
P,2851,277,236,31,0,1
P,2893,301,260,35,0,1
P,2935,328,282,37,0,1
P,2977,349,303,39,0,0
P,3019,370,328,41,0,0
P,3061,394,350,42,0,0
P,3103,416,375,43,0,0
P,3145,443,396,47,0,0
P,3187,468,415,54,0,0
P,3229,492,438,58,0,0
P,3271,519,460,60,0,0
P,3313,541,487,61,0,1
P,3355,567,512,59,0,1
P,3396,591,538,58,0,1
P,3438,616,563,60,0,1
P,3480,646,587,66,0,1
P,3521,673,609,74,0,1
P,3563,698,634,80,0,1
P,3605,724,656,86,0,1
P,3646,746,678,90,0,0
P,3688,768,703,92,0,0
P,3730,791,724,92,0,0
P,3772,817,745,90,0,0
P,3814,838,769,86,0,0
P,3856,862,789,84,0,0
P,3898,881,811,81,0,0
P,3940,900,831,77,0,0
P,3982,920,853,71,0,0
P,4024,937,878,63,-1,1
P,4066,958,899,58,-1,1
P,4108,977,919,51,0,1
P,4149,995,941,38,0,1
P,4191,1013,962,22,0,1
P,4233,1028,983,7,0,1
P,4274,1039,1001,-10,0,0
P,4316,1048,1014,-30,0,0
P,4358,1053,1029,-54,0,0
P,4399,1054,1039,-83,0,0
P,4441,1054,1047,-108,0,0
P,4483,1054,1054,-127,0,0
P,4525,1057,1060,-133,0,0
P,4567,1058,1064,-133,0,0
P,4609,1058,1067,-128,0,0
P,4651,1058,1068,-123,0,0
P,4693,1058,1069,-122,0,0
P,4735,1058,1071,-123,0,0
P,4777,1058,1074,-127,0,0
P,4819,1058,1077,-131,0,0
P,4861,1058,1081,-133,0,0
P,4943,1058,1082,-131,0,0
P,5025,1058,1082,-126,0,0
P,5267,1058,1082,-135,0,0
P,5309,1058,1083,-145,0,0
P,5351,1058,1083,-160,0,0
P,5393,1058,1082,-173,0,0
P,5435,1058,1082,-181,0,0
P,5517,1058,1082,-187,0,0
P,5559,1058,1083,-187,0,0
P,5601,1058,1082,-186,0,0
P,5723,1058,1082,-193,0,0
P,5765,1058,1082,-199,0,0
P,5807,1058,1082,-208,0,0
P,5849,1058,1083,-216,0,0
P,5891,1058,1082,-224,0,0
P,5933,1058,1082,-231,0,0
P,5975,1058,1082,-240,0,0
P,6017,1058,1082,-249,0,0
P,6059,1058,1082,-255,0,0
P,6141,1058,1083,-261,0,0
P,6183,1058,1082,-264,0,0
P,6265,1058,1083,-269,0,0
P,6307,1058,1082,-272,0,0
P,6349,1058,1083,-276,0,0
P,6391,1058,1083,-281,0,0
P,6433,1058,1083,-288,0,0
P,6475,1058,1083,-297,0,0
P,6517,1058,1083,-306,0,0
P,6559,1058,1083,-312,0,0
P,6641,1058,1082,-318,0,0
P,6723,1058,1083,-323,0,0
P,6805,1058,1083,-333,0,0
P,6847,1058,1083,-340,0,0
P,6889,1058,1082,-348,0,0
P,6931,1058,1083,-356,0,0
P,6973,1058,1082,-362,0,0
P,7015,1058,1082,-367,0,0
P,7057,1058,1083,-370,0,0
P,7099,1058,1082,-371,0,0
P,7141,1063,1082,-371,0,0
P,7183,1072,1082,-371,0,0
P,7225,1082,1082,-378,0,0
P,7267,1093,1082,-387,0,0
P,7309,1104,1082,-392,0,0
P,7351,1116,1082,-393,0,0
P,7393,1128,1082,-391,0,0
P,7435,1137,1082,-385,0,0
P,7477,1144,1082,-377,0,0
P,7519,1149,1082,-369,0,0
P,7561,1152,1082,-361,0,0
P,7603,1155,1082,-353,0,0
P,7645,1158,1082,-346,0,0
P,7687,1160,1082,-341,0,0
P,7729,1162,1081,-336,1,0
P,7771,1162,1081,-329,0,0
P,7813,1162,1077,-323,0,0
P,7855,1162,1074,-316,0,0
P,7897,1159,1071,-307,0,0
P,7939,1156,1071,-298,0,0
P,7981,1154,1071,-292,0,0
P,8023,1153,1071,-285,0,0
P,8065,1153,1071,-280,0,0
P,8187,1152,1071,-276,0,0
P,8509,1152,1071,-271,0,0
P,8551,1152,1071,-264,0,0
P,8593,1152,1071,-253,0,0
P,8635,1152,1071,-240,0,0
P,8677,1152,1071,-224,0,0
P,8719,1151,1071,-210,0,0
P,8760,1151,1071,-205,0,0
P,8802,1151,1071,-210,0,0
P,8844,1151,1071,-217,0,0
P,8926,1151,1071,-226,0,0
P,9128,1151,1072,-232,0,0
P,9170,1152,1076,-239,0,0
P,9212,1157,1082,-251,0,0
P,9253,1161,1082,-262,0,0
P,9295,1162,1082,-275,0,0
P,9337,1162,1082,-288,0,0
P,9379,1162,1082,-298,0,0
P,9421,1162,1082,-304,0,0
P,9463,1162,1082,-309,0,0
P,9545,1162,1082,-314,0,0
P,9587,1163,1082,-315,0,0
P,9668,1163,1082,-321,0,0
P,9710,1163,1082,-326,1,0
P,9752,1163,1082,-332,0,0
P,9834,1163,1082,-338,0,0
P,9996,1164,1082,-341,0,0
P,10078,1163,1081,-340,0,0
P,10160,1162,1080,-334,0,0
P,10242,1162,1079,-335,0,0
P,10723,1162,1077,-332,0,0
P,10765,1162,1074,-326,0,0
P,10807,1158,1071,-321,0,0
P,10849,1153,1071,-314,0,0
P,10891,1150,1071,-303,0,0
P,10933,1150,1071,-295,0,0
P,11055,1150,1071,-290,0,0
P,11337,1151,1071,-285,0,0
P,11378,1154,1072,-280,0,0
P,11420,1158,1073,-272,0,0
P,11462,1161,1076,-267,0,0
P,11503,1162,1077,-266,0,0
P,11545,1162,1075,-265,0,0
P,11627,1162,1076,-264,0,0
P,11788,1161,1076,-265,0,0
P,11830,1161,1075,-263,0,0
P,11872,1161,1073,-260,0,0
P,11913,1161,1074,-261,0,0
P,12035,1161,1073,-261,0,0
P,12077,1161,1074,-261,0,0
P,12198,1161,1073,-261,0,0
P,12240,1161,1074,-261,0,0
P,12402,1161,1074,-261,-1,0
P,12524,1161,1073,-261,-1,0
P,12566,1161,1074,-261,-1,0
P,12648,1161,1073,-261,-1,0
P,12690,1161,1074,-260,-1,0
P,12812,1161,1073,-261,-2,0
P,12854,1161,1074,-261,-2,0
P,12896,1161,1074,-261,-1,0
P,13058,1161,1073,-260,-1,0
P,13140,1161,1073,-261,-2,0
P,13302,1161,1072,-259,-2,0
P,13464,1160,1072,-260,-3,0
P,13506,1160,1072,-259,-1,0
P,13548,1161,1072,-259,-1,0
P,14030,1160,1072,-259,-1,0
P,14072,1159,1072,-260,-1,0
P,14114,1160,1072,-259,-1,0
P,14156,1161,1072,-258,-1,0
P,14318,1161,1072,-258,0,0
P,14400,1161,1072,-252,0,0
P,14562,1162,1073,-249,0,0
P,14604,1163,1075,-246,0,0
P,14646,1163,1072,-239,0,0
P,14688,1161,1071,-226,0,0
P,14730,1156,1071,-216,0,0
P,14772,1151,1071,-204,0,0
P,14814,1145,1071,-189,0,0
P,14856,1133,1071,-178,0,0
P,14897,1119,1071,-173,0,0
P,14939,1103,1071,-169,0,0
P,14981,1082,1071,-163,0,0
P,15022,1060,1071,-157,0,0
P,15064,1038,1071,-152,0,0
P,15106,1010,1071,-149,0,0
P,15147,983,1071,-148,0,0
P,15189,956,1071,-145,0,0
P,15231,927,1071,-141,0,0
P,15273,902,1071,-134,0,0
P,15315,876,1071,-121,0,0
P,15357,851,1071,-105,0,0
P,15399,826,1071,-97,0,0
P,15441,795,1071,-95,0,0
P,15483,765,1071,-85,0,0
P,15525,735,1071,-74,0,0
P,15567,706,1071,-65,0,0
P,15608,679,1071,-56,0,0
P,15650,649,1071,-46,0,0
P,15692,621,1071,-36,0,0
P,15733,592,1071,-28,0,0
P,15775,560,1071,-23,0,0
P,15817,531,1071,-19,0,0
P,15858,499,1071,-14,0,0
P,15900,463,1071,-10,0,0
P,15942,429,1071,-5,0,0
P,15983,396,1071,-1,0,0
P,16025,362,1071,4,0,0
P,16067,331,1072,11,0,0
P,16108,299,1071,14,0,0
P,16150,261,1071,18,0,0
P,16192,226,1071,25,0,0
P,16233,192,1071,29,0,0
P,16275,154,1071,31,0,0
P,16317,118,1071,35,0,0
P,16358,82,1071,38,0,0
P,16400,42,1071,39,0,0
P,16442,8,1071,41,0,0
P,16483,-24,1071,42,0,0
P,16525,-58,1071,40,0,0
P,16567,-86,1071,37,0,0
P,16608,-112,1071,36,0,0
P,16650,-139,1071,38,0,0
P,16692,-159,1071,41,0,0
P,16733,-177,1071,46,0,0
P,16775,-194,1071,49,0,0
P,16817,-207,1074,35,0,0
P,16858,-214,1077,20,0,0
P,16900,-215,1077,16,0,0
P,16942,-216,1077,16,0,0
P,16984,-215,1077,18,0,0
P,17186,-215,1078,12,0,0
P,17227,-216,1079,6,0,0
P,17268,-217,1078,7,0,0
● 動き 1 : 進んだ 234 mm / 向き 0.8 ° / 左アーム 0 ° / 右アーム 0 °
P,18290,-217,1078,8,0,0
The program was stopped (SystemExit).

==================================================
終了コード: 0
終了日時  : 2026-10-10 19:32:29
実行時間  : 26.9 秒
接続〜初期化完了: 7.4 秒（ハブを探す・つなぐ・送る・ジャイロの待ち。本番は試合の前に 1 回だけ）
走行: 測れず（「# 走行完了！」の行が無い。途中で止まった？）
