=== 実行ログ ===
スクリプト: teach_record.py
実行日時 : 2026-10-03 13:54:14
ハブ     : --name Pybricks Hub3
==================================================

Searching for Pybricks Hub3...

  0%|          | 0.00/7.12k [00:00<?, ?B/s]
 14%|█▍        | 1.01k/7.12k [00:00<00:00, 9.71kB/s]
 28%|██▊       | 2.03k/7.12k [00:00<00:00, 9.48kB/s]
 43%|████▎     | 3.04k/7.12k [00:00<00:00, 9.34kB/s]
 57%|█████▋    | 4.06k/7.12k [00:00<00:00, 8.87kB/s]
 71%|███████   | 5.07k/7.12k [00:00<00:00, 7.93kB/s]
 85%|████████▌ | 6.08k/7.12k [00:00<00:00, 8.03kB/s]
100%|█████████▉| 7.10k/7.12k [00:01<00:00, 5.64kB/s]
100%|██████████| 7.12k/7.12k [00:01<00:00, 6.24kB/s]
=== ロボット初期化開始 ===
★ 走行設定: new （new＝今年の値 / old＝昨年の速度・加速度・PID）
✓ 機体の校正表: Pybricks Hub3 {'heading_correction': 360.1, 'wheel': 62.32, 'axle': 114.48}
✓ ハブ設定完了
✓ モーター設定完了
✓ デフォルト設定適用: 直進={'straight_acceleration': 800, 'straight_speed': 550}, 回転={'turn_acceleration': 313, 'turn_rate': 250}
✓ ロボットパラメータ設定完了
✓ PID制御設定完了（Pybricks の既定値を使用）
✓ ジャイロの待ち完了: 2001 ms（止まったまま 2000 ms）
✓ センサー初期化完了
✓ モーター角度リセット完了: 全モーター=0°
=== ロボット初期化完了 ===
# teach: wheel=62.32 axle=114.48 hub=Pybricks Hub3
# 列: P,ms,左タイヤ(度),右タイヤ(度),向き(0.1度),左アーム(度),右アーム(度)
● 記録スタート: 手で押して動かしてね。1 つの動きごとに手を止める（ピッと鳴る）
● 終わったら、ハブの真ん中のボタンで止める
P,0,0,0,0,0,0
P,1002,0,0,0,0,0
P,2004,0,0,0,0,0
P,2326,-1,0,-3,0,0
P,2488,-1,1,-3,0,0
P,2530,-1,0,-3,0,0
P,2571,-1,1,-3,0,0
P,2973,-1,2,-7,0,0
P,3055,0,2,-9,0,0
P,3097,0,2,-8,0,1
P,3139,-1,2,-8,0,0
P,3181,-1,1,-8,0,0
P,3582,-1,2,-9,0,0
P,3864,-1,3,-13,0,0
P,3946,-1,4,-15,0,0
P,4187,-1,5,-16,0,0
P,4269,-1,5,-17,-1,0
P,4311,-1,4,-16,0,0
P,4392,-2,4,-17,0,0
P,4714,-2,4,-18,0,3
P,4756,-2,5,-19,0,0
● 動き 1 : 進んだ 1 mm / 向き -1.7 ° / 左アーム 0 ° / 右アーム 0 °
P,5578,-2,4,-20,0,0
P,5660,-2,5,-20,0,0
P,5941,-3,4,-21,0,0
P,5982,-3,5,-21,0,0
P,6384,-3,4,-23,0,0
P,6426,-3,3,-23,0,0
P,6468,-5,2,-21,0,0
P,6510,-5,1,-19,0,0
P,6552,-6,0,-19,0,0
P,6754,-6,-1,-17,0,0
P,6836,-7,-2,-13,0,0
P,6878,-6,-2,-12,0,0
● 動き 2 : 進んだ -3 mm / 向き 0.7 ° / 左アーム 0 ° / 右アーム 0 °
P,7500,-7,-2,-12,0,0
P,7702,-6,-2,-11,0,0
P,8024,-6,-1,-14,0,0
P,8186,-6,0,-16,0,0
P,8308,-5,1,-17,0,0
P,8630,-5,1,-17,0,2
P,8672,-5,0,-16,-1,0
P,8714,-4,1,-16,0,0
P,8755,-4,1,-18,-1,0
P,8797,-4,1,-17,-1,2
P,8839,-5,1,-16,-1,2
P,8881,-5,1,-16,-1,1
P,8923,-5,0,-15,0,3
P,8964,-6,-1,-13,0,5
P,9005,-7,-2,-13,0,5
P,9047,-7,-2,-13,0,6
P,9209,-8,-2,-16,0,6
P,9251,-9,-2,-17,1,6
P,9493,-9,-2,-18,1,5
P,9534,-9,-2,-17,1,6
P,9736,-9,-2,-17,0,6
P,9778,-9,-2,-16,0,5
P,9820,-9,-2,-16,0,6
P,9862,-8,-2,-16,0,6
P,9904,-8,-2,-16,-1,6
P,10146,-7,-2,-14,-1,6
P,10348,-7,-2,-13,0,6
P,10430,-8,-2,-13,0,3
P,10472,-8,-2,-13,1,0
● 動き 3 : 進んだ -1 mm / 向き -0.2 ° / 左アーム 1 ° / 右アーム 0 °
P,11094,-8,-3,-11,1,0
P,11136,-8,-4,-8,1,0
P,11298,-8,-4,-3,1,0
P,11340,-7,-4,-2,1,0
P,11382,-6,-4,0,1,0
P,11464,-5,-4,6,1,0
P,11506,-4,-4,12,1,0
P,11548,-3,-5,18,1,0
P,11589,-3,-5,24,1,0
P,11631,-3,-4,30,1,0
P,11673,-3,-5,35,1,0
P,11715,-2,-4,40,1,0
P,11757,-2,-4,45,1,0
P,11799,-1,-5,51,1,0
P,11840,-1,-5,57,1,0
P,11882,-1,-5,64,1,0
P,11924,0,-5,70,1,0
P,11966,0,-5,77,1,0
P,12008,0,-5,82,1,0
P,12050,1,-5,88,1,0
P,12092,1,-5,93,1,0
P,12134,1,-5,99,1,0
P,12176,1,-5,104,1,0
P,12218,1,-5,109,1,0
P,12300,1,-5,119,1,0
P,12342,1,-5,125,1,0
P,12384,1,-5,130,1,0
P,12426,1,-5,136,1,0
P,12468,1,-5,141,1,0
P,12510,1,-5,146,1,0
P,12552,1,-5,151,1,0
● 動き 4 : 進んだ 2 mm / 向き 16.5 ° / 左アーム 0 ° / 右アーム 0 °
P,12654,1,-5,164,1,0
P,12696,1,-5,169,1,0
P,12738,1,-5,175,1,0
P,12780,1,-5,181,1,0
P,12822,1,-5,187,2,0
P,12864,1,-5,194,1,0
P,12906,1,-5,201,1,0
P,12949,1,-5,207,1,0
P,12990,1,-5,212,1,0
P,13032,1,-5,217,1,0
P,13114,1,-5,224,1,0
P,13196,2,-5,230,1,0
P,13278,4,-6,238,1,0
P,13320,10,-6,246,1,0
P,13362,11,-6,255,1,0
P,13404,13,-6,261,1,0
P,13446,15,-6,266,1,0
P,13488,16,-6,270,1,0
P,13570,17,-6,274,1,0
P,13652,17,-6,278,2,0
P,13694,17,-6,283,2,0
P,13736,17,-6,288,2,0
P,13778,18,-6,293,1,0
P,13860,18,-6,300,1,0
P,13942,20,-6,306,1,0
P,13984,24,-6,312,1,0
P,14026,27,-6,318,1,0
P,14068,28,-6,322,1,0
P,14110,28,-5,321,1,0
P,14272,27,-5,318,1,0
P,14594,28,-5,322,1,0
P,14676,28,-6,328,1,0
P,14717,29,-6,329,1,0
P,14798,29,-5,330,1,0
P,14840,29,-6,330,1,0
P,15002,29,-5,329,1,0
P,15044,29,-6,329,1,0
P,15166,28,-6,325,1,0
P,15208,28,-5,324,1,0
P,15450,27,-5,320,1,0
P,15491,27,-5,319,0,0
● 動き 5 : 進んだ 7 mm / 向き 13.5 ° / 左アーム -1 ° / 右アーム 0 °
P,16513,27,-5,317,0,0
The program was stopped (SystemExit).

==================================================
終了コード: 0
終了日時  : 2026-10-03 13:54:38
実行時間  : 23.7 秒
