=== 実行ログ ===
スクリプト: teach_record.py
実行日時 : 2026-10-02 21:31:48
ハブ     : --name Pybricks Hub3
==================================================

Searching for Pybricks Hub3...

  0%|          | 0.00/7.12k [00:00<?, ?B/s]
 14%|█▍        | 1.01k/7.12k [00:00<00:00, 8.82kB/s]
 28%|██▊       | 2.03k/7.12k [00:00<00:00, 9.06kB/s]
 43%|████▎     | 3.04k/7.12k [00:00<00:00, 8.65kB/s]
 57%|█████▋    | 4.06k/7.12k [00:00<00:00, 8.89kB/s]
 71%|███████   | 5.07k/7.12k [00:00<00:00, 8.25kB/s]
 85%|████████▌ | 6.08k/7.12k [00:00<00:00, 5.17kB/s]
100%|█████████▉| 7.10k/7.12k [00:01<00:00, 3.89kB/s]
100%|██████████| 7.12k/7.12k [00:01<00:00, 4.89kB/s]
=== ロボット初期化開始 ===
★ 走行設定: new （new＝今年の値 / old＝昨年の速度・加速度・PID）
✓ 機体の校正表: Pybricks Hub3 {'heading_correction': 360.1, 'wheel': 62.32, 'axle': 114.48}
✓ ハブ設定完了
✓ モーター設定完了
✓ デフォルト設定適用: 直進={'straight_acceleration': 800, 'straight_speed': 550}, 回転={'turn_acceleration': 313, 'turn_rate': 250}
✓ ロボットパラメータ設定完了
✓ PID制御設定完了（Pybricks の既定値を使用）
✓ ジャイロの待ち完了: 2000 ms（止まったまま 2000 ms）
✓ センサー初期化完了
✓ モーター角度リセット完了: 全モーター=0°
=== ロボット初期化完了 ===
# teach: wheel=62.32 axle=114.48 hub=Pybricks Hub3
# 列: P,ms,左タイヤ(度),右タイヤ(度),向き(0.1度),左アーム(度),右アーム(度)
● 記録スタート: 手で押して動かしてね。1 つの動きごとに手を止める（ピッと鳴る）
● 終わったら、ハブの真ん中のボタンで止める
P,0,0,0,0,0,0
P,1002,0,0,0,0,0
P,1524,0,1,0,0,0
P,1566,1,2,-1,0,0
P,1608,2,3,-3,0,0
P,1650,3,4,-4,0,0
P,1692,4,5,-4,0,0
P,1854,5,5,-4,0,0
P,1895,6,5,-5,0,0
P,1937,7,5,-5,0,0
P,1979,11,5,-3,0,1
P,2021,16,5,-1,0,1
P,2063,22,5,0,0,1
P,2105,27,5,0,0,1
P,2147,31,5,0,0,1
P,2189,36,5,-1,0,1
P,2231,39,5,-2,0,1
P,2273,43,5,-3,0,1
P,2314,45,5,-5,0,1
P,2355,48,5,-6,0,1
P,2397,54,5,-7,0,1
P,2439,58,5,-7,0,1
P,2481,63,5,-7,0,1
P,2523,69,5,-7,0,1
P,2564,74,5,-6,0,1
P,2605,80,5,-7,0,1
P,2647,86,5,-7,0,1
P,2689,90,5,-8,0,1
P,2731,94,5,-9,0,1
P,2773,100,5,-9,0,1
P,2814,104,5,-9,0,1
P,2856,109,5,-9,0,1
P,2898,113,5,-9,0,1
P,2939,118,5,-8,0,1
P,2981,121,5,-7,0,1
P,3023,127,5,-6,0,1
P,3065,132,5,-5,0,1
P,3107,137,5,-5,0,1
P,3149,141,5,-4,0,1
P,3191,145,5,-4,0,1
P,3233,149,5,-3,0,1
P,3274,153,5,-3,0,1
P,3316,157,5,-3,0,1
P,3358,160,5,-3,0,1
P,3400,164,5,-3,0,1
P,3442,169,5,-2,0,1
P,3484,173,5,-1,0,1
P,3525,177,5,-1,0,1
P,3567,181,5,0,0,1
P,3609,184,5,0,0,1
P,3650,187,5,0,0,1
P,3692,192,5,0,0,1
P,3734,195,5,1,0,1
P,3775,198,5,2,0,1
P,3817,202,5,2,0,1
P,3859,205,5,3,0,1
P,3900,208,5,3,0,1
P,3942,211,5,3,0,1
P,3984,214,5,2,0,1
P,4026,217,5,1,0,1
P,4068,219,5,1,0,1
P,4110,222,5,0,0,1
P,4152,225,5,0,0,1
P,4194,228,5,0,0,1
P,4235,230,5,0,0,1
P,4277,234,5,0,0,1
P,4319,237,5,0,0,1
P,4361,239,5,-1,0,1
P,4403,242,5,-1,0,1
P,4445,244,5,-2,0,1
P,4487,247,5,-2,0,1
P,4529,249,5,-2,0,1
P,4570,252,5,-3,0,1
P,4612,254,5,-3,0,1
P,4654,256,5,-4,0,1
P,4696,258,5,-5,0,1
P,4738,259,5,-6,0,1
P,4779,262,5,-6,0,1
P,4821,264,5,-7,0,1
P,4863,267,5,-7,0,1
P,4905,269,5,-7,0,1
P,4947,272,5,-7,0,1
P,4989,275,5,-8,0,1
P,5031,277,5,-9,0,1
P,5073,280,5,-10,0,1
P,5115,282,5,-12,0,1
P,5157,285,5,-12,0,1
P,5199,287,5,-13,0,1
P,5241,290,5,-12,0,1
P,5283,293,5,-13,0,1
P,5325,296,5,-13,0,1
P,5367,299,5,-14,0,1
P,5409,301,5,-15,0,1
P,5451,303,5,-16,0,1
P,5493,304,5,-17,0,1
P,5535,307,5,-17,0,1
P,5577,308,5,-17,0,1
P,5619,310,5,-18,0,1
P,5661,312,5,-18,0,1
P,5703,314,5,-17,0,1
P,5745,315,5,-17,0,1
P,5787,317,5,-16,0,1
P,5829,318,5,-16,0,1
P,5871,320,5,-15,0,2
P,5913,322,5,-14,0,2
P,5955,323,5,-14,0,2
P,5997,325,5,-15,0,2
P,6039,327,5,-15,0,3
P,6081,329,5,-15,0,2
P,6123,331,5,-16,0,2
P,6205,332,5,-17,0,2
P,6247,334,5,-16,0,2
P,6288,335,5,-16,0,2
P,6329,336,5,-16,0,2
P,6371,339,5,-16,0,2
P,6413,340,5,-16,0,2
P,6455,342,5,-16,0,2
P,6537,344,5,-16,0,2
P,6579,345,5,-16,0,2
P,6621,345,5,-16,0,3
P,6663,345,5,-16,0,2
P,6825,346,5,-16,0,2
P,6867,346,6,-16,0,2
P,7069,347,5,-15,0,2
P,7111,347,6,-16,0,2
P,7153,350,5,-16,0,2
P,7194,353,5,-14,0,2
P,7236,357,5,-12,0,2
P,7278,361,5,-11,0,2
P,7320,365,5,-10,0,2
P,7362,368,5,-11,0,2
P,7403,371,5,-12,0,2
P,7445,372,5,-13,0,2
P,7487,374,5,-14,0,2
P,7529,375,5,-14,0,2
P,7571,377,5,-14,0,2
P,7613,379,5,-15,0,2
P,7655,382,5,-14,0,2
P,7697,384,5,-14,0,2
P,7739,387,5,-15,0,2
P,7781,389,5,-15,0,2
P,7823,391,5,-15,0,2
P,7865,394,5,-15,0,2
P,7907,395,5,-16,0,2
P,7949,397,5,-16,0,2
P,7991,398,5,-16,0,2
P,8193,399,5,-18,0,2
P,8234,400,5,-19,0,2
P,8276,402,5,-20,0,2
P,8318,403,5,-21,0,2
P,8360,405,5,-22,0,2
P,8482,405,5,-27,0,2
P,8564,405,5,-30,0,1
P,8606,405,5,-31,0,2
P,8768,405,5,-36,0,2
P,8850,407,5,-40,0,2
P,8892,408,5,-42,0,2
P,9014,408,5,-47,0,1
P,9096,408,5,-51,0,2
P,9178,408,5,-56,0,2
P,9300,408,5,-62,0,2
P,9342,408,5,-64,0,1
P,9424,408,5,-67,0,2
P,9546,408,5,-73,0,1
P,9588,408,5,-75,0,2
P,9670,408,5,-80,0,1
P,9712,408,5,-82,0,2
P,9834,408,5,-88,0,1
P,9876,408,5,-92,0,2
P,9958,408,5,-98,0,2
P,10040,408,5,-103,0,2
P,10082,408,5,-107,0,1
P,10124,408,5,-110,0,2
P,10166,408,5,-113,0,1
P,10208,408,5,-116,0,2
P,10289,408,5,-122,0,1
P,10331,408,5,-124,0,2
P,10373,408,5,-125,0,1
P,10415,408,5,-126,0,2
P,10577,408,5,-130,0,1
P,10619,409,5,-131,0,1
P,10661,409,5,-133,0,2
P,10703,409,5,-134,0,1
P,10785,410,5,-134,0,2
P,10827,411,5,-134,0,2
P,10869,412,5,-134,0,2
P,10911,413,5,-134,0,1
P,10993,413,5,-134,0,2
P,11075,414,5,-134,0,2
P,11157,414,5,-134,0,1
P,11319,414,5,-134,0,2
P,11361,417,5,-133,0,2
P,11403,419,5,-132,0,2
P,11485,419,5,-132,1,1
P,11527,419,5,-132,1,2
P,11729,419,5,-132,1,1
P,11811,419,5,-132,1,2
P,11853,419,5,-132,1,1
P,11895,419,5,-132,1,2
P,12017,419,5,-132,1,1
P,12059,419,5,-132,1,2
P,12101,419,5,-132,1,1
P,12303,419,5,-132,1,2
P,12345,419,5,-132,1,1
P,12386,419,5,-132,1,2
P,12428,419,5,-132,1,1
P,12470,419,5,-132,1,2
P,12672,419,5,-132,1,1
P,12714,419,5,-132,1,2
P,12756,419,5,-132,1,1
P,12838,419,5,-131,1,2
P,12880,418,5,-131,0,1
P,12922,418,4,-130,0,2
P,12964,418,4,-129,0,1
P,13006,418,4,-129,0,2
P,13048,418,3,-128,0,2
P,13090,417,2,-128,0,1
P,13132,416,1,-127,0,2
P,13174,415,0,-126,0,2
P,13216,414,-2,-125,0,2
P,13258,413,-4,-125,0,2
P,13300,410,-5,-124,0,2
P,13341,409,-5,-124,0,3
P,13383,409,-5,-122,0,2
P,13425,409,-6,-121,0,3
P,13467,408,-6,-120,0,3
P,13509,408,-5,-119,0,3
P,13671,408,-6,-116,0,3
P,13713,408,-5,-116,0,3
P,13835,408,-6,-116,0,3
P,13876,408,-5,-116,0,3
P,13917,408,-6,-115,0,3
P,13999,408,-5,-114,0,3
P,14041,408,-6,-114,0,3
P,14082,408,-5,-113,0,2
P,14124,408,-6,-113,0,2
P,14286,408,-5,-110,0,2
P,14327,408,-6,-109,0,2
P,14369,408,-5,-109,0,2
P,14411,408,-6,-108,0,2
P,14653,408,-6,-104,0,3
P,14695,408,-6,-104,0,2
P,14777,408,-6,-103,0,3
P,14819,408,-6,-102,0,2
P,14861,408,-6,-103,0,3
P,14903,408,-6,-103,1,2
P,14985,408,-6,-101,0,2
P,15067,408,-6,-96,0,1
P,15149,408,-6,-91,0,1
P,15271,408,-6,-86,0,1
P,15432,408,-6,-81,0,1
● 動き 1 : 進んだ 109 mm / 向き -7.8 ° / 左アーム 0 ° / 右アーム 1 °
P,15894,408,-6,-76,0,0
P,15936,408,-6,-75,0,1
P,15978,408,-6,-75,0,0
P,16020,408,-6,-74,0,1
P,16102,408,-6,-75,0,0
● 動き 2 : 進んだ 0 mm / 向き 0.3 ° / 左アーム 0 ° / 右アーム -1 °
P,16924,408,-6,-70,0,0
P,17246,408,-6,-65,2,0
P,17287,408,-6,-63,1,0
P,17368,408,-6,-61,0,0
P,17609,408,-5,-61,0,0
P,17651,409,-5,-62,0,0
P,17892,409,-5,-61,0,-1
P,17934,409,-5,-61,0,0
P,18096,409,-5,-62,0,-1
P,18138,409,-5,-61,0,0
P,18180,409,-5,-62,0,-1
P,18222,409,-5,-62,0,0
P,18584,409,-5,-62,0,-1
P,18666,409,-5,-62,0,0
P,18708,409,-5,-62,0,-1
P,18749,409,-5,-62,0,0
P,19111,409,-5,-62,0,-1
P,19153,409,-5,-62,0,0
P,19274,409,-5,-62,0,-1
P,19316,409,-5,-62,0,0
P,19398,409,-5,-62,0,-1
P,19479,409,-5,-62,0,0
P,19521,409,-5,-62,0,-1
P,19603,409,-5,-62,0,0
P,19644,409,-5,-62,0,-1
P,19686,409,-5,-62,0,0
P,19888,409,-5,-62,0,-1
P,19970,409,-5,-62,0,0
P,20012,409,-5,-62,0,-1
P,20054,409,-5,-62,0,0
P,20176,409,-5,-62,0,-1
P,20218,409,-5,-62,0,0
P,20260,409,-5,-62,0,-1
The program was stopped (SystemExit).

==================================================
終了コード: 0
終了日時  : 2026-10-02 21:32:16
実行時間  : 28.1 秒
