=== 実行ログ ===
スクリプト: teach_record.py
実行日時 : 2026-10-02 21:34:03
ハブ     : --name Pybricks Hub3
==================================================

Searching for Pybricks Hub3...

  0%|          | 0.00/7.12k [00:00<?, ?B/s]
 14%|█▍        | 1.01k/7.12k [00:00<00:00, 8.56kB/s]
 28%|██▊       | 2.03k/7.12k [00:00<00:00, 8.37kB/s]
 43%|████▎     | 3.04k/7.12k [00:00<00:00, 8.75kB/s]
 57%|█████▋    | 4.06k/7.12k [00:00<00:00, 8.96kB/s]
 71%|███████   | 5.07k/7.12k [00:00<00:00, 7.95kB/s]
 85%|████████▌ | 6.08k/7.12k [00:00<00:00, 6.22kB/s]
100%|█████████▉| 7.10k/7.12k [00:01<00:00, 3.81kB/s]
100%|██████████| 7.12k/7.12k [00:01<00:00, 4.90kB/s]
=== ロボット初期化開始 ===
★ 走行設定: new （new＝今年の値 / old＝昨年の速度・加速度・PID）
✓ 機体の校正表: Pybricks Hub3 {'heading_correction': 360.1, 'wheel': 62.32, 'axle': 114.48}
✓ ハブ設定完了
✓ モーター設定完了
✓ デフォルト設定適用: 直進={'straight_acceleration': 800, 'straight_speed': 550}, 回転={'turn_acceleration': 313, 'turn_rate': 250}
✓ ロボットパラメータ設定完了
✓ PID制御設定完了（Pybricks の既定値を使用）
✓ ジャイロの待ち完了: 4881 ms（止まったまま 2000 ms）
✓ センサー初期化完了
✓ モーター角度リセット完了: 全モーター=0°
=== ロボット初期化完了 ===
# teach: wheel=62.32 axle=114.48 hub=Pybricks Hub3
# 列: P,ms,左タイヤ(度),右タイヤ(度),向き(0.1度),左アーム(度),右アーム(度)
● 記録スタート: 手で押して動かしてね。1 つの動きごとに手を止める（ピッと鳴る）
● 終わったら、ハブの真ん中のボタンで止める
P,0,0,0,0,0,0
P,802,1,1,0,0,0
P,884,1,2,-3,0,0
P,926,2,3,-4,0,0
P,1048,2,5,-7,0,0
P,1089,3,8,-10,0,0
P,1131,6,10,-12,0,0
P,1173,10,12,-12,0,0
P,1215,11,15,-14,0,0
P,1257,13,18,-15,0,0
P,1299,15,20,-17,0,0
P,1341,18,22,-17,0,0
P,1383,19,24,-18,0,0
P,1425,20,26,-20,0,0
P,1467,22,29,-21,0,0
P,1509,24,31,-23,0,0
P,1551,26,33,-23,0,0
P,1593,28,36,-25,0,0
P,1635,30,39,-27,0,-1
P,1677,32,40,-28,0,0
P,1719,34,41,-29,0,0
P,1761,34,42,-29,0,0
P,2043,34,44,-35,0,-1
P,2085,35,46,-38,0,0
P,2127,35,47,-40,0,0
P,2169,35,48,-41,0,0
P,2291,35,49,-42,0,0
P,2333,35,50,-43,0,0
P,2374,35,50,-44,0,-1
P,2416,36,50,-45,0,0
P,2458,36,51,-46,0,0
P,2660,36,52,-49,0,0
P,2702,36,52,-50,0,-1
P,2744,36,52,-51,0,0
P,2786,36,54,-54,0,0
P,2828,37,57,-56,0,0
P,2869,38,58,-57,0,0
P,2911,38,59,-58,0,0
P,2953,40,60,-57,0,0
P,2995,41,60,-58,0,-1
P,3037,41,61,-58,0,0
P,3158,41,61,-60,0,-1
P,3200,41,62,-61,0,-1
P,3242,42,64,-64,0,-1
P,3284,42,65,-66,0,-1
P,3326,42,67,-68,0,0
P,3408,42,68,-71,0,-1
P,3450,42,68,-71,0,0
P,3492,42,68,-72,0,-1
P,3533,42,68,-73,0,0
P,3575,42,69,-74,0,0
P,3617,42,70,-77,0,0
P,3658,42,71,-79,0,0
P,3700,42,73,-82,0,0
P,3822,42,74,-84,0,0
P,3944,43,75,-85,0,0
P,3986,43,76,-87,0,0
P,4068,43,78,-90,0,-1
P,4110,44,81,-93,0,0
P,4152,47,84,-93,0,0
P,4194,50,87,-93,0,0
P,4236,52,88,-94,0,0
P,4278,54,92,-95,0,0
P,4320,57,95,-97,0,-1
P,4362,58,97,-98,0,0
P,4404,59,98,-100,0,0
P,4446,59,99,-102,0,-1
P,4488,59,100,-104,0,0
P,4609,59,102,-109,0,0
P,4651,60,104,-111,0,0
P,4693,60,106,-111,0,0
P,4894,60,107,-112,0,0
P,4976,60,108,-113,0,0
P,5218,60,109,-118,0,0
● 動き 1 : 進んだ 46 mm / 向き -11.7 ° / 左アーム 0 ° / 右アーム 0 °
P,5839,60,108,-117,0,0
P,6041,60,107,-115,0,0
P,6123,60,106,-112,0,0
P,6205,60,105,-108,0,0
P,6247,60,104,-105,0,0
P,6329,60,103,-102,0,0
P,6371,60,102,-100,0,0
P,6493,60,101,-96,0,0
● 動き 2 : 進んだ -2 mm / 向き 2.3 ° / 左アーム 0 ° / 右アーム 0 °
P,7275,60,100,-94,0,0
P,7317,60,101,-94,0,0
P,7679,60,101,-94,0,-1
P,7721,60,100,-94,0,0
P,7763,60,101,-94,0,0
P,7805,60,100,-94,0,0
P,7847,60,101,-94,0,0
P,7889,60,100,-93,0,0
P,7931,60,100,-93,0,-1
The program was stopped (SystemExit).

==================================================
終了コード: 0
終了日時  : 2026-10-02 21:34:21
実行時間  : 18.5 秒
