=== 実行ログ ===
スクリプト: teach_record.py
実行日時 : 2026-10-08 13:18:01
ハブ     : --name Pybricks Hub3
==================================================

Searching for Pybricks Hub3...

  0%|          | 0.00/7.12k [00:00<?, ?B/s]
 14%|█▍        | 1.01k/7.12k [00:00<00:00, 8.56kB/s]
 28%|██▊       | 2.03k/7.12k [00:00<00:00, 7.39kB/s]
 43%|████▎     | 3.04k/7.12k [00:00<00:00, 8.10kB/s]
 57%|█████▋    | 4.06k/7.12k [00:00<00:00, 8.52kB/s]
 71%|███████   | 5.07k/7.12k [00:00<00:00, 8.38kB/s]
 85%|████████▌ | 6.08k/7.12k [00:00<00:00, 8.34kB/s]
100%|█████████▉| 7.10k/7.12k [00:01<00:00, 4.82kB/s]
100%|██████████| 7.12k/7.12k [00:01<00:00, 5.45kB/s]
=== ロボット初期化開始 ===
★ 走行設定: new （new＝今年の値 / old＝昨年の速度・加速度・PID）
✓ 機体の校正表: Pybricks Hub3 {'heading_correction': 360.1, 'wheel': 62.32, 'axle': 114.48}
✓ ハブ設定完了
✓ モーター設定完了
✓ デフォルト設定適用: 直進={'straight_acceleration': 800, 'straight_speed': 550}, 回転={'turn_acceleration': 313, 'turn_rate': 250}
✓ ロボットパラメータ設定完了
✓ PID制御設定完了（Pybricks の既定値を使用）
✓ ジャイロの待ち完了: 2000 ms（止まったまま 2000 ms）
✓ センサー初期化完了
✓ モーター角度リセット完了: 全モーター=0°
=== ロボット初期化完了 ===
# teach: wheel=62.32 axle=114.48 hub=Pybricks Hub3
# 列: P,ms,左タイヤ(度),右タイヤ(度),向き(0.1度),左アーム(度),右アーム(度)
● 記録スタート: 手で押して動かしてね。1 つの動きごとに手を止める（ピッと鳴る）
● 終わったら、ハブの真ん中のボタンで止める
P,0,0,0,0,0,0
P,1002,1,0,1,0,0
P,1244,0,0,1,0,0
P,1286,-1,0,0,0,0
P,1328,-2,-2,-1,0,0
P,1369,-5,-4,-2,0,0
P,1410,-9,-8,-2,0,0
P,1452,-11,-10,-1,0,0
P,1494,-17,-12,0,0,0
P,1535,-22,-21,1,0,0
P,1577,-27,-28,4,0,0
P,1619,-34,-35,4,0,0
P,1660,-42,-44,4,0,0
P,1702,-52,-53,3,0,0
P,1744,-62,-65,1,0,0
P,1786,-72,-77,1,0,0
P,1828,-84,-89,1,0,0
P,1869,-95,-100,1,0,0
P,1910,-105,-111,2,0,0
P,1952,-115,-120,2,0,0
P,1994,-128,-132,4,0,0
P,2036,-140,-143,6,0,0
P,2078,-152,-155,8,0,0
P,2119,-163,-167,9,0,0
P,2160,-174,-178,9,0,0
P,2201,-186,-190,9,0,0
P,2243,-199,-204,9,0,0
P,2285,-212,-218,8,1,0
P,2326,-226,-232,8,0,0
P,2368,-240,-247,8,0,0
P,2410,-254,-262,9,0,0
P,2451,-266,-277,10,0,0
P,2493,-283,-292,11,0,0
P,2535,-298,-306,10,0,0
P,2576,-314,-320,9,0,0
P,2618,-331,-337,8,0,0
P,2660,-347,-354,7,0,0
P,2701,-362,-367,7,0,0
P,2743,-379,-385,7,0,0
P,2785,-395,-402,7,0,0
P,2826,-410,-419,7,0,0
P,2868,-427,-438,7,0,0
P,2910,-442,-455,7,0,0
P,2951,-458,-471,8,0,0
P,2993,-475,-487,9,0,0
P,3035,-492,-502,9,0,0
P,3076,-509,-517,8,0,0
P,3118,-526,-534,8,0,0
P,3160,-541,-549,8,0,0
P,3201,-555,-565,9,0,0
P,3243,-572,-583,9,0,0
P,3285,-586,-599,10,0,0
P,3326,-600,-614,10,0,0
P,3368,-616,-631,11,0,0
P,3410,-630,-645,11,0,0
P,3451,-645,-659,10,0,0
P,3493,-661,-674,9,0,0
P,3535,-676,-688,8,0,0
P,3576,-690,-699,8,0,0
P,3618,-706,-715,6,0,0
P,3660,-720,-729,5,0,0
P,3701,-733,-743,5,0,0
P,3743,-748,-760,5,0,0
P,3785,-763,-775,5,0,0
P,3826,-776,-791,5,0,0
P,3868,-789,-806,5,0,0
P,3910,-802,-818,3,0,0
P,3952,-811,-827,2,0,0
P,3994,-819,-833,0,0,0
P,4035,-823,-836,-1,0,0
P,4077,-826,-839,-1,0,0
P,4279,-825,-838,-3,0,0
P,4320,-825,-837,-4,0,0
P,4562,-824,-837,-3,0,0
P,4764,-825,-838,0,0,0
P,4845,-826,-839,1,0,0
P,4887,-826,-840,4,0,0
P,4929,-827,-842,8,0,0
P,4971,-829,-849,19,0,0
P,5013,-833,-856,30,0,0
P,5055,-839,-864,38,0,0
P,5096,-845,-872,46,0,0
P,5138,-853,-883,55,0,0
P,5180,-862,-894,63,0,0
P,5221,-870,-905,73,0,0
P,5263,-879,-919,84,0,0
P,5305,-889,-932,94,0,0
P,5346,-899,-947,105,1,0
P,5387,-908,-962,116,0,0
P,5429,-918,-978,127,0,0
P,5470,-928,-993,137,0,0
P,5511,-939,-1007,148,0,0
P,5553,-950,-1023,159,0,0
P,5595,-963,-1038,170,0,0
P,5637,-974,-1053,183,0,0
P,5679,-988,-1073,195,0,0
P,5720,-1002,-1088,207,0,0
P,5761,-1015,-1106,219,0,0
P,5803,-1031,-1130,232,0,0
P,5845,-1047,-1151,244,0,0
P,5887,-1063,-1171,256,0,0
P,5929,-1080,-1193,267,0,0
P,5970,-1096,-1211,277,0,0
P,6011,-1111,-1228,287,0,0
P,6053,-1127,-1250,297,0,0
P,6095,-1144,-1267,307,0,0
P,6137,-1158,-1286,316,0,0
P,6179,-1176,-1309,327,0,0
P,6220,-1192,-1329,338,0,0
P,6262,-1207,-1350,350,0,0
P,6304,-1225,-1372,362,0,0
P,6346,-1241,-1391,375,0,0
P,6388,-1256,-1413,388,0,0
P,6430,-1273,-1432,400,0,0
P,6471,-1289,-1453,413,0,0
P,6513,-1304,-1477,426,0,0
P,6555,-1321,-1499,440,0,0
P,6597,-1336,-1521,454,0,0
P,6639,-1352,-1542,467,0,0
P,6681,-1366,-1558,479,0,0
P,6723,-1380,-1577,491,0,0
P,6765,-1396,-1594,505,0,0
P,6807,-1409,-1611,517,0,0
P,6849,-1424,-1629,527,0,0
P,6891,-1436,-1645,536,0,0
P,6933,-1448,-1663,544,0,0
P,6975,-1462,-1678,551,0,0
P,7017,-1473,-1693,557,0,0
P,7059,-1484,-1709,564,0,0
P,7101,-1495,-1721,571,0,0
P,7143,-1504,-1732,575,0,0
P,7185,-1510,-1738,576,0,0
P,7226,-1514,-1742,576,0,0
P,7268,-1516,-1745,577,0,0
P,7310,-1517,-1747,579,0,0
P,7512,-1516,-1747,581,0,0
P,7554,-1516,-1746,581,0,0
● 動き 1 : 進んだ -887 mm / 向き 58.1 ° / 左アーム 0 ° / 右アーム 0 °
P,8576,-1516,-1746,581,0,0
P,9498,-1516,-1747,581,0,0
P,9540,-1516,-1746,581,0,0
P,9622,-1515,-1746,583,0,0
The program was stopped (SystemExit).

==================================================
終了コード: 0
終了日時  : 2026-10-08 13:18:17
実行時間  : 16.7 秒
接続〜初期化完了: 6.2 秒（ハブを探す・つなぐ・送る・ジャイロの待ち。本番は試合の前に 1 回だけ）
走行: 測れず（「# 走行完了！」の行が無い。途中で止まった？）
