=== 実行ログ ===
スクリプト: teach_record.py
実行日時 : 2026-10-10 19:30:46
ハブ     : --name Pybricks Hub3
==================================================

Searching for Pybricks Hub3...

  0%|          | 0.00/7.12k [00:00<?, ?B/s]
 21%|██▏       | 1.52k/7.12k [00:00<00:00, 8.95kB/s]
 36%|███▌      | 2.54k/7.12k [00:00<00:00, 8.59kB/s]
 50%|████▉     | 3.55k/7.12k [00:00<00:00, 8.42kB/s]
 64%|██████▍   | 4.56k/7.12k [00:00<00:00, 8.32kB/s]
 78%|███████▊  | 5.58k/7.12k [00:00<00:00, 6.20kB/s]
 93%|█████████▎| 6.59k/7.12k [00:01<00:00, 4.23kB/s]
100%|██████████| 7.12k/7.12k [00:01<00:00, 4.80kB/s]
=== ロボット初期化開始 ===
★ 走行設定: new （new＝今年の値 / old＝昨年の速度・加速度・PID）
✓ 機体の校正表: Pybricks Hub3 {'heading_correction': 360.1, 'wheel': 62.32, 'axle': 114.48}
✓ ハブ設定完了
✓ モーター設定完了
✓ デフォルト設定適用: 直進={'straight_acceleration': 800, 'straight_speed': 550}, 回転={'turn_acceleration': 313, 'turn_rate': 250}
✓ ロボットパラメータ設定完了
✓ PID制御設定完了（Pybricks の既定値を使用）
✓ ジャイロの待ち完了: 5400 ms（止まったまま 2000 ms）
✓ センサー初期化完了
✓ モーター角度リセット完了: 全モーター=0°
=== ロボット初期化完了 ===
# teach: wheel=62.32 axle=114.48 hub=Pybricks Hub3
# 列: P,ms,左タイヤ(度),右タイヤ(度),向き(0.1度),左アーム(度),右アーム(度)
● 記録スタート: 手で押して動かしてね。1 つの動きごとに手を止める（ピッと鳴る）
● 終わったら、ハブの真ん中のボタンで止める
P,0,0,0,0,0,0
P,202,0,0,0,0,-1
P,244,0,0,0,0,0
P,286,0,0,0,0,-1
P,408,0,0,0,0,0
P,490,0,0,0,0,-1
P,531,0,0,0,0,0
P,733,0,0,0,0,-1
P,775,0,0,0,0,0
P,857,0,0,0,0,-1
P,939,0,0,0,0,0
P,1021,0,0,-1,0,-1
P,1063,0,1,-2,0,-1
P,1105,0,0,-2,0,0
P,1147,0,1,-2,0,-1
P,1189,0,0,-2,0,-1
P,1270,0,1,-2,0,0
P,1351,1,1,0,0,-1
P,1393,1,2,0,0,-1
P,1435,3,3,0,0,0
P,1477,5,6,0,0,-1
P,1519,7,9,0,0,0
P,1561,7,11,0,0,-1
P,1603,7,11,0,0,0
P,1685,7,11,1,-1,0
P,1727,7,12,2,0,0
P,1809,10,12,9,0,0
P,1851,17,12,17,-1,0
P,1893,25,12,25,-1,-1
P,1935,35,13,29,0,-1
P,1976,44,13,28,0,-1
P,2018,52,13,27,0,-1
P,2060,60,13,25,0,-1
P,2101,68,13,22,0,-1
P,2143,76,13,17,0,-1
P,2185,85,13,13,-1,-1
P,2226,93,13,7,0,-1
P,2268,103,13,3,0,-1
P,2310,113,13,-2,-1,-1
P,2352,124,13,-8,-1,-1
P,2394,134,13,-13,-1,-1
P,2436,147,13,-16,0,-1
P,2478,160,13,-20,0,-1
P,2520,173,13,-24,-1,-1
P,2561,189,13,-28,0,-1
P,2603,205,13,-31,0,-1
P,2645,220,13,-31,0,-1
P,2686,239,13,-29,0,-1
P,2728,254,13,-28,0,-1
P,2770,270,13,-28,0,-1
P,2811,288,13,-28,0,-1
P,2853,304,13,-23,0,-1
P,2895,322,13,-20,0,-1
P,2937,341,13,-19,0,-1
P,2979,359,13,-21,0,-1
P,3021,378,13,-24,0,-1
P,3063,395,13,-24,0,-1
P,3105,412,13,-23,0,-1
P,3147,429,13,-20,0,-1
P,3189,445,13,-19,0,-1
P,3231,461,13,-19,0,-1
P,3273,476,13,-20,0,-1
P,3315,491,13,-19,0,-1
P,3357,509,13,-20,0,-1
P,3399,525,13,-20,0,-1
P,3441,544,13,-21,0,-1
P,3483,562,13,-20,0,-1
P,3525,579,13,-20,0,-1
P,3567,599,13,-18,0,-1
P,3609,614,13,-17,0,-1
P,3651,632,13,-15,0,-1
P,3693,647,13,-15,0,-1
P,3735,661,13,-15,0,-1
P,3777,676,13,-14,0,-1
P,3819,690,13,-13,0,-1
P,3861,707,13,-11,0,-1
P,3903,722,13,-9,0,-1
P,3945,736,13,-9,0,-1
P,3987,752,13,-9,0,-1
P,4029,766,13,-10,0,-1
P,4071,782,13,-13,0,-1
P,4113,798,13,-15,0,-1
P,4155,812,13,-17,0,-1
P,4197,830,13,-19,0,0
P,4239,847,13,-21,0,-1
P,4281,866,13,-22,0,-1
P,4322,884,13,-23,0,-1
P,4364,902,13,-24,0,-1
P,4406,923,13,-25,0,-1
P,4448,941,13,-25,0,-1
P,4490,958,13,-27,0,-1
P,4532,975,13,-29,0,-1
P,4574,990,13,-31,0,-1
P,4616,1004,13,-34,0,-1
P,4658,1016,13,-36,0,-1
P,4700,1028,13,-39,0,-1
P,4742,1040,13,-43,0,-1
P,4784,1050,13,-47,0,-1
P,4826,1062,13,-50,0,-1
P,4868,1070,13,-52,0,-1
P,4910,1078,14,-53,0,-1
P,4952,1086,14,-54,0,-1
P,4994,1092,13,-53,0,-1
P,5036,1098,13,-52,0,-1
P,5078,1103,13,-51,0,-1
P,5120,1108,13,-52,0,-1
P,5162,1113,13,-56,0,-1
P,5204,1119,13,-60,0,-1
P,5246,1125,14,-63,0,-1
P,5288,1131,13,-66,0,-1
P,5330,1138,13,-68,0,-1
P,5372,1146,13,-69,0,-1
P,5414,1153,14,-70,0,-1
P,5456,1161,14,-73,0,-1
P,5498,1169,13,-76,0,-1
P,5540,1175,13,-83,0,-1
P,5582,1181,13,-88,0,-1
P,5624,1186,13,-94,0,-1
P,5666,1189,13,-98,0,-1
P,5708,1190,14,-103,0,-1
P,5750,1190,14,-110,0,-1
P,5792,1190,14,-116,0,-1
P,5834,1190,14,-122,0,-1
P,5876,1190,14,-128,0,-1
P,5958,1190,14,-135,0,-1
P,6000,1191,14,-137,0,-1
P,6042,1193,14,-138,0,-1
P,6084,1196,14,-142,0,-1
P,6126,1200,14,-145,0,0
P,6168,1205,14,-149,0,-1
P,6210,1210,14,-153,0,0
P,6252,1216,13,-158,0,0
P,6294,1222,14,-162,0,-1
P,6336,1228,14,-166,0,-1
P,6378,1233,14,-172,0,-1
P,6420,1236,14,-180,0,-1
P,6462,1238,14,-187,0,-1
P,6504,1240,14,-193,0,-1
P,6546,1240,14,-198,0,-1
P,6588,1240,14,-203,0,-1
P,6630,1240,14,-209,0,-1
P,6672,1240,14,-214,0,-1
P,6754,1241,14,-220,0,-1
P,7156,1241,14,-220,0,0
P,7198,1241,14,-221,0,-1
P,7320,1242,14,-222,0,-1
P,7482,1242,14,-221,0,0
P,7524,1242,14,-221,0,-1
P,7686,1242,14,-219,0,0
P,7728,1242,14,-217,0,-1
P,7770,1243,13,-215,0,-1
P,7812,1246,13,-210,0,-1
P,7854,1253,13,-204,0,-1
P,7896,1261,13,-202,0,-1
P,7938,1269,13,-203,0,-1
P,7980,1277,13,-204,0,-1
P,8022,1284,13,-206,0,-1
P,8064,1289,13,-208,0,-1
P,8106,1291,13,-209,0,0
P,8228,1291,13,-209,0,-1
P,8390,1291,13,-210,0,0
P,8432,1291,13,-210,0,-1
P,8474,1289,13,-213,0,-1
P,8516,1288,12,-216,0,-1
P,8558,1287,12,-217,0,0
P,8599,1287,11,-217,0,0
P,8641,1285,10,-220,0,-1
P,8683,1282,8,-223,0,0
P,8725,1281,5,-222,0,0
P,8767,1281,1,-217,0,0
P,8809,1281,-1,-211,0,0
P,8851,1281,-1,-206,0,0
P,8893,1281,-2,-200,0,-1
P,8935,1281,-2,-193,0,0
P,8977,1281,-2,-188,0,0
P,9099,1281,-2,-195,0,0
P,9221,1281,-1,-195,0,-1
P,9262,1281,0,-195,0,0
P,9304,1281,-1,-195,0,0
P,9426,1281,0,-195,0,0
P,9468,1281,-1,-195,0,0
P,9510,1281,-1,-195,0,-1
P,9552,1281,-1,-195,0,0
P,9594,1281,-1,-195,0,-1
P,9636,1281,-1,-196,0,0
P,9758,1281,-1,-195,0,-1
P,9880,1281,-2,-193,0,-1
P,9922,1281,-1,-194,0,0
P,10044,1281,-2,-194,0,0
P,10086,1281,-1,-195,0,0
P,10168,1281,-1,-196,0,-1
P,10210,1281,-1,-196,0,0
P,10252,1281,-1,-196,0,-1
P,10294,1281,-1,-196,0,0
P,10456,1281,-1,-195,-1,0
P,10498,1281,-1,-195,-1,-1
P,10580,1281,-1,-196,-1,0
P,10662,1281,-2,-196,-1,0
P,10704,1281,-1,-196,-1,0
P,10746,1281,-1,-196,-1,-1
P,10828,1281,-1,-196,-1,0
P,10990,1281,-1,-196,-1,-1
P,11112,1281,-1,-196,-1,0
P,11154,1281,-1,-196,-1,-1
P,11196,1281,-1,-196,-1,0
P,11277,1281,-1,-196,0,-1
P,11319,1281,-1,-196,0,0
P,11361,1281,-1,-196,-1,0
P,11442,1281,-1,-196,0,0
P,11484,1281,-1,-196,0,-1
P,11566,1281,-1,-196,0,0
P,11688,1281,-1,-196,0,-1
P,11730,1281,-1,-196,0,0
P,11772,1281,-1,-196,-1,-1
P,11814,1281,-1,-196,0,-1
P,11856,1281,-1,-196,0,0
P,11897,1281,-1,-196,-1,-1
P,11939,1281,-1,-196,0,-1
P,11981,1281,-1,-196,-1,0
P,12062,1281,-1,-196,-1,-1
P,12104,1281,-1,-196,0,0
P,12146,1281,-1,-196,-1,0
P,12187,1281,-1,-196,-1,-1
P,12229,1281,-1,-196,0,0
P,12271,1281,-1,-196,-1,-1
P,12313,1281,-1,-197,0,0
P,12355,1281,-1,-196,-1,-1
P,12477,1281,-1,-196,0,0
P,12519,1281,0,-196,0,0
P,12561,1281,-1,-197,-1,-1
P,12603,1281,-1,-196,0,0
P,12645,1281,0,-197,-1,0
P,12687,1281,-1,-197,0,-1
P,12729,1281,-1,-197,0,0
P,12771,1281,-1,-197,-1,-1
P,12813,1281,-1,-197,0,-1
P,12895,1281,0,-197,0,0
P,12937,1281,-1,-197,0,-1
P,12979,1281,-1,-197,0,0
P,13101,1281,0,-197,-1,-1
P,13143,1281,0,-197,-1,0
P,13185,1281,0,-197,0,-1
P,13227,1281,0,-197,-1,0
P,13269,1281,-1,-197,0,0
P,13351,1281,0,-197,-1,-1
P,13393,1281,0,-197,0,0
P,13515,1281,0,-197,0,-1
P,13557,1281,0,-197,-1,-1
P,13599,1281,0,-197,-1,0
P,13641,1281,0,-197,0,-1
P,13683,1281,0,-197,-1,0
P,13725,1281,0,-199,0,-1
The program was stopped (SystemExit).

==================================================
終了コード: 0
終了日時  : 2026-10-10 19:31:10
実行時間  : 24.4 秒
接続〜初期化完了: 9.9 秒（ハブを探す・つなぐ・送る・ジャイロの待ち。本番は試合の前に 1 回だけ）
走行: 測れず（「# 走行完了！」の行が無い。途中で止まった？）
