=== 実行ログ ===
スクリプト: teach_record.py
実行日時 : 2026-10-10 17:53:12
ハブ     : --name Pybricks Hub
==================================================

Searching for Pybricks Hub...

  0%|          | 0.00/7.12k [00:00<?, ?B/s]
 10%|▉         | 708/7.12k [00:00<00:01, 5.49kB/s]
 20%|█▉        | 1.42k/7.12k [00:00<00:01, 4.45kB/s]
 30%|██▉       | 2.12k/7.12k [00:00<00:00, 5.01kB/s]
 37%|███▋      | 2.65k/7.12k [00:00<00:00, 5.03kB/s]
 47%|████▋     | 3.36k/7.12k [00:00<00:00, 5.33kB/s]
 57%|█████▋    | 4.07k/7.12k [00:00<00:00, 4.91kB/s]
 65%|██████▍   | 4.60k/7.12k [00:00<00:00, 4.96kB/s]
 72%|███████▏  | 5.13k/7.12k [00:01<00:00, 4.78kB/s]
 79%|███████▉  | 5.66k/7.12k [00:01<00:00, 4.67kB/s]
 89%|████████▉ | 6.37k/7.12k [00:01<00:00, 4.69kB/s]
 97%|█████████▋| 6.90k/7.12k [00:01<00:00, 4.79kB/s]
100%|██████████| 7.12k/7.12k [00:01<00:00, 4.81kB/s]
=== ロボット初期化開始 ===
★ 走行設定: new （new＝今年の値 / old＝昨年の速度・加速度・PID）
! IMU の 3 軸校正がされていません（run_imu_calibrate_guided.py を実行してね）
!  Pybricks Hub は校正表に無いハブです。回転が 90° あたり 1° くらいずれるかもしれません
✓ ハブ設定完了
✓ モーター設定完了
✓ デフォルト設定適用: 直進={'straight_acceleration': 800, 'straight_speed': 550}, 回転={'turn_acceleration': 313, 'turn_rate': 250}
✓ ロボットパラメータ設定完了
✓ PID制御設定完了（Pybricks の既定値を使用）
✓ ジャイロの待ち完了: 6040 ms（止まったまま 2000 ms）
✓ センサー初期化完了
✓ モーター角度リセット完了: 全モーター=0°
=== ロボット初期化完了 ===
# teach: wheel=62.32 axle=114.48 hub=Pybricks Hub
# 列: P,ms,左タイヤ(度),右タイヤ(度),向き(0.1度),左アーム(度),右アーム(度)
● 記録スタート: 手で押して動かしてね。1 つの動きごとに手を止める（ピッと鳴る）
● 終わったら、ハブの真ん中のボタンで止める
P,0,0,0,0,0,0
P,1002,0,0,0,0,0
P,2004,0,0,0,0,0
P,3006,0,0,0,0,0
P,4008,0,0,0,0,0
P,5010,0,0,0,0,0
P,6012,0,0,0,0,0
P,7014,0,0,0,0,0
P,8016,0,0,0,0,0
P,9018,0,0,0,0,0
P,10020,0,0,0,0,0
P,10142,0,1,0,0,0
P,10184,0,0,0,0,0
P,10226,0,1,0,0,0
P,10268,1,1,-1,0,0
P,10310,2,3,-1,0,0
P,10351,3,4,-2,0,0
P,10393,5,6,-2,0,0
P,10435,7,6,-1,0,0
P,10476,7,9,-1,0,0
P,10518,8,14,-4,0,0
P,10560,11,18,-11,0,0
P,10602,19,20,-10,0,0
P,10644,28,27,-1,0,0
P,10686,35,37,1,0,0
P,10728,44,47,-1,0,0
P,10770,53,55,-7,0,0
P,10812,61,67,-9,0,0
P,10854,70,77,-10,0,0
P,10896,81,86,-9,0,0
P,10938,91,97,-8,0,0
P,10979,101,107,-6,0,0
P,11021,113,118,-5,0,0
P,11063,122,128,-3,0,0
P,11105,134,138,-3,0,0
P,11147,143,148,-3,1,0
P,11188,152,158,-3,0,0
P,11230,163,168,-3,1,0
P,11272,173,178,-3,1,0
P,11313,182,187,-4,1,0
P,11355,193,198,-5,1,0
P,11397,203,208,-6,1,0
P,11439,213,218,-6,1,0
P,11481,222,227,-6,1,0
P,11522,233,236,-7,1,0
P,11564,241,247,-7,1,0
P,11606,250,255,-7,1,-1
P,11648,258,264,-6,1,0
P,11690,266,272,-6,1,0
P,11732,273,278,-6,1,0
P,11774,280,285,-5,1,0
P,11816,287,291,-5,1,0
P,11858,293,298,-4,1,0
P,11900,300,305,-5,1,0
P,11942,306,312,-6,1,0
P,11983,312,319,-6,1,0
P,12025,319,325,-7,1,0
P,12067,325,332,-7,1,0
P,12109,329,337,-8,1,0
P,12151,336,342,-8,1,0
P,12193,340,348,-10,1,0
P,12235,346,354,-12,1,0
P,12277,350,360,-14,1,0
P,12319,353,364,-17,1,0
P,12361,356,369,-19,1,0
P,12403,358,371,-21,1,0
P,12445,359,373,-24,1,0
P,12527,359,375,-31,1,0
P,12568,359,377,-39,1,0
P,12610,358,377,-47,1,0
P,12652,358,378,-54,1,0
P,12694,358,385,-63,1,0
P,12736,357,390,-80,1,0
P,12778,356,392,-98,1,0
P,12820,356,401,-116,1,0
P,12862,354,407,-136,2,0
P,12904,352,412,-162,1,0
P,12946,349,419,-188,2,0
P,12988,348,426,-213,2,0
P,13030,348,433,-235,2,0
P,13072,348,440,-258,1,0
P,13114,348,448,-281,2,0
P,13156,347,455,-305,2,0
P,13198,346,464,-334,2,0
P,13240,339,470,-367,2,0
P,13282,332,477,-407,2,0
P,13324,324,483,-447,2,0
P,13366,316,487,-481,2,0
P,13408,309,492,-512,2,0
P,13450,304,497,-542,2,0
P,13492,300,502,-572,2,0
P,13534,296,507,-601,2,0
P,13576,291,513,-630,2,0
P,13618,287,517,-659,2,0
P,13660,282,522,-690,2,0
P,13702,278,528,-722,2,0
P,13744,275,533,-752,2,0
P,13786,272,539,-781,2,0
P,13828,271,545,-805,2,0
P,13870,270,551,-828,2,0
P,13912,269,557,-850,2,0
P,13954,269,564,-873,2,0
P,13996,270,573,-896,2,0
P,14038,270,581,-922,2,0
P,14080,270,591,-948,2,0
P,14122,270,600,-972,2,0
P,14164,271,609,-989,2,0
P,14205,275,615,-996,2,0
P,14247,278,619,-997,2,0
P,14289,280,622,-995,2,0
P,14331,281,622,-991,2,0
P,14373,282,621,-986,2,0
P,14415,283,622,-982,2,0
P,14457,286,622,-974,2,0
P,14499,294,622,-955,2,0
P,14541,304,623,-935,2,0
P,14583,310,625,-925,1,0
P,14625,314,629,-921,2,0
P,14667,320,635,-926,2,-1
P,14708,323,642,-933,2,0
P,14750,329,648,-936,1,0
P,14792,337,656,-934,-1,0
P,14834,346,664,-930,-1,0
P,14876,360,675,-925,-1,0
P,14917,370,685,-924,0,0
P,14959,381,696,-926,0,0
P,15001,394,709,-927,0,0
P,15042,405,722,-927,0,0
P,15084,419,735,-927,0,0
P,15126,435,750,-928,0,0
P,15168,448,765,-929,0,0
P,15210,462,782,-928,0,0
P,15251,478,797,-927,0,0
P,15293,492,812,-927,0,0
P,15335,507,828,-925,1,0
P,15377,524,842,-923,1,0
P,15419,539,857,-922,1,0
P,15461,556,871,-921,1,0
P,15503,571,885,-921,2,0
P,15545,586,901,-921,2,0
P,15587,602,915,-921,2,0
P,15629,616,931,-921,2,0
P,15671,633,946,-921,2,0
P,15713,648,963,-922,2,0
P,15755,662,979,-922,2,0
P,15797,679,995,-922,2,0
P,15838,694,1009,-919,2,0
P,15879,709,1023,-919,2,0
P,15921,724,1036,-918,1,0
P,15963,737,1050,-918,2,0
P,16004,750,1062,-918,2,0
P,16046,763,1076,-918,1,0
P,16087,775,1089,-917,1,0
P,16128,787,1099,-915,1,0
P,16170,798,1110,-913,2,0
P,16212,811,1123,-912,1,0
P,16253,821,1133,-911,2,0
P,16295,831,1144,-912,1,0
P,16337,842,1156,-914,2,0
P,16379,851,1167,-915,2,0
P,16421,862,1178,-916,2,0
P,16463,872,1189,-917,2,0
P,16505,882,1200,-917,2,0
P,16547,893,1209,-917,2,0
P,16589,903,1219,-917,2,0
P,16631,915,1229,-917,2,0
P,16673,924,1237,-916,2,0
P,16715,933,1246,-914,2,0
P,16757,941,1252,-912,2,0
P,16799,949,1261,-915,2,0
P,16840,955,1270,-919,2,0
P,16882,965,1279,-921,2,0
P,16923,974,1288,-919,2,0
P,16965,983,1296,-917,2,0
P,17007,993,1304,-912,2,0
P,17048,1002,1313,-909,2,0
P,17089,1010,1320,-907,2,0
P,17131,1019,1329,-907,2,0
P,17173,1027,1338,-906,2,0
P,17215,1035,1346,-906,2,0
P,17257,1043,1354,-906,2,0
P,17298,1050,1362,-907,2,0
P,17340,1059,1369,-907,2,0
P,17382,1068,1376,-905,2,0
P,17423,1076,1383,-902,1,0
P,17465,1082,1389,-898,2,0
P,17507,1091,1395,-894,2,0
P,17549,1097,1399,-888,2,0
P,17591,1102,1403,-883,1,0
P,17633,1106,1405,-880,1,0
P,17675,1110,1408,-876,1,0
P,17717,1113,1410,-872,1,0
P,17759,1116,1411,-868,1,0
P,17801,1119,1412,-860,1,0
P,17843,1122,1412,-850,2,0
P,17885,1126,1412,-834,1,0
P,17927,1132,1411,-815,1,0
P,17969,1139,1410,-793,1,0
P,18011,1147,1410,-770,1,0
P,18053,1155,1409,-744,1,0
P,18094,1162,1408,-717,2,0
P,18136,1170,1406,-689,1,0
P,18178,1177,1403,-662,1,0
P,18219,1184,1402,-633,2,0
P,18260,1191,1401,-606,2,0
P,18302,1200,1401,-575,2,0
P,18344,1209,1400,-539,2,0
P,18385,1218,1397,-505,1,0
P,18427,1228,1392,-463,2,0
P,18468,1238,1388,-425,2,0
P,18510,1246,1385,-390,2,0
P,18552,1253,1385,-363,2,0
P,18594,1259,1385,-341,2,0
P,18636,1265,1385,-318,2,0
P,18677,1273,1384,-294,2,0
P,18719,1281,1385,-266,2,0
P,18761,1291,1384,-239,2,0
P,18802,1297,1384,-215,2,0
P,18843,1303,1384,-195,2,0
P,18885,1309,1384,-177,2,0
P,18927,1315,1384,-158,2,0
P,18969,1322,1384,-138,2,0
P,19011,1329,1384,-116,2,0
P,19052,1336,1384,-96,2,0
P,19094,1342,1384,-77,2,0
P,19136,1346,1384,-68,2,0
P,19178,1347,1384,-62,2,0
P,19220,1349,1384,-51,2,0
P,19262,1357,1384,-35,2,0
P,19304,1359,1384,-28,2,0
P,19346,1364,1384,-15,2,0
P,19388,1367,1384,-6,2,0
P,19430,1369,1384,-2,2,0
P,19472,1370,1385,4,2,0
P,19514,1372,1384,6,2,0
P,19556,1374,1385,12,2,0
P,19598,1378,1385,23,2,0
P,19639,1381,1385,29,2,0
P,19681,1385,1385,35,2,0
P,19723,1387,1387,34,2,0
P,19765,1391,1391,34,2,0
P,19807,1396,1395,36,2,0
P,19848,1400,1398,40,2,0
P,19889,1404,1401,45,2,0
P,19931,1409,1407,44,2,0
P,19972,1413,1413,41,2,0
P,20013,1419,1418,40,2,0
P,20055,1424,1424,39,2,0
P,20097,1429,1431,38,2,0
P,20138,1435,1437,38,1,0
P,20180,1440,1443,36,2,0
P,20222,1445,1450,35,1,0
P,20263,1452,1456,35,1,0
P,20305,1458,1463,36,2,0
P,20347,1466,1469,38,1,0
P,20388,1473,1476,40,1,0
P,20430,1480,1483,43,1,0
P,20472,1489,1489,45,1,0
P,20514,1496,1498,48,1,0
P,20556,1505,1506,49,1,0
P,20598,1515,1515,49,2,0
P,20640,1523,1525,50,1,0
P,20682,1533,1535,50,1,0
P,20724,1542,1546,50,1,0
P,20766,1552,1555,50,2,0
P,20808,1562,1565,50,2,0
P,20849,1571,1574,49,2,0
P,20890,1579,1584,49,2,0
P,20932,1590,1593,48,2,0
P,20974,1601,1605,47,2,0
P,21015,1611,1615,46,2,0
P,21057,1621,1627,44,2,0
P,21099,1632,1637,43,2,0
P,21141,1642,1648,43,2,0
P,21183,1653,1659,42,2,0
P,21224,1662,1668,43,2,0
P,21266,1674,1679,44,2,0
P,21308,1684,1689,44,2,0
P,21349,1693,1699,45,2,0
P,21391,1702,1708,45,2,0
P,21433,1712,1717,46,2,0
P,21474,1720,1725,46,2,0
P,21516,1729,1734,46,2,0
P,21558,1737,1741,46,2,0
P,21599,1744,1748,45,2,0
P,21641,1751,1757,44,2,0
P,21683,1758,1763,44,2,0
P,21725,1765,1771,44,2,0
P,21767,1772,1779,44,1,0
P,21808,1778,1785,42,2,0
P,21850,1785,1793,40,2,0
P,21892,1792,1801,38,2,0
P,21934,1797,1809,36,1,0
P,21975,1803,1815,34,2,0
P,22017,1809,1821,33,2,0
P,22059,1815,1827,31,1,0
P,22100,1819,1832,28,2,0
P,22142,1823,1838,27,2,0
P,22184,1827,1843,26,1,0
P,22225,1831,1847,25,1,0
P,22267,1834,1850,24,1,0
P,22309,1837,1853,23,1,0
P,22350,1837,1854,22,1,0
P,22552,1836,1855,9,1,0
P,22594,1833,1856,-5,2,0
P,22636,1827,1856,-27,2,0
P,22678,1822,1857,-50,2,0
P,22719,1817,1861,-72,2,0
P,22761,1811,1868,-102,2,0
P,22803,1806,1873,-128,1,0
P,22845,1802,1875,-148,2,0
P,22887,1798,1877,-166,2,0
P,22929,1795,1881,-185,2,0
P,22971,1791,1886,-209,2,0
P,23013,1787,1889,-230,2,0
P,23055,1784,1894,-250,2,0
P,23097,1781,1897,-268,2,0
P,23139,1779,1901,-284,2,0
P,23181,1777,1904,-300,2,0
P,23223,1774,1908,-316,2,0
P,23265,1772,1911,-332,2,0
P,23307,1771,1915,-347,2,0
P,23349,1769,1919,-364,2,0
P,23390,1767,1922,-381,2,0
P,23432,1763,1925,-402,2,0
P,23474,1759,1928,-423,2,0
P,23515,1754,1929,-442,2,0
P,23557,1748,1929,-459,2,0
P,23599,1743,1930,-476,2,0
P,23640,1738,1930,-495,2,0
P,23682,1734,1930,-509,2,0
P,23724,1732,1930,-519,2,0
P,23765,1731,1930,-534,2,0
P,23807,1731,1930,-544,2,0
P,23849,1731,1934,-552,2,0
P,23891,1731,1937,-564,2,0
P,23933,1731,1939,-578,2,0
P,23974,1731,1938,-596,2,0
P,24016,1730,1939,-617,2,0
P,24058,1731,1939,-637,2,0
P,24100,1731,1939,-652,2,0
P,24142,1731,1939,-661,2,0
P,24183,1730,1939,-665,2,0
P,24225,1730,1939,-670,2,0
P,24267,1730,1939,-678,2,0
P,24309,1730,1939,-691,2,0
P,24351,1730,1939,-706,2,0
P,24393,1730,1939,-718,2,0
P,24435,1730,1939,-724,2,0
P,24477,1730,1939,-730,2,0
P,24519,1729,1941,-736,2,0
P,24561,1729,1946,-747,2,0
P,24603,1729,1951,-765,2,0
P,24645,1729,1956,-785,2,0
P,24687,1730,1960,-803,2,0
P,24729,1730,1964,-815,2,0
P,24771,1730,1966,-823,2,0
P,24893,1730,1966,-829,2,0
P,24935,1729,1966,-832,2,0
P,25017,1729,1966,-839,2,0
P,25059,1729,1967,-840,2,0
P,25141,1729,1966,-841,2,0
P,25263,1729,1967,-848,2,0
P,25345,1729,1967,-858,2,0
P,25387,1729,1967,-865,2,0
P,25429,1729,1967,-876,2,0
P,25471,1729,1967,-889,2,0
P,25513,1729,1967,-896,2,0
P,25715,1729,1967,-903,2,0
P,25757,1729,1967,-909,2,0
P,25799,1729,1967,-914,2,0
● 動き 1 : 進んだ 1005 mm / 向き -91.3 ° / 左アーム 2 ° / 右アーム 0 °
P,25901,1729,1966,-913,2,0
P,25943,1730,1967,-913,2,0
P,26144,1730,1967,-910,1,0
P,26185,1730,1966,-907,1,0
P,26227,1731,1966,-901,0,0
P,26269,1732,1966,-896,-1,0
P,26311,1732,1966,-895,0,0
P,26353,1732,1966,-895,1,0
P,26434,1732,1966,-895,0,0
P,26636,1732,1966,-895,1,0
P,26678,1732,1966,-895,0,0
P,26839,1732,1966,-895,1,0
P,26881,1732,1966,-895,0,0
● 動き 2 : 進んだ 1 mm / 向き 1.9 ° / 左アーム -2 ° / 右アーム 0 °
P,27503,1732,1966,-895,1,0
P,27545,1732,1966,-895,0,0
P,27867,1732,1966,-895,1,0
P,27909,1732,1966,-895,0,0
P,28231,1732,1966,-895,1,0
P,28313,1732,1966,-895,0,0
P,28395,1732,1966,-895,1,0
P,28437,1732,1966,-895,0,0
P,28519,1732,1966,-895,1,0
P,28560,1732,1966,-895,0,0
P,28802,1732,1965,-895,0,0
P,28844,1732,1966,-895,1,0
P,28886,1732,1966,-895,0,0
P,28928,1732,1966,-895,1,0
P,29050,1732,1966,-895,0,0
● 動き 3 : 進んだ 0 mm / 向き 0.0 ° / 左アーム 0 ° / 右アーム 0 °
P,29832,1732,1966,-895,1,0
P,29914,1732,1966,-896,0,0
P,30036,1732,1966,-896,1,0
P,30078,1732,1966,-896,0,0
P,30160,1732,1966,-896,1,0
P,30202,1732,1966,-896,0,0
P,30324,1732,1966,-896,1,0
P,30366,1732,1966,-896,0,0
P,30488,1732,1966,-896,1,0
P,30530,1732,1966,-896,0,0
● 動き 4 : 進んだ 0 mm / 向き -0.1 ° / 左アーム 0 ° / 右アーム 0 °
The program was stopped (SystemExit).

==================================================
終了コード: 0
終了日時  : 2026-10-10 17:53:56
実行時間  : 44.3 秒
接続〜初期化完了: 12.4 秒（ハブを探す・つなぐ・送る・ジャイロの待ち。本番は試合の前に 1 回だけ）
走行: 測れず（「# 走行完了！」の行が無い。途中で止まった？）
