=== 実行ログ ===
スクリプト: teach_record.py
実行日時 : 2026-10-03 11:06:52
ハブ     : --name Pybricks Hub3
==================================================

Searching for Pybricks Hub3...

  0%|          | 0.00/7.12k [00:00<?, ?B/s]
 14%|█▍        | 1.01k/7.12k [00:00<00:00, 7.66kB/s]
 28%|██▊       | 2.03k/7.12k [00:00<00:00, 8.49kB/s]
 43%|████▎     | 3.04k/7.12k [00:00<00:00, 8.83kB/s]
 57%|█████▋    | 4.06k/7.12k [00:00<00:00, 8.21kB/s]
 71%|███████   | 5.07k/7.12k [00:00<00:00, 8.53kB/s]
 85%|████████▌ | 6.08k/7.12k [00:00<00:00, 8.12kB/s]
100%|█████████▉| 7.10k/7.12k [00:01<00:00, 5.84kB/s]
100%|██████████| 7.12k/7.12k [00:01<00:00, 6.24kB/s]
=== ロボット初期化開始 ===
★ 走行設定: new （new＝今年の値 / old＝昨年の速度・加速度・PID）
✓ 機体の校正表: Pybricks Hub3 {'heading_correction': 360.1, 'wheel': 62.32, 'axle': 114.48}
✓ ハブ設定完了
✓ モーター設定完了
✓ デフォルト設定適用: 直進={'straight_acceleration': 800, 'straight_speed': 550}, 回転={'turn_acceleration': 313, 'turn_rate': 250}
✓ ロボットパラメータ設定完了
✓ PID制御設定完了（Pybricks の既定値を使用）
✓ ジャイロの待ち完了: 2000 ms（止まったまま 2000 ms）
✓ センサー初期化完了
✓ モーター角度リセット完了: 全モーター=0°
=== ロボット初期化完了 ===
# teach: wheel=62.32 axle=114.48 hub=Pybricks Hub3
# 列: P,ms,左タイヤ(度),右タイヤ(度),向き(0.1度),左アーム(度),右アーム(度)
● 記録スタート: 手で押して動かしてね。1 つの動きごとに手を止める（ピッと鳴る）
● 終わったら、ハブの真ん中のボタンで止める
P,0,0,0,0,0,0
P,1002,0,0,0,0,0
P,2004,0,0,0,0,0
P,3005,0,0,0,0,0
P,3047,0,0,0,-1,0
P,3129,1,0,0,-1,0
P,3170,2,2,0,-1,0
P,3211,3,3,0,-1,0
P,3253,4,5,0,0,0
P,3295,5,7,-2,-1,0
P,3376,6,8,-2,0,0
P,3418,7,9,-1,0,0
P,3460,13,11,2,0,0
P,3501,17,15,4,0,0
P,3543,27,23,3,0,0
P,3585,36,32,2,0,0
P,3626,45,41,1,0,0
P,3668,56,52,0,0,0
P,3710,67,64,0,0,0
P,3751,77,76,0,0,0
P,3793,87,88,0,0,0
P,3835,98,100,1,0,0
P,3876,108,112,3,0,0
P,3918,121,122,7,0,0
P,3960,132,135,10,0,0
P,4001,145,146,13,0,0
P,4043,159,157,14,0,0
P,4085,171,170,13,0,0
P,4126,183,182,12,0,0
P,4168,195,193,10,0,0
P,4210,206,205,10,0,0
P,4251,217,216,9,1,0
P,4293,229,227,8,0,0
P,4334,239,239,7,1,0
P,4375,249,251,5,1,0
P,4416,260,262,4,1,0
P,4458,271,274,3,1,0
P,4500,283,287,3,1,0
P,4541,293,299,2,1,0
P,4583,305,310,2,1,0
P,4625,315,322,2,1,0
P,4666,327,331,3,1,0
P,4708,339,341,4,1,0
P,4750,349,351,6,1,0
P,4792,360,360,7,1,0
P,4834,371,370,8,1,0
P,4875,381,380,7,1,0
P,4916,390,388,6,1,0
P,4958,401,398,6,1,0
P,5000,411,408,6,1,0
P,5041,420,419,6,1,0
P,5083,430,430,7,1,0
P,5125,441,442,7,1,0
P,5166,451,453,8,1,0
P,5208,461,465,8,1,0
P,5250,472,477,8,1,0
P,5291,482,489,8,1,0
P,5333,493,500,7,1,0
P,5375,505,509,7,1,0
P,5416,516,522,7,1,0
P,5458,527,532,7,0,0
P,5500,539,544,6,0,0
P,5541,549,553,5,1,0
P,5583,559,563,4,1,0
P,5625,570,575,3,0,0
P,5666,580,585,3,1,0
P,5708,591,596,3,1,0
P,5750,604,608,3,1,0
P,5791,614,620,3,0,0
P,5833,625,632,3,1,0
P,5875,637,645,3,1,0
P,5916,648,656,3,1,0
P,5958,658,668,2,1,0
P,6000,671,680,2,1,0
P,6041,680,690,1,1,0
P,6083,691,699,1,1,0
P,6125,702,710,0,1,0
P,6166,712,720,0,1,0
P,6207,723,729,0,1,0
P,6249,734,740,-1,1,0
P,6290,744,749,-2,1,0
P,6331,754,759,-3,1,0
P,6372,763,768,-4,1,0
P,6414,774,779,-4,1,0
P,6455,783,790,-4,1,0
P,6496,792,800,-5,1,0
P,6538,801,810,-4,1,0
P,6580,810,822,-5,1,0
P,6621,819,831,-4,1,0
P,6663,827,841,-5,1,0
P,6705,836,851,-5,0,0
P,6746,844,859,-5,0,0
P,6788,853,868,-5,1,1
P,6830,863,877,-5,1,0
P,6871,873,886,-6,1,0
P,6913,882,895,-6,1,0
P,6955,893,907,-5,1,0
P,6996,904,916,-5,1,0
P,7038,913,926,-6,0,0
P,7080,924,936,-6,0,0
P,7121,933,945,-6,1,0
P,7163,942,954,-5,1,0
P,7205,952,964,-4,1,0
P,7246,960,972,-2,1,0
P,7288,969,980,0,1,0
P,7330,977,988,1,1,0
P,7372,984,996,1,1,0
P,7414,991,1003,1,1,0
P,7456,998,1011,0,1,0
P,7498,1004,1017,0,1,0
P,7540,1011,1024,0,1,0
P,7582,1016,1031,1,1,0
P,7624,1024,1038,1,1,0
P,7666,1031,1044,2,1,0
P,7708,1038,1051,2,1,0
P,7750,1046,1057,1,1,0
P,7791,1052,1064,1,1,0
P,7833,1058,1070,0,1,0
P,7875,1064,1076,0,1,0
P,7917,1070,1081,0,1,0
P,7959,1076,1087,1,1,0
P,8001,1082,1091,2,1,0
P,8043,1087,1095,3,1,0
P,8085,1093,1100,4,1,0
P,8127,1097,1104,4,1,0
P,8169,1101,1108,4,1,0
P,8211,1106,1111,4,1,0
P,8253,1108,1115,3,1,0
P,8295,1112,1118,3,1,0
P,8336,1115,1121,4,1,0
P,8378,1118,1125,3,1,0
P,8420,1123,1128,3,1,0
P,8461,1126,1132,2,1,0
P,8503,1129,1136,2,1,0
P,8545,1133,1140,3,1,0
P,8586,1136,1143,3,1,0
P,8628,1138,1145,4,1,0
P,8670,1141,1149,4,1,0
P,8711,1144,1152,4,1,0
P,8753,1146,1154,4,1,0
P,8795,1149,1156,4,1,0
P,8836,1150,1157,5,1,0
P,8878,1150,1158,4,1,0
P,8920,1150,1157,5,1,0
P,9042,1150,1157,4,0,0
P,9084,1150,1157,4,-1,0
P,9126,1150,1157,4,0,0
P,9248,1150,1156,4,0,0
P,9290,1150,1157,4,0,0
● 動き 1 : 進んだ 627 mm / 向き 0.4 ° / 左アーム 0 ° / 右アーム 0 °
P,10311,1150,1157,4,0,0
P,10713,1150,1156,4,0,0
P,10755,1150,1157,4,0,0
P,11237,1150,1156,4,0,0
P,11279,1150,1157,4,0,0
● 動き 2 : 進んだ 0 mm / 向き 0.0 ° / 左アーム 0 ° / 右アーム 0 °
P,12021,1150,1157,4,1,0
P,12103,1150,1157,4,0,0
P,12184,1150,1157,4,-1,0
P,12226,1150,1157,4,0,0
P,12268,1150,1157,3,-1,0
P,12390,1150,1157,4,0,0
P,12472,1150,1157,4,-1,0
P,12994,1150,1157,3,-2,0
P,13036,1150,1157,3,-1,0
P,13118,1150,1157,3,-1,1
P,13320,1150,1156,6,-1,1
P,13402,1150,1156,5,0,1
P,13444,1149,1155,6,-1,1
P,13485,1148,1155,5,-1,0
P,13567,1148,1155,5,-2,1
P,13689,1148,1155,5,-2,0
P,13770,1148,1155,5,-1,1
P,13812,1148,1155,5,-1,0
P,13934,1149,1156,4,-1,0
P,14175,1150,1156,6,-1,0
P,14217,1150,1157,5,-1,0
P,14659,1150,1156,6,-1,0
P,14701,1150,1155,8,-1,0
P,14743,1150,1154,11,-1,0
P,14785,1149,1152,15,-1,0
P,14827,1148,1150,19,-1,0
P,14909,1148,1151,15,-1,1
P,14950,1148,1153,11,-1,0
P,14992,1148,1153,10,-1,1
P,15034,1149,1154,10,-1,1
P,15196,1149,1155,8,-1,0
P,15238,1149,1156,8,-1,1
P,15280,1150,1156,7,-1,1
P,15321,1150,1157,6,-1,0
P,15363,1150,1158,5,-1,1
P,15485,1150,1158,2,0,1
P,15527,1150,1157,3,0,2
P,15729,1150,1157,3,0,1
P,15771,1150,1158,3,0,1
P,15813,1150,1157,3,0,1
P,15895,1150,1157,3,1,1
P,16296,1150,1157,3,1,2
P,16338,1150,1157,3,1,1
P,16579,1150,1157,3,1,2
P,16621,1150,1157,3,1,1
P,16943,1150,1157,8,1,1
P,16984,1151,1156,13,1,2
P,17026,1151,1155,18,1,1
P,17068,1151,1153,26,1,1
P,17109,1152,1150,33,1,2
P,17151,1152,1149,38,1,1
P,17193,1152,1148,42,1,1
P,17274,1153,1148,45,1,1
P,17316,1153,1147,48,1,1
P,17398,1153,1147,55,1,1
P,17440,1157,1147,66,1,1
P,17482,1160,1147,75,1,1
P,17524,1162,1147,83,1,1
P,17566,1162,1147,90,1,1
P,17608,1165,1147,100,1,1
P,17649,1168,1147,110,1,1
P,17691,1169,1147,118,1,1
P,17733,1170,1147,122,1,1
P,17775,1171,1147,127,1,1
P,17817,1173,1147,135,1,2
P,17859,1175,1147,144,1,2
P,17901,1176,1147,152,1,2
P,17943,1177,1147,160,1,1
P,17985,1177,1147,169,1,1
P,18027,1177,1147,178,1,2
P,18069,1178,1147,187,1,1
P,18110,1178,1147,194,1,1
P,18152,1178,1147,200,1,1
P,18194,1178,1147,205,1,2
P,18235,1178,1147,210,1,1
P,18277,1178,1147,215,1,2
P,18319,1178,1147,220,1,1
P,18360,1178,1147,225,1,1
P,18402,1180,1147,234,1,2
P,18444,1184,1147,243,1,2
P,18485,1185,1147,250,1,2
P,18527,1186,1147,256,1,2
P,18569,1186,1147,262,1,2
P,18610,1186,1147,268,1,2
P,18652,1186,1147,275,1,2
P,18694,1186,1147,282,1,2
P,18735,1186,1147,290,1,1
P,18777,1186,1147,299,1,2
P,18819,1186,1146,306,1,2
P,18860,1186,1147,311,1,2
P,18902,1186,1147,316,1,2
P,18944,1186,1147,321,1,2
P,18985,1186,1147,328,1,2
P,19027,1186,1147,336,1,1
P,19069,1186,1147,344,1,2
P,19110,1186,1146,351,1,1
P,19152,1186,1146,359,1,2
P,19194,1186,1146,365,1,2
P,19235,1186,1146,370,1,1
P,19276,1186,1147,373,1,1
P,19318,1186,1147,377,1,2
P,19400,1186,1147,382,1,1
P,19442,1186,1147,384,1,2
P,19564,1186,1146,387,-1,1
P,19605,1186,1147,387,-1,1
P,19647,1186,1146,387,-1,1
P,19689,1186,1147,387,-1,1
P,19891,1185,1147,381,-1,1
P,20333,1185,1147,377,-1,2
P,20375,1185,1147,376,0,2
P,20416,1185,1147,376,0,1
P,20458,1185,1147,376,0,2
P,20500,1185,1147,376,-1,2
P,20542,1185,1147,376,0,2
P,20584,1185,1147,376,1,4
P,20626,1185,1147,376,-1,4
P,20668,1185,1148,376,-1,3
P,20710,1185,1147,376,-1,3
P,20751,1185,1147,376,0,3
P,20793,1185,1148,376,0,3
P,20835,1185,1147,376,-1,3
P,20996,1185,1147,376,-1,4
P,21078,1185,1147,376,-1,3
P,21320,1185,1147,375,-1,4
P,21401,1185,1147,376,-1,5
P,21443,1185,1147,375,-1,4
P,21485,1185,1148,375,-1,5
P,21567,1185,1148,375,-1,4
P,21609,1185,1148,375,-1,5
P,21651,1185,1148,375,-1,6
P,21693,1185,1148,374,-1,7
● 動き 3 : 進んだ 7 mm / 向き 37.2 ° / 左アーム -1 ° / 右アーム 7 °
P,22355,1185,1147,376,-1,8
P,22397,1185,1148,377,-1,7
P,22439,1185,1147,377,-1,7
P,22481,1185,1147,377,-1,8
P,22523,1185,1147,377,-1,7
P,22645,1185,1147,377,-1,8
P,22687,1185,1147,377,-1,7
P,22769,1185,1147,380,-1,8
P,22811,1185,1147,380,-1,7
P,22933,1185,1147,380,-1,8
P,22975,1185,1147,380,-1,7
P,23217,1185,1147,379,-1,8
P,23339,1185,1147,380,-1,7
P,23381,1185,1147,380,-1,8
P,23423,1185,1147,379,-1,7
P,23585,1184,1148,377,-1,7
P,23627,1184,1147,377,-1,7
P,23829,1184,1148,377,-1,7
P,23871,1184,1147,377,-1,7
P,23913,1185,1147,377,-1,7
P,23954,1185,1148,377,-1,7
P,24036,1185,1147,378,-1,7
P,24118,1185,1148,378,-1,7
P,24200,1185,1147,378,-1,7
P,24282,1185,1148,378,-1,7
P,24324,1185,1148,379,-1,8
P,24366,1185,1148,378,-1,7
P,24448,1185,1148,379,-1,8
P,24489,1185,1148,379,-1,7
P,24531,1185,1148,379,-1,6
P,24573,1184,1148,379,-1,7
P,24694,1184,1149,379,-1,8
P,24776,1185,1148,382,-1,7
P,24938,1185,1148,383,-1,8
P,25019,1185,1148,383,-1,7
P,25061,1185,1148,383,-1,8
P,25103,1185,1148,384,-1,7
P,25144,1185,1148,384,-1,8
P,25186,1185,1148,383,-1,7
P,25268,1185,1148,383,-1,8
P,25350,1185,1148,384,-1,7
P,25392,1185,1148,383,-1,8
P,25434,1185,1148,384,-1,7
P,25476,1184,1148,384,-1,7
P,25598,1184,1147,385,-1,8
P,25640,1184,1147,385,-1,7
P,25682,1185,1148,385,-1,8
P,25724,1185,1148,385,-1,7
P,25766,1185,1147,385,-1,7
P,25808,1185,1148,385,-1,8
P,25850,1184,1147,384,-1,7
P,25892,1184,1148,385,-1,7
P,25934,1184,1147,385,-1,8
P,25975,1184,1147,385,-1,7
P,26017,1184,1148,385,-1,7
P,26059,1184,1147,385,-1,7
P,26101,1184,1148,385,-1,7
P,26303,1184,1148,384,-1,4
P,26504,1184,1147,384,-1,4
P,26545,1184,1148,384,-1,3
P,26667,1184,1148,384,-1,2
P,26709,1184,1148,384,-1,1
P,26830,1184,1147,384,-1,1
P,26872,1184,1148,384,-1,1
● 動き 4 : 進んだ 0 mm / 向き 0.8 ° / 左アーム 0 ° / 右アーム -6 °
P,27614,1184,1148,384,-1,0
P,27656,1184,1148,384,0,0
P,27778,1184,1148,382,-1,1
P,27939,1184,1148,382,0,1
P,27981,1184,1148,383,-1,1
P,28023,1184,1149,382,0,1
P,28065,1184,1149,381,1,1
P,28307,1182,1150,371,0,1
P,28349,1182,1151,366,0,1
P,28390,1180,1152,356,1,1
P,28431,1178,1155,345,0,1
P,28473,1177,1157,330,0,1
P,28515,1175,1159,320,1,1
P,28556,1174,1160,313,1,1
P,28598,1173,1160,310,1,1
P,28680,1172,1160,303,1,1
P,28721,1169,1160,295,1,1
P,28763,1166,1160,289,1,1
P,28805,1165,1160,285,0,1
P,28846,1165,1160,281,1,1
P,28888,1163,1160,275,1,1
P,28929,1161,1160,268,1,1
P,28970,1159,1160,263,1,1
P,29011,1158,1160,257,0,1
P,29053,1156,1160,250,1,1
P,29095,1154,1160,245,1,1
P,29136,1153,1160,240,1,1
P,29178,1150,1160,235,0,1
P,29219,1150,1160,232,1,1
P,29340,1150,1161,230,1,1
P,29382,1150,1160,229,1,1
P,29424,1148,1161,223,1,1
P,29465,1147,1163,215,1,1
P,29507,1146,1169,196,0,1
P,29549,1144,1177,170,-1,1
P,29590,1143,1183,150,0,1
P,29632,1141,1188,133,-1,1
P,29674,1141,1192,120,-1,1
P,29715,1141,1196,108,-1,1
P,29757,1141,1201,94,-1,1
P,29799,1141,1206,81,-1,1
P,29841,1140,1210,67,-1,1
P,29883,1140,1214,54,-1,1
P,29925,1140,1218,39,-1,1
P,29967,1140,1224,21,-1,1
P,30009,1139,1230,4,-1,1
P,30051,1135,1231,-20,-1,1
P,30093,1129,1236,-48,-1,1
P,30135,1123,1239,-73,-1,1
P,30177,1118,1241,-92,1,1
P,30219,1114,1242,-106,-1,1
P,30261,1111,1242,-116,1,1
P,30303,1108,1242,-127,0,1
P,30345,1105,1242,-137,-1,1
P,30387,1100,1243,-151,-1,1
P,30429,1095,1243,-169,-1,1
P,30471,1090,1243,-187,-1,1
P,30513,1085,1243,-204,-1,1
P,30555,1078,1242,-221,-1,1
P,30596,1074,1244,-239,-1,1
P,30638,1070,1249,-264,-1,1
P,30680,1065,1253,-291,-1,1
P,30722,1061,1257,-316,-1,0
P,30764,1057,1263,-342,-1,0
P,30806,1054,1267,-366,-1,0
P,30848,1051,1270,-386,-1,0
P,30890,1047,1272,-403,-1,0
P,30932,1043,1273,-418,-1,0
P,30974,1038,1274,-435,-1,0
P,31015,1032,1275,-455,-1,0
P,31057,1025,1275,-476,-1,0
P,31099,1018,1275,-495,-1,0
P,31141,1014,1275,-509,1,0
P,31183,1010,1275,-522,-1,0
P,31225,1007,1275,-533,-1,0
P,31267,1004,1276,-545,-1,0
P,31309,999,1276,-560,-1,0
P,31351,995,1278,-575,-1,0
P,31393,992,1280,-593,-1,0
P,31435,989,1281,-607,-1,0
P,31477,986,1282,-621,-1,0
P,31519,983,1284,-635,-1,0
P,31561,980,1287,-652,-1,0
P,31603,980,1291,-668,-1,0
P,31645,980,1296,-681,-1,0
P,31687,980,1302,-699,-1,0
P,31729,980,1309,-718,-1,0
P,31771,980,1315,-734,-1,0
P,31813,981,1320,-745,-1,0
P,31855,982,1324,-753,-1,0
P,31897,983,1327,-759,-1,0
P,31939,983,1329,-763,-1,0
P,31981,984,1331,-766,-1,0
P,32023,984,1333,-770,-1,0
P,32065,984,1335,-776,-1,0
P,32107,982,1335,-784,-1,0
P,32149,980,1335,-793,-1,0
P,32191,979,1335,-796,-1,0
P,32233,978,1336,-800,-1,0
P,32274,977,1336,-804,-1,0
P,32356,977,1339,-813,-1,0
P,32398,977,1345,-827,-1,0
P,32440,977,1350,-845,-1,0
P,32482,977,1356,-860,-1,0
P,32524,978,1361,-869,-1,0
P,32566,979,1363,-872,-1,0
P,32688,978,1363,-875,-1,0
P,32810,977,1363,-877,-1,0
P,32972,978,1363,-877,-1,0
P,33134,979,1363,-877,-1,0
P,33176,980,1365,-878,-1,0
P,33218,982,1372,-885,-1,0
P,33260,988,1380,-893,-1,0
P,33302,992,1391,-903,-1,0
P,33344,999,1400,-913,-1,0
P,33395,1012,1412,-911,0,0
P,33437,1021,1420,-908,-1,0
P,33479,1030,1429,-904,-1,0
P,33521,1040,1436,-902,-1,0
P,33563,1050,1446,-902,-1,0
P,33605,1059,1455,-905,-1,0
P,33647,1067,1463,-908,-1,0
P,33689,1076,1472,-909,-1,0
P,33731,1086,1481,-909,-1,0
P,33773,1095,1490,-908,-1,0
P,33815,1105,1499,-907,-1,0
P,33857,1115,1510,-905,-1,0
P,33899,1123,1519,-904,-1,0
P,33941,1133,1528,-903,-1,0
P,33983,1141,1538,-901,-1,0
P,34025,1151,1547,-900,-1,0
P,34067,1159,1556,-899,-1,0
P,34109,1167,1567,-897,-1,0
P,34151,1177,1574,-895,-1,0
P,34193,1185,1582,-892,-1,0
P,34235,1194,1589,-888,-1,0
P,34277,1200,1593,-884,-1,0
P,34319,1205,1598,-880,-1,0
P,34361,1211,1603,-877,-1,0
P,34403,1215,1606,-873,-1,0
P,34444,1221,1609,-870,-1,0
P,34485,1226,1613,-867,-1,0
P,34527,1231,1617,-866,-1,0
P,34568,1236,1622,-865,-1,0
P,34609,1240,1626,-864,-1,0
P,34651,1244,1629,-864,-1,0
P,34693,1247,1632,-865,-1,0
P,34735,1250,1635,-865,-1,0
P,34777,1252,1637,-864,-1,0
P,34819,1254,1638,-862,-1,0
P,34861,1256,1640,-861,-1,0
P,34903,1259,1642,-859,-1,0
P,34944,1261,1643,-858,-1,0
P,34986,1262,1643,-858,-1,0
P,35028,1262,1644,-857,-1,0
P,35110,1262,1643,-856,-1,0
P,35232,1261,1642,-855,-1,0
P,35354,1261,1642,-856,-1,1
P,35436,1261,1642,-855,0,1
P,35478,1261,1642,-856,0,0
P,35520,1261,1642,-855,1,1
P,35562,1261,1642,-855,1,0
P,35644,1261,1642,-855,0,0
P,35686,1261,1642,-855,1,1
P,35728,1261,1642,-855,1,0
P,35970,1261,1642,-855,1,1
P,36052,1261,1642,-855,1,0
P,36174,1261,1642,-855,1,1
P,36256,1261,1642,-855,1,0
P,36458,1261,1642,-855,1,1
P,36540,1261,1642,-855,1,0
P,36582,1261,1642,-855,1,1
P,36624,1261,1642,-855,1,0
P,36746,1261,1642,-855,1,1
P,36788,1261,1642,-855,1,0
P,36910,1261,1642,-855,-1,1
P,36952,1261,1642,-855,-1,0
P,37354,1261,1642,-855,-1,1
P,37396,1260,1642,-855,-1,1
P,37438,1260,1642,-855,-1,0
P,37480,1260,1642,-855,-1,1
P,37882,1260,1641,-856,-1,1
P,37963,1260,1641,-856,-1,0
P,38005,1260,1641,-856,-1,1
P,38167,1259,1641,-856,-1,1
P,38409,1259,1640,-857,-1,1
P,38491,1258,1640,-858,-1,1
P,38533,1257,1639,-859,-1,1
P,38574,1256,1637,-854,-1,1
P,38615,1256,1636,-853,-1,0
P,38657,1256,1636,-853,-1,1
● 動き 5 : 進んだ 152 mm / 向き -123.7 ° / 左アーム 0 ° / 右アーム 0 °
P,39279,1255,1636,-853,-1,1
P,39481,1254,1636,-860,-1,1
P,39963,1254,1637,-861,-1,1
P,40004,1254,1636,-861,-1,1
P,40046,1254,1637,-862,-1,1
P,40168,1253,1637,-865,-1,1
P,40210,1253,1638,-866,-1,1
P,40292,1253,1639,-870,-1,1
P,40333,1253,1640,-873,-1,1
P,40375,1253,1641,-875,-1,1
P,40417,1253,1642,-877,-1,1
● 動き 6 : 進んだ 1 mm / 向き -2.8 ° / 左アーム 0 ° / 右アーム 0 °
P,41039,1253,1643,-884,-1,1
P,41160,1253,1643,-889,-1,1
● 動き 7 : 進んだ 0 mm / 向き -1.1 ° / 左アーム 0 ° / 右アーム 0 °
P,42062,1252,1643,-893,-1,1
P,42464,1252,1643,-896,0,1
P,42506,1252,1643,-897,-1,1
P,42588,1252,1643,-898,1,1
P,42630,1252,1643,-898,-2,1
P,42671,1252,1643,-898,-1,1
P,42713,1252,1643,-898,0,1
P,42755,1252,1643,-897,-2,1
P,42837,1252,1643,-897,0,1
P,42879,1252,1643,-897,-2,1
P,42920,1252,1643,-896,0,1
P,43162,1252,1643,-895,-2,1
P,43204,1252,1643,-894,0,1
● 動き 8 : 進んだ 0 mm / 向き -0.2 ° / 左アーム 1 ° / 右アーム 0 °
P,44226,1252,1643,-894,0,1
P,45228,1252,1643,-894,0,1
P,46230,1252,1643,-894,0,1
P,47232,1252,1643,-894,0,1
P,48234,1252,1643,-894,0,1
P,49236,1252,1643,-894,0,1
P,49318,1252,1643,-893,-2,1
P,49440,1252,1643,-893,-1,1
P,49522,1252,1643,-893,0,1
P,49763,1252,1643,-893,-1,1
P,49805,1252,1643,-893,-2,1
P,49847,1252,1643,-893,-1,1
P,49929,1252,1642,-893,0,1
P,49971,1252,1642,-892,-1,1
P,50013,1252,1642,-892,0,1
P,50055,1252,1642,-893,-1,1
P,50097,1252,1643,-893,-1,1
P,50139,1252,1642,-893,-2,1
P,50181,1252,1643,-893,-2,1
P,50223,1252,1642,-893,-2,1
P,50265,1252,1643,-893,-2,1
P,50307,1252,1642,-893,-2,1
P,50549,1252,1643,-893,-2,1
P,50631,1252,1642,-893,-2,1
P,50673,1252,1643,-893,-2,1
P,50715,1252,1642,-893,-2,1
P,50757,1252,1643,-893,-2,1
P,50839,1252,1642,-893,-2,1
P,50881,1252,1643,-893,-2,1
P,50963,1252,1642,-893,-2,1
P,51205,1252,1643,-893,-2,1
P,51247,1252,1642,-892,-2,1
P,51289,1252,1643,-892,-2,5
P,51330,1252,1642,-892,-2,5
P,51412,1252,1643,-892,-2,6
P,51534,1252,1642,-892,-2,6
P,51696,1252,1643,-892,-2,6
P,51738,1252,1642,-892,-2,6
P,51860,1252,1643,-892,-2,6
P,51902,1252,1642,-892,-2,6
P,51944,1252,1642,-892,-1,6
P,51986,1252,1643,-892,-1,6
P,52028,1252,1642,-892,-1,6
P,52230,1252,1642,-892,-2,6
P,52312,1252,1642,-892,-3,6
P,52473,1252,1642,-892,-2,6
P,52715,1252,1642,-892,-2,4
P,52757,1252,1642,-893,-2,3
P,53159,1252,1642,-888,-2,3
P,53241,1252,1641,-886,-2,2
P,53283,1252,1642,-888,-2,2
P,53325,1252,1642,-888,-3,2
P,53367,1252,1641,-887,-2,2
P,53408,1253,1642,-888,-2,2
P,53490,1253,1642,-887,-2,1
P,53532,1252,1642,-888,-2,1
P,53613,1252,1642,-889,-3,1
P,53695,1254,1642,-884,-2,1
P,53897,1255,1643,-884,-2,1
P,54018,1255,1642,-884,-3,1
P,54059,1255,1642,-883,-4,1
P,54101,1255,1642,-883,-4,4
P,54183,1255,1642,-883,-4,5
P,54665,1257,1643,-877,-4,6
P,54707,1258,1643,-876,-3,6
P,54749,1257,1641,-873,-2,6
P,54831,1258,1641,-872,-3,6
P,54873,1258,1640,-868,-3,6
P,54915,1258,1639,-862,-4,6
P,54957,1258,1635,-852,-4,6
P,54999,1258,1633,-840,-4,6
P,55041,1260,1632,-831,-4,6
P,55083,1261,1632,-820,-4,6
P,55125,1263,1632,-809,-4,7
P,55167,1267,1632,-796,-4,7
P,55209,1272,1632,-783,-3,7
P,55251,1276,1632,-770,-3,7
P,55293,1280,1632,-758,-3,6
P,55334,1284,1632,-748,-3,7
P,55376,1287,1632,-742,-3,7
P,55418,1288,1632,-739,-3,7
P,55459,1289,1632,-739,-3,7
P,55541,1288,1632,-740,-3,7
P,55663,1287,1632,-746,-3,7
P,55744,1287,1633,-748,-3,7
P,55825,1288,1633,-747,-3,7
P,55867,1290,1636,-747,-3,7
P,55909,1293,1639,-749,-3,7
P,55950,1298,1645,-752,-3,7
P,55992,1303,1650,-752,-3,6
P,56034,1311,1657,-755,-3,7
P,56075,1319,1668,-758,-3,6
P,56117,1329,1681,-759,-3,7
P,56159,1343,1694,-760,-3,6
P,56201,1355,1707,-760,-3,6
P,56243,1371,1723,-759,-3,6
P,56284,1385,1738,-758,-3,6
P,56326,1400,1753,-757,-3,6
P,56368,1419,1770,-756,-3,6
P,56409,1435,1784,-754,-3,6
P,56451,1452,1799,-751,-3,6
P,56493,1471,1814,-747,-3,6
P,56534,1486,1828,-744,-3,6
P,56576,1503,1843,-740,-3,6
P,56618,1520,1860,-736,-3,6
P,56660,1536,1876,-732,-3,7
P,56702,1552,1895,-729,-3,6
P,56744,1570,1912,-725,-3,7
P,56786,1588,1930,-722,-3,7
P,56828,1609,1949,-718,-3,7
P,56870,1628,1964,-714,-3,7
P,56912,1647,1984,-710,-3,7
P,56954,1668,2000,-706,-3,7
P,56995,1687,2016,-702,-3,7
P,57037,1704,2035,-699,-3,6
P,57079,1722,2052,-695,-3,6
P,57120,1738,2068,-693,-3,6
P,57162,1755,2087,-690,-3,6
P,57204,1775,2102,-686,-3,6
P,57245,1791,2118,-683,-3,6
P,57287,1808,2133,-681,-3,6
P,57329,1825,2147,-678,-3,6
P,57370,1839,2159,-676,-3,6
P,57412,1852,2171,-673,-3,6
P,57454,1863,2181,-671,-3,6
P,57495,1872,2188,-670,-3,6
P,57537,1879,2195,-668,-3,6
P,57579,1883,2199,-667,-3,6
P,57620,1886,2202,-666,-3,6
P,57702,1887,2202,-664,-3,6
P,57784,1887,2201,-662,-3,6
P,57865,1887,2199,-656,-3,6
P,57907,1887,2198,-653,-3,6
P,57949,1886,2198,-652,-3,6
P,57990,1886,2196,-653,-3,6
P,58032,1883,2194,-654,-3,6
P,58074,1880,2193,-659,-3,6
P,58115,1878,2193,-664,-2,6
P,58157,1878,2192,-664,-2,6
P,58199,1878,2193,-664,-3,6
P,58240,1879,2193,-664,-3,6
P,58682,1879,2193,-664,-2,6
P,58764,1879,2193,-664,-3,6
P,58966,1879,2193,-664,-2,6
P,59008,1879,2193,-664,-1,6
P,59090,1879,2193,-663,-2,6
P,59132,1879,2193,-662,-3,5
P,59174,1879,2193,-662,-2,6
P,59216,1879,2193,-656,-2,6
P,59258,1881,2191,-645,-2,6
P,59300,1882,2191,-639,-2,6
P,59342,1885,2191,-629,-2,7
P,59384,1887,2191,-616,-2,6
P,59425,1890,2191,-602,-2,6
P,59466,1893,2190,-586,-2,6
P,59508,1897,2185,-564,-2,6
P,59550,1898,2179,-539,-2,6
P,59592,1899,2171,-515,-2,6
P,59634,1899,2164,-494,-2,6
P,59676,1899,2158,-475,-1,6
P,59718,1899,2153,-459,-1,6
P,59760,1899,2149,-445,-1,6
P,59802,1900,2147,-435,-1,6
P,59844,1900,2145,-427,-1,6
P,59886,1901,2144,-421,-1,6
P,59968,1902,2144,-415,-1,6
P,60010,1905,2144,-408,-1,6
P,60052,1909,2144,-396,-1,6
P,60094,1914,2144,-380,-1,6
P,60136,1920,2144,-361,-1,6
P,60178,1927,2144,-341,-1,6
P,60220,1933,2144,-321,-1,6
P,60262,1939,2142,-300,-1,6
P,60304,1943,2139,-277,-1,6
P,60346,1947,2135,-256,-1,6
P,60388,1950,2131,-235,-1,6
P,60430,1954,2126,-213,-1,6
P,60472,1956,2122,-193,-1,6
P,60514,1959,2119,-174,-1,6
P,60556,1962,2116,-157,-1,6
P,60598,1965,2113,-142,-1,6
P,60640,1968,2112,-130,-1,6
P,60682,1969,2109,-119,-1,6
P,60724,1969,2105,-108,-1,6
P,60766,1969,2102,-96,-1,6
P,60808,1969,2097,-84,-1,6
P,60850,1969,2093,-70,-1,6
P,60892,1969,2087,-56,-1,6
P,60933,1969,2082,-43,-1,6
P,60975,1969,2078,-32,-1,6
P,61017,1969,2075,-21,-1,6
P,61058,1969,2071,-11,-1,6
P,61100,1970,2068,0,-1,6
P,61142,1972,2065,10,-1,6
P,61183,1974,2064,23,-2,6
P,61225,1976,2064,34,-2,6
P,61266,1981,2063,46,-2,6
P,61308,1986,2064,59,-2,7
P,61350,1992,2063,72,-2,6
P,61392,1997,2063,86,-2,6
P,61434,2002,2063,100,-2,6
P,61476,2008,2063,113,-2,6
P,61518,2012,2063,126,-2,6
P,61560,2018,2064,138,-2,6
P,61602,2021,2063,149,-2,6
P,61644,2025,2063,160,-2,6
P,61686,2029,2063,170,-2,6
P,61728,2033,2064,181,-2,7
P,61770,2037,2063,192,-2,6
P,61812,2040,2063,203,-2,6
P,61854,2044,2063,215,-2,7
P,61896,2049,2063,228,-2,6
P,61938,2052,2063,241,-2,6
P,61980,2057,2063,254,-2,6
P,62022,2062,2063,268,-2,6
P,62064,2066,2063,281,-2,6
P,62106,2071,2063,295,-2,6
P,62148,2076,2063,308,-2,6
P,62190,2080,2063,322,-2,6
P,62232,2085,2063,335,-2,6
P,62274,2088,2063,348,-2,6
P,62316,2093,2063,362,-2,6
P,62358,2096,2063,376,-2,6
P,62400,2102,2063,390,-2,6
P,62442,2107,2063,405,-2,6
P,62484,2111,2063,420,-2,6
P,62526,2117,2063,434,-2,6
P,62568,2122,2063,448,-1,7
P,62610,2126,2064,460,-1,6
P,62652,2131,2064,468,-1,6
P,62694,2132,2064,470,-2,6
P,62736,2132,2064,468,-2,7
P,62778,2132,2064,465,-2,6
P,62820,2132,2065,460,-2,7
P,62862,2131,2065,456,-2,7
P,62903,2131,2065,454,-1,7
P,62984,2131,2065,453,-2,7
P,63066,2131,2065,453,-1,7
P,63467,2130,2064,453,-1,7
P,63508,2129,2064,453,0,7
P,63550,2129,2064,453,-1,7
P,63632,2130,2065,453,-1,7
P,63674,2130,2065,453,0,7
P,63756,2131,2065,456,0,6
P,63838,2132,2065,458,0,7
P,63880,2132,2066,458,0,6
P,63922,2133,2068,459,0,7
P,63964,2135,2071,458,0,7
P,64006,2141,2074,458,0,7
P,64048,2146,2077,461,-1,6
P,64089,2149,2082,462,0,7
P,64131,2155,2086,463,0,7
P,64173,2160,2092,464,-1,7
P,64214,2164,2096,464,0,7
P,64256,2169,2100,463,-1,7
P,64298,2173,2104,462,0,7
P,64339,2176,2108,462,-1,6
P,64381,2180,2112,462,-1,6
P,64423,2183,2115,462,-1,6
P,64464,2187,2119,462,-1,6
P,64506,2191,2122,462,-1,7
P,64548,2195,2126,461,-1,6
P,64589,2198,2130,461,-1,6
P,64631,2201,2134,460,-1,7
P,64673,2206,2137,460,-1,6
P,64714,2209,2141,459,-1,7
P,64756,2212,2144,459,-1,7
P,64798,2216,2148,460,-1,6
P,64839,2219,2152,459,-1,6
P,64881,2223,2155,459,-1,6
P,64923,2226,2158,459,-1,6
P,64964,2229,2161,458,-1,6
P,65005,2230,2163,457,-1,6
P,65047,2233,2165,458,-1,6
P,65089,2234,2167,457,-1,6
P,65131,2238,2170,457,-1,6
P,65173,2241,2174,458,-1,6
P,65214,2244,2176,458,-1,6
P,65256,2246,2178,460,-2,6
P,65338,2246,2178,460,-1,6
P,65379,2247,2179,459,-1,6
P,65421,2251,2182,459,-1,6
P,65463,2255,2187,459,-1,6
P,65504,2259,2190,460,-1,7
P,65546,2262,2193,462,-1,6
P,65588,2265,2197,463,-1,7
P,65629,2268,2199,465,-2,7
P,65671,2270,2200,465,-2,6
P,65713,2270,2200,465,-2,7
P,65794,2270,2201,465,-2,7
P,65956,2270,2202,465,-2,7
P,65998,2271,2202,465,-2,7
P,66400,2271,2203,464,-2,7
P,66442,2272,2203,464,-2,7
P,66484,2274,2205,464,-1,7
P,66525,2280,2212,463,-1,7
P,66567,2286,2220,462,-1,8
P,66609,2293,2226,462,-1,8
P,66650,2298,2230,465,-1,7
P,66692,2300,2232,467,-1,8
P,66734,2300,2234,467,-1,8
P,66775,2305,2238,465,-1,7
P,66817,2309,2244,465,-1,7
P,66859,2314,2247,466,-1,7
P,66900,2318,2251,467,-1,8
P,66942,2322,2256,468,-1,8
P,66984,2325,2259,468,-1,8
P,67025,2328,2263,468,-1,8
P,67067,2332,2267,468,-1,8
P,67109,2334,2270,468,-1,8
P,67150,2338,2274,468,-1,8
P,67192,2342,2277,468,-2,8
P,67234,2342,2277,469,-2,7
P,67275,2342,2277,470,-2,8
● 動き 9 : 進んだ 469 mm / 向き 136.0 ° / 左アーム -2 ° / 右アーム 7 °
P,68297,2342,2277,468,-2,8
P,68859,2341,2277,467,-1,8
P,68941,2340,2275,467,-1,8
P,68983,2338,2273,467,-1,8
P,69025,2335,2271,466,-1,8
P,69067,2332,2268,465,-1,8
P,69109,2331,2267,465,-1,8
P,69151,2328,2266,464,-1,8
P,69193,2325,2261,463,-1,8
P,69235,2319,2256,462,-1,8
P,69276,2314,2250,461,-1,8
P,69318,2307,2245,459,-1,8
P,69360,2302,2237,459,-1,8
P,69402,2295,2230,458,-1,8
P,69444,2288,2223,458,-1,8
P,69486,2282,2216,459,-1,8
P,69528,2275,2208,459,-1,7
P,69569,2268,2201,459,-1,7
P,69611,2261,2193,459,-1,7
P,69653,2252,2186,458,0,7
P,69694,2244,2179,458,-1,7
P,69736,2237,2171,457,-1,7
P,69778,2228,2163,456,0,7
P,69819,2221,2156,456,0,7
P,69861,2213,2148,456,-1,7
P,69903,2205,2140,457,-1,7
P,69944,2197,2132,457,-1,7
P,69986,2189,2124,458,-1,7
P,70028,2180,2116,458,-1,7
P,70069,2172,2107,458,-1,7
P,70111,2164,2099,458,-1,7
P,70153,2155,2091,458,-1,7
P,70194,2147,2082,457,-1,7
P,70245,2138,2073,457,-1,8
P,70287,2132,2065,457,-1,7
P,70329,2124,2059,457,-1,8
P,70371,2119,2053,457,-1,8
P,70413,2113,2047,457,-1,8
P,70454,2109,2043,457,-1,8
P,70496,2105,2038,457,-1,8
P,70538,2099,2034,456,-1,8
P,70580,2096,2030,455,-1,8
P,70622,2093,2027,455,-1,8
P,70664,2091,2025,455,-1,8
P,70706,2091,2024,455,-1,8
P,70828,2091,2025,457,-1,8
P,70870,2092,2025,457,-1,8
P,70912,2092,2025,457,-2,8
P,70954,2093,2026,458,-2,7
P,70996,2094,2027,458,-2,8
P,71038,2094,2027,458,-1,8
P,71120,2093,2026,458,-1,7
P,71202,2093,2025,458,-1,6
P,71244,2093,2026,458,-1,7
P,71446,2093,2025,458,-1,7
P,71488,2093,2026,458,-1,6
P,71569,2093,2026,458,-1,7
P,71611,2093,2025,458,-1,6
P,71653,2093,2026,458,-1,6
P,71774,2093,2026,458,-1,7
P,71816,2093,2026,458,-1,6
P,71858,2093,2026,458,-1,7
P,71900,2093,2025,458,-1,6
P,71942,2093,2026,458,-1,6
P,71984,2093,2026,458,-1,7
P,72146,2093,2026,458,-1,6
P,72188,2093,2026,458,-1,7
P,72230,2093,2026,458,-1,6
P,72272,2093,2025,458,-1,6
P,72314,2093,2026,458,-1,7
P,72516,2092,2027,452,-1,7
P,72558,2091,2027,449,-1,7
P,72600,2092,2028,449,-1,6
P,72642,2092,2028,449,-1,7
P,72684,2093,2028,449,-1,7
P,72846,2093,2027,454,-1,7
P,73168,2092,2028,452,-1,7
P,73250,2091,2027,450,-1,7
P,73292,2091,2028,450,-1,7
P,73334,2092,2028,451,-1,7
P,73416,2093,2028,453,-1,7
P,73458,2093,2027,455,-1,7
P,73500,2094,2026,460,-1,7
P,73542,2095,2025,469,-1,7
P,73584,2096,2024,478,-1,7
P,73626,2098,2024,489,-1,7
P,73668,2100,2024,499,-1,7
P,73710,2103,2024,509,-1,7
P,73752,2103,2024,516,-1,7
P,73794,2109,2023,527,-1,7
P,73836,2111,2023,537,-1,7
P,73878,2113,2023,545,-1,7
P,73920,2115,2023,556,-1,7
P,73962,2119,2021,570,-1,7
P,74004,2123,2017,591,-1,7
P,74045,2126,2014,610,-1,7
P,74087,2129,2011,629,-1,7
P,74129,2132,2008,646,0,7
P,74170,2136,2005,666,0,7
P,74212,2142,2002,689,1,7
P,74254,2150,2001,713,-1,7
P,74296,2157,2001,734,-1,7
P,74338,2166,2001,756,-1,7
P,74379,2175,2001,778,-1,7
P,74420,2182,2001,800,-1,8
P,74462,2190,2001,822,-1,7
P,74504,2198,2001,844,-1,7
P,74545,2205,2000,865,-1,8
P,74587,2212,2000,887,-1,7
P,74629,2219,2000,909,-1,7
P,74670,2225,2000,928,-1,7
P,74712,2231,2000,947,-1,7
P,74754,2236,2000,960,-1,8
P,74795,2238,2000,968,-1,7
P,74837,2239,2000,969,-1,7
P,74959,2239,2000,969,-1,8
P,75001,2239,2000,968,-1,7
P,75083,2239,2000,968,-1,8
P,75125,2239,2000,967,-1,7
P,75167,2238,2000,967,-1,7
P,75209,2238,2000,966,-1,8
P,75251,2238,2000,966,-1,7
P,75373,2238,2001,965,-1,7
P,75655,2239,2001,966,-1,7
P,75697,2239,2001,965,-1,8
P,75739,2239,2002,966,-1,7
P,75781,2240,2003,964,-1,7
P,75823,2241,2006,960,-1,7
P,75865,2245,2010,960,-1,7
P,75907,2251,2015,964,-1,7
P,75949,2258,2022,964,-1,7
P,75991,2266,2031,965,-1,7
P,76032,2274,2039,967,-1,7
P,76074,2283,2049,969,-1,7
P,76116,2294,2060,972,-1,7
P,76157,2305,2070,975,-1,7
P,76199,2317,2081,979,-1,7
P,76241,2330,2092,982,-1,7
P,76283,2342,2104,985,-1,7
P,76325,2354,2115,986,-1,7
P,76367,2368,2126,987,-1,7
P,76409,2380,2137,988,-1,7
P,76451,2394,2150,988,-1,7
P,76493,2404,2163,986,-1,7
P,76535,2415,2175,983,-1,7
P,76577,2427,2187,980,-1,7
P,76619,2437,2198,977,-1,7
P,76661,2448,2209,973,-1,7
P,76703,2458,2223,971,-1,7
P,76745,2468,2235,969,-1,7
P,76787,2478,2248,967,-1,7
P,76829,2489,2259,965,-1,7
P,76871,2500,2270,964,-1,8
P,76913,2510,2282,962,-1,7
P,76955,2520,2293,960,-1,7
P,76997,2532,2303,959,-1,8
P,77039,2542,2311,959,-1,7
P,77081,2554,2323,958,-1,7
P,77122,2563,2333,957,-1,7
P,77164,2572,2342,956,-1,8
P,77206,2582,2352,954,-1,7
P,77248,2591,2362,952,-1,8
P,77290,2599,2372,949,-1,7
P,77332,2608,2384,946,-1,7
P,77374,2617,2394,942,-1,7
P,77416,2626,2405,938,-1,7
P,77458,2635,2417,935,-1,7
P,77500,2644,2428,933,-1,7
P,77542,2653,2440,930,-1,7
P,77584,2661,2450,926,-1,7
P,77626,2669,2460,923,-1,7
P,77667,2677,2468,923,-1,7
P,77709,2685,2475,923,-1,7
P,77751,2693,2481,925,-1,7
P,77793,2700,2488,925,-1,7
P,77835,2707,2494,925,-1,7
P,77877,2714,2501,925,-1,7
P,77919,2721,2508,924,-1,7
P,77961,2728,2514,923,-1,7
P,78002,2735,2522,920,-1,7
P,78044,2742,2529,917,-1,7
P,78086,2749,2537,913,-1,7
P,78128,2756,2545,910,-1,7
P,78170,2763,2551,908,-1,7
P,78212,2769,2559,907,-1,7
P,78254,2774,2566,903,-1,7
P,78296,2779,2571,902,-1,7
P,78338,2781,2574,901,-1,7
P,78380,2781,2573,901,-1,7
P,78742,2780,2573,901,-1,7
P,78824,2781,2573,903,-1,7
P,79026,2782,2573,903,-1,7
P,79068,2782,2574,902,-1,7
P,79110,2782,2575,903,-1,7
P,79152,2784,2577,903,-1,7
P,79193,2785,2579,903,-1,7
P,79234,2789,2584,901,-1,7
P,79276,2796,2590,902,-1,7
P,79318,2803,2599,904,-1,7
P,79359,2808,2605,903,-1,7
P,79401,2812,2609,903,-1,7
P,79442,2812,2611,902,-1,7
P,79483,2812,2610,901,-1,7
P,79564,2812,2609,906,-1,7
● 動き 10 : 進んだ 218 mm / 向き 43.8 ° / 左アーム 1 ° / 右アーム -1 °
P,80586,2812,2609,906,-1,7
P,80628,2812,2608,906,-1,7
P,80669,2812,2609,905,-1,7
P,80711,2812,2608,905,-1,7
P,80793,2812,2609,905,-1,7
P,80834,2812,2609,902,-1,8
P,80876,2811,2609,896,-1,8
P,80918,2809,2610,887,-1,8
P,80959,2805,2611,873,0,8
P,81001,2802,2611,858,-1,8
P,81043,2800,2613,845,-1,7
P,81084,2799,2617,832,-1,7
P,81126,2796,2624,810,-1,7
P,81168,2793,2629,785,-1,7
P,81209,2789,2635,757,-1,7
P,81251,2785,2641,727,-1,7
P,81293,2779,2647,695,-1,7
P,81334,2772,2652,661,-1,7
P,81376,2765,2657,625,-1,7
P,81418,2758,2662,590,-1,7
P,81459,2751,2667,555,-1,7
P,81501,2746,2672,520,-1,7
P,81543,2739,2678,489,-1,7
P,81584,2736,2684,459,-1,7
P,81626,2732,2689,431,-1,7
P,81668,2728,2693,408,-1,7
P,81709,2725,2697,386,-1,7
P,81751,2722,2700,367,-1,7
P,81793,2718,2702,349,-1,7
P,81834,2714,2704,332,-1,7
P,81876,2709,2705,315,-1,7
P,81918,2703,2705,297,-1,7
P,81959,2697,2705,281,-1,7
P,82001,2692,2705,264,-1,7
P,82043,2686,2705,248,-1,7
P,82084,2681,2705,233,-1,7
P,82126,2676,2705,217,-1,7
P,82168,2672,2706,202,-1,7
P,82210,2666,2706,187,-1,7
P,82252,2661,2705,171,-1,7
P,82293,2655,2706,156,-1,7
P,82334,2650,2705,141,-1,7
P,82376,2645,2705,128,-1,7
P,82418,2641,2705,115,-1,7
P,82460,2638,2705,104,-1,7
P,82502,2634,2706,93,-1,7
P,82543,2631,2705,83,-1,7
P,82584,2628,2706,73,-1,7
P,82626,2624,2706,63,-1,7
P,82668,2621,2706,53,-1,7
P,82709,2618,2706,43,-1,7
P,82751,2616,2706,35,-1,7
P,82793,2613,2706,27,-1,7
P,82834,2611,2706,21,-1,7
P,82876,2610,2706,18,0,7
P,82958,2610,2706,17,-1,7
P,83000,2610,2706,16,0,7
P,83042,2610,2706,15,-1,7
P,83084,2609,2706,13,0,7
P,83166,2608,2706,9,-1,8
P,83248,2608,2705,10,0,7
P,83289,2608,2705,11,-1,7
P,83371,2608,2705,14,-1,8
P,83453,2608,2705,15,-1,7
P,83494,2608,2704,16,-1,8
P,83536,2609,2704,16,-1,7
P,83578,2609,2705,16,-1,7
P,83619,2609,2704,17,-1,8
P,83741,2609,2704,16,-1,7
P,83783,2609,2705,16,-1,7
P,83825,2609,2704,15,-1,7
P,83867,2609,2705,15,-1,8
P,83909,2609,2705,16,-1,7
P,83951,2609,2704,16,-1,7
P,84033,2609,2704,15,-1,8
P,84074,2609,2705,14,-1,7
P,84116,2609,2705,14,-1,8
P,84158,2609,2705,13,-1,7
P,84200,2608,2705,13,-1,7
P,84322,2606,2706,2,-1,7
P,84404,2606,2707,-6,-1,6
P,84446,2606,2707,-7,-1,7
P,84688,2606,2707,-12,-1,7
P,84810,2606,2707,-20,-1,7
P,84931,2606,2706,-21,-1,7
P,84973,2606,2706,-17,0,7
P,85015,2606,2706,-15,-1,7
P,85097,2606,2706,-13,-1,8
P,85139,2607,2705,-9,-1,7
● 動き 11 : 進んだ -30 mm / 向き -91.3 ° / 左アーム 0 ° / 右アーム 0 °
P,85761,2607,2704,-3,-1,7
P,85843,2607,2704,-3,-1,8
P,85885,2607,2703,-2,-1,7
P,85927,2607,2704,-3,-1,7
P,85969,2607,2703,-3,-1,8
P,86011,2607,2704,-3,-1,7
P,86173,2607,2703,-2,-1,4
P,86215,2607,2704,-3,-1,4
P,86257,2607,2704,-2,-1,3
P,86299,2607,2704,-2,-1,2
P,86381,2607,2704,-2,-1,1
P,86463,2608,2704,-3,-1,1
P,86585,2608,2705,-3,-1,1
P,86747,2609,2705,-3,-1,0
P,86789,2609,2705,-3,-1,1
P,86871,2608,2705,-5,-1,1
P,87032,2609,2705,-4,-1,1
P,87154,2609,2705,-4,-1,0
P,87436,2609,2705,-2,-1,1
P,87478,2609,2705,-3,-1,0
P,87560,2609,2705,-2,-1,1
P,87601,2609,2704,-2,-1,0
P,87642,2609,2705,-2,-1,0
P,87684,2609,2704,-1,-1,0
P,87806,2609,2703,0,-1,0
P,88008,2609,2704,0,-1,0
P,88090,2609,2704,0,-1,4
P,88131,2608,2704,-2,-1,1
P,88253,2609,2704,-2,-1,1
P,88295,2609,2704,-2,-1,0
P,88497,2608,2703,0,-1,0
P,88699,2608,2702,0,1,0
P,88781,2608,2702,0,0,0
P,88863,2608,2702,0,-1,0
P,88985,2608,2703,0,-1,0
P,89227,2608,2704,-1,-1,0
P,89268,2608,2703,-1,-1,0
P,89310,2608,2704,-1,-1,0
P,89392,2608,2704,0,-1,1
P,89434,2608,2704,-4,-1,2
P,89476,2608,2704,-3,-1,1
P,89557,2609,2704,-3,-1,1
P,89599,2609,2704,-2,-1,5
P,89641,2608,2703,-3,-1,5
P,89682,2608,2702,-1,-1,5
P,89724,2607,2701,1,-1,6
P,89766,2607,2699,4,-1,5
P,89807,2607,2699,4,-1,6
P,89849,2607,2699,4,-1,5
P,89891,2607,2700,3,-1,6
P,89933,2608,2701,2,-1,5
P,89975,2608,2704,-4,-1,5
P,90017,2608,2705,-6,1,3
P,90059,2609,2704,-5,1,2
P,90101,2609,2705,-6,0,2
P,90182,2608,2704,-5,1,2
P,90264,2608,2704,-4,0,0
P,90306,2608,2703,-6,0,0
P,90348,2608,2702,-8,0,0
P,90430,2608,2702,-8,-1,0
P,90472,2608,2704,-10,-1,0
P,90514,2608,2704,-12,-1,1
P,90556,2608,2704,-12,-1,3
P,90598,2608,2704,-14,-1,4
P,90640,2608,2705,-19,-1,4
P,90682,2607,2705,-20,-1,4
P,90724,2608,2705,-31,-1,4
P,90766,2608,2705,-45,-1,2
P,90808,2607,2705,-44,0,2
P,90850,2607,2702,-37,-2,7
P,90892,2608,2699,-27,0,7
P,90934,2608,2695,-19,-1,7
P,90976,2608,2694,-12,-2,7
P,91018,2608,2694,-11,-1,7
P,91060,2609,2694,-10,-1,7
P,91382,2609,2694,-10,-1,6
P,91464,2609,2694,-10,-1,5
P,91586,2609,2694,-10,-1,6
P,91628,2608,2693,-7,-1,6
P,91709,2609,2693,-6,-1,6
P,91751,2609,2693,-6,-1,5
P,91793,2609,2693,-7,-1,6
P,91875,2611,2694,0,-1,5
P,91917,2615,2697,0,-1,6
P,91959,2620,2704,0,-1,5
P,92001,2623,2707,-2,-1,5
P,92043,2628,2713,-4,-1,5
P,92085,2634,2724,-2,-1,5
P,92127,2643,2732,0,-1,5
P,92169,2652,2742,4,-1,5
P,92211,2661,2748,7,-1,5
P,92253,2665,2753,9,-1,5
P,92295,2666,2755,7,-1,5
P,92617,2667,2756,5,-1,4
P,92699,2667,2756,1,-1,3
P,92780,2666,2756,0,-1,3
P,92942,2666,2755,0,-1,3
P,93024,2666,2756,-2,-1,2
P,93065,2666,2758,-10,-1,2
P,93107,2664,2758,-19,-1,2
P,93149,2663,2758,-21,-1,2
P,93190,2663,2758,-18,-1,1
P,93232,2663,2756,-14,-1,1
P,93274,2664,2754,-8,-1,1
P,93315,2665,2755,-7,-1,0
P,93357,2666,2756,-5,-1,0
P,93399,2666,2756,0,-1,0
P,93441,2667,2756,2,-1,0
P,93563,2667,2755,2,-1,0
P,93605,2667,2756,2,-1,0
P,93647,2667,2755,2,-1,0
P,93689,2666,2755,3,-1,0
P,93770,2666,2754,0,-1,0
P,93852,2665,2753,-4,-1,0
P,93894,2664,2754,-6,-1,0
P,93936,2663,2753,-7,-1,0
P,93978,2663,2754,-7,-1,0
P,94059,2663,2753,-6,-1,0
P,94100,2663,2754,-6,-1,0
P,94222,2664,2754,-8,-1,0
P,94264,2664,2755,-9,-1,0
P,94346,2665,2756,-9,-1,0
P,94388,2665,2755,-9,-1,0
P,94430,2665,2756,-9,-1,0
P,94472,2665,2755,-10,-1,0
P,94514,2665,2756,-9,-1,0
P,94556,2665,2755,-10,-1,0
P,94598,2665,2756,-10,-1,0
P,94640,2665,2755,-10,-1,0
P,94682,2665,2756,-10,-1,0
P,94764,2665,2755,-11,-1,1
P,94805,2665,2756,-11,-1,1
P,94847,2665,2756,-12,-1,0
P,94889,2665,2756,-12,-1,1
P,94930,2665,2756,-12,-1,0
P,94972,2665,2756,-13,-1,1
P,95014,2665,2756,-13,-1,0
P,95255,2665,2756,-12,-1,1
P,95297,2665,2756,-12,-1,0
P,95339,2665,2756,-13,-1,1
P,95500,2665,2756,-16,-1,0
P,95582,2665,2756,-17,-1,1
P,95624,2665,2756,-17,-1,0
P,95785,2666,2756,-15,-1,0
P,95867,2666,2757,-15,-1,0
P,95909,2666,2757,-15,-1,1
P,95950,2666,2757,-15,-1,0
P,96272,2666,2758,-16,-1,0
P,96514,2667,2758,-15,-1,0
P,96716,2666,2757,-20,-1,0
P,96758,2666,2758,-21,-1,0
P,96800,2666,2757,-24,-1,0
P,96842,2666,2758,-28,-1,0
P,96884,2666,2757,-29,-1,0
P,96926,2666,2757,-30,-1,1
P,97248,2666,2758,-34,-1,1
P,97290,2666,2757,-34,-1,1
P,97371,2666,2758,-34,-1,1
P,97413,2666,2757,-34,-1,1
P,97575,2666,2756,-38,-1,1
P,97697,2666,2755,-35,-1,1
P,97739,2666,2756,-36,-1,1
P,97901,2666,2756,-35,-1,0
P,98183,2666,2756,-38,-1,1
P,98225,2666,2756,-38,-1,0
P,98386,2666,2756,-38,-1,1
P,98428,2666,2756,-38,-1,0
P,98470,2666,2756,-38,-1,1
P,98512,2666,2755,-36,-1,0
P,98554,2666,2754,-34,-1,2
P,98596,2666,2754,-31,-1,6
P,98638,2666,2751,-28,-1,6
P,98800,2666,2751,-27,-1,7
P,98842,2666,2750,-25,-1,7
P,98884,2666,2748,-20,-1,7
P,98926,2666,2747,-19,-1,6
P,98968,2666,2747,-19,-1,7
P,99010,2666,2747,-19,-1,6
P,99252,2666,2747,-20,-1,7
P,99294,2666,2747,-20,-1,6
P,99336,2666,2748,-21,-1,6
P,99538,2666,2747,-21,-1,7
P,99620,2666,2748,-21,-1,7
P,99702,2666,2747,-20,-1,6
P,99744,2666,2747,-20,-1,7
P,99786,2666,2748,-20,-1,7
P,99828,2666,2747,-20,-1,7
P,99870,2666,2748,-20,-1,7
P,100271,2666,2748,-21,-1,8
P,100313,2666,2748,-20,-1,7
P,100475,2666,2748,-21,-1,8
P,100597,2666,2749,-23,-1,8
P,100679,2666,2749,-23,-1,7
P,100721,2666,2749,-23,-1,4
P,100763,2666,2749,-23,-1,7
P,100924,2666,2749,-23,-1,8
P,101086,2666,2749,-23,-1,7
P,101128,2666,2749,-23,-1,8
P,101449,2666,2750,-23,-1,4
P,101491,2666,2750,-22,-1,5
P,101533,2666,2750,-23,-1,7
P,101574,2666,2749,-22,-1,7
P,101616,2666,2749,-22,-1,8
P,101698,2666,2748,-22,-1,8
P,101739,2666,2749,-23,-1,8
P,101821,2666,2747,-16,-1,7
P,101863,2666,2747,-12,-1,5
P,101945,2666,2748,-16,-1,5
P,101996,2666,2748,-17,-1,8
P,102078,2666,2748,-17,0,7
P,102120,2666,2748,-17,-1,8
P,102202,2666,2748,-17,-1,7
P,102244,2666,2748,-17,-1,8
P,102286,2666,2748,-18,-1,7
P,102408,2666,2748,-18,-1,4
P,102450,2666,2748,-18,-1,2
P,102492,2666,2748,-17,-1,1
P,102734,2666,2747,-16,-1,1
P,102856,2666,2746,-16,-1,1
P,102898,2665,2745,-16,0,1
P,102939,2662,2744,-18,-2,1
P,102980,2661,2744,-19,-3,2
P,103022,2659,2743,-20,-2,3
P,103064,2658,2742,-18,-2,2
P,103105,2656,2735,-10,-2,2
P,103147,2653,2728,1,-2,2
P,103189,2646,2722,1,-2,2
P,103230,2639,2715,1,-2,2
P,103272,2632,2707,2,-3,2
P,103314,2624,2699,2,-3,2
P,103355,2618,2692,2,-3,2
P,103397,2610,2685,3,-3,2
P,103439,2602,2677,3,-3,2
P,103481,2595,2670,3,-3,2
P,103523,2588,2663,1,-3,2
P,103564,2581,2656,1,-3,2
P,103606,2574,2651,0,-3,2
P,103648,2569,2644,1,-3,2
P,103690,2564,2637,3,-3,2
P,103732,2558,2631,5,-3,2
P,103774,2554,2626,5,-3,2
P,103816,2551,2623,5,-3,2
P,103858,2551,2622,7,-2,2
P,103940,2551,2623,7,-2,2
P,103982,2552,2623,8,-2,1
● 動き 12 : 進んだ -37 mm / 向き 1.5 ° / 左アーム -1 ° / 右アーム -6 °
P,104724,2552,2623,8,-1,1
P,104925,2552,2622,8,-1,1
P,104967,2551,2622,8,-1,1
P,105049,2551,2621,13,-1,1
P,105130,2551,2620,21,-1,0
P,105172,2553,2617,31,-1,0
P,105214,2555,2610,56,-1,0
P,105255,2558,2604,84,-1,0
P,105296,2561,2595,115,-1,0
P,105338,2562,2584,145,-1,0
P,105379,2563,2575,176,-1,0
P,105420,2566,2566,207,-1,0
P,105462,2569,2558,241,-1,0
P,105504,2571,2551,267,-1,0
P,105545,2574,2546,294,-1,0
P,105587,2578,2540,323,-1,0
P,105629,2582,2534,353,-1,0
P,105670,2587,2528,385,-1,0
P,105712,2592,2523,415,-1,0
P,105754,2595,2518,443,-1,0
P,105795,2601,2514,469,-1,0
P,105837,2604,2510,494,-1,0
P,105879,2607,2506,516,-1,0
P,105920,2611,2502,534,-2,0
P,105962,2613,2500,545,-1,0
P,106004,2613,2500,546,-2,0
P,106046,2613,2499,547,-2,0
P,106128,2613,2498,557,-2,0
P,106170,2614,2497,564,-1,0
P,106212,2617,2497,573,-2,0
P,106254,2620,2495,587,-2,0
P,106296,2623,2491,611,-2,0
P,106338,2628,2487,636,-2,0
P,106379,2633,2484,666,-2,0
P,106421,2641,2479,700,-2,0
P,106463,2648,2475,737,-2,0
P,106505,2657,2470,778,-2,0
P,106547,2666,2465,816,-2,0
P,106589,2676,2462,857,-2,0
P,106631,2688,2459,898,-2,0
P,106673,2700,2456,941,-2,0
P,106715,2714,2455,984,-2,0
P,106757,2728,2455,1028,-2,0
P,106799,2742,2455,1073,-2,0
P,106841,2759,2455,1118,-2,0
P,106883,2773,2455,1161,-2,0
P,106925,2787,2455,1199,-1,0
P,106967,2797,2455,1231,-1,0
P,107009,2806,2455,1259,-1,0
P,107051,2815,2455,1285,-1,0
P,107093,2824,2455,1312,-1,0
P,107135,2833,2455,1340,-1,0
P,107177,2842,2454,1368,-1,0
P,107219,2851,2450,1403,-1,0
P,107260,2859,2445,1440,-1,0
P,107301,2866,2439,1476,-1,0
P,107343,2871,2433,1505,-1,0
P,107385,2874,2430,1522,-1,0
P,107427,2874,2429,1525,-1,0
P,107549,2874,2428,1530,-1,0
P,107591,2875,2427,1538,-1,0
P,107633,2879,2426,1546,-1,0
P,107675,2882,2426,1556,-1,0
P,107717,2885,2426,1568,-1,0
P,107759,2888,2426,1577,-1,0
P,107801,2892,2426,1585,-1,0
P,107843,2895,2426,1595,-1,0
P,107885,2899,2426,1608,-1,0
P,107927,2904,2426,1621,-1,0
P,107969,2906,2427,1623,-1,0
P,108010,2906,2428,1623,-1,0
● 動き 13 : 進んだ 43 mm / 向き 161.2 ° / 左アーム 1 ° / 右アーム -1 °
P,108752,2906,2428,1621,-1,1
P,108794,2905,2428,1621,-1,0
P,108996,2906,2428,1621,-1,0
● 動き 14 : 進んだ 0 mm / 向き 0.0 ° / 左アーム 0 ° / 右アーム 0 °
P,109939,2906,2429,1619,-1,0
P,109981,2906,2430,1617,-1,0
P,110023,2907,2430,1618,-1,0
P,110065,2906,2430,1618,-1,0
P,110107,2907,2431,1619,-1,0
P,110189,2909,2435,1616,-1,0
P,110231,2915,2440,1610,-1,0
P,110273,2923,2452,1606,-1,0
P,110315,2936,2468,1594,-1,0
P,110357,2953,2489,1587,-1,0
P,110399,2971,2511,1582,-1,0
P,110441,2995,2534,1577,-1,0
P,110483,3018,2561,1573,-1,0
P,110525,3043,2588,1566,-1,0
P,110567,3071,2619,1565,-1,0
P,110609,3097,2648,1564,-1,0
P,110651,3125,2672,1561,-1,1
P,110693,3150,2702,1559,-1,0
P,110735,3175,2728,1555,-1,0
P,110777,3202,2756,1552,-1,0
P,110819,3227,2781,1551,-1,0
P,110861,3253,2805,1552,-1,0
P,110903,3275,2830,1551,-1,0
P,110945,3295,2850,1550,-1,0
P,110987,3317,2873,1547,-1,0
P,111029,3336,2893,1544,-1,0
P,111071,3358,2916,1536,-1,0
P,111113,3380,2945,1529,-1,0
P,111155,3405,2974,1523,-1,0
P,111197,3435,3008,1521,-1,0
P,111239,3464,3034,1523,-1,1
P,111281,3495,3062,1526,-1,0
P,111323,3523,3093,1529,-1,0
P,111365,3552,3122,1532,-1,0
P,111407,3588,3156,1538,-1,0
P,111449,3620,3187,1544,-1,0
P,111491,3655,3216,1549,-1,0
P,111533,3684,3248,1551,-1,0
P,111575,3712,3275,1553,-1,0
P,111617,3743,3307,1555,-1,0
P,111659,3771,3336,1555,-1,0
P,111701,3801,3366,1554,-1,0
P,111743,3825,3391,1553,-1,0
P,111785,3849,3416,1551,-1,0
P,111827,3873,3441,1549,-1,0
P,111869,3893,3463,1545,-1,0
P,111911,3914,3484,1541,-1,0
P,111953,3932,3506,1540,-1,0
P,111995,3950,3523,1542,-1,0
P,112037,3967,3540,1542,-1,0
P,112079,3980,3553,1541,-1,0
P,112121,3992,3564,1538,-1,0
P,112163,4000,3575,1535,-1,0
P,112205,4008,3582,1534,-1,0
P,112247,4014,3589,1534,-1,0
P,112289,4018,3593,1534,-1,0
P,112331,4022,3596,1533,-1,0
P,112373,4025,3599,1533,-1,0
P,112415,4027,3602,1532,-1,0
P,112457,4030,3605,1531,-1,0
P,112499,4032,3608,1530,-1,0
P,112541,4033,3609,1530,-1,0
P,112583,4034,3609,1530,-1,0
P,112625,4033,3608,1531,-1,0
● 動き 15 : 進んだ 627 mm / 向き -9.0 ° / 左アーム 0 ° / 右アーム 0 °
The program was stopped (SystemExit).

==================================================
終了コード: 0
終了日時  : 2026-10-03 11:08:53
実行時間  : 120.9 秒
