=== 実行ログ ===
スクリプト: teach_record.py
実行日時 : 2026-10-11 12:19:22
ハブ     : --name Pybricks Hub3
==================================================

Searching for Pybricks Hub3...

  0%|          | 0.00/7.12k [00:00<?, ?B/s]
 14%|█▍        | 1.01k/7.12k [00:00<00:00, 8.90kB/s]
 28%|██▊       | 2.03k/7.12k [00:00<00:00, 7.47kB/s]
 43%|████▎     | 3.04k/7.12k [00:00<00:00, 8.18kB/s]
 57%|█████▋    | 4.06k/7.12k [00:00<00:00, 8.55kB/s]
 71%|███████   | 5.07k/7.12k [00:00<00:00, 8.77kB/s]
 85%|████████▌ | 6.08k/7.12k [00:00<00:00, 7.96kB/s]
100%|█████████▉| 7.10k/7.12k [00:01<00:00, 5.27kB/s]
100%|██████████| 7.12k/7.12k [00:01<00:00, 5.92kB/s]
=== ロボット初期化開始 ===
★ 走行設定: new （new＝今年の値 / old＝昨年の速度・加速度・PID）
✓ 機体の校正表: Pybricks Hub3 {'heading_correction': 360.1, 'wheel': 62.32, 'axle': 114.48}
✓ ハブ設定完了
✓ モーター設定完了
✓ デフォルト設定適用: 直進={'straight_acceleration': 800, 'straight_speed': 550}, 回転={'turn_acceleration': 313, 'turn_rate': 250}
✓ ロボットパラメータ設定完了
✓ PID制御設定完了（Pybricks の既定値を使用）
✓ ジャイロの待ち完了: 4460 ms（止まったまま 2000 ms）
✓ センサー初期化完了
✓ モーター角度リセット完了: 全モーター=0°
=== ロボット初期化完了 ===
# teach: wheel=62.32 axle=114.48 hub=Pybricks Hub3
# 列: P,ms,左タイヤ(度),右タイヤ(度),向き(0.1度),左アーム(度),右アーム(度)
● 記録スタート: 手で押して動かしてね。1 つの動きごとに手を止める（ピッと鳴る）
● 終わったら、ハブの真ん中のボタンで止める
P,0,0,0,0,0,0
P,122,0,-1,0,0,0
P,164,0,0,0,0,0
P,606,0,-1,0,0,0
P,648,0,0,0,0,0
P,810,0,-1,0,0,0
P,852,0,0,0,0,0
P,894,0,-1,0,0,0
P,936,0,0,0,0,0
P,1138,0,1,-4,0,0
● 動き 1 : 進んだ 0 mm / 向き -0.4 ° / 左アーム 0 ° / 右アーム 0 °
P,2159,0,1,-4,0,0
P,2401,-1,1,-4,0,0
P,2443,-1,0,-4,0,0
P,2485,-1,1,-5,0,0
P,2527,-1,0,-4,0,0
P,2688,-1,0,-4,1,0
P,2730,-1,0,-4,0,0
P,2772,-1,-1,-3,0,0
P,2814,-2,-1,-2,0,0
P,2856,-2,-3,0,0,0
P,2898,-3,-8,2,0,0
P,2940,-3,-12,4,0,0
P,2982,-3,-19,4,0,0
P,3024,-3,-25,3,0,0
P,3066,-3,-32,3,0,0
P,3108,-3,-37,3,0,0
P,3150,-3,-44,3,0,0
P,3192,-3,-50,5,0,0
P,3234,-3,-56,5,0,1
P,3276,-3,-62,5,0,0
P,3318,-3,-68,5,0,1
P,3360,-3,-74,4,0,0
P,3402,-3,-80,4,0,0
P,3444,-3,-86,5,0,0
P,3486,-3,-93,6,0,1
P,3528,-3,-98,7,0,1
P,3570,-3,-103,7,0,0
P,3612,-3,-110,7,0,0
P,3654,-3,-114,7,0,1
P,3696,-3,-118,8,0,0
P,3738,-3,-123,9,0,1
P,3780,-3,-127,9,0,0
P,3822,-3,-132,10,0,0
P,3864,-3,-135,10,0,0
P,3906,-3,-139,10,0,0
P,3948,-3,-142,10,0,0
P,3990,-3,-145,11,0,0
P,4032,-3,-148,10,0,0
P,4114,-3,-149,10,0,0
● 動き 2 : 進んだ -42 mm / 向き 1.4 ° / 左アーム 0 ° / 右アーム 0 °
P,5136,-3,-149,9,0,0
P,5337,-2,-149,10,0,0
P,5419,-1,-149,11,0,0
P,5461,-1,-148,11,0,0
P,5662,-1,-148,11,0,1
P,5704,-1,-148,11,0,0
P,6026,-1,-148,11,0,1
P,6068,-1,-148,11,0,0
● 動き 3 : 進んだ 1 mm / 向き 0.2 ° / 左アーム 0 ° / 右アーム 0 °
P,6690,-1,-149,16,0,0
P,6732,-1,-150,17,0,0
P,6814,-1,-149,17,0,0
P,6976,-1,-150,17,0,0
P,7018,-1,-149,17,0,0
● 動き 4 : 進んだ 0 mm / 向き 0.6 ° / 左アーム 0 ° / 右アーム 0 °
P,7640,-1,-148,18,0,0
P,8122,-1,-148,22,0,1
P,8283,-1,-148,27,0,1
● 動き 5 : 進んだ 0 mm / 向き 1.3 ° / 左アーム 0 ° / 右アーム 1 °
P,8746,-1,-149,34,0,1
P,9028,0,-149,38,0,1
P,9070,-1,-149,37,0,1
P,9112,-2,-150,38,1,1
P,9153,-2,-150,38,1,0
P,9195,-1,-150,38,1,1
P,9237,-1,-149,38,0,1
P,9518,-1,-150,40,1,1
P,9560,-1,-150,39,0,1
P,9682,0,-150,42,0,1
P,9844,0,-149,43,0,1
P,9926,1,-150,43,0,1
P,10088,2,-149,45,0,1
P,10129,2,-150,45,0,1
P,10171,2,-149,45,0,1
P,10213,2,-150,45,0,1
P,10294,2,-149,44,0,1
P,10576,1,-149,42,0,1
P,10618,-1,-149,39,0,1
● 動き 6 : 進んだ 0 mm / 向き 0.8 ° / 左アーム 0 ° / 右アーム 0 °
P,11641,-1,-149,39,0,1
P,11723,0,-149,39,0,1
P,11884,2,-149,43,0,1
P,11966,2,-149,49,0,1
P,12008,3,-149,54,0,1
P,12050,5,-150,57,0,1
P,12092,6,-150,62,0,1
P,12134,8,-149,67,0,1
P,12176,9,-149,73,0,1
P,12218,11,-149,80,0,1
P,12260,11,-150,86,0,1
P,12302,11,-150,91,0,1
P,12384,11,-150,99,0,1
P,12426,11,-151,102,0,1
P,12468,11,-151,107,0,1
P,12510,11,-151,113,0,1
P,12592,11,-151,119,1,1
P,12634,11,-151,120,0,1
P,12836,12,-151,126,0,1
P,12918,12,-151,133,1,1
P,13000,12,-151,139,0,1
P,13082,12,-151,147,1,1
P,13124,12,-151,150,0,1
P,13166,12,-151,153,1,1
P,13208,12,-151,156,0,1
P,13290,12,-151,162,0,1
P,13372,12,-151,168,0,1
P,13414,12,-151,172,1,1
P,13456,12,-151,177,0,1
P,13497,12,-151,182,1,1
P,13579,12,-151,190,1,1
P,13661,12,-151,195,1,1
P,13703,12,-151,198,0,1
P,13785,12,-151,203,0,1
P,13827,12,-151,205,1,1
P,13869,12,-151,206,0,1
P,13951,12,-151,206,1,1
P,14073,11,-151,205,1,1
P,14275,11,-151,206,0,1
P,14356,11,-151,209,1,1
P,14398,10,-151,210,0,1
P,14440,9,-151,211,0,1
P,14481,9,-151,212,1,1
P,14523,9,-150,211,1,1
P,14565,8,-150,212,1,1
P,14606,8,-150,212,0,1
P,14688,8,-150,215,1,1
P,14770,7,-150,217,1,1
P,14812,6,-150,217,0,1
P,14894,6,-150,219,1,1
P,14936,6,-150,221,0,1
P,15018,5,-150,225,1,1
P,15060,5,-150,225,0,1
P,15182,6,-150,225,1,1
P,15224,6,-150,224,0,1
P,15266,6,-150,225,1,1
P,15308,6,-150,225,0,1
P,15350,7,-150,225,0,1
P,15432,7,-149,224,0,1
P,15514,8,-148,221,0,1
P,15556,8,-147,219,0,1
P,15597,8,-146,218,1,1
P,15639,8,-146,218,0,1
P,15681,8,-146,218,1,1
P,15722,8,-146,218,0,1
P,15844,9,-146,218,1,1
P,15886,9,-145,215,1,1
P,15927,9,-144,213,0,1
● 動き 7 : 進んだ 4 mm / 向き 17.7 ° / 左アーム 0 ° / 右アーム 0 °
P,16550,9,-144,216,1,1
P,16791,9,-144,216,0,1
P,16913,9,-144,216,1,1
P,16994,9,-144,216,0,1
P,17116,9,-144,216,0,4
P,17158,9,-144,216,1,5
P,17200,9,-144,215,0,5
P,17242,9,-144,215,1,5
P,17323,9,-144,214,0,5
P,17405,9,-143,212,1,5
P,17447,9,-143,211,0,5
P,17528,9,-142,207,0,5
P,17570,9,-141,205,0,5
P,17612,9,-140,203,0,5
P,17653,10,-140,203,0,5
P,17774,10,-139,200,0,5
P,18056,10,-139,201,0,6
P,18138,10,-139,202,1,6
P,18180,10,-139,202,0,6
P,18342,10,-139,201,1,6
P,18383,10,-139,201,0,6
P,18425,10,-139,200,0,7
P,18587,9,-139,196,0,7
P,18788,9,-139,195,0,6
P,18830,10,-139,194,0,7
P,18872,9,-139,194,0,6
P,18914,9,-139,193,0,7
P,18996,10,-139,192,0,7
P,19038,10,-139,192,0,6
P,19079,10,-139,192,0,7
P,19241,10,-139,193,1,7
P,19283,10,-139,194,0,7
P,19404,9,-139,194,0,7
P,19486,10,-139,194,0,7
P,19528,9,-139,194,0,7
P,19649,9,-139,194,1,7
P,19691,9,-139,194,0,7
P,19773,10,-139,194,0,7
● 動き 8 : 進んだ 2 mm / 向き -2.0 ° / 左アーム 0 ° / 右アーム 6 °
P,20794,10,-139,197,0,7
P,21116,10,-140,197,0,7
P,21158,9,-139,196,0,7
P,21280,8,-139,188,0,7
P,21322,6,-140,183,0,7
P,21364,3,-141,177,0,7
P,21406,1,-141,171,0,7
P,21448,-1,-141,167,0,7
P,21490,-2,-141,163,0,7
P,21532,-2,-141,157,0,7
P,21574,-3,-141,152,0,7
P,21656,-3,-141,145,0,7
P,21698,-3,-141,140,0,7
P,21740,-3,-141,134,0,7
P,21782,-3,-141,127,0,7
P,21824,-3,-141,117,0,7
P,21866,-3,-141,107,0,7
P,21908,-3,-141,97,0,7
P,21950,-3,-141,89,0,7
P,21992,-3,-141,82,0,7
P,22034,-3,-141,77,0,7
P,22076,-3,-141,72,0,7
● 動き 9 : 進んだ -4 mm / 向き -12.5 ° / 左アーム 0 ° / 右アーム 0 °
P,22178,-3,-141,60,0,7
P,22220,-3,-141,53,0,7
P,22262,-3,-141,47,1,7
P,22304,-5,-141,42,0,7
P,22346,-9,-141,32,0,7
P,22388,-14,-143,23,0,7
P,22430,-18,-144,17,0,7
P,22472,-21,-146,11,0,7
P,22514,-23,-146,8,0,7
P,22556,-24,-147,6,0,7
P,22638,-24,-146,4,0,7
P,22720,-24,-145,0,0,7
P,22762,-24,-144,-2,0,7
P,22804,-23,-143,-3,0,7
P,22886,-22,-142,-3,0,7
P,23168,-22,-143,-2,0,7
P,23210,-22,-142,0,0,7
P,23252,-22,-143,0,0,7
P,23494,-22,-143,0,0,4
P,23576,-22,-143,0,0,3
P,23618,-22,-143,0,0,2
P,23660,-23,-145,1,0,2
P,23742,-24,-146,1,0,2
P,23984,-24,-147,-1,0,2
P,24106,-25,-148,-4,0,4
P,24148,-25,-149,-9,0,5
P,24190,-25,-149,-13,0,6
P,24272,-26,-149,-18,0,6
P,24354,-35,-149,-18,0,6
P,24396,-46,-150,-22,0,6
P,24438,-59,-151,-25,0,4
P,24479,-72,-150,-30,0,3
P,24521,-85,-150,-34,0,3
P,24563,-100,-151,-35,0,3
P,24605,-115,-150,-33,0,3
P,24646,-128,-150,-30,0,3
P,24688,-144,-151,-25,0,3
P,24730,-159,-151,-19,0,3
P,24772,-172,-150,-14,0,3
P,24814,-189,-151,-10,0,3
P,24856,-203,-151,-7,0,3
P,24898,-221,-150,-6,0,3
P,24940,-235,-150,-5,0,3
P,24982,-250,-151,-4,0,3
P,25024,-265,-150,-1,0,3
P,25065,-277,-150,2,0,3
P,25107,-290,-150,6,0,3
P,25149,-305,-150,11,0,3
P,25191,-318,-150,16,0,3
P,25233,-332,-150,19,0,3
P,25275,-346,-150,22,0,3
P,25316,-359,-150,25,0,3
P,25358,-373,-150,27,0,3
P,25400,-387,-150,30,0,3
P,25442,-402,-150,32,0,3
P,25484,-418,-150,35,0,3
P,25525,-433,-150,37,0,3
P,25567,-447,-150,39,0,3
P,25609,-463,-150,42,0,3
P,25650,-478,-151,44,0,3
P,25691,-492,-150,48,0,3
P,25733,-508,-151,51,0,3
P,25774,-522,-150,53,0,3
P,25815,-536,-150,55,0,3
P,25857,-550,-150,56,0,3
P,25899,-566,-151,56,0,3
P,25941,-581,-150,54,0,3
P,25983,-597,-150,51,0,3
P,26024,-609,-151,45,0,2
P,26065,-621,-151,39,0,2
P,26107,-632,-151,34,0,2
P,26149,-641,-151,31,0,2
P,26191,-646,-150,31,0,2
P,26233,-650,-150,31,1,2
P,26274,-651,-151,32,1,3
P,26316,-651,-151,33,0,3
P,26358,-651,-151,33,1,2
P,26400,-651,-151,33,0,3
P,26442,-651,-150,33,1,2
P,26524,-651,-150,33,0,2
P,26686,-651,-150,33,1,2
P,26728,-651,-151,33,0,2
P,26770,-651,-150,33,1,1
P,26812,-651,-150,33,0,2
P,26854,-652,-150,33,0,2
P,26896,-652,-151,34,1,2
P,26938,-653,-151,37,0,1
P,26980,-653,-150,41,0,2
P,27022,-654,-150,44,0,2
P,27064,-654,-150,47,1,1
P,27106,-659,-150,46,0,2
P,27148,-664,-150,44,0,2
P,27190,-672,-150,46,0,2
P,27232,-679,-151,49,0,1
P,27274,-688,-150,55,0,1
P,27316,-697,-150,62,0,2
P,27358,-707,-150,70,0,1
P,27400,-720,-150,78,0,1
P,27442,-732,-150,86,0,2
P,27484,-746,-151,95,0,2
P,27525,-760,-150,104,0,2
P,27567,-775,-150,113,0,2
P,27609,-792,-150,122,0,2
P,27651,-806,-150,130,0,1
P,27693,-821,-150,138,0,1
P,27735,-838,-150,147,0,2
P,27777,-853,-150,156,0,2
P,27819,-871,-150,164,0,1
P,27861,-887,-150,173,0,1
P,27903,-902,-150,181,0,2
P,27945,-920,-150,191,0,1
P,27987,-935,-150,200,0,1
P,28029,-953,-150,210,0,1
P,28071,-967,-150,219,0,1
P,28113,-982,-150,229,0,2
P,28155,-999,-150,238,0,2
P,28197,-1014,-150,249,1,2
P,28239,-1031,-150,259,0,2
P,28281,-1047,-150,270,0,1
P,28323,-1062,-150,281,0,2
P,28365,-1080,-150,293,0,2
P,28407,-1095,-150,305,0,2
P,28449,-1113,-150,316,0,1
P,28491,-1129,-150,327,0,1
P,28532,-1143,-150,337,0,2
P,28574,-1159,-150,347,0,2
P,28616,-1174,-150,358,0,1
P,28657,-1187,-150,370,0,2
P,28699,-1203,-150,381,0,1
P,28741,-1216,-150,391,0,1
P,28782,-1229,-150,401,0,1
P,28824,-1243,-150,411,0,1
P,28866,-1255,-150,419,0,2
P,28908,-1266,-151,427,0,1
P,28950,-1277,-150,436,0,1
P,28992,-1287,-150,446,0,1
P,29034,-1298,-150,456,1,1
P,29076,-1307,-151,464,1,1
P,29117,-1317,-150,472,0,1
P,29159,-1327,-150,480,0,2
P,29201,-1333,-150,490,0,1
P,29242,-1336,-150,505,0,1
P,29283,-1337,-150,515,0,1
P,29325,-1337,-150,525,0,1
P,29366,-1338,-150,532,1,1
P,29407,-1338,-150,539,1,1
P,29449,-1338,-150,545,0,1
P,29491,-1339,-150,553,1,1
P,29532,-1340,-150,562,0,1
P,29574,-1341,-150,572,0,1
P,29616,-1346,-150,580,1,1
P,29657,-1349,-150,588,1,1
P,29699,-1352,-150,596,1,1
P,29741,-1354,-150,602,1,1
P,29783,-1355,-150,607,0,1
P,29825,-1356,-150,610,1,1
P,29867,-1356,-150,613,0,1
P,29909,-1356,-150,615,1,1
P,30031,-1356,-150,616,0,1
P,30113,-1356,-150,617,1,1
P,30155,-1355,-150,618,0,2
P,30196,-1355,-150,618,0,1
P,30278,-1355,-150,618,1,1
P,30360,-1355,-150,618,0,1
P,30401,-1354,-150,618,1,1
P,30443,-1354,-149,619,0,1
P,30485,-1353,-149,620,0,1
P,30526,-1352,-149,620,1,1
P,30568,-1352,-149,620,0,1
P,30610,-1352,-149,620,1,1
P,30652,-1352,-149,620,0,1
P,30694,-1352,-149,620,1,1
P,30856,-1352,-149,620,1,2
P,30897,-1352,-149,620,0,1
P,30979,-1352,-148,620,0,1
The program was stopped (SystemExit).

==================================================
終了コード: 0
終了日時  : 2026-10-11 12:20:02
実行時間  : 40.5 秒
接続〜初期化完了: 8.7 秒（ハブを探す・つなぐ・送る・ジャイロの待ち。本番は試合の前に 1 回だけ）
走行: 測れず（「# 走行完了！」の行が無い。途中で止まった？）
