=== 実行ログ ===
スクリプト: cmp_old_straight.py
実行日時 : 2026-09-17 13:29:11
ハブ     : --name Pybricks Hub3
==================================================

Searching for Pybricks Hub3...

  0%|          | 0.00/6.51k [00:00<?, ?B/s]
 16%|█▌        | 1.01k/6.51k [00:00<00:00, 8.66kB/s]
 31%|███       | 2.03k/6.51k [00:00<00:00, 8.41kB/s]
 47%|████▋     | 3.04k/6.51k [00:00<00:00, 8.28kB/s]
 62%|██████▏   | 4.06k/6.51k [00:00<00:00, 8.27kB/s]
 78%|███████▊  | 5.07k/6.51k [00:00<00:00, 6.89kB/s]
 93%|█████████▎| 6.08k/6.51k [00:01<00:00, 4.69kB/s]
100%|██████████| 6.51k/6.51k [00:01<00:00, 4.44kB/s]
=== ロボット初期化開始 ===
✓ ハブ設定完了
✓ モーター設定完了
✓ デフォルト設定適用: 直進={'straight_acceleration': 800, 'straight_speed': 550}, 回転={'turn_acceleration': 313, 'turn_rate': 250}
✓ ロボットパラメータ設定完了
✓ PID制御設定完了（Pybricks の既定値を使用）
✓ センサー初期化完了
✓ モーター角度リセット完了: 全モーター=0°
=== ロボット初期化完了 ===
# 比較走行: SETTINGS = old / COURSE = straight / 回転の打ち消し = False
# settings: (400, 500, 240, 850)
# heading pid: (2000, 50, 100, 4, 8)
# distance pid: (1000, 50, 10, 4, 8)
# 所要時間: 3.33 秒
# ジャイロの向き: -0.58 度 （turn/square は 360、mission は 720 か 0 に近いほど良い）
# エンコーダの距離: 1000 mm / 電池: 8160 mV
# → ものさしで実測した距離・向きのズレ・終点のズレを比較表に書く
# 走行完了！

==================================================
終了コード: 0
終了日時  : 2026-09-17 13:29:24
実行時間  : 12.6 秒
