=== 実行ログ ===
スクリプト: run_coach_M12M11M06M07 copy.py
実行日時 : 2026-10-07 11:59:54
ハブ     : --name Pybricks Hub3
==================================================

Searching for Pybricks Hub3...

  0%|          | 0.00/6.56k [00:00<?, ?B/s]
  8%|▊         | 507/6.56k [00:00<00:02, 2.40kB/s]
 15%|█▌        | 1.01k/6.56k [00:00<00:02, 2.36kB/s]
 23%|██▎       | 1.52k/6.56k [00:00<00:01, 2.57kB/s]
 31%|███       | 2.03k/6.56k [00:00<00:01, 2.69kB/s]
 39%|███▊      | 2.54k/6.56k [00:00<00:01, 2.76kB/s]
 46%|████▋     | 3.04k/6.56k [00:01<00:01, 2.81kB/s]
 54%|█████▍    | 3.55k/6.56k [00:01<00:01, 2.84kB/s]
 62%|██████▏   | 4.06k/6.56k [00:01<00:01, 2.47kB/s]
 70%|██████▉   | 4.56k/6.56k [00:01<00:00, 2.59kB/s]
 77%|███████▋  | 5.07k/6.56k [00:02<00:00, 2.34kB/s]
 85%|████████▍ | 5.58k/6.56k [00:02<00:00, 2.33kB/s]
 93%|█████████▎| 6.08k/6.56k [00:02<00:00, 2.19kB/s]
100%|██████████| 6.56k/6.56k [00:03<00:00, 1.56kB/s]
100%|██████████| 6.56k/6.56k [00:03<00:00, 2.18kB/s]
=== ロボット初期化開始 ===
★ 走行設定: new （new＝今年の値 / old＝昨年の速度・加速度・PID）
✓ 機体の校正表: Pybricks Hub3 {'heading_correction': 360.1, 'wheel': 62.32, 'axle': 114.48}
✓ ハブ設定完了
✓ モーター設定完了
✓ デフォルト設定適用: 直進={'straight_acceleration': 800, 'straight_speed': 550}, 回転={'turn_acceleration': 313, 'turn_rate': 250}
✓ ロボットパラメータ設定完了
✓ PID制御設定完了（Pybricks の既定値を使用）
✓ ジャイロの待ち完了: 2000 ms（止まったまま 2000 ms）
✓ センサー初期化完了
✓ モーター角度リセット完了: 全モーター=0°
=== ロボット初期化完了 ===
# 走行完了！

==================================================
終了コード: 0
終了日時  : 2026-10-07 12:00:37
実行時間  : 42.7 秒
接続〜初期化完了: 12.7 秒（ハブを探す・つなぐ・送る・ジャイロの待ち。本番は試合の前に 1 回だけ）
走行: 28.9 秒（初期化完了 → 走行完了。本番でもかかる時間）
