=== 実行ログ ===
スクリプト: run_coach_M12M11M06M07 copy.py
実行日時 : 2026-10-07 19:18:46
ハブ     : --name Pybricks Hub6
==================================================

Searching for Pybricks Hub6...

  0%|          | 0.00/6.57k [00:00<?, ?B/s]
  8%|▊         | 507/6.57k [00:00<00:01, 3.15kB/s]
 15%|█▌        | 1.01k/6.57k [00:00<00:01, 3.00kB/s]
 23%|██▎       | 1.52k/6.57k [00:00<00:01, 2.95kB/s]
 31%|███       | 2.03k/6.57k [00:00<00:01, 2.93kB/s]
 39%|███▊      | 2.54k/6.57k [00:00<00:01, 2.92kB/s]
 46%|████▋     | 3.04k/6.57k [00:01<00:01, 2.68kB/s]
 54%|█████▍    | 3.55k/6.57k [00:01<00:01, 2.75kB/s]
 62%|██████▏   | 4.06k/6.57k [00:01<00:00, 2.79kB/s]
 69%|██████▉   | 4.56k/6.57k [00:01<00:00, 2.63kB/s]
 77%|███████▋  | 5.07k/6.57k [00:01<00:00, 2.70kB/s]
 85%|████████▍ | 5.58k/6.57k [00:01<00:00, 2.76kB/s]
 93%|█████████▎| 6.08k/6.57k [00:02<00:00, 2.80kB/s]
100%|██████████| 6.57k/6.57k [00:02<00:00, 1.68kB/s]
100%|██████████| 6.57k/6.57k [00:02<00:00, 2.40kB/s]
=== ロボット初期化開始 ===
★ 走行設定: new （new＝今年の値 / old＝昨年の速度・加速度・PID）
! IMU の 3 軸校正がされていません（run_imu_calibrate_guided.py を実行してね）
!  Pybricks Hub6 は校正表に無いハブです。回転が 90° あたり 1° くらいずれるかもしれません
✓ ハブ設定完了
! left_lift not found on Port.E; using NullMotor. ([Errno 19] ENODEV: 

A sensor or motor is not connected to the specified port:
--> Check the cables to each motor and sensor.
--> Check the port settings in your script.
--> Check the line in your script that matches
    the line number given in the 'Traceback' above.

)
✓ モーター設定完了
✓ デフォルト設定適用: 直進={'straight_acceleration': 800, 'straight_speed': 550}, 回転={'turn_acceleration': 313, 'turn_rate': 250}
✓ ロボットパラメータ設定完了
✓ PID制御設定完了（Pybricks の既定値を使用）
✓ ジャイロの待ち完了: 2000 ms（止まったまま 2000 ms）
✓ センサー初期化完了
✓ モーター角度リセット完了: 全モーター=0°
=== ロボット初期化完了 ===
Traceback (most recent call last):
  File "c:\Users\isaok\.vscode\extensions\ms-python.debugpy-2026.6.0-win32-x64\bundled\libs\debugpy\_vendored\pydevd\pydevd.py", line 3740, in <module>
    main()
  File "c:\Users\isaok\.vscode\extensions\ms-python.debugpy-2026.6.0-win32-x64\bundled\libs\debugpy\_vendored\pydevd\pydevd.py", line 3725, in main
    globals = debugger.run(setup["file"], None, None, is_module)
              ^^^^^^^^^^^^^^^^^^^^^^^^^^^^^^^^^^^^^^^^^^^^^^^^^^
  File "c:\Users\isaok\.vscode\extensions\ms-python.debugpy-2026.6.0-win32-x64\bundled\libs\debugpy\_vendored\pydevd\pydevd.py", line 2709, in run
    return self._exec(is_module, entry_point_fn, module_name, file, globals, locals)
           ^^^^^^^^^^^^^^^^^^^^^^^^^^^^^^^^^^^^^^^^^^^^^^^^^^^^^^^^^^^^^^^^^^^^^^^^^
  File "c:\Users\isaok\.vscode\extensions\ms-python.debugpy-2026.6.0-win32-x64\bundled\libs\debugpy\_vendored\pydevd\pydevd.py", line 2728, in _exec
    globals = pydevd_runpy._run_module_as_main(module_name, alter_argv=False)
              ^^^^^^^^^^^^^^^^^^^^^^^^^^^^^^^^^^^^^^^^^^^^^^^^^^^^^^^^^^^^^^^
  File "c:\Users\isaok\.vscode\extensions\ms-python.debugpy-2026.6.0-win32-x64\bundled\libs\debugpy\_vendored\pydevd\_pydevd_bundle\pydevd_runpy.py", line 228, in _run_module_as_main
    return _run_code(code, main_globals, None, "__main__", mod_spec)
           ^^^^^^^^^^^^^^^^^^^^^^^^^^^^^^^^^^^^^^^^^^^^^^^^^^^^^^^^^
  File "c:\Users\isaok\.vscode\extensions\ms-python.debugpy-2026.6.0-win32-x64\bundled\libs\debugpy\_vendored\pydevd\_pydevd_bundle\pydevd_runpy.py", line 118, in _run_code
    exec(code, run_globals)
  File "c:\Projects\FLL-2026-2027-Season-Robot-Game\.venv\Lib\site-packages\pybricksdev\__main__.py", line 9, in <module>
    main()
  File "c:\Projects\FLL-2026-2027-Season-Robot-Game\.venv\Lib\site-packages\pybricksdev\cli\__init__.py", line 620, in main
    asyncio.run(subparsers.choices[args.tool].tool.run(args))
  File "C:\Users\isaok\.pyenv\pyenv-win\versions\3.12.6\Lib\asyncio\runners.py", line 194, in run
    return runner.run(main)
           ^^^^^^^^^^^^^^^^
  File "C:\Users\isaok\.pyenv\pyenv-win\versions\3.12.6\Lib\asyncio\runners.py", line 118, in run
    return self._loop.run_until_complete(task)
           ^^^^^^^^^^^^^^^^^^^^^^^^^^^^^^^^^^^
  File "C:\Users\isaok\.pyenv\pyenv-win\versions\3.12.6\Lib\asyncio\base_events.py", line 687, in run_until_complete
    return future.result()
           ^^^^^^^^^^^^^^^
  File "c:\Projects\FLL-2026-2027-Season-Robot-Game\.venv\Lib\site-packages\pybricksdev\cli\__init__.py", line 240, in run
    await hub.run(script_path, args.wait or args.stay_connected)
  File "c:\Projects\FLL-2026-2027-Season-Robot-Game\.venv\Lib\site-packages\pybricksdev\connections\pybricks.py", line 629, in run
    await self._wait_for_user_program_stop()
  File "c:\Projects\FLL-2026-2027-Season-Robot-Game\.venv\Lib\site-packages\pybricksdev\connections\pybricks.py", line 813, in _wait_for_user_program_stop
    is_running = await self.race_disconnect(user_program_running.get())
                 ^^^^^^^^^^^^^^^^^^^^^^^^^^^^^^^^^^^^^^^^^^^^^^^^^^^^^^
  File "c:\Projects\FLL-2026-2027-Season-Robot-Game\.venv\Lib\site-packages\pybricksdev\connections\pybricks.py", line 374, in race_disconnect
    raise HubDisconnectError("disconnected during operation")
pybricksdev.connections.pybricks.HubDisconnectError: disconnected during operation

==================================================
終了コード: 1
終了日時  : 2026-10-07 19:19:10
実行時間  : 24.6 秒
接続〜初期化完了: 13.0 秒（ハブを探す・つなぐ・送る・ジャイロの待ち。本番は試合の前に 1 回だけ）
走行: 測れず（「# 走行完了！」の行が無い。途中で止まった？）
