=== 実行ログ ===
スクリプト: run_coach_M12M11M06M07 copy.py
実行日時 : 2026-10-07 20:15:10
ハブ     : --name Pybricks Hub
==================================================

Searching for Pybricks Hub...

  0%|          | 0.00/6.58k [00:00<?, ?B/s]
  8%|▊         | 507/6.58k [00:00<00:02, 3.04kB/s]
 15%|█▌        | 1.01k/6.58k [00:00<00:01, 2.95kB/s]
 23%|██▎       | 1.52k/6.58k [00:00<00:01, 2.93kB/s]
 31%|███       | 2.03k/6.58k [00:00<00:01, 2.91kB/s]
 39%|███▊      | 2.54k/6.58k [00:00<00:01, 2.91kB/s]
 46%|████▌     | 3.04k/6.58k [00:01<00:01, 2.91kB/s]
 54%|█████▍    | 3.55k/6.58k [00:01<00:01, 2.90kB/s]
 62%|██████▏   | 4.06k/6.58k [00:01<00:00, 2.90kB/s]
 69%|██████▉   | 4.56k/6.58k [00:01<00:00, 2.90kB/s]
 77%|███████▋  | 5.07k/6.58k [00:01<00:00, 2.90kB/s]
 85%|████████▍ | 5.58k/6.58k [00:01<00:00, 2.89kB/s]
 92%|█████████▏| 6.08k/6.58k [00:02<00:00, 2.89kB/s]
100%|██████████| 6.58k/6.58k [00:02<00:00, 2.88kB/s]
100%|██████████| 6.58k/6.58k [00:02<00:00, 2.90kB/s]
=== ロボット初期化開始 ===
★ 走行設定: new （new＝今年の値 / old＝昨年の速度・加速度・PID）
! IMU の 3 軸校正がされていません（run_imu_calibrate_guided.py を実行してね）
!  Pybricks Hub は校正表に無いハブです。回転が 90° あたり 1° くらいずれるかもしれません
✓ ハブ設定完了
✓ モーター設定完了
✓ デフォルト設定適用: 直進={'straight_acceleration': 800, 'straight_speed': 550}, 回転={'turn_acceleration': 313, 'turn_rate': 250}
✓ ロボットパラメータ設定完了
✓ PID制御設定完了（Pybricks の既定値を使用）
✓ ジャイロの待ち完了: 2001 ms（止まったまま 2000 ms）
✓ センサー初期化完了
✓ モーター角度リセット完了: 全モーター=0°
=== ロボット初期化完了 ===
# 走行完了！

==================================================
終了コード: 0
終了日時  : 2026-10-07 20:15:51
実行時間  : 41.8 秒
接続〜初期化完了: 11.7 秒（ハブを探す・つなぐ・送る・ジャイロの待ち。本番は試合の前に 1 回だけ）
走行: 28.8 秒（初期化完了 → 走行完了。本番でもかかる時間）
