=== 実行ログ ===
スクリプト: run_gyro_state_repeat_wait.py
実行日時 : 2026-09-19 11:36:18
ハブ     : --name Pybricks Hub3
==================================================

Searching for Pybricks Hub3...

  0%|          | 0.00/7.31k [00:00<?, ?B/s]
 14%|█▍        | 1.01k/7.31k [00:00<00:00, 9.90kB/s]
 28%|██▊       | 2.03k/7.31k [00:00<00:00, 9.51kB/s]
 42%|████▏     | 3.04k/7.31k [00:00<00:00, 9.34kB/s]
 55%|█████▌    | 4.06k/7.31k [00:00<00:00, 9.32kB/s]
 69%|██████▉   | 5.07k/7.31k [00:00<00:00, 8.66kB/s]
 83%|████████▎ | 6.08k/7.31k [00:00<00:00, 5.17kB/s]
 97%|█████████▋| 7.10k/7.31k [00:01<00:00, 4.09kB/s]
100%|██████████| 7.31k/7.31k [00:01<00:00, 4.19kB/s]
=== ロボット初期化開始 ===
★ 走行設定: new （new＝今年の値 / old＝昨年の速度・加速度・PID）
✓ 機体の校正表: Pybricks Hub3 {'heading_correction': 365.8, 'wheel': 62.32, 'axle': 114.48}
✓ ハブ設定完了
✓ モーター設定完了
✓ デフォルト設定適用: 直進={'straight_acceleration': 800, 'straight_speed': 550}, 回転={'turn_acceleration': 313, 'turn_rate': 250}
✓ ロボットパラメータ設定完了
✓ PID制御設定完了（Pybricks の既定値を使用）
✓ センサー初期化完了
✓ モーター角度リセット完了: 全モーター=0°
=== ロボット初期化完了 ===
# imu.settings: (2.0, 2500.0, (0.107595, -1.197198, -0.486059), (366.1989, 351.5872, 362.0139), (10031.61, -9781.568, 9785.638, -9813.727, 9523.833, -10133.98), 365.8)
# 前: tilt (-0.2569864, 0.2116945) / 電池: 7824 mV
# 最初に待った時間: 10000 ms / そのうち静止と判定: 500 / 500 回
R, 1 , ジャイロ 1799.55 , rotZ 1828.55 , エンコーダ 2012.55 , 比率(全体) 0.8942 , 比率(2〜4 周目) 0.8959 , 電池 7829
S, 1 , 当て直しで動いた角度 h2-h1 -27.54 , 1 周の読み 354.403 , 校正前の目盛りで 360.11
R, 2 , ジャイロ 1799.12 , rotZ 1828.11 , エンコーダ 2013.1 , 比率(全体) 0.8937 , 比率(2〜4 周目) 0.8958 , 電池 7828
S, 2 , 当て直しで動いた角度 h2-h1 -27.61 , 1 周の読み 354.303 , 校正前の目盛りで 360.01
R, 3 , ジャイロ 1800.15 , rotZ 1829.15 , エンコーダ 2007.11 , 比率(全体) 0.8969 , 比率(2〜4 周目) 0.9018 , 電池 7821
S, 3 , 当て直しで動いた角度 h2-h1 -28.31 , 1 周の読み 354.367 , 校正前の目盛りで 360.08
# 電池: 7814 mV

==================================================
終了コード: 0
終了日時  : 2026-09-19 11:37:29
実行時間  : 71.0 秒
