=== 実行ログ ===
スクリプト: run_gyro_state_repeat_wait.py
実行日時 : 2026-09-19 11:46:15
ハブ     : --name Pybricks Hub3
==================================================

Searching for Pybricks Hub3...

  0%|          | 0.00/7.31k [00:00<?, ?B/s]
 14%|█▍        | 1.01k/7.31k [00:00<00:00, 7.95kB/s]
 28%|██▊       | 2.03k/7.31k [00:00<00:00, 8.60kB/s]
 42%|████▏     | 3.04k/7.31k [00:00<00:00, 8.94kB/s]
 55%|█████▌    | 4.06k/7.31k [00:00<00:00, 8.61kB/s]
 69%|██████▉   | 5.07k/7.31k [00:00<00:00, 7.25kB/s]
 83%|████████▎ | 6.08k/7.31k [00:01<00:00, 4.48kB/s]
 97%|█████████▋| 7.10k/7.31k [00:01<00:00, 3.61kB/s]
100%|██████████| 7.31k/7.31k [00:02<00:00, 3.64kB/s]
=== ロボット初期化開始 ===
★ 走行設定: new （new＝今年の値 / old＝昨年の速度・加速度・PID）
✓ 機体の校正表: Pybricks Hub3 {'heading_correction': 365.8, 'wheel': 62.32, 'axle': 114.48}
✓ ハブ設定完了
✓ モーター設定完了
✓ デフォルト設定適用: 直進={'straight_acceleration': 800, 'straight_speed': 550}, 回転={'turn_acceleration': 313, 'turn_rate': 250}
✓ ロボットパラメータ設定完了
✓ PID制御設定完了（Pybricks の既定値を使用）
✓ センサー初期化完了
✓ モーター角度リセット完了: 全モーター=0°
=== ロボット初期化完了 ===
# imu.settings: (2.0, 2500.0, (0.107595, -1.197198, -0.486059), (366.1989, 351.5872, 362.0139), (10031.61, -9781.568, 9785.638, -9813.727, 9523.833, -10133.98), 365.8)
# 前: tilt (-0.2312016, 0.2309951) / 電池: 7800 mV
# 最初に待った時間: 10000 ms / そのうち静止と判定: 500 / 500 回
R, 1 , ジャイロ 1800.21 , rotZ 1829.22 , エンコーダ 1993.23 , 比率(全体) 0.9032 , 比率(2〜4 周目) 0.9056 , 電池 7806
S, 1 , 当て直しで動いた角度 h2-h1 -27.76 , 1 周の読み 354.492 , 校正前の目盛りで 360.2
R, 2 , ジャイロ 1798.13 , rotZ 1827.1 , エンコーダ 1993.77 , 比率(全体) 0.9019 , 比率(2〜4 周目) 0.9075001 , 電池 7806
S, 2 , 当て直しで動いた角度 h2-h1 -26.13 , 1 周の読み 354.4 , 校正前の目盛りで 360.11
# 電池: 7796 mV

==================================================
終了コード: 0
終了日時  : 2026-09-19 11:47:07
実行時間  : 52.1 秒
