=== 実行ログ ===
スクリプト: run_template copy.py
実行日時 : 2026-09-19 19:17:54
ハブ     : --name Pybricks Hub3
==================================================

Searching for Pybricks Hub3...

  0%|          | 0.00/6.13k [00:00<?, ?B/s]
 12%|█▏        | 708/6.13k [00:00<00:00, 5.66kB/s]
 23%|██▎       | 1.42k/6.13k [00:00<00:00, 5.42kB/s]
 35%|███▍      | 2.12k/6.13k [00:00<00:00, 5.61kB/s]
 46%|████▌     | 2.83k/6.13k [00:00<00:00, 5.72kB/s]
 58%|█████▊    | 3.54k/6.13k [00:00<00:00, 4.92kB/s]
 66%|██████▋   | 4.07k/6.13k [00:00<00:00, 4.95kB/s]
 78%|███████▊  | 4.78k/6.13k [00:00<00:00, 5.24kB/s]
 89%|████████▉ | 5.49k/6.13k [00:01<00:00, 5.44kB/s]
100%|██████████| 6.13k/6.13k [00:01<00:00, 4.56kB/s]
100%|██████████| 6.13k/6.13k [00:01<00:00, 5.02kB/s]
=== ロボット初期化開始 ===
★ 走行設定: new （new＝今年の値 / old＝昨年の速度・加速度・PID）
✓ 機体の校正表: Pybricks Hub3 {'heading_correction': 360.1, 'wheel': 62.32, 'axle': 114.48}
✓ ハブ設定完了
✓ モーター設定完了
✓ デフォルト設定適用: 直進={'straight_acceleration': 800, 'straight_speed': 550}, 回転={'turn_acceleration': 313, 'turn_rate': 250}
✓ ロボットパラメータ設定完了
✓ PID制御設定完了（Pybricks の既定値を使用）
✓ ジャイロの待ち完了: 5121 ms（止まったまま 2000 ms）
✓ センサー初期化完了
✓ モーター角度リセット完了: 全モーター=0°
=== ロボット初期化完了 ===
# 走行完了！

==================================================
終了コード: 0
終了日時  : 2026-09-19 19:18:08
実行時間  : 14.8 秒
