=== 実行ログ ===
スクリプト: run_template copy.py
実行日時 : 2026-09-19 19:34:01
ハブ     : --name Pybricks Hub3
==================================================

Searching for Pybricks Hub3...

  0%|          | 0.00/6.13k [00:00<?, ?B/s]
 12%|█▏        | 708/6.13k [00:00<00:01, 4.64kB/s]
 20%|██        | 1.24k/6.13k [00:00<00:01, 4.37kB/s]
 29%|██▉       | 1.77k/6.13k [00:00<00:00, 4.37kB/s]
 40%|████      | 2.48k/6.13k [00:00<00:00, 4.58kB/s]
 49%|████▉     | 3.01k/6.13k [00:00<00:00, 4.55kB/s]
 58%|█████▊    | 3.54k/6.13k [00:00<00:00, 4.70kB/s]
 66%|██████▋   | 4.07k/6.13k [00:00<00:00, 4.81kB/s]
 75%|███████▌  | 4.60k/6.13k [00:00<00:00, 4.67kB/s]
 84%|████████▎ | 5.13k/6.13k [00:01<00:00, 4.79kB/s]
 92%|█████████▏| 5.66k/6.13k [00:01<00:00, 4.88kB/s]
100%|██████████| 6.13k/6.13k [00:01<00:00, 4.68kB/s]
=== ロボット初期化開始 ===
★ 走行設定: new （new＝今年の値 / old＝昨年の速度・加速度・PID）
✓ 機体の校正表: Pybricks Hub3 {'heading_correction': 360.1, 'wheel': 62.32, 'axle': 114.48}
✓ ハブ設定完了
✓ モーター設定完了
✓ デフォルト設定適用: 直進={'straight_acceleration': 800, 'straight_speed': 550}, 回転={'turn_acceleration': 313, 'turn_rate': 250}
✓ ロボットパラメータ設定完了
✓ PID制御設定完了（Pybricks の既定値を使用）
✓ ジャイロの待ち完了: 2000 ms（止まったまま 2000 ms）
✓ センサー初期化完了
✓ モーター角度リセット完了: 全モーター=0°
=== ロボット初期化完了 ===
# 走行完了！

==================================================
終了コード: 0
終了日時  : 2026-09-19 19:34:23
実行時間  : 21.4 秒
