=== 実行ログ ===
スクリプト: run_template copy.py
実行日時 : 2026-09-19 19:14:33
ハブ     : --name Pybricks Hub3
==================================================

Searching for Pybricks Hub3...

  0%|          | 0.00/6.12k [00:00<?, ?B/s]
  9%|▊         | 531/6.12k [00:00<00:01, 4.28kB/s]
 17%|█▋        | 1.06k/6.12k [00:00<00:01, 4.71kB/s]
 29%|██▉       | 1.77k/6.12k [00:00<00:00, 4.98kB/s]
 38%|███▊      | 2.30k/6.12k [00:00<00:00, 4.99kB/s]
 46%|████▋     | 2.83k/6.12k [00:00<00:00, 4.80kB/s]
 55%|█████▍    | 3.36k/6.12k [00:00<00:00, 4.87kB/s]
 64%|██████▎   | 3.89k/6.12k [00:00<00:00, 4.71kB/s]
 75%|███████▌  | 4.60k/6.12k [00:00<00:00, 5.10kB/s]
 87%|████████▋ | 5.31k/6.12k [00:01<00:00, 5.36kB/s]
 98%|█████████▊| 6.02k/6.12k [00:01<00:00, 5.52kB/s]
100%|██████████| 6.12k/6.12k [00:01<00:00, 5.07kB/s]
=== ロボット初期化開始 ===
★ 走行設定: new （new＝今年の値 / old＝昨年の速度・加速度・PID）
✓ 機体の校正表: Pybricks Hub3 {'heading_correction': 360.1, 'wheel': 62.32, 'axle': 114.48}
✓ ハブ設定完了
✓ モーター設定完了
✓ デフォルト設定適用: 直進={'straight_acceleration': 800, 'straight_speed': 550}, 回転={'turn_acceleration': 313, 'turn_rate': 250}
✓ ロボットパラメータ設定完了
✓ PID制御設定完了（Pybricks の既定値を使用）
✓ ジャイロの待ち完了: 2000 ms（止まったまま 2000 ms）
✓ センサー初期化完了
✓ モーター角度リセット完了: 全モーター=0°
=== ロボット初期化完了 ===
# 走行完了！

==================================================
終了コード: 0
終了日時  : 2026-09-19 19:14:44
実行時間  : 10.6 秒
