=== 実行ログ ===
スクリプト: run_gyro_hand_calibration.py
実行日時 : 2026-09-17 16:13:27
ハブ     : --name Pybricks Hub3
==================================================

Searching for Pybricks Hub3...

  0%|          | 0.00/1.08k [00:00<?, ?B/s]
 94%|█████████▍| 1.01k/1.08k [00:00<00:00, 9.92kB/s]
100%|██████████| 1.08k/1.08k [00:00<00:00, 6.30kB/s]
# imu.settings: (2.0, 2500.0, (0.1389356, -1.317983, -0.2881232), (360.0, 360.0, 360.0), (9806.65, -9806.65, 9806.65, -9806.65, 9806.65, -9806.65), 360.0)
# じっとしていてね（ジャイロの準備中）
# まわしてね: 右回りに 10 周 → 定規にぴったり当てて手を離す
#  いま: 0.0 度 （ 0.0 周）
#  いま: 56.8 度 （ 0.16 周）
#  いま: 79.4 度 （ 0.22 周）
#  いま: 201.1 度 （ 0.56 周）
#  いま: 234.0 度 （ 0.65 周）
#  いま: 345.1 度 （ 0.9599999 周）
#  いま: 363.7 度 （ 1.01 周）
#  いま: 440.0 度 （ 1.22 周）
#  いま: 545.5 度 （ 1.52 周）
#  いま: 593.6 度 （ 1.65 周）
#  いま: 704.5 度 （ 1.96 周）
#  いま: 719.5 度 （ 2.0 周）
#  いま: 797.8 度 （ 2.22 周）
#  いま: 797.7 度 （ 2.22 周）
#  いま: 896.9 度 （ 2.49 周）
#  いま: 949.5 度 （ 2.64 周）
#  いま: 1075.9 度 （ 2.99 周）
#  いま: 1085.5 度 （ 3.02 周）
#  いま: 1155.5 度 （ 3.21 周）
#  いま: 1233.4 度 （ 3.43 周）
#  いま: 1298.7 度 （ 3.61 周）
#  いま: 1437.5 度 （ 3.99 周）
#  いま: 1445.7 度 （ 4.02 周）
#  いま: 1520.4 度 （ 4.22 周）
#  いま: 1627.7 度 （ 4.52 周）
#  いま: 1678.2 度 （ 4.66 周）
#  いま: 1798.4 度 （ 5.0 周）
#  いま: 1808.0 度 （ 5.02 周）
#  いま: 1876.1 度 （ 5.21 周）
#  いま: 1922.3 度 （ 5.34 周）
#  いま: 2032.5 度 （ 5.65 周）
#  いま: 2146.4 度 （ 5.96 周）
#  いま: 2170.8 度 （ 6.03 周）
#  いま: 2237.1 度 （ 6.21 周）
#  いま: 2288.4 度 （ 6.36 周）
#  いま: 2387.8 度 （ 6.63 周）
#  いま: 2509.5 度 （ 6.97 周）
#  いま: 2531.6 度 （ 7.03 周）
#  いま: 2613.4 度 （ 7.26 周）
#  いま: 2693.1 度 （ 7.48 周）
#  いま: 2762.8 度 （ 7.67 周）
#  いま: 2889.8 度 （ 8.03 周）
#  いま: 2893.7 度 （ 8.04 周）
#  いま: 2971.3 度 （ 8.25 周）
#  いま: 3026.6 度 （ 8.41 周）
#  いま: 3129.2 度 （ 8.69 周）
#  いま: 3255.4 度 （ 9.04 周）
#  いま: 3259.2 度 （ 9.05 周）
#  いま: 3337.9 度 （ 9.27 周）
#  いま: 3486.7 度 （ 9.69 周）
#  いま: 3527.8 度 （ 9.8 周）
#  いま: 3604.6 度 （ 10.01 周）
#  いま: 3617.6 度 （ 10.05 周）
#  いま: 3618.9 度 （ 10.05 周）
#  いま: 3618.9 度 （ 10.05 周）
#  いま: 3618.9 度 （ 10.05 周）
#  いま: 3618.9 度 （ 10.05 周）
# 結果: ジャイロの読み 3618.86 度 / 10 周
# → 1 周あたり 361.886 度（これが heading_correction の候補。360 なら目盛りは正確）
# 電池: 8007 mV

==================================================
終了コード: 0
終了日時  : 2026-09-17 16:14:29
実行時間  : 62.0 秒
