=== 実行ログ ===
スクリプト: run_gyro_hand_calibration.py
実行日時 : 2026-09-17 19:15:35
ハブ     : --name Pybricks Hub3
==================================================

Searching for Pybricks Hub3...

  0%|          | 0.00/1.08k [00:00<?, ?B/s]
 94%|█████████▍| 1.01k/1.08k [00:00<00:00, 9.77kB/s]
100%|██████████| 1.08k/1.08k [00:00<00:00, 6.29kB/s]
# imu.settings: (2.0, 2500.0, (0.107595, -1.197198, -0.486059), (366.1989, 351.5872, 362.0139), (10031.61, -9781.568, 9785.638, -9813.727, 9523.833, -10133.98), 360.0)
# じっとしていてね（ジャイロの準備中）
# まわしてね: 右回りに 10 周 → 定規にぴったり当てて手を離す
#  いま: -0.0 度 （ -0.0 周）
#  いま: 59.6 度 （ 0.17 周）
#  いま: 148.0 度 （ 0.41 周）
#  いま: 214.3 度 （ 0.6 周）
#  いま: 306.0 度 （ 0.85 周）
#  いま: 360.0 度 （ 1.0 周）
#  いま: 423.9 度 （ 1.18 周）
#  いま: 553.5 度 （ 1.54 周）
#  いま: 607.2 度 （ 1.69 周）
#  いま: 718.4 度 （ 2.0 周）
#  いま: 734.3 度 （ 2.04 周）
#  いま: 796.2 度 （ 2.21 周）
#  いま: 948.4 度 （ 2.63 周）
#  いま: 1043.5 度 （ 2.9 周）
#  いま: 1077.2 度 （ 2.99 周）
#  いま: 1140.8 度 （ 3.17 周）
#  いま: 1266.5 度 （ 3.52 周）
#  いま: 1325.2 度 （ 3.68 周）
#  いま: 1433.0 度 （ 3.98 周）
#  いま: 1445.7 度 （ 4.02 周）
#  いま: 1534.4 度 （ 4.26 周）
#  いま: 1658.2 度 （ 4.61 周）
#  いま: 1781.1 度 （ 4.95 周）
#  いま: 1802.3 度 （ 5.01 周）
#  いま: 1882.5 度 （ 5.23 周）
#  いま: 2019.1 度 （ 5.61 周）
#  いま: 2138.0 度 （ 5.94 周）
#  いま: 2156.5 度 （ 5.99 周）
#  いま: 2222.4 度 （ 6.17 周）
#  いま: 2372.9 度 （ 6.59 周）
#  いま: 2441.1 度 （ 6.78 周）
#  いま: 2517.4 度 （ 6.99 周）
#  いま: 2572.2 度 （ 7.15 周）
#  いま: 2652.9 度 （ 7.37 周）
#  いま: 2745.1 度 （ 7.63 周）
#  いま: 2869.3 度 （ 7.97 周）
#  いま: 2875.8 度 （ 7.99 周）
#  いま: 2949.5 度 （ 8.19 周）
#  いま: 3101.3 度 （ 8.61 周）
#  いま: 3206.2 度 （ 8.91 周）
#  いま: 3235.9 度 （ 8.99 周）
#  いま: 3306.2 度 （ 9.18 周）
#  いま: 3423.7 度 （ 9.51 周）
#  いま: 3491.0 度 （ 9.7 周）
#  いま: 3588.1 度 （ 9.97 周）
#  いま: 3595.8 度 （ 9.99 周）
#  いま: 3596.6 度 （ 9.99 周）
#  いま: 3596.4 度 （ 9.99 周）
#  いま: 3596.4 度 （ 9.99 周）
#  いま: 3596.4 度 （ 9.99 周）
#  いま: 3596.4 度 （ 9.99 周）
# 結果: ジャイロの読み 3596.38 度 / 10 周
# → 1 周あたり 359.638 度（これが heading_correction の候補。360 なら目盛りは正確）
# 電池: 7937 mV

==================================================
終了コード: 0
終了日時  : 2026-09-17 19:16:40
実行時間  : 64.3 秒
