=== 実行ログ ===
スクリプト: run_gyro_hand_calibration.py
実行日時 : 2026-09-17 19:14:33
ハブ     : --name Pybricks Hub3
==================================================

Searching for Pybricks Hub3...

  0%|          | 0.00/1.08k [00:00<?, ?B/s]
 94%|█████████▍| 1.01k/1.08k [00:00<00:00, 9.87kB/s]
100%|██████████| 1.08k/1.08k [00:00<00:00, 6.31kB/s]
# imu.settings: (2.0, 2500.0, (0.107595, -1.197198, -0.486059), (366.1989, 351.5872, 362.0139), (10031.61, -9781.568, 9785.638, -9813.727, 9523.833, -10133.98), 360.0)
# じっとしていてね（ジャイロの準備中）
# まわしてね: 右回りに 10 周 → 定規にぴったり当てて手を離す
#  いま: 0.0 度 （ 0.0 周）
#  いま: 57.0 度 （ 0.16 周）
#  いま: 171.1 度 （ 0.48 周）
#  いま: 237.4 度 （ 0.66 周）
#  いま: 355.2 度 （ 0.99 周）
#  いま: 361.1 度 （ 1.0 周）
#  いま: 427.0 度 （ 1.19 周）
#  いま: 588.3 度 （ 1.63 周）
#  いま: 640.1 度 （ 1.78 周）
#  いま: 717.7 度 （ 1.99 周）
#  いま: 764.1 度 （ 2.12 周）
#  いま: 845.7 度 （ 2.35 周）
#  いま: 947.8 度 （ 2.63 周）
#  いま: 1071.2 度 （ 2.98 周）
#  いま: 1083.7 度 （ 3.01 周）
#  いま: 1153.3 度 （ 3.2 周）
#  いま: 1315.2 度 （ 3.65 周）
#  いま: 1413.9 度 （ 3.93 周）
#  いま: 1439.2 度 （ 4.0 周）
#  いま: 1493.2 度 （ 4.15 周）
#  いま: 1606.7 度 （ 4.46 周）
#  いま: 1676.7 度 （ 4.66 周）
#  いま: 1789.6 度 （ 4.97 周）
#  いま: 1797.8 度 （ 4.99 周）
#  いま: 1857.5 度 （ 5.16 周）
#  いま: 1956.3 度 （ 5.43 周）
#  いま: 2027.0 度 （ 5.63 周）
#  いま: 2151.1 度 （ 5.98 周）
#  いま: 2158.2 度 （ 6.0 周）
#  いま: 2215.1 度 （ 6.15 周）
#  いま: 2367.4 度 （ 6.58 周）
#  いま: 2436.5 度 （ 6.77 周）
#  いま: 2517.8 度 （ 6.99 周）
#  いま: 2540.2 度 （ 7.06 周）
#  いま: 2617.1 度 （ 7.27 周）
#  いま: 2738.3 度 （ 7.61 周）
#  いま: 2850.3 度 （ 7.92 周）
#  いま: 2878.5 度 （ 8.0 周）
#  いま: 2893.2 度 （ 8.04 周）
#  いま: 2982.0 度 （ 8.28 周）
#  いま: 3085.7 度 （ 8.57 周）
#  いま: 3215.4 度 （ 8.93 周）
#  いま: 3236.0 度 （ 8.99 周）
#  いま: 3299.0 度 （ 9.16 周）
#  いま: 3432.3 度 （ 9.53 周）
#  いま: 3491.8 度 （ 9.7 周）
#  いま: 3592.0 度 （ 9.98 周）
#  いま: 3597.3 度 （ 9.99 周）
#  いま: 3598.1 度 （ 9.99 周）
#  いま: 3598.0 度 （ 9.99 周）
#  いま: 3598.0 度 （ 9.99 周）
#  いま: 3598.0 度 （ 9.99 周）
#  いま: 3598.0 度 （ 9.99 周）
# 結果: ジャイロの読み 3597.96 度 / 10 周
# → 1 周あたり 359.796 度（これが heading_correction の候補。360 なら目盛りは正確）
# 電池: 7939 mV

==================================================
終了コード: 0
終了日時  : 2026-09-17 19:15:31
実行時間  : 57.6 秒
