=== 実行ログ ===
スクリプト: run_gyro_hand_calibration.py
実行日時 : 2026-09-17 16:12:21
ハブ     : --name Pybricks Hub3
==================================================

Searching for Pybricks Hub3...

  0%|          | 0.00/1.08k [00:00<?, ?B/s]
 94%|█████████▍| 1.01k/1.08k [00:00<00:00, 9.92kB/s]
100%|██████████| 1.08k/1.08k [00:00<00:00, 6.31kB/s]
# imu.settings: (2.0, 2500.0, (0.1389356, -1.317983, -0.2881232), (360.0, 360.0, 360.0), (9806.65, -9806.65, 9806.65, -9806.65, 9806.65, -9806.65), 360.0)
# じっとしていてね（ジャイロの準備中）
# まわしてね: 右回りに 10 周 → 定規にぴったり当てて手を離す
#  いま: -0.0 度 （ -0.0 周）
#  いま: -0.0 度 （ -0.0 周）
#  いま: -0.0 度 （ -0.0 周）
#  いま: 58.5 度 （ 0.16 周）
#  いま: 116.9 度 （ 0.32 周）
#  いま: 223.5 度 （ 0.62 周）
#  いま: 255.8 度 （ 0.71 周）
#  いま: 365.7 度 （ 1.02 周）
#  いま: 422.9 度 （ 1.17 周）
#  いま: 510.1 度 （ 1.42 周）
#  いま: 615.0 度 （ 1.71 周）
#  いま: 705.4 度 （ 1.96 周）
#  いま: 742.3 度 （ 2.06 周）
#  いま: 806.2 度 （ 2.24 周）
#  いま: 975.6 度 （ 2.71 周）
#  いま: 1060.8 度 （ 2.95 周）
#  いま: 1085.8 度 （ 3.02 周）
#  いま: 1150.3 度 （ 3.2 周）
#  いま: 1314.0 度 （ 3.65 周）
#  いま: 1383.6 度 （ 3.84 周）
#  いま: 1445.5 度 （ 4.02 周）
#  いま: 1541.5 度 （ 4.28 周）
#  いま: 1694.2 度 （ 4.71 周）
#  いま: 1733.4 度 （ 4.82 周）
#  いま: 1806.7 度 （ 5.02 周）
#  いま: 1874.8 度 （ 5.21 周）
#  いま: 1942.2 度 （ 5.4 周）
#  いま: 2025.9 度 （ 5.63 周）
#  いま: 2146.3 度 （ 5.96 周）
#  いま: 2170.8 度 （ 6.03 周）
#  いま: 2255.6 度 （ 6.27 周）
#  いま: 2403.8 度 （ 6.68 周）
#  いま: 2459.7 度 （ 6.83 周）
#  いま: 2530.2 度 （ 7.03 周）
#  いま: 2613.7 度 （ 7.26 周）
#  いま: 2713.0 度 （ 7.54 周）
#  いま: 2771.8 度 （ 7.7 周）
#  いま: 2880.7 度 （ 8.0 周）
#  いま: 2913.5 度 （ 8.09 周）
#  いま: 2977.7 度 （ 8.27 周）
#  いま: 3115.3 度 （ 8.65 周）
#  いま: 3208.2 度 （ 8.91 周）
#  いま: 3253.7 度 （ 9.04 周）
#  いま: 3340.4 度 （ 9.28 周）
#  いま: 3402.0 度 （ 9.45 周）
#  いま: 3498.0 度 （ 9.72 周）
#  いま: 3577.9 度 （ 9.94 周）
#  いま: 3610.7 度 （ 10.03 周）
#  いま: 3618.2 度 （ 10.05 周）
#  いま: 3619.2 度 （ 10.05 周）
#  いま: 3618.9 度 （ 10.05 周）
#  いま: 3618.9 度 （ 10.05 周）
#  いま: 3619.0 度 （ 10.05 周）
#  いま: 3619.0 度 （ 10.05 周）
# 結果: ジャイロの読み 3618.97 度 / 10 周
# → 1 周あたり 361.897 度（これが heading_correction の候補。360 なら目盛りは正確）
# 電池: 8009 mV

==================================================
終了コード: 0
終了日時  : 2026-09-17 16:13:19
実行時間  : 58.4 秒
