=== 実行ログ ===
スクリプト: run_gyro_hand_calibration.py
実行日時 : 2026-09-17 16:14:37
ハブ     : --name Pybricks Hub3
==================================================

Searching for Pybricks Hub3...

  0%|          | 0.00/1.08k [00:00<?, ?B/s]
 94%|█████████▍| 1.01k/1.08k [00:00<00:00, 9.06kB/s]
100%|██████████| 1.08k/1.08k [00:00<00:00, 5.98kB/s]
# imu.settings: (2.0, 2500.0, (0.1389356, -1.317983, -0.2881232), (360.0, 360.0, 360.0), (9806.65, -9806.65, 9806.65, -9806.65, 9806.65, -9806.65), 360.0)
# じっとしていてね（ジャイロの準備中）
# まわしてね: 右回りに 10 周 → 定規にぴったり当てて手を離す
#  いま: -0.0 度 （ -0.0 周）
#  いま: 24.6 度 （ 0.07 周）
#  いま: 74.4 度 （ 0.21 周）
#  いま: 207.4 度 （ 0.58 周）
#  いま: 238.2 度 （ 0.66 周）
#  いま: 352.8 度 （ 0.98 周）
#  いま: 359.5 度 （ 1.0 周）
#  いま: 463.4 度 （ 1.29 周）
#  いま: 572.6 度 （ 1.59 周）
#  いま: 625.3 度 （ 1.74 周）
#  いま: 720.5 度 （ 2.0 周）
#  いま: 722.6 度 （ 2.01 周）
#  いま: 796.6 度 （ 2.21 周）
#  いま: 956.8 度 （ 2.66 周）
#  いま: 1037.6 度 （ 2.88 周）
#  いま: 1081.1 度 （ 3.0 周）
#  いま: 1083.4 度 （ 3.01 周）
#  いま: 1169.5 度 （ 3.25 周）
#  いま: 1324.9 度 （ 3.68 周）
#  いま: 1377.1 度 （ 3.83 周）
#  いま: 1444.5 度 （ 4.01 周）
#  いま: 1445.3 度 （ 4.01 周）
#  いま: 1531.0 度 （ 4.25 周）
#  いま: 1675.1 度 （ 4.65 周）
#  いま: 1749.2 度 （ 4.86 周）
#  いま: 1806.0 度 （ 5.02 周）
#  いま: 1806.2 度 （ 5.02 周）
#  いま: 1898.5 度 （ 5.27 周）
#  いま: 2000.9 度 （ 5.56 周）
#  いま: 2085.5 度 （ 5.79 周）
#  いま: 2167.5 度 （ 6.02 周）
#  いま: 2169.4 度 （ 6.03 周）
#  いま: 2261.1 度 （ 6.28 周）
#  いま: 2363.4 度 （ 6.56 周）
#  いま: 2445.0 度 （ 6.79 周）
#  いま: 2529.0 度 （ 7.03 周）
#  いま: 2529.8 度 （ 7.03 周）
#  いま: 2629.2 度 （ 7.3 周）
#  いま: 2775.5 度 （ 7.71 周）
#  いま: 2856.1 度 （ 7.93 周）
#  いま: 2892.6 度 （ 8.03 周）
#  いま: 2942.0 度 （ 8.17 周）
#  いま: 3040.3 度 （ 8.45 周）
#  いま: 3147.7 度 （ 8.74 周）
#  いま: 3250.0 度 （ 9.03 周）
#  いま: 3253.5 度 （ 9.04 周）
#  いま: 3330.5 度 （ 9.25 周）
#  いま: 3446.0 度 （ 9.57 周）
#  いま: 3509.4 度 （ 9.75 周）
#  いま: 3592.9 度 （ 9.98 周）
#  いま: 3614.7 度 （ 10.04 周）
#  いま: 3617.6 度 （ 10.05 周）
#  いま: 3616.5 度 （ 10.05 周）
#  いま: 3616.5 度 （ 10.05 周）
#  いま: 3616.5 度 （ 10.05 周）
#  いま: 3616.4 度 （ 10.05 周）
# 結果: ジャイロの読み 3616.43 度 / 10 周
# → 1 周あたり 361.643 度（これが heading_correction の候補。360 なら目盛りは正確）
# 電池: 8005 mV

==================================================
終了コード: 0
終了日時  : 2026-09-17 16:15:38
実行時間  : 61.2 秒
