=== 実行ログ ===
スクリプト: run_gyro_hand_calibration.py
実行日時 : 2026-09-17 19:13:14
ハブ     : --name Pybricks Hub3
==================================================

Searching for Pybricks Hub3...

  0%|          | 0.00/1.08k [00:00<?, ?B/s]
 94%|█████████▍| 1.01k/1.08k [00:00<00:00, 7.12kB/s]
100%|██████████| 1.08k/1.08k [00:00<00:00, 5.10kB/s]
# imu.settings: (2.0, 2500.0, (0.107595, -1.197198, -0.486059), (366.1989, 351.5872, 362.0139), (10031.61, -9781.568, 9785.638, -9813.727, 9523.833, -10133.98), 360.0)
# じっとしていてね（ジャイロの準備中）
# まわしてね: 右回りに 10 周 → 定規にぴったり当てて手を離す
#  いま: -0.0 度 （ -0.0 周）
#  いま: -0.0 度 （ -0.0 周）
#  いま: -0.0 度 （ -0.0 周）
#  いま: -0.0 度 （ -0.0 周）
#  いま: 45.5 度 （ 0.13 周）
#  いま: 71.6 度 （ 0.2 周）
#  いま: 182.3 度 （ 0.51 周）
#  いま: 190.7 度 （ 0.53 周）
#  いま: 288.9 度 （ 0.8 周）
#  いま: 339.8 度 （ 0.94 周）
#  いま: 358.7 度 （ 1.0 周）
#  いま: 375.3 度 （ 1.04 周）
#  いま: 416.5 度 （ 1.16 周）
#  いま: 551.8 度 （ 1.53 周）
#  いま: 582.8 度 （ 1.62 周）
#  いま: 700.8 度 （ 1.95 周）
#  いま: 714.3 度 （ 1.98 周）
#  いま: 760.6 度 （ 2.11 周）
#  いま: 807.3 度 （ 2.24 周）
#  いま: 944.9 度 （ 2.62 周）
#  いま: 993.7 度 （ 2.76 周）
#  いま: 1072.3 度 （ 2.98 周）
#  いま: 1075.9 度 （ 2.99 周）
#  いま: 1145.2 度 （ 3.18 周）
#  いま: 1199.3 度 （ 3.33 周）
#  いま: 1312.2 度 （ 3.65 周）
#  いま: 1401.4 度 （ 3.89 周）
#  いま: 1434.8 度 （ 3.99 周）
#  いま: 1435.8 度 （ 3.99 周）
#  いま: 1499.8 度 （ 4.17 周）
#  いま: 1564.6 度 （ 4.35 周）
#  いま: 1668.5 度 （ 4.63 周）
#  いま: 1786.1 度 （ 4.96 周）
#  いま: 1796.2 度 （ 4.99 周）
#  いま: 1849.5 度 （ 5.14 周）
#  いま: 1889.6 度 （ 5.25 周）
#  いま: 2016.3 度 （ 5.6 周）
#  いま: 2126.9 度 （ 5.91 周）
#  いま: 2156.5 度 （ 5.99 周）
#  いま: 2158.2 度 （ 6.0 周）
#  いま: 2243.1 度 （ 6.23 周）
#  いま: 2349.2 度 （ 6.53 周）
#  いま: 2414.2 度 （ 6.71 周）
#  いま: 2513.1 度 （ 6.98 周）
#  いま: 2516.9 度 （ 6.99 周）
#  いま: 2526.2 度 （ 7.02 周）
#  いま: 2602.5 度 （ 7.23 周）
#  いま: 2751.8 度 （ 7.64 周）
#  いま: 2832.9 度 （ 7.87 周）
#  いま: 2876.2 度 （ 7.99 周）
#  いま: 2876.1 度 （ 7.99 周）
#  いま: 2938.2 度 （ 8.16 周）
#  いま: 3071.5 度 （ 8.53 周）
#  いま: 3128.6 度 （ 8.69 周）
#  いま: 3227.8 度 （ 8.97 周）
#  いま: 3234.9 度 （ 8.99 周）
#  いま: 3236.3 度 （ 8.99 周）
#  いま: 3292.4 度 （ 9.15 周）
#  いま: 3360.3 度 （ 9.33 周）
#  いま: 3462.1 度 （ 9.62 周）
#  いま: 3535.8 度 （ 9.82 周）
#  いま: 3590.2 度 （ 9.97 周）
#  いま: 3596.2 度 （ 9.99 周）
#  いま: 3596.1 度 （ 9.99 周）
#  いま: 3596.1 度 （ 9.99 周）
#  いま: 3596.1 度 （ 9.99 周）
#  いま: 3596.1 度 （ 9.99 周）
# 結果: ジャイロの読み 3596.15 度 / 10 周
# → 1 周あたり 359.615 度（これが heading_correction の候補。360 なら目盛りは正確）
# 電池: 7942 mV

==================================================
終了コード: 0
終了日時  : 2026-09-17 19:14:26
実行時間  : 71.7 秒
