=== 実行ログ ===
スクリプト: run_M03_keiichiro.py
実行日時 : 2026-10-10 19:04:59
ハブ     : --name Pybricks Hub3
==================================================

Searching for Pybricks Hub3...

  0%|          | 0.00/6.12k [00:00<?, ?B/s]
  8%|▊         | 507/6.12k [00:00<00:01, 3.06kB/s]
 17%|█▋        | 1.01k/6.12k [00:00<00:01, 2.97kB/s]
 25%|██▍       | 1.52k/6.12k [00:00<00:01, 2.93kB/s]
 33%|███▎      | 2.03k/6.12k [00:00<00:01, 2.92kB/s]
 41%|████▏     | 2.54k/6.12k [00:00<00:01, 2.92kB/s]
 50%|████▉     | 3.04k/6.12k [00:01<00:01, 2.91kB/s]
 58%|█████▊    | 3.55k/6.12k [00:01<00:00, 2.68kB/s]
 66%|██████▋   | 4.06k/6.12k [00:01<00:00, 2.75kB/s]
 75%|███████▍  | 4.56k/6.12k [00:01<00:00, 2.79kB/s]
 83%|████████▎ | 5.07k/6.12k [00:01<00:00, 2.83kB/s]
 91%|█████████ | 5.58k/6.12k [00:01<00:00, 2.84kB/s]
 99%|█████████▉| 6.08k/6.12k [00:02<00:00, 2.86kB/s]
100%|██████████| 6.12k/6.12k [00:02<00:00, 2.70kB/s]
=== ロボット初期化開始 ===
★ 走行設定: new （new＝今年の値 / old＝昨年の速度・加速度・PID）
✓ 機体の校正表: Pybricks Hub3 {'heading_correction': 360.1, 'wheel': 62.32, 'axle': 114.48}
✓ ハブ設定完了
✓ モーター設定完了
✓ デフォルト設定適用: 直進={'straight_acceleration': 800, 'straight_speed': 550}, 回転={'turn_acceleration': 313, 'turn_rate': 250}
✓ ロボットパラメータ設定完了
✓ PID制御設定完了（Pybricks の既定値を使用）
✓ ジャイロの待ち完了: 8723 ms（止まったまま 2000 ms）
✓ センサー初期化完了
✓ モーター角度リセット完了: 全モーター=0°
=== ロボット初期化完了 ===
# 走行完了！

==================================================
終了コード: 0
終了日時  : 2026-10-10 19:05:23
実行時間  : 23.4 秒
接続〜初期化完了: 20.4 秒（ハブを探す・つなぐ・送る・ジャイロの待ち。本番は試合の前に 1 回だけ）
走行: 1.9 秒（初期化完了 → 走行完了。本番でもかかる時間）
