=== 実行ログ ===
スクリプト: run_gyro_state_repeat.py
実行日時 : 2026-09-19 11:25:16
ハブ     : --name Pybricks Hub3
==================================================

Searching for Pybricks Hub3...

  0%|          | 0.00/7.35k [00:00<?, ?B/s]
 14%|█▍        | 1.01k/7.35k [00:00<00:00, 10.0kB/s]
 28%|██▊       | 2.03k/7.35k [00:00<00:00, 8.88kB/s]
 41%|████▏     | 3.04k/7.35k [00:00<00:00, 8.56kB/s]
 55%|█████▌    | 4.06k/7.35k [00:00<00:00, 8.82kB/s]
 69%|██████▉   | 5.07k/7.35k [00:00<00:00, 8.59kB/s]
 83%|████████▎ | 6.08k/7.35k [00:00<00:00, 8.00kB/s]
 97%|█████████▋| 7.10k/7.35k [00:01<00:00, 4.73kB/s]
100%|██████████| 7.35k/7.35k [00:01<00:00, 5.88kB/s]
=== ロボット初期化開始 ===
★ 走行設定: new （new＝今年の値 / old＝昨年の速度・加速度・PID）
✓ 機体の校正表: Pybricks Hub3 {'heading_correction': 365.8, 'wheel': 62.32, 'axle': 114.48}
✓ ハブ設定完了
✓ モーター設定完了
✓ デフォルト設定適用: 直進={'straight_acceleration': 800, 'straight_speed': 550}, 回転={'turn_acceleration': 313, 'turn_rate': 250}
✓ ロボットパラメータ設定完了
✓ PID制御設定完了（Pybricks の既定値を使用）
✓ センサー初期化完了
✓ モーター角度リセット完了: 全モーター=0°
=== ロボット初期化完了 ===
# imu.settings: (2.0, 2500.0, (0.107595, -1.197198, -0.486059), (366.1989, 351.5872, 362.0139), (10031.61, -9781.568, 9785.638, -9813.727, 9523.833, -10133.98), 365.8)
# 前: tilt (-0.124666, 0.2895548) / 電池: 7849 mV
R, 1 , ジャイロ 1800.8 , rotZ 1829.81 , エンコーダ 2008.74 , 比率(全体) 0.8965 , 比率(2〜4 周目) 0.8974 , 電池 7852
R, 2 , ジャイロ 1798.98 , rotZ 1827.97 , エンコーダ 2039.77 , 比率(全体) 0.8820001 , 比率(2〜4 周目) 0.8839 , 電池 7851
R, 3 , ジャイロ 1799.99 , rotZ 1828.99 , エンコーダ 2029.16 , 比率(全体) 0.8871 , 比率(2〜4 周目) 0.8866 , 電池 7847
R, 4 , ジャイロ 1800.89 , rotZ 1829.91 , エンコーダ 2021.81 , 比率(全体) 0.8907 , 比率(2〜4 周目) 0.892 , 電池 7844
R, 5 , ジャイロ 1801.4 , rotZ 1830.42 , エンコーダ 2034.33 , 比率(全体) 0.8855 , 比率(2〜4 周目) 0.8830999 , 電池 7841
R, 6 , ジャイロ 1801.54 , rotZ 1830.57 , エンコーダ 2032.97 , 比率(全体) 0.8862 , 比率(2〜4 周目) 0.8820001 , 電池 7836
# ★いま★ ライトが緑になったら（ピーと鳴ったら）、手で定規にぴったり当て直して、手を離してね
# 命令の合計: 10800 度 / 止まった時のジャイロ h1: 10803.56 度
# 定規に合わせ直した時のジャイロ h2: 11008.88 度
# 合計の本当のズレ（右回りで＋は回り足りない）: 205.32 度（ジャイロの目盛りで）
# 1 周の読みの平均: 366.963 度
# 電池: 7830 mV

==================================================
終了コード: 0
終了日時  : 2026-09-19 11:26:37
実行時間  : 80.9 秒
