=== 実行ログ ===
スクリプト: run_gyro_state_repeat.py
実行日時 : 2026-09-19 11:30:16
ハブ     : --name Pybricks Hub3
==================================================

Searching for Pybricks Hub3...

  0%|          | 0.00/6.89k [00:00<?, ?B/s]
 15%|█▍        | 1.01k/6.89k [00:00<00:00, 7.96kB/s]
 29%|██▉       | 2.03k/6.89k [00:00<00:00, 8.05kB/s]
 44%|████▍     | 3.04k/6.89k [00:00<00:00, 8.13kB/s]
 59%|█████▉    | 4.06k/6.89k [00:00<00:00, 8.15kB/s]
 74%|███████▎  | 5.07k/6.89k [00:00<00:00, 8.53kB/s]
 88%|████████▊ | 6.08k/6.89k [00:00<00:00, 7.10kB/s]
100%|██████████| 6.89k/6.89k [00:01<00:00, 3.95kB/s]
100%|██████████| 6.89k/6.89k [00:01<00:00, 5.58kB/s]
=== ロボット初期化開始 ===
★ 走行設定: new （new＝今年の値 / old＝昨年の速度・加速度・PID）
✓ 機体の校正表: Pybricks Hub3 {'heading_correction': 365.8, 'wheel': 62.32, 'axle': 114.48}
✓ ハブ設定完了
✓ モーター設定完了
✓ デフォルト設定適用: 直進={'straight_acceleration': 800, 'straight_speed': 550}, 回転={'turn_acceleration': 313, 'turn_rate': 250}
✓ ロボットパラメータ設定完了
✓ PID制御設定完了（Pybricks の既定値を使用）
✓ センサー初期化完了
✓ モーター角度リセット完了: 全モーター=0°
=== ロボット初期化完了 ===
# imu.settings: (2.0, 2500.0, (0.107595, -1.197198, -0.486059), (366.1989, 351.5872, 362.0139), (10031.61, -9781.568, 9785.638, -9813.727, 9523.833, -10133.98), 365.8)
# 前: tilt (-0.06357975, 0.2888578) / 電池: 7835 mV
R, 1 , ジャイロ 1800.86 , rotZ 1829.88 , エンコーダ 1988.33 , 比率(全体) 0.9057 , 比率(2〜4 周目) 0.9068 , 電池 7839
S, 1 , 当て直しで動いた角度 h2-h1 -5.67 , 1 周の読み 359.038 , 校正前の目盛りで 364.82
R, 2 , ジャイロ 1799.53 , rotZ 1828.52 , エンコーダ 2019.63 , 比率(全体) 0.891 , 比率(2〜4 周目) 0.8918 , 電池 7838
S, 2 , 当て直しで動いた角度 h2-h1 -28.46 , 1 周の読み 354.214 , 校正前の目盛りで 359.92
R, 3 , ジャイロ 1799.29 , rotZ 1828.28 , エンコーダ 2013.37 , 比率(全体) 0.8937 , 比率(2〜4 周目) 0.8946 , 電池 7835
S, 3 , 当て直しで動いた角度 h2-h1 -27.04 , 1 周の読み 354.45 , 校正前の目盛りで 360.16
R, 4 , ジャイロ 1800.37 , rotZ 1829.38 , エンコーダ 2017.45 , 比率(全体) 0.8924 , 比率(2〜4 周目) 0.8944 , 電池 7830
S, 4 , 当て直しで動いた角度 h2-h1 -28.36 , 1 周の読み 354.402 , 校正前の目盛りで 360.11
R, 5 , ジャイロ 1800.45 , rotZ 1829.46 , エンコーダ 2015.55 , 比率(全体) 0.8933 , 比率(2〜4 周目) 0.8979 , 電池 7828
S, 5 , 当て直しで動いた角度 h2-h1 -28.17 , 1 周の読み 354.456 , 校正前の目盛りで 360.17
R, 6 , ジャイロ 1799.03 , rotZ 1828.02 , エンコーダ 2013.64 , 比率(全体) 0.8934 , 比率(2〜4 周目) 0.8963 , 電池 7831
S, 6 , 当て直しで動いた角度 h2-h1 -26.46 , 1 周の読み 354.514 , 校正前の目盛りで 360.23
# 電池: 7820 mV

==================================================
終了コード: 0
終了日時  : 2026-09-19 11:32:26
実行時間  : 130.2 秒
