=== 実行ログ ===
スクリプト: selector.py
実行日時 : 2026-09-19 15:56:01
ハブ     : --name Pybricks Hub3
==================================================

Searching for Pybricks Hub3...

  0%|          | 0.00/9.28k [00:00<?, ?B/s]
 11%|█         | 1.01k/9.28k [00:00<00:01, 7.90kB/s]
 22%|██▏       | 2.03k/9.28k [00:00<00:00, 8.63kB/s]
 33%|███▎      | 3.04k/9.28k [00:00<00:00, 8.61kB/s]
 44%|████▎     | 4.06k/9.28k [00:00<00:01, 4.47kB/s]
 55%|█████▍    | 5.07k/9.28k [00:01<00:01, 3.74kB/s]
 60%|██████    | 5.58k/9.28k [00:01<00:01, 3.53kB/s]
 66%|██████▌   | 6.08k/9.28k [00:01<00:01, 3.15kB/s]
 71%|███████   | 6.59k/9.28k [00:01<00:00, 3.09kB/s]
 76%|███████▋  | 7.10k/9.28k [00:01<00:00, 3.03kB/s]
 82%|████████▏ | 7.61k/9.28k [00:02<00:00, 3.00kB/s]
 87%|████████▋ | 8.11k/9.28k [00:02<00:00, 2.78kB/s]
 93%|█████████▎| 8.62k/9.28k [00:02<00:00, 2.63kB/s]
 98%|█████████▊| 9.13k/9.28k [00:02<00:00, 2.70kB/s]
100%|██████████| 9.28k/9.28k [00:02<00:00, 3.11kB/s]
=== ロボット初期化開始 ===
★ 走行設定: new （new＝今年の値 / old＝昨年の速度・加速度・PID）
✓ 機体の校正表: Pybricks Hub3 {'heading_correction': 360.1, 'wheel': 62.32, 'axle': 114.48}
✓ ハブ設定完了
✓ モーター設定完了
✓ デフォルト設定適用: 直進={'straight_acceleration': 800, 'straight_speed': 550}, 回転={'turn_acceleration': 313, 'turn_rate': 250}
✓ ロボットパラメータ設定完了
✓ PID制御設定完了（Pybricks の既定値を使用）
✓ ジャイロの待ち完了: 2001 ms（止まったまま 2000 ms）
✓ センサー初期化完了
✓ モーター角度リセット完了: 全モーター=0°
=== ロボット初期化完了 ===
=== プログラムセレクター ===
LEFT/RIGHT: プログラム選択
フォースセンサー: プログラム実行
--- 本番モードで起動（センサーログなし） ---
→ プログラム 1 に変更
=== プログラム 1 を実行中 ===
ロボットリソースをリセットしました
G, 1 , 前の回から 5943 ms , 走り出すとき静止 False , 当て直しで動いた角度 h2-h1 -0.05 , 1 周の読み 359.809 , 校正前の目盛りで 359.91 , 電池 8239
=== プログラム 1 実行完了 ===
ロボットリソースをリセットしました
セレクターに戻りました
The program was stopped (SystemExit).

==================================================
終了コード: 0
終了日時  : 2026-09-19 15:56:39
実行時間  : 38.1 秒
