=== 実行ログ ===
スクリプト: selector.py
実行日時 : 2026-09-19 16:14:19
ハブ     : --name Pybricks Hub3
==================================================

Searching for Pybricks Hub3...

  0%|          | 0.00/9.34k [00:00<?, ?B/s]
 11%|█         | 1.01k/9.34k [00:00<00:01, 7.87kB/s]
 22%|██▏       | 2.03k/9.34k [00:00<00:00, 8.07kB/s]
 33%|███▎      | 3.04k/9.34k [00:00<00:00, 8.53kB/s]
 43%|████▎     | 4.06k/9.34k [00:00<00:00, 5.96kB/s]
 54%|█████▍    | 5.07k/9.34k [00:01<00:01, 3.81kB/s]
 65%|██████▌   | 6.08k/9.34k [00:01<00:00, 3.27kB/s]
 71%|███████   | 6.59k/9.34k [00:01<00:00, 3.19kB/s]
 76%|███████▌  | 7.10k/9.34k [00:01<00:00, 2.95kB/s]
 81%|████████▏ | 7.61k/9.34k [00:02<00:00, 2.94kB/s]
 87%|████████▋ | 8.11k/9.34k [00:02<00:00, 2.93kB/s]
 92%|█████████▏| 8.62k/9.34k [00:02<00:00, 2.92kB/s]
 98%|█████████▊| 9.13k/9.34k [00:02<00:00, 2.91kB/s]
100%|██████████| 9.34k/9.34k [00:03<00:00, 3.01kB/s]
=== ロボット初期化開始 ===
★ 走行設定: new （new＝今年の値 / old＝昨年の速度・加速度・PID）
✓ 機体の校正表: Pybricks Hub3 {'heading_correction': 360.1, 'wheel': 62.32, 'axle': 114.48}
✓ ハブ設定完了
✓ モーター設定完了
✓ デフォルト設定適用: 直進={'straight_acceleration': 800, 'straight_speed': 550}, 回転={'turn_acceleration': 313, 'turn_rate': 250}
✓ ロボットパラメータ設定完了
✓ PID制御設定完了（Pybricks の既定値を使用）
✓ ジャイロの待ち完了: 2000 ms（止まったまま 2000 ms）
✓ センサー初期化完了
✓ モーター角度リセット完了: 全モーター=0°
=== ロボット初期化完了 ===
=== プログラムセレクター ===
LEFT/RIGHT: プログラム選択
フォースセンサー: プログラム実行
--- 本番モードで起動（センサーログなし） ---
→ プログラム 1 に変更
=== プログラム 1 を実行中 ===
ロボットリソースをリセットしました
G, 1 , 前の回から 10264 ms , 走り出すとき静止 False , 当て直しで動いた角度 h2-h1 -0.33 , 1 周の読み 359.874 , 校正前の目盛りで 359.97 , 電池 8192
=== プログラム 1 実行完了 ===
ロボットリソースをリセットしました
セレクターに戻りました
=== プログラム 1 を実行中 ===
ロボットリソースをリセットしました
G, 2 , 前の回から 702 ms , 走り出すとき静止 False , 当て直しで動いた角度 h2-h1 -1.36 , 1 周の読み 359.684 , 校正前の目盛りで 359.78 , 電池 8189
=== プログラム 1 実行完了 ===
ロボットリソースをリセットしました
セレクターに戻りました
=== プログラム 1 を実行中 ===
ロボットリソースをリセットしました
G, 3 , 前の回から 852 ms , 走り出すとき静止 False , 当て直しで動いた角度 h2-h1 -3.22 , 1 周の読み 359.518 , 校正前の目盛りで 359.62 , 電池 8187
=== プログラム 1 実行完了 ===
ロボットリソースをリセットしました
セレクターに戻りました
=== プログラム 1 を実行中 ===
ロボットリソースをリセットしました
G, 4 , 前の回から 802 ms , 走り出すとき静止 False , 当て直しで動いた角度 h2-h1 0.17 , 1 周の読み 359.951 , 校正前の目盛りで 360.05 , 電池 8184
=== プログラム 1 実行完了 ===
ロボットリソースをリセットしました
セレクターに戻りました
=== プログラム 1 を実行中 ===
ロボットリソースをリセットしました
G, 5 , 前の回から 2452 ms , 走り出すとき静止 False , 当て直しで動いた角度 h2-h1 -1.43 , 1 周の読み 359.637 , 校正前の目盛りで 359.74 , 電池 8182
=== プログラム 1 実行完了 ===
ロボットリソースをリセットしました
セレクターに戻りました
The program was stopped (SystemExit).

==================================================
終了コード: 0
終了日時  : 2026-09-19 16:16:06
実行時間  : 107.6 秒
