=== 実行ログ ===
スクリプト: selector.py
実行日時 : 2026-09-19 15:57:08
ハブ     : --name Pybricks Hub3
==================================================

Searching for Pybricks Hub3...

  0%|          | 0.00/9.28k [00:00<?, ?B/s]
 11%|█         | 1.01k/9.28k [00:00<00:00, 8.85kB/s]
 22%|██▏       | 2.03k/9.28k [00:00<00:00, 7.90kB/s]
 33%|███▎      | 3.04k/9.28k [00:00<00:00, 6.99kB/s]
 44%|████▎     | 4.06k/9.28k [00:00<00:01, 4.53kB/s]
 55%|█████▍    | 5.07k/9.28k [00:01<00:01, 3.36kB/s]
 60%|██████    | 5.58k/9.28k [00:01<00:01, 3.26kB/s]
 66%|██████▌   | 6.08k/9.28k [00:01<00:01, 3.17kB/s]
 71%|███████   | 6.59k/9.28k [00:01<00:00, 3.10kB/s]
 76%|███████▋  | 7.10k/9.28k [00:01<00:00, 2.68kB/s]
 82%|████████▏ | 7.61k/9.28k [00:02<00:00, 2.57kB/s]
 87%|████████▋ | 8.11k/9.28k [00:02<00:00, 2.65kB/s]
 93%|█████████▎| 8.62k/9.28k [00:02<00:00, 2.55kB/s]
 98%|█████████▊| 9.13k/9.28k [00:02<00:00, 2.64kB/s]
100%|██████████| 9.28k/9.28k [00:03<00:00, 2.89kB/s]
=== ロボット初期化開始 ===
★ 走行設定: new （new＝今年の値 / old＝昨年の速度・加速度・PID）
✓ 機体の校正表: Pybricks Hub3 {'heading_correction': 360.1, 'wheel': 62.32, 'axle': 114.48}
✓ ハブ設定完了
✓ モーター設定完了
✓ デフォルト設定適用: 直進={'straight_acceleration': 800, 'straight_speed': 550}, 回転={'turn_acceleration': 313, 'turn_rate': 250}
✓ ロボットパラメータ設定完了
✓ PID制御設定完了（Pybricks の既定値を使用）
✓ ジャイロの待ち完了: 2000 ms（止まったまま 2000 ms）
✓ センサー初期化完了
✓ モーター角度リセット完了: 全モーター=0°
=== ロボット初期化完了 ===
=== プログラムセレクター ===
LEFT/RIGHT: プログラム選択
フォースセンサー: プログラム実行
--- 本番モードで起動（センサーログなし） ---
→ プログラム 1 に変更
=== プログラム 1 を実行中 ===
ロボットリソースをリセットしました
G, 1 , 前の回から 3792 ms , 走り出すとき静止 False , 当て直しで動いた角度 h2-h1 -1.45 , 1 周の読み 359.729 , 校正前の目盛りで 359.83 , 電池 8232
=== プログラム 1 実行完了 ===
ロボットリソースをリセットしました
セレクターに戻りました
=== プログラム 1 を実行中 ===
ロボットリソースをリセットしました
G, 2 , 前の回から 1153 ms , 走り出すとき静止 False , 当て直しで動いた角度 h2-h1 -1.45 , 1 周の読み 359.661 , 校正前の目盛りで 359.76 , 電池 8230
=== プログラム 1 実行完了 ===
ロボットリソースをリセットしました
セレクターに戻りました
=== プログラム 1 を実行中 ===
ロボットリソースをリセットしました
G, 3 , 前の回から 1453 ms , 走り出すとき静止 False , 当て直しで動いた角度 h2-h1 -0.23 , 1 周の読み 359.707 , 校正前の目盛りで 359.81 , 電池 8226
=== プログラム 1 実行完了 ===
ロボットリソースをリセットしました
セレクターに戻りました
=== プログラム 1 を実行中 ===
ロボットリソースをリセットしました
G, 4 , 前の回から 1102 ms , 走り出すとき静止 False , 当て直しで動いた角度 h2-h1 -1.33 , 1 周の読み 359.78 , 校正前の目盛りで 359.88 , 電池 8223
=== プログラム 1 実行完了 ===
ロボットリソースをリセットしました
セレクターに戻りました
=== プログラム 1 を実行中 ===
ロボットリソースをリセットしました
G, 5 , 前の回から 652 ms , 走り出すとき静止 False , 当て直しで動いた角度 h2-h1 -0.74 , 1 周の読み 359.912 , 校正前の目盛りで 360.01 , 電池 8221
=== プログラム 1 実行完了 ===
ロボットリソースをリセットしました
セレクターに戻りました
=== プログラム 1 を実行中 ===
ロボットリソースをリセットしました
G, 6 , 前の回から 952 ms , 走り出すとき静止 False , 当て直しで動いた角度 h2-h1 -0.2 , 1 周の読み 359.877 , 校正前の目盛りで 359.98 , 電池 8219
=== プログラム 1 実行完了 ===
ロボットリソースをリセットしました
セレクターに戻りました
=== プログラム 1 を実行中 ===
ロボットリソースをリセットしました
G, 7 , 前の回から 1002 ms , 走り出すとき静止 False , 当て直しで動いた角度 h2-h1 -1.98 , 1 周の読み 359.867 , 校正前の目盛りで 359.97 , 電池 8216
=== プログラム 1 実行完了 ===
ロボットリソースをリセットしました
セレクターに戻りました
=== プログラム 1 を実行中 ===
ロボットリソースをリセットしました
G, 8 , 前の回から 1752 ms , 走り出すとき静止 False , 当て直しで動いた角度 h2-h1 -1.04 , 1 周の読み 359.686 , 校正前の目盛りで 359.79 , 電池 8215
=== プログラム 1 実行完了 ===
ロボットリソースをリセットしました
セレクターに戻りました
=== プログラム 1 を実行中 ===
ロボットリソースをリセットしました
G, 9 , 前の回から 1302 ms , 走り出すとき静止 False , 当て直しで動いた角度 h2-h1 -0.16 , 1 周の読み 359.748 , 校正前の目盛りで 359.85 , 電池 8213
=== プログラム 1 実行完了 ===
ロボットリソースをリセットしました
セレクターに戻りました
The program was stopped (SystemExit).

==================================================
終了コード: 0
終了日時  : 2026-09-19 15:59:56
実行時間  : 168.7 秒
