=== 実行ログ ===
スクリプト: selector.py
実行日時 : 2026-09-19 16:10:52
ハブ     : --name Pybricks Hub3
==================================================

Searching for Pybricks Hub3...

  0%|          | 0.00/9.34k [00:00<?, ?B/s]
 11%|█         | 1.01k/9.34k [00:00<00:00, 8.98kB/s]
 22%|██▏       | 2.03k/9.34k [00:00<00:00, 8.46kB/s]
 33%|███▎      | 3.04k/9.34k [00:00<00:00, 8.37kB/s]
 43%|████▎     | 4.06k/9.34k [00:00<00:01, 4.98kB/s]
 54%|█████▍    | 5.07k/9.34k [00:01<00:01, 3.95kB/s]
 60%|█████▉    | 5.58k/9.34k [00:01<00:01, 3.69kB/s]
 65%|██████▌   | 6.08k/9.34k [00:01<00:00, 3.48kB/s]
 71%|███████   | 6.59k/9.34k [00:01<00:00, 3.31kB/s]
 76%|███████▌  | 7.10k/9.34k [00:01<00:00, 3.19kB/s]
 81%|████████▏ | 7.61k/9.34k [00:01<00:00, 3.11kB/s]
 87%|████████▋ | 8.11k/9.34k [00:02<00:00, 3.05kB/s]
 92%|█████████▏| 8.62k/9.34k [00:02<00:00, 3.00kB/s]
 98%|█████████▊| 9.13k/9.34k [00:02<00:00, 2.77kB/s]
100%|██████████| 9.34k/9.34k [00:02<00:00, 3.15kB/s]
=== ロボット初期化開始 ===
★ 走行設定: new （new＝今年の値 / old＝昨年の速度・加速度・PID）
✓ 機体の校正表: Pybricks Hub3 {'heading_correction': 360.1, 'wheel': 62.32, 'axle': 114.48}
✓ ハブ設定完了
✓ モーター設定完了
✓ デフォルト設定適用: 直進={'straight_acceleration': 800, 'straight_speed': 550}, 回転={'turn_acceleration': 313, 'turn_rate': 250}
✓ ロボットパラメータ設定完了
✓ PID制御設定完了（Pybricks の既定値を使用）
✓ ジャイロの待ち完了: 2001 ms（止まったまま 2000 ms）
✓ センサー初期化完了
✓ モーター角度リセット完了: 全モーター=0°
=== ロボット初期化完了 ===
=== プログラムセレクター ===
LEFT/RIGHT: プログラム選択
フォースセンサー: プログラム実行
--- 本番モードで起動（センサーログなし） ---
→ プログラム 1 に変更
=== プログラム 1 を実行中 ===
ロボットリソースをリセットしました
G, 1 , 前の回から 6350 ms , 走り出すとき静止 False , 当て直しで動いた角度 h2-h1 1.28 , 1 周の読み 360.077 , 校正前の目盛りで 360.18 , 電池 8208
=== プログラム 1 実行完了 ===
ロボットリソースをリセットしました
セレクターに戻りました
=== プログラム 1 を実行中 ===
ロボットリソースをリセットしました
G, 2 , 前の回から 903 ms , 走り出すとき静止 False , 当て直しで動いた角度 h2-h1 -3.67 , 1 周の読み 359.149 , 校正前の目盛りで 359.25 , 電池 8203
=== プログラム 1 実行完了 ===
ロボットリソースをリセットしました
セレクターに戻りました
=== プログラム 1 を実行中 ===
ロボットリソースをリセットしました
G, 3 , 前の回から 852 ms , 走り出すとき静止 False , 当て直しで動いた角度 h2-h1 -2.23 , 1 周の読み 359.439 , 校正前の目盛りで 359.54 , 電池 8201
=== プログラム 1 実行完了 ===
ロボットリソースをリセットしました
セレクターに戻りました
=== プログラム 1 を実行中 ===
ロボットリソースをリセットしました
G, 4 , 前の回から 802 ms , 走り出すとき静止 False , 当て直しで動いた角度 h2-h1 -2.59 , 1 周の読み 359.445 , 校正前の目盛りで 359.54 , 電池 8197
=== プログラム 1 実行完了 ===
ロボットリソースをリセットしました
セレクターに戻りました
=== プログラム 1 を実行中 ===
ロボットリソースをリセットしました
G, 5 , 前の回から 502 ms , 走り出すとき静止 False , 当て直しで動いた角度 h2-h1 -0.87 , 1 周の読み 359.707 , 校正前の目盛りで 359.81 , 電池 8195
=== プログラム 1 実行完了 ===
ロボットリソースをリセットしました
セレクターに戻りました
The program was stopped (SystemExit).

==================================================
終了コード: 0
終了日時  : 2026-09-19 16:12:42
実行時間  : 109.7 秒
