=== 実行ログ ===
スクリプト: selector.py
実行日時 : 2026-09-09 14:37:28
ハブ     : --name Pybricks Hub6
==================================================

Searching for Pybricks Hub6...

  0%|          | 0.00/15.6k [00:00<?, ?B/s]
  3%|▎         | 507/15.6k [00:00<00:06, 2.38kB/s]
  6%|▋         | 1.01k/15.6k [00:00<00:05, 2.66kB/s]
 10%|▉         | 1.52k/15.6k [00:00<00:05, 2.76kB/s]
 13%|█▎        | 2.03k/15.6k [00:00<00:04, 2.81kB/s]
 16%|█▌        | 2.54k/15.6k [00:00<00:04, 2.85kB/s]
 19%|█▉        | 3.04k/15.6k [00:01<00:04, 2.87kB/s]
 23%|██▎       | 3.55k/15.6k [00:01<00:04, 2.87kB/s]
 26%|██▌       | 4.06k/15.6k [00:01<00:04, 2.88kB/s]
 29%|██▉       | 4.56k/15.6k [00:01<00:03, 2.89kB/s]
 32%|███▏      | 5.07k/15.6k [00:01<00:03, 2.89kB/s]
 36%|███▌      | 5.58k/15.6k [00:01<00:03, 2.89kB/s]
 39%|███▉      | 6.08k/15.6k [00:02<00:03, 2.89kB/s]
 42%|████▏     | 6.59k/15.6k [00:02<00:03, 2.89kB/s]
 45%|████▌     | 7.10k/15.6k [00:02<00:02, 2.89kB/s]
 49%|████▊     | 7.61k/15.6k [00:02<00:02, 2.89kB/s]
 52%|█████▏    | 8.11k/15.6k [00:02<00:02, 2.90kB/s]
 55%|█████▌    | 8.62k/15.6k [00:03<00:02, 2.89kB/s]
 58%|█████▊    | 9.13k/15.6k [00:03<00:02, 2.90kB/s]
 62%|██████▏   | 9.63k/15.6k [00:03<00:02, 2.89kB/s]
 65%|██████▍   | 10.1k/15.6k [00:03<00:01, 2.90kB/s]
 68%|██████▊   | 10.6k/15.6k [00:03<00:01, 2.89kB/s]
 71%|███████▏  | 11.2k/15.6k [00:03<00:01, 2.90kB/s]
 75%|███████▍  | 11.7k/15.6k [00:04<00:01, 2.69kB/s]
 78%|███████▊  | 12.2k/15.6k [00:04<00:01, 2.75kB/s]
 81%|████████  | 12.7k/15.6k [00:04<00:01, 2.80kB/s]
 84%|████████▍ | 13.2k/15.6k [00:04<00:00, 2.83kB/s]
 88%|████████▊ | 13.7k/15.6k [00:04<00:00, 2.85kB/s]
 91%|█████████ | 14.2k/15.6k [00:04<00:00, 2.86kB/s]
 94%|█████████▍| 14.7k/15.6k [00:05<00:00, 2.87kB/s]
 97%|█████████▋| 15.2k/15.6k [00:05<00:00, 2.88kB/s]
100%|██████████| 15.6k/15.6k [00:05<00:00, 1.97kB/s]
100%|██████████| 15.6k/15.6k [00:05<00:00, 2.73kB/s]
=== ロボット初期化開始 ===
✓ ハブ設定完了
✓ モーター設定完了
✓ デフォルト設定適用: 直進={'straight_acceleration': 500, 'straight_speed': 400}, 回転={'turn_acceleration': 850, 'turn_rate': 240}
✓ ロボットパラメータ設定完了
✓ PID制御設定完了
✓ センサー初期化完了
✓ モーター角度リセット完了: 全モーター=0°
=== ロボット初期化完了 ===
Traceback (most recent call last):
  File "selector.py", line 70, in <module>
OSError: [Errno 19] ENODEV: 

A sensor or motor is not connected to the specified port:
--> Check the cables to each motor and sensor.
--> Check the port settings in your script.
--> Check the line in your script that matches
    the line number given in the 'Traceback' above.



==================================================
終了コード: 0
終了日時  : 2026-09-09 14:37:55
実行時間  : 26.7 秒
