=== 実行ログ ===
スクリプト: run_coach_M14.py
実行日時 : 2026-10-05 16:17:49
ハブ     : --name Pybricks Hub3
==================================================

Searching for Pybricks Hub3...

  0%|          | 0.00/6.18k [00:00<?, ?B/s]
  9%|▊         | 531/6.18k [00:00<00:01, 4.36kB/s]
 20%|██        | 1.24k/6.18k [00:00<00:00, 5.26kB/s]
 29%|██▊       | 1.77k/6.18k [00:00<00:00, 5.02kB/s]
 40%|████      | 2.48k/6.18k [00:00<00:00, 5.51kB/s]
 52%|█████▏    | 3.19k/6.18k [00:00<00:00, 5.66kB/s]
 63%|██████▎   | 3.89k/6.18k [00:00<00:00, 5.74kB/s]
 74%|███████▍  | 4.60k/6.18k [00:00<00:00, 5.79kB/s]
 86%|████████▌ | 5.31k/6.18k [00:00<00:00, 5.82kB/s]
 97%|█████████▋| 6.02k/6.18k [00:01<00:00, 5.84kB/s]
100%|██████████| 6.18k/6.18k [00:01<00:00, 5.56kB/s]
=== ロボット初期化開始 ===
★ 走行設定: new （new＝今年の値 / old＝昨年の速度・加速度・PID）
✓ 機体の校正表: Pybricks Hub3 {'heading_correction': 360.1, 'wheel': 62.32, 'axle': 114.48}
✓ ハブ設定完了
✓ モーター設定完了
✓ デフォルト設定適用: 直進={'straight_acceleration': 800, 'straight_speed': 550}, 回転={'turn_acceleration': 313, 'turn_rate': 250}
✓ ロボットパラメータ設定完了
✓ PID制御設定完了（Pybricks の既定値を使用）
✓ ジャイロの待ち完了: 2000 ms（止まったまま 2000 ms）
✓ センサー初期化完了
✓ モーター角度リセット完了: 全モーター=0°
=== ロボット初期化完了 ===
# 走行完了！

==================================================
終了コード: 0
終了日時  : 2026-10-05 16:18:06
実行時間  : 16.8 秒
接続〜初期化完了: 8.1 秒（ハブを探す・つなぐ・送る・ジャイロの待ち。本番は試合の前に 1 回だけ）
走行: 7.0 秒（初期化完了 → 走行完了。本番でもかかる時間）
