=== 実行ログ ===
スクリプト: run_gyro_steps_check.py
実行日時 : 2026-09-17 15:40:54
ハブ     : --name Pybricks Hub3
==================================================

Searching for Pybricks Hub3...

  0%|          | 0.00/4.84k [00:00<?, ?B/s]
 21%|██        | 1.01k/4.84k [00:00<00:00, 9.83kB/s]
 42%|████▏     | 2.03k/4.84k [00:00<00:00, 9.43kB/s]
 63%|██████▎   | 3.04k/4.84k [00:00<00:00, 8.38kB/s]
 84%|████████▍ | 4.06k/4.84k [00:00<00:00, 8.30kB/s]
100%|██████████| 4.84k/4.84k [00:00<00:00, 7.75kB/s]
=== ロボット初期化開始 ===
✓ ハブ設定完了
✓ モーター設定完了
✓ デフォルト設定適用: 直進={'straight_acceleration': 800, 'straight_speed': 550}, 回転={'turn_acceleration': 313, 'turn_rate': 250}
✓ ロボットパラメータ設定完了
✓ PID制御設定完了（Pybricks の既定値を使用）
✓ センサー初期化完了
✓ モーター角度リセット完了: 全モーター=0°
=== ロボット初期化完了 ===
# MODE: steps / 命令: 1800 度 / ジャイロの向き: 1799.68 度
# imu.settings: (2.0, 2500.0, (0.1389356, -1.317983, -0.2881232), (360.0, 360.0, 360.0), (9806.65, -9806.65, 9806.65, -9806.65, 9806.65, -9806.65), 360.0)
# → 機体がスタートの向きから実際に何度（前と後ろで何 mm）ずれているかを測る

==================================================
終了コード: 0
終了日時  : 2026-09-17 15:41:30
実行時間  : 36.4 秒
