=== 実行ログ ===
スクリプト: cmp_new_straight.py
実行日時 : 2026-09-17 13:27:03
ハブ     : --name Pybricks Hub3
==================================================

Searching for Pybricks Hub3...

  0%|          | 0.00/6.50k [00:00<?, ?B/s]
 16%|█▌        | 1.01k/6.50k [00:00<00:00, 9.90kB/s]
 31%|███       | 2.03k/6.50k [00:00<00:00, 9.48kB/s]
 47%|████▋     | 3.04k/6.50k [00:00<00:00, 7.97kB/s]
 62%|██████▏   | 4.06k/6.50k [00:00<00:00, 8.43kB/s]
 78%|███████▊  | 5.07k/6.50k [00:00<00:00, 8.31kB/s]
 94%|█████████▎| 6.08k/6.50k [00:00<00:00, 8.63kB/s]
100%|██████████| 6.50k/6.50k [00:00<00:00, 7.56kB/s]
=== ロボット初期化開始 ===
✓ ハブ設定完了
✓ モーター設定完了
✓ デフォルト設定適用: 直進={'straight_acceleration': 800, 'straight_speed': 550}, 回転={'turn_acceleration': 313, 'turn_rate': 250}
✓ ロボットパラメータ設定完了
✓ PID制御設定完了（Pybricks の既定値を使用）
✓ センサー初期化完了
✓ モーター角度リセット完了: 全モーター=0°
=== ロボット初期化完了 ===
# 比較走行: SETTINGS = new / COURSE = straight / 回転の打ち消し = True
# settings: None
# heading pid: (7558, 0, 1889, 4, 8)
# distance pid: (7558, 0, 1889, 4, 8)
# 所要時間: 2.57 秒
# ジャイロの向き: -0.42 度 （turn/square は 360、mission は 720 か 0 に近いほど良い）
# エンコーダの距離: 1003 mm / 電池: 8166 mV
# → ものさしで実測した距離・向きのズレ・終点のズレを比較表に書く
# 走行完了！

==================================================
終了コード: 0
終了日時  : 2026-09-17 13:27:18
実行時間  : 14.9 秒
