=== 実行ログ ===
スクリプト: cmp_new_straight.py
実行日時 : 2026-09-17 13:29:35
ハブ     : --name Pybricks Hub3
==================================================

Searching for Pybricks Hub3...

  0%|          | 0.00/6.51k [00:00<?, ?B/s]
 16%|█▌        | 1.01k/6.51k [00:00<00:00, 9.97kB/s]
 31%|███       | 2.03k/6.51k [00:00<00:00, 8.89kB/s]
 47%|████▋     | 3.04k/6.51k [00:00<00:00, 9.02kB/s]
 62%|██████▏   | 4.06k/6.51k [00:00<00:00, 9.06kB/s]
 78%|███████▊  | 5.07k/6.51k [00:00<00:00, 9.14kB/s]
 93%|█████████▎| 6.08k/6.51k [00:00<00:00, 6.15kB/s]
100%|██████████| 6.51k/6.51k [00:01<00:00, 4.82kB/s]
=== ロボット初期化開始 ===
✓ ハブ設定完了
✓ モーター設定完了
✓ デフォルト設定適用: 直進={'straight_acceleration': 800, 'straight_speed': 550}, 回転={'turn_acceleration': 313, 'turn_rate': 250}
✓ ロボットパラメータ設定完了
✓ PID制御設定完了（Pybricks の既定値を使用）
✓ センサー初期化完了
✓ モーター角度リセット完了: 全モーター=0°
=== ロボット初期化完了 ===
# 比較走行: SETTINGS = new / COURSE = straight / 回転の打ち消し = True
# settings: (544, 800, 250, 313)
# heading pid: (7558, 0, 1889, 4, 8)
# distance pid: (7558, 0, 1889, 4, 8)
The program was stopped (SystemExit).

==================================================
終了コード: 0
終了日時  : 2026-09-17 13:29:42
実行時間  : 7.0 秒
