=== 実行ログ ===
スクリプト: run_M06_yuri.py
実行日時 : 2026-10-03 18:49:02
ハブ     : --name Pybricks Hub3
==================================================

Searching for Pybricks Hub3...

  0%|          | 0.00/6.15k [00:00<?, ?B/s]
  9%|▊         | 531/6.15k [00:00<00:01, 3.14kB/s]
 17%|█▋        | 1.06k/6.15k [00:00<00:01, 3.57kB/s]
 29%|██▉       | 1.77k/6.15k [00:00<00:00, 4.50kB/s]
 37%|███▋      | 2.30k/6.15k [00:00<00:00, 4.27kB/s]
 46%|████▌     | 2.83k/6.15k [00:00<00:00, 4.51kB/s]
 55%|█████▍    | 3.36k/6.15k [00:00<00:00, 4.00kB/s]
 63%|██████▎   | 3.89k/6.15k [00:00<00:00, 3.97kB/s]
 72%|███████▏  | 4.42k/6.15k [00:01<00:00, 3.95kB/s]
 81%|████████  | 4.96k/6.15k [00:01<00:00, 2.94kB/s]
 86%|████████▋ | 5.31k/6.15k [00:01<00:00, 3.03kB/s]
 95%|█████████▍| 5.84k/6.15k [00:01<00:00, 3.00kB/s]
100%|██████████| 6.15k/6.15k [00:01<00:00, 3.49kB/s]
=== ロボット初期化開始 ===
★ 走行設定: new （new＝今年の値 / old＝昨年の速度・加速度・PID）
✓ 機体の校正表: Pybricks Hub3 {'heading_correction': 360.1, 'wheel': 62.32, 'axle': 114.48}
✓ ハブ設定完了
✓ モーター設定完了
✓ デフォルト設定適用: 直進={'straight_acceleration': 800, 'straight_speed': 550}, 回転={'turn_acceleration': 313, 'turn_rate': 250}
✓ ロボットパラメータ設定完了
✓ PID制御設定完了（Pybricks の既定値を使用）
✓ ジャイロの待ち完了: 4620 ms（止まったまま 2000 ms）
✓ センサー初期化完了
✓ モーター角度リセット完了: 全モーター=0°
=== ロボット初期化完了 ===
Traceback (most recent call last):
  File "run_M06_yuri.py", line 83, in <module>
  File "run_M06_yuri.py", line 69, in run
  File "setup.py", line 330, in straight
ValueError: Invalid argument

==================================================
終了コード: 0
終了日時  : 2026-10-03 18:49:16
実行時間  : 14.8 秒
接続〜初期化完了: 11.5 秒（ハブを探す・つなぐ・送る・ジャイロの待ち。本番は試合の前に 1 回だけ）
走行: 測れず（「# 走行完了！」の行が無い。途中で止まった？）
