=== 実行ログ ===
スクリプト: run_M06_yuri.py
実行日時 : 2026-10-03 18:51:19
ハブ     : --name Pybricks Hub3
==================================================

Searching for Pybricks Hub3...

  0%|          | 0.00/6.15k [00:00<?, ?B/s]
  3%|▎         | 177/6.15k [00:00<00:04, 1.44kB/s]
  6%|▌         | 354/6.15k [00:00<00:04, 1.35kB/s]
  9%|▊         | 531/6.15k [00:00<00:05, 1.08kB/s]
 17%|█▋        | 1.06k/6.15k [00:00<00:02, 2.24kB/s]
 26%|██▌       | 1.59k/6.15k [00:00<00:01, 2.94kB/s]
 32%|███▏      | 1.95k/6.15k [00:00<00:01, 2.83kB/s]
 37%|███▋      | 2.30k/6.15k [00:00<00:01, 2.98kB/s]
 46%|████▌     | 2.83k/6.15k [00:01<00:00, 3.41kB/s]
 55%|█████▍    | 3.36k/6.15k [00:01<00:00, 3.86kB/s]
 66%|██████▌   | 4.07k/6.15k [00:01<00:00, 4.52kB/s]
 75%|███████▍  | 4.60k/6.15k [00:01<00:00, 4.02kB/s]
 83%|████████▎ | 5.13k/6.15k [00:01<00:00, 4.15kB/s]
 92%|█████████▏| 5.66k/6.15k [00:01<00:00, 4.37kB/s]
100%|██████████| 6.15k/6.15k [00:01<00:00, 4.45kB/s]
100%|██████████| 6.15k/6.15k [00:01<00:00, 3.47kB/s]
=== ロボット初期化開始 ===
★ 走行設定: new （new＝今年の値 / old＝昨年の速度・加速度・PID）
✓ 機体の校正表: Pybricks Hub3 {'heading_correction': 360.1, 'wheel': 62.32, 'axle': 114.48}
✓ ハブ設定完了
✓ モーター設定完了
✓ デフォルト設定適用: 直進={'straight_acceleration': 800, 'straight_speed': 550}, 回転={'turn_acceleration': 313, 'turn_rate': 250}
✓ ロボットパラメータ設定完了
✓ PID制御設定完了（Pybricks の既定値を使用）
⚠ ジャイロの待ち: 機体が止まらないまま 10000 ms たちました。回転が約 1.4% ずれるかもしれません
✓ センサー初期化完了
✓ モーター角度リセット完了: 全モーター=0°
=== ロボット初期化完了 ===
Traceback (most recent call last):
  File "run_M06_yuri.py", line 83, in <module>
  File "run_M06_yuri.py", line 68, in run
TypeError: unexpected keyword argument 'speed'

==================================================
終了コード: 0
終了日時  : 2026-10-03 18:51:38
実行時間  : 19.4 秒
接続〜初期化完了: 16.8 秒（ハブを探す・つなぐ・送る・ジャイロの待ち。本番は試合の前に 1 回だけ）
走行: 測れず（「# 走行完了！」の行が無い。途中で止まった？）
