=== 実行ログ ===
スクリプト: run_M06_yuri.py
実行日時 : 2026-10-03 17:28:41
ハブ     : --name Pybricks Hub3
==================================================

Searching for Pybricks Hub3...

  0%|          | 0.00/6.13k [00:00<?, ?B/s]
 12%|█▏        | 708/6.13k [00:00<00:00, 5.60kB/s]
 23%|██▎       | 1.42k/6.13k [00:00<00:01, 3.36kB/s]
 32%|███▏      | 1.95k/6.13k [00:00<00:01, 3.30kB/s]
 40%|████      | 2.48k/6.13k [00:00<00:01, 3.50kB/s]
 49%|████▉     | 3.01k/6.13k [00:00<00:00, 3.90kB/s]
 58%|█████▊    | 3.54k/6.13k [00:00<00:00, 3.65kB/s]
 66%|██████▋   | 4.07k/6.13k [00:01<00:00, 4.00kB/s]
 75%|███████▌  | 4.60k/6.13k [00:01<00:00, 4.28kB/s]
 84%|████████▎ | 5.13k/6.13k [00:01<00:00, 4.50kB/s]
 92%|█████████▏| 5.66k/6.13k [00:01<00:00, 4.66kB/s]
100%|██████████| 6.13k/6.13k [00:01<00:00, 4.15kB/s]
=== ロボット初期化開始 ===
★ 走行設定: new （new＝今年の値 / old＝昨年の速度・加速度・PID）
✓ 機体の校正表: Pybricks Hub3 {'heading_correction': 360.1, 'wheel': 62.32, 'axle': 114.48}
✓ ハブ設定完了
✓ モーター設定完了
✓ デフォルト設定適用: 直進={'straight_acceleration': 800, 'straight_speed': 550}, 回転={'turn_acceleration': 313, 'turn_rate': 250}
✓ ロボットパラメータ設定完了
✓ PID制御設定完了（Pybricks の既定値を使用）
✓ ジャイロの待ち完了: 2001 ms（止まったまま 2000 ms）
✓ センサー初期化完了
✓ モーター角度リセット完了: 全モーター=0°
=== ロボット初期化完了 ===
# 走行完了！

==================================================
終了コード: 0
終了日時  : 2026-10-03 17:28:54
実行時間  : 13.3 秒
接続〜初期化完了: 9.7 秒（ハブを探す・つなぐ・送る・ジャイロの待ち。本番は試合の前に 1 回だけ）
走行: 2.1 秒（初期化完了 → 走行完了。本番でもかかる時間）
