=== 実行ログ ===
スクリプト: run_M06_yuri.py
実行日時 : 2026-10-03 18:55:20
ハブ     : --name Pybricks Hub3
==================================================

Searching for Pybricks Hub3...

  0%|          | 0.00/6.16k [00:00<?, ?B/s]
  9%|▊         | 531/6.16k [00:00<00:01, 4.25kB/s]
 17%|█▋        | 1.06k/6.16k [00:00<00:01, 4.69kB/s]
 26%|██▌       | 1.59k/6.16k [00:00<00:01, 3.89kB/s]
 34%|███▍      | 2.12k/6.16k [00:00<00:01, 3.58kB/s]
 43%|████▎     | 2.65k/6.16k [00:00<00:00, 3.57kB/s]
 52%|█████▏    | 3.19k/6.16k [00:00<00:00, 3.69kB/s]
 60%|██████    | 3.72k/6.16k [00:00<00:00, 3.77kB/s]
 69%|██████▉   | 4.25k/6.16k [00:01<00:00, 4.10kB/s]
 78%|███████▊  | 4.78k/6.16k [00:01<00:00, 4.18kB/s]
 86%|████████▌ | 5.31k/6.16k [00:01<00:00, 3.98kB/s]
 98%|█████████▊| 6.02k/6.16k [00:01<00:00, 3.96kB/s]
100%|██████████| 6.16k/6.16k [00:01<00:00, 3.62kB/s]
=== ロボット初期化開始 ===
★ 走行設定: new （new＝今年の値 / old＝昨年の速度・加速度・PID）
✓ 機体の校正表: Pybricks Hub3 {'heading_correction': 360.1, 'wheel': 62.32, 'axle': 114.48}
✓ ハブ設定完了
✓ モーター設定完了
✓ デフォルト設定適用: 直進={'straight_acceleration': 800, 'straight_speed': 550}, 回転={'turn_acceleration': 313, 'turn_rate': 250}
✓ ロボットパラメータ設定完了
✓ PID制御設定完了（Pybricks の既定値を使用）
⚠ ジャイロの待ち: 機体が止まらないまま 10000 ms たちました。回転が約 1.4% ずれるかもしれません
✓ センサー初期化完了
✓ モーター角度リセット完了: 全モーター=0°
=== ロボット初期化完了 ===
Traceback (most recent call last):
  File "run_M06_yuri.py", line 83, in <module>
  File "run_M06_yuri.py", line 69, in run
  File "setup.py", line 330, in straight
ValueError: Invalid argument

==================================================
終了コード: 0
終了日時  : 2026-10-03 18:55:40
実行時間  : 19.9 秒
接続〜初期化完了: 16.7 秒（ハブを探す・つなぐ・送る・ジャイロの待ち。本番は試合の前に 1 回だけ）
走行: 測れず（「# 走行完了！」の行が無い。途中で止まった？）
