=== 実行ログ ===
スクリプト: run_gyro_pedestal_check.py
実行日時 : 2026-09-19 11:02:23
ハブ     : --name Pybricks Hub3
==================================================

Searching for Pybricks Hub3...

  0%|          | 0.00/7.23k [00:00<?, ?B/s]
 14%|█▍        | 1.01k/7.23k [00:00<00:00, 9.73kB/s]
 28%|██▊       | 2.03k/7.23k [00:00<00:00, 8.22kB/s]
 42%|████▏     | 3.04k/7.23k [00:00<00:00, 8.20kB/s]
 56%|█████▌    | 4.06k/7.23k [00:00<00:00, 8.58kB/s]
 70%|███████   | 5.07k/7.23k [00:00<00:00, 7.78kB/s]
 84%|████████▍ | 6.08k/7.23k [00:00<00:00, 7.93kB/s]
 98%|█████████▊| 7.10k/7.23k [00:01<00:00, 5.77kB/s]
100%|██████████| 7.23k/7.23k [00:01<00:00, 5.44kB/s]
=== ロボット初期化開始 ===
★ 走行設定: new （new＝今年の値 / old＝昨年の速度・加速度・PID）
✓ 機体の校正表: Pybricks Hub3 {'heading_correction': 365.8, 'wheel': 62.32, 'axle': 114.48}
✓ ハブ設定完了
✓ モーター設定完了
✓ デフォルト設定適用: 直進={'straight_acceleration': 800, 'straight_speed': 550}, 回転={'turn_acceleration': 313, 'turn_rate': 250}
✓ ロボットパラメータ設定完了
✓ PID制御設定完了（Pybricks の既定値を使用）
✓ センサー初期化完了
✓ モーター角度リセット完了: 全モーター=0°
=== ロボット初期化完了 ===
# imu.settings: (2.0, 2500.0, (0.107595, -1.197198, -0.486059), (366.1989, 351.5872, 362.0139), (10031.61, -9781.568, 9785.638, -9813.727, 9523.833, -10133.98), 365.8)
# 前: tilt (-0.2083079, 0.2778458) / 角速度 Matrix([
    [  -0.038],
    [  -0.171],
    [  -0.114],
])
# ！中止！ 機体が 47.7 度回りました。タイヤが床や台に触れています。
# タイヤを完全に浮かせてから、もう一度実行してください（この回は無効）

==================================================
終了コード: 0
終了日時  : 2026-09-19 11:02:29
実行時間  : 5.9 秒
