=== 実行ログ ===
スクリプト: run_gyro_pedestal_check.py
実行日時 : 2026-09-19 10:57:20
ハブ     : --name Pybricks Hub3
==================================================

Searching for Pybricks Hub3...

  0%|          | 0.00/6.92k [00:00<?, ?B/s]
 15%|█▍        | 1.01k/6.92k [00:00<00:00, 9.49kB/s]
 29%|██▉       | 2.03k/6.92k [00:00<00:00, 9.26kB/s]
 44%|████▍     | 3.04k/6.92k [00:00<00:00, 9.25kB/s]
 59%|█████▊    | 4.06k/6.92k [00:00<00:00, 9.26kB/s]
 73%|███████▎  | 5.07k/6.92k [00:00<00:00, 9.24kB/s]
 88%|████████▊ | 6.08k/6.92k [00:00<00:00, 8.51kB/s]
100%|██████████| 6.92k/6.92k [00:01<00:00, 5.98kB/s]
=== ロボット初期化開始 ===
★ 走行設定: new （new＝今年の値 / old＝昨年の速度・加速度・PID）
✓ 機体の校正表: Pybricks Hub3 {'heading_correction': 365.8, 'wheel': 62.32, 'axle': 114.48}
✓ ハブ設定完了
✓ モーター設定完了
✓ デフォルト設定適用: 直進={'straight_acceleration': 800, 'straight_speed': 550}, 回転={'turn_acceleration': 313, 'turn_rate': 250}
✓ ロボットパラメータ設定完了
✓ PID制御設定完了（Pybricks の既定値を使用）
✓ センサー初期化完了
✓ モーター角度リセット完了: 全モーター=0°
=== ロボット初期化完了 ===
# imu.settings: (2.0, 2500.0, (0.107595, -1.197198, -0.486059), (366.1989, 351.5872, 362.0139), (10031.61, -9781.568, 9785.638, -9813.727, 9523.833, -10133.98), 365.8)
# 前: tilt (-0.1779292, 0.210217) / 角速度 Matrix([
    [   0.109],
    [   0.058],
    [  -0.161],
])
# 後: tilt (-0.3420466, -0.585791) / 角速度 Matrix([
    [   0.040],
    [  -0.012],
    [   0.047],
])
# 軸ごとの回転 X/Y/Z: -28.74 10.94 -1605.73
# モーターの回転 左/右: 3307 -3301 度 / 回した時間: 8021 ms
Traceback (most recent call last):
  File "run_gyro_pedestal_check.py", line 123, in <module>
  File "run_gyro_pedestal_check.py", line 119, in main
  File "run_gyro_pedestal_check.py", line 100, in run
NotImplementedError: 

==================================================
終了コード: 0
終了日時  : 2026-09-19 10:57:36
実行時間  : 15.2 秒
