=== 実行ログ ===
スクリプト: run_gyro_pedestal_check.py
実行日時 : 2026-09-19 11:02:56
ハブ     : --name Pybricks Hub3
==================================================

Searching for Pybricks Hub3...

  0%|          | 0.00/7.23k [00:00<?, ?B/s]
 14%|█▍        | 1.01k/7.23k [00:00<00:00, 9.76kB/s]
 28%|██▊       | 2.03k/7.23k [00:00<00:00, 7.70kB/s]
 42%|████▏     | 3.04k/7.23k [00:00<00:00, 8.33kB/s]
 56%|█████▌    | 4.06k/7.23k [00:00<00:00, 8.65kB/s]
 70%|███████   | 5.07k/7.23k [00:00<00:00, 8.49kB/s]
 84%|████████▍ | 6.08k/7.23k [00:00<00:00, 8.03kB/s]
 98%|█████████▊| 7.10k/7.23k [00:01<00:00, 5.09kB/s]
100%|██████████| 7.23k/7.23k [00:01<00:00, 5.18kB/s]
=== ロボット初期化開始 ===
★ 走行設定: new （new＝今年の値 / old＝昨年の速度・加速度・PID）
✓ 機体の校正表: Pybricks Hub3 {'heading_correction': 365.8, 'wheel': 62.32, 'axle': 114.48}
✓ ハブ設定完了
✓ モーター設定完了
✓ デフォルト設定適用: 直進={'straight_acceleration': 800, 'straight_speed': 550}, 回転={'turn_acceleration': 313, 'turn_rate': 250}
✓ ロボットパラメータ設定完了
✓ PID制御設定完了（Pybricks の既定値を使用）
✓ センサー初期化完了
✓ モーター角度リセット完了: 全モーター=0°
=== ロボット初期化完了 ===
# imu.settings: (2.0, 2500.0, (0.107595, -1.197198, -0.486059), (366.1989, 351.5872, 362.0139), (10031.61, -9781.568, 9785.638, -9813.727, 9523.833, -10133.98), 365.8)
# 前: tilt (0.007014065, -2.417095) / 角速度 Matrix([
    [  -0.044],
    [   0.249],
    [   0.023],
])
# 後: tilt (0.01042679, -2.412767) / 角速度 Matrix([
    [   0.092],
    [   0.106],
    [   0.023],
])
# 軸ごとの回転 X/Y/Z: 0.09 0.13 0.06
# モーターの回転 左/右: 3309 -3305 度 / 回した時間: 8021 ms
# 回転中: 静止と判定 1 / 401 回 / Z 角速度の範囲: -1.0 〜 1.0 deg/s / 向きの範囲: -0.07 〜 0.0 度
# 台の上の空転: 命令 1800 度ぶん / 止まった瞬間のジャイロ: -0.07 度
# ★結果★ 機体は回っていないのに動いたジャイロの向き: -0.06 度（0 なら振動・電流の影響なし。床の上の状態 A は 5 周で約 +25 度ぶん多く数える）
# 電池: 7898 mV

==================================================
終了コード: 0
終了日時  : 2026-09-19 11:03:11
実行時間  : 14.9 秒
