=== 実行ログ ===
スクリプト: run_M07_yuri.py
実行日時 : 2026-10-03 18:43:03
ハブ     : --name Pybricks Hub3
==================================================

Searching for Pybricks Hub3...

  0%|          | 0.00/6.14k [00:00<?, ?B/s]
  3%|▎         | 177/6.14k [00:00<00:03, 1.60kB/s]
  9%|▊         | 531/6.14k [00:00<00:02, 2.25kB/s]
 14%|█▍        | 885/6.14k [00:00<00:02, 2.18kB/s]
 23%|██▎       | 1.42k/6.14k [00:00<00:01, 3.12kB/s]
 32%|███▏      | 1.95k/6.14k [00:00<00:01, 3.75kB/s]
 40%|████      | 2.48k/6.14k [00:00<00:00, 4.13kB/s]
 49%|████▉     | 3.01k/6.14k [00:00<00:00, 4.43kB/s]
 61%|██████    | 3.72k/6.14k [00:00<00:00, 4.91kB/s]
 72%|███████▏  | 4.42k/6.14k [00:01<00:00, 5.23kB/s]
 81%|████████  | 4.96k/6.14k [00:01<00:00, 5.20kB/s]
 89%|████████▉ | 5.49k/6.14k [00:01<00:00, 5.14kB/s]
 98%|█████████▊| 6.02k/6.14k [00:01<00:00, 5.09kB/s]
100%|██████████| 6.14k/6.14k [00:01<00:00, 4.33kB/s]
=== ロボット初期化開始 ===
★ 走行設定: new （new＝今年の値 / old＝昨年の速度・加速度・PID）
✓ 機体の校正表: Pybricks Hub3 {'heading_correction': 360.1, 'wheel': 62.32, 'axle': 114.48}
✓ ハブ設定完了
✓ モーター設定完了
✓ デフォルト設定適用: 直進={'straight_acceleration': 800, 'straight_speed': 550}, 回転={'turn_acceleration': 313, 'turn_rate': 250}
✓ ロボットパラメータ設定完了
✓ PID制御設定完了（Pybricks の既定値を使用）
✓ ジャイロの待ち完了: 6220 ms（止まったまま 2000 ms）
✓ センサー初期化完了
✓ モーター角度リセット完了: 全モーター=0°
=== ロボット初期化完了 ===
# 走行完了！

==================================================
終了コード: 0
終了日時  : 2026-10-03 18:43:18
実行時間  : 15.3 秒
接続〜初期化完了: 12.3 秒（ハブを探す・つなぐ・送る・ジャイロの待ち。本番は試合の前に 1 回だけ）
走行: 1.3 秒（初期化完了 → 走行完了。本番でもかかる時間）
