=== 実行ログ ===
スクリプト: run_M07_yuri.py
実行日時 : 2026-10-03 18:41:50
ハブ     : --name Pybricks Hub3
==================================================

Searching for Pybricks Hub3...

  0%|          | 0.00/6.13k [00:00<?, ?B/s]
  6%|▌         | 354/6.13k [00:00<00:02, 2.83kB/s]
 14%|█▍        | 885/6.13k [00:00<00:01, 3.74kB/s]
 23%|██▎       | 1.42k/6.13k [00:00<00:01, 3.83kB/s]
 32%|███▏      | 1.95k/6.13k [00:00<00:00, 4.26kB/s]
 40%|████      | 2.48k/6.13k [00:00<00:00, 4.54kB/s]
 49%|████▉     | 3.01k/6.13k [00:00<00:00, 4.70kB/s]
 58%|█████▊    | 3.54k/6.13k [00:00<00:00, 4.81kB/s]
 66%|██████▋   | 4.07k/6.13k [00:00<00:00, 4.67kB/s]
 78%|███████▊  | 4.78k/6.13k [00:01<00:00, 5.06kB/s]
 90%|████████▉ | 5.49k/6.13k [00:01<00:00, 5.13kB/s]
 98%|█████████▊| 6.02k/6.13k [00:01<00:00, 5.11kB/s]
100%|██████████| 6.13k/6.13k [00:01<00:00, 4.67kB/s]
=== ロボット初期化開始 ===
★ 走行設定: new （new＝今年の値 / old＝昨年の速度・加速度・PID）
✓ 機体の校正表: Pybricks Hub3 {'heading_correction': 360.1, 'wheel': 62.32, 'axle': 114.48}
✓ ハブ設定完了
✓ モーター設定完了
✓ デフォルト設定適用: 直進={'straight_acceleration': 800, 'straight_speed': 550}, 回転={'turn_acceleration': 313, 'turn_rate': 250}
✓ ロボットパラメータ設定完了
✓ PID制御設定完了（Pybricks の既定値を使用）
✓ ジャイロの待ち完了: 7940 ms（止まったまま 2000 ms）
✓ センサー初期化完了
✓ モーター角度リセット完了: 全モーター=0°
=== ロボット初期化完了 ===
# 走行完了！

==================================================
終了コード: 0
終了日時  : 2026-10-03 18:42:06
実行時間  : 16.7 秒
接続〜初期化完了: 13.9 秒（ハブを探す・つなぐ・送る・ジャイロの待ち。本番は試合の前に 1 回だけ）
走行: 1.1 秒（初期化完了 → 走行完了。本番でもかかる時間）
