=== 実行ログ ===
スクリプト: run_M07_yuri.py
実行日時 : 2026-10-03 18:35:24
ハブ     : --name Pybricks Hub3
==================================================

Searching for Pybricks Hub3...

  0%|          | 0.00/6.12k [00:00<?, ?B/s]
  9%|▊         | 531/6.12k [00:00<00:01, 4.86kB/s]
 20%|██        | 1.24k/6.12k [00:00<00:01, 4.79kB/s]
 29%|██▉       | 1.77k/6.12k [00:00<00:01, 4.17kB/s]
 38%|███▊      | 2.30k/6.12k [00:00<00:00, 4.26kB/s]
 46%|████▌     | 2.83k/6.12k [00:00<00:00, 4.23kB/s]
 58%|█████▊    | 3.54k/6.12k [00:00<00:00, 4.86kB/s]
 66%|██████▋   | 4.07k/6.12k [00:00<00:00, 4.72kB/s]
 75%|███████▌  | 4.60k/6.12k [00:01<00:00, 4.47kB/s]
 84%|████████▍ | 5.13k/6.12k [00:01<00:00, 4.14kB/s]
 95%|█████████▌| 5.84k/6.12k [00:01<00:00, 4.63kB/s]
100%|██████████| 6.12k/6.12k [00:01<00:00, 4.52kB/s]
=== ロボット初期化開始 ===
★ 走行設定: new （new＝今年の値 / old＝昨年の速度・加速度・PID）
✓ 機体の校正表: Pybricks Hub3 {'heading_correction': 360.1, 'wheel': 62.32, 'axle': 114.48}
✓ ハブ設定完了
✓ モーター設定完了
✓ デフォルト設定適用: 直進={'straight_acceleration': 800, 'straight_speed': 550}, 回転={'turn_acceleration': 313, 'turn_rate': 250}
✓ ロボットパラメータ設定完了
✓ PID制御設定完了（Pybricks の既定値を使用）
✓ ジャイロの待ち完了: 2000 ms（止まったまま 2000 ms）
✓ センサー初期化完了
✓ モーター角度リセット完了: 全モーター=0°
=== ロボット初期化完了 ===
# 走行完了！

==================================================
終了コード: 0
終了日時  : 2026-10-03 18:35:37
実行時間  : 12.9 秒
接続〜初期化完了: 10.6 秒（ハブを探す・つなぐ・送る・ジャイロの待ち。本番は試合の前に 1 回だけ）
走行: 0.5 秒（初期化完了 → 走行完了。本番でもかかる時間）
