=== 実行ログ ===
スクリプト: run_M07_yuri.py
実行日時 : 2026-10-03 19:01:28
ハブ     : --name Pybricks Hub3
==================================================

Searching for Pybricks Hub3...

  0%|          | 0.00/6.15k [00:00<?, ?B/s]
 12%|█▏        | 708/6.15k [00:00<00:00, 6.36kB/s]
 23%|██▎       | 1.42k/6.15k [00:00<00:01, 3.99kB/s]
 35%|███▍      | 2.12k/6.15k [00:00<00:00, 4.47kB/s]
 43%|████▎     | 2.65k/6.15k [00:00<00:00, 4.64kB/s]
 52%|█████▏    | 3.19k/6.15k [00:00<00:00, 4.57kB/s]
 60%|██████    | 3.72k/6.15k [00:00<00:00, 4.70kB/s]
 72%|███████▏  | 4.42k/6.15k [00:00<00:00, 5.09kB/s]
 81%|████████  | 4.96k/6.15k [00:01<00:00, 5.06kB/s]
 92%|█████████▏| 5.66k/6.15k [00:01<00:00, 4.96kB/s]
100%|██████████| 6.15k/6.15k [00:01<00:00, 4.85kB/s]
=== ロボット初期化開始 ===
★ 走行設定: new （new＝今年の値 / old＝昨年の速度・加速度・PID）
✓ 機体の校正表: Pybricks Hub3 {'heading_correction': 360.1, 'wheel': 62.32, 'axle': 114.48}
✓ ハブ設定完了
✓ モーター設定完了
✓ デフォルト設定適用: 直進={'straight_acceleration': 800, 'straight_speed': 550}, 回転={'turn_acceleration': 313, 'turn_rate': 250}
✓ ロボットパラメータ設定完了
✓ PID制御設定完了（Pybricks の既定値を使用）
⚠ ジャイロの待ち: 機体が止まらないまま 10000 ms たちました。回転が約 1.4% ずれるかもしれません
✓ センサー初期化完了
✓ モーター角度リセット完了: 全モーター=0°
=== ロボット初期化完了 ===
# 走行完了！

==================================================
終了コード: 0
終了日時  : 2026-10-03 19:01:47
実行時間  : 19.2 秒
接続〜初期化完了: 15.8 秒（ハブを探す・つなぐ・送る・ジャイロの待ち。本番は試合の前に 1 回だけ）
走行: 1.6 秒（初期化完了 → 走行完了。本番でもかかる時間）
