=== 実行ログ ===
スクリプト: run_M07_yuri.py
実行日時 : 2026-10-03 18:36:21
ハブ     : --name Pybricks Hub3
==================================================

Searching for Pybricks Hub3...

  0%|          | 0.00/6.12k [00:00<?, ?B/s]
  9%|▊         | 531/6.12k [00:00<00:01, 3.02kB/s]
 14%|█▍        | 885/6.12k [00:00<00:01, 2.97kB/s]
 23%|██▎       | 1.42k/6.12k [00:00<00:01, 3.77kB/s]
 32%|███▏      | 1.95k/6.12k [00:00<00:00, 4.23kB/s]
 40%|████      | 2.48k/6.12k [00:00<00:00, 4.49kB/s]
 49%|████▉     | 3.01k/6.12k [00:00<00:00, 4.48kB/s]
 61%|██████    | 3.72k/6.12k [00:00<00:00, 4.95kB/s]
 69%|██████▉   | 4.25k/6.12k [00:00<00:00, 4.60kB/s]
 78%|███████▊  | 4.78k/6.12k [00:01<00:00, 4.37kB/s]
 87%|████████▋ | 5.31k/6.12k [00:01<00:00, 4.24kB/s]
 95%|█████████▌| 5.84k/6.12k [00:01<00:00, 3.74kB/s]
100%|██████████| 6.12k/6.12k [00:01<00:00, 4.09kB/s]
=== ロボット初期化開始 ===
★ 走行設定: new （new＝今年の値 / old＝昨年の速度・加速度・PID）
✓ 機体の校正表: Pybricks Hub3 {'heading_correction': 360.1, 'wheel': 62.32, 'axle': 114.48}
✓ ハブ設定完了
✓ モーター設定完了
✓ デフォルト設定適用: 直進={'straight_acceleration': 800, 'straight_speed': 550}, 回転={'turn_acceleration': 313, 'turn_rate': 250}
✓ ロボットパラメータ設定完了
✓ PID制御設定完了（Pybricks の既定値を使用）
✓ ジャイロの待ち完了: 4020 ms（止まったまま 2000 ms）
✓ センサー初期化完了
✓ モーター角度リセット完了: 全モーター=0°
=== ロボット初期化完了 ===
# 走行完了！

==================================================
終了コード: 0
終了日時  : 2026-10-03 18:36:35
実行時間  : 13.6 秒
接続〜初期化完了: 11.5 秒（ハブを探す・つなぐ・送る・ジャイロの待ち。本番は試合の前に 1 回だけ）
走行: 0.6 秒（初期化完了 → 走行完了。本番でもかかる時間）
