=== 実行ログ ===
スクリプト: run_M07_yuri.py
実行日時 : 2026-10-03 18:34:10
ハブ     : --name Pybricks Hub3
==================================================

Searching for Pybricks Hub3...
Traceback (most recent call last):
  File "/Users/nakamegurokoumylab/.cursor/extensions/ms-python.debugpy-2026.6.0-darwin-arm64/bundled/libs/debugpy/_vendored/pydevd/pydevd.py", line 3740, in <module>
    main()
  File "/Users/nakamegurokoumylab/.cursor/extensions/ms-python.debugpy-2026.6.0-darwin-arm64/bundled/libs/debugpy/_vendored/pydevd/pydevd.py", line 3725, in main
    globals = debugger.run(setup["file"], None, None, is_module)
              ^^^^^^^^^^^^^^^^^^^^^^^^^^^^^^^^^^^^^^^^^^^^^^^^^^
  File "/Users/nakamegurokoumylab/.cursor/extensions/ms-python.debugpy-2026.6.0-darwin-arm64/bundled/libs/debugpy/_vendored/pydevd/pydevd.py", line 2709, in run
    return self._exec(is_module, entry_point_fn, module_name, file, globals, locals)
           ^^^^^^^^^^^^^^^^^^^^^^^^^^^^^^^^^^^^^^^^^^^^^^^^^^^^^^^^^^^^^^^^^^^^^^^^^
  File "/Users/nakamegurokoumylab/.cursor/extensions/ms-python.debugpy-2026.6.0-darwin-arm64/bundled/libs/debugpy/_vendored/pydevd/pydevd.py", line 2728, in _exec
    globals = pydevd_runpy._run_module_as_main(module_name, alter_argv=False)
              ^^^^^^^^^^^^^^^^^^^^^^^^^^^^^^^^^^^^^^^^^^^^^^^^^^^^^^^^^^^^^^^
  File "/Users/nakamegurokoumylab/.cursor/extensions/ms-python.debugpy-2026.6.0-darwin-arm64/bundled/libs/debugpy/_vendored/pydevd/_pydevd_bundle/pydevd_runpy.py", line 228, in _run_module_as_main
    return _run_code(code, main_globals, None, "__main__", mod_spec)
           ^^^^^^^^^^^^^^^^^^^^^^^^^^^^^^^^^^^^^^^^^^^^^^^^^^^^^^^^^
  File "/Users/nakamegurokoumylab/.cursor/extensions/ms-python.debugpy-2026.6.0-darwin-arm64/bundled/libs/debugpy/_vendored/pydevd/_pydevd_bundle/pydevd_runpy.py", line 118, in _run_code
    exec(code, run_globals)
  File "/Users/nakamegurokoumylab/Desktop/FLL-2026-2027-Season-Robot-Game/.venv/lib/python3.12/site-packages/pybricksdev/__main__.py", line 9, in <module>
    main()
  File "/Users/nakamegurokoumylab/Desktop/FLL-2026-2027-Season-Robot-Game/.venv/lib/python3.12/site-packages/pybricksdev/cli/__init__.py", line 620, in main
    asyncio.run(subparsers.choices[args.tool].tool.run(args))
  File "/Users/nakamegurokoumylab/.local/share/uv/python/cpython-3.12.14-macos-aarch64-none/lib/python3.12/asyncio/runners.py", line 195, in run
    return runner.run(main)
           ^^^^^^^^^^^^^^^^
  File "/Users/nakamegurokoumylab/.local/share/uv/python/cpython-3.12.14-macos-aarch64-none/lib/python3.12/asyncio/runners.py", line 118, in run
    return self._loop.run_until_complete(task)
           ^^^^^^^^^^^^^^^^^^^^^^^^^^^^^^^^^^^
  File "/Users/nakamegurokoumylab/.local/share/uv/python/cpython-3.12.14-macos-aarch64-none/lib/python3.12/asyncio/base_events.py", line 691, in run_until_complete
    return future.result()
           ^^^^^^^^^^^^^^^
  File "/Users/nakamegurokoumylab/Desktop/FLL-2026-2027-Season-Robot-Game/.venv/lib/python3.12/site-packages/pybricksdev/cli/__init__.py", line 194, in run
    device_or_address = await find_ble(args.name)
                        ^^^^^^^^^^^^^^^^^^^^^^^^^
  File "/Users/nakamegurokoumylab/Desktop/FLL-2026-2027-Season-Robot-Game/.venv/lib/python3.12/site-packages/pybricksdev/ble/__init__.py", line 67, in find_device
    raise asyncio.TimeoutError
TimeoutError

==================================================
終了コード: 1
終了日時  : 2026-10-03 18:34:22
実行時間  : 11.4 秒
接続〜初期化完了: 測れず（「=== ロボット初期化完了 ===」の行が無い）
走行: 測れず（「# 走行完了！」の行が無い。途中で止まった？）
