=== 実行ログ ===
スクリプト: run_gyro_motor_check_corrected.py
実行日時 : 2026-09-17 19:29:48
ハブ     : --name Pybricks Hub3
==================================================

Searching for Pybricks Hub3...

  0%|          | 0.00/5.78k [00:00<?, ?B/s]
 18%|█▊        | 1.01k/5.78k [00:00<00:00, 8.84kB/s]
 35%|███▌      | 2.03k/5.78k [00:00<00:00, 8.40kB/s]
 53%|█████▎    | 3.04k/5.78k [00:00<00:00, 8.29kB/s]
 70%|███████   | 4.06k/5.78k [00:00<00:00, 7.89kB/s]
 88%|████████▊ | 5.07k/5.78k [00:00<00:00, 6.27kB/s]
100%|██████████| 5.78k/5.78k [00:01<00:00, 2.89kB/s]
100%|██████████| 5.78k/5.78k [00:01<00:00, 4.33kB/s]
=== ロボット初期化開始 ===
✓ ハブ設定完了
✓ モーター設定完了
✓ デフォルト設定適用: 直進={'straight_acceleration': 800, 'straight_speed': 550}, 回転={'turn_acceleration': 313, 'turn_rate': 250}
✓ ロボットパラメータ設定完了
✓ PID制御設定完了（Pybricks の既定値を使用）
✓ センサー初期化完了
✓ モーター角度リセット完了: 全モーター=0°
=== ロボット初期化完了 ===
# MODE: spin / 回転速度: None / 補正: True / 命令: 1800 度 / 止まった時のジャイロ h1: 1816.39 度
# ★いま★ ライトが緑になったら（ピーと鳴ったら）、手で定規にぴったり当て直して、手を離してね
# 定規に合わせ直した時のジャイロ h2: 1818.43 度
# 本当のズレ（＋は回り足りない）: 2.05 度（ジャイロの目盛りで）
# モーターで回ったときのジャイロの 1 周の読み: 363.687 度（手で回したときは 361.8）
# 電池: 7923 mV

==================================================
終了コード: 0
終了日時  : 2026-09-17 19:30:12
実行時間  : 23.4 秒
