=== 実行ログ ===
スクリプト: run_gyro_motor_check_steps.py
実行日時 : 2026-09-19 12:02:51
ハブ     : --name Pybricks Hub3
==================================================

Searching for Pybricks Hub3...

  0%|          | 0.00/7.78k [00:00<?, ?B/s]
 13%|█▎        | 1.01k/7.78k [00:00<00:00, 8.98kB/s]
 26%|██▌       | 2.03k/7.78k [00:00<00:00, 7.46kB/s]
 39%|███▉      | 3.04k/7.78k [00:00<00:00, 6.27kB/s]
 52%|█████▏    | 4.06k/7.78k [00:00<00:00, 4.37kB/s]
 65%|██████▌   | 5.07k/7.78k [00:01<00:00, 3.00kB/s]
 72%|███████▏  | 5.58k/7.78k [00:01<00:00, 2.98kB/s]
 78%|███████▊  | 6.08k/7.78k [00:01<00:00, 2.96kB/s]
 85%|████████▍ | 6.59k/7.78k [00:01<00:00, 2.94kB/s]
 91%|█████████ | 7.10k/7.78k [00:02<00:00, 2.93kB/s]
 98%|█████████▊| 7.61k/7.78k [00:02<00:00, 2.92kB/s]
100%|██████████| 7.78k/7.78k [00:02<00:00, 3.00kB/s]
=== ロボット初期化開始 ===
★ 走行設定: new （new＝今年の値 / old＝昨年の速度・加速度・PID）
✓ 機体の校正表: Pybricks Hub3 {'heading_correction': 360.1, 'wheel': 62.32, 'axle': 114.48}
✓ ハブ設定完了
✓ モーター設定完了
✓ デフォルト設定適用: 直進={'straight_acceleration': 800, 'straight_speed': 550}, 回転={'turn_acceleration': 313, 'turn_rate': 250}
✓ ロボットパラメータ設定完了
✓ PID制御設定完了（Pybricks の既定値を使用）
✓ ジャイロの待ち完了: 2000 ms（止まったまま 2000 ms）
✓ センサー初期化完了
✓ モーター角度リセット完了: 全モーター=0°
=== ロボット初期化完了 ===
# imu.settings: (2.0, 2500.0, (0.107595, -1.197198, -0.486059), (366.1989, 351.5872, 362.0139), (10031.61, -9781.568, 9785.638, -9813.727, 9523.833, -10133.98), 360.1)
# 前: tilt (-0.1658586, 0.3375448) / 角速度 Matrix([
    [  -0.018],
    [  -0.264],
    [  -0.444],
]) / 加速度 Matrix([
    [ -50.305],
    [  40.403],
    [ 999.999],
])
# 後: tilt (-0.2104452, 0.3222372) / 角速度 Matrix([
    [  -0.018],
    [  -0.121],
    [   0.043],
])
# 軸ごとの回転 X/Y/Z: -32.29 13.61 -1800.22 / heading: 1799.72
# MODE: steps / 回転速度: None / 補正: False / 命令: 1800 度 / 止まった時のジャイロ h1: 1799.72 度
# ★いま★ ライトが緑になったら（ピーと鳴ったら）、手で定規にぴったり当て直して、手を離してね
# ！ 合わせ直しでほとんど動いていません。当て直しを忘れていたら、この回は無効です
# 定規に合わせ直した時のジャイロ h2: 1799.93 度
# 本当のズレ（＋は回り足りない）: 0.21 度（ジャイロの目盛りで）
# モーターで回ったときのジャイロの 1 周の読み: 359.986 度（360 なら目盛りは合っている）
# 電池: 7768 mV

==================================================
終了コード: 0
終了日時  : 2026-09-19 12:03:38
実行時間  : 46.9 秒
