=== 実行ログ ===
スクリプト: run_gyro_motor_check_steps.py
実行日時 : 2026-09-18 12:19:31
ハブ     : --name Pybricks Hub3
==================================================

Searching for Pybricks Hub3...

  0%|          | 0.00/6.88k [00:00<?, ?B/s]
 15%|█▍        | 1.01k/6.88k [00:00<00:00, 9.79kB/s]
 29%|██▉       | 2.03k/6.88k [00:00<00:00, 9.41kB/s]
 44%|████▍     | 3.04k/6.88k [00:00<00:00, 8.82kB/s]
 59%|█████▉    | 4.06k/6.88k [00:00<00:00, 8.99kB/s]
 74%|███████▎  | 5.07k/6.88k [00:00<00:00, 9.06kB/s]
 88%|████████▊ | 6.08k/6.88k [00:00<00:00, 7.66kB/s]
100%|██████████| 6.88k/6.88k [00:01<00:00, 6.37kB/s]
=== ロボット初期化開始 ===
✓ 機体の校正表: Pybricks Hub3 {'heading_correction': 364.0, 'wheel': 62.32, 'axle': 114.48}
✓ ハブ設定完了
✓ モーター設定完了
✓ デフォルト設定適用: 直進={'straight_acceleration': 800, 'straight_speed': 550}, 回転={'turn_acceleration': 313, 'turn_rate': 250}
✓ ロボットパラメータ設定完了
✓ PID制御設定完了（Pybricks の既定値を使用）
✓ センサー初期化完了
✓ モーター角度リセット完了: 全モーター=0°
=== ロボット初期化完了 ===
# imu.settings: (2.0, 2500.0, (0.107595, -1.197198, -0.486059), (366.1989, 351.5872, 362.0139), (10031.61, -9781.568, 9785.638, -9813.727, 9523.833, -10133.98), 364.0)
# 前: tilt (-0.2554565, 0.1087398) / 角速度 Matrix([
    [   0.035],
    [   0.049],
    [   0.088],
]) / 加速度 Matrix([
    [  34.995],
    [   2.077],
    [ 999.999],
])
# 後: tilt (-0.3162098, 0.041884) / 角速度 Matrix([
    [  -0.033],
    [  -0.093],
    [   0.088],
])
# 軸ごとの回転 X/Y/Z: -33.72 19.29 -1820.86 / heading: 1800.86
# MODE: steps / 回転速度: None / 補正: False / 命令: 1800 度 / 止まった時のジャイロ h1: 1800.86 度
# ★いま★ ライトが緑になったら（ピーと鳴ったら）、手で定規にぴったり当て直して、手を離してね
# 定規に合わせ直した時のジャイロ h2: 1803.48 度
# 本当のズレ（＋は回り足りない）: 2.62 度（ジャイロの目盛りで）
# モーターで回ったときのジャイロの 1 周の読み: 360.696 度（360 なら目盛りは合っている）
# 電池: 8063 mV

==================================================
終了コード: 0
終了日時  : 2026-09-18 12:20:13
実行時間  : 42.6 秒
