=== 実行ログ ===
スクリプト: run_gyro_motor_check_steps.py
実行日時 : 2026-09-19 12:01:07
ハブ     : --name Pybricks Hub3
==================================================

Searching for Pybricks Hub3...

  0%|          | 0.00/7.78k [00:00<?, ?B/s]
 13%|█▎        | 1.01k/7.78k [00:00<00:00, 9.93kB/s]
 26%|██▌       | 2.03k/7.78k [00:00<00:00, 9.57kB/s]
 39%|███▉      | 3.04k/7.78k [00:00<00:00, 9.34kB/s]
 52%|█████▏    | 4.06k/7.78k [00:00<00:00, 9.33kB/s]
 65%|██████▌   | 5.07k/7.78k [00:00<00:00, 8.59kB/s]
 78%|███████▊  | 6.08k/7.78k [00:01<00:00, 4.47kB/s]
 91%|█████████ | 7.10k/7.78k [00:01<00:00, 3.79kB/s]
100%|██████████| 7.78k/7.78k [00:02<00:00, 2.32kB/s]
100%|██████████| 7.78k/7.78k [00:02<00:00, 3.87kB/s]
=== ロボット初期化開始 ===
★ 走行設定: new （new＝今年の値 / old＝昨年の速度・加速度・PID）
✓ 機体の校正表: Pybricks Hub3 {'heading_correction': 360.1, 'wheel': 62.32, 'axle': 114.48}
✓ ハブ設定完了
✓ モーター設定完了
✓ デフォルト設定適用: 直進={'straight_acceleration': 800, 'straight_speed': 550}, 回転={'turn_acceleration': 313, 'turn_rate': 250}
✓ ロボットパラメータ設定完了
✓ PID制御設定完了（Pybricks の既定値を使用）
✓ ジャイロの待ち完了: 2000 ms（止まったまま 2000 ms）
✓ センサー初期化完了
✓ モーター角度リセット完了: 全モーター=0°
=== ロボット初期化完了 ===
# imu.settings: (2.0, 2500.0, (0.107595, -1.197198, -0.486059), (366.1989, 351.5872, 362.0139), (10031.61, -9781.568, 9785.638, -9813.727, 9523.833, -10133.98), 360.1)
# 前: tilt (-0.1974165, 0.303561) / 角速度 Matrix([
    [  -0.014],
    [   0.031],
    [  -0.156],
]) / 加速度 Matrix([
    [  51.582],
    [  28.426],
    [ 999.999],
])
# 後: tilt (-0.2253386, 0.3246171) / 角速度 Matrix([
    [  -0.083],
    [   0.031],
    [   0.052],
])
# 軸ごとの回転 X/Y/Z: -32.26 13.55 -1800.26 / heading: 1799.75
# MODE: steps / 回転速度: None / 補正: False / 命令: 1800 度 / 止まった時のジャイロ h1: 1799.75 度
# ★いま★ ライトが緑になったら（ピーと鳴ったら）、手で定規にぴったり当て直して、手を離してね
# 定規に合わせ直した時のジャイロ h2: 1800.23 度
# 本当のズレ（＋は回り足りない）: 0.48 度（ジャイロの目盛りで）
# モーターで回ったときのジャイロの 1 周の読み: 360.045 度（360 なら目盛りは合っている）
# 電池: 7772 mV

==================================================
終了コード: 0
終了日時  : 2026-09-19 12:01:54
実行時間  : 46.3 秒
