=== 実行ログ ===
スクリプト: run_coach_M04M05.py
実行日時 : 2026-10-11 12:14:21
ハブ     : --name Pybricks Hub3
==================================================

Searching for Pybricks Hub3...

  0%|          | 0.00/6.34k [00:00<?, ?B/s]
  8%|▊         | 507/6.34k [00:00<00:01, 3.02kB/s]
 16%|█▌        | 1.01k/6.34k [00:00<00:01, 2.94kB/s]
 24%|██▍       | 1.52k/6.34k [00:00<00:01, 2.62kB/s]
 32%|███▏      | 2.03k/6.34k [00:00<00:01, 2.49kB/s]
 40%|███▉      | 2.54k/6.34k [00:00<00:01, 2.42kB/s]
 48%|████▊     | 3.04k/6.34k [00:01<00:01, 2.39kB/s]
 56%|█████▌    | 3.55k/6.34k [00:01<00:01, 2.36kB/s]
 64%|██████▍   | 4.06k/6.34k [00:01<00:00, 2.51kB/s]
 72%|███████▏  | 4.56k/6.34k [00:01<00:00, 2.62kB/s]
 80%|███████▉  | 5.07k/6.34k [00:01<00:00, 2.70kB/s]
 88%|████████▊ | 5.58k/6.34k [00:02<00:00, 2.76kB/s]
 96%|█████████▌| 6.08k/6.34k [00:02<00:00, 2.44kB/s]
100%|██████████| 6.34k/6.34k [00:02<00:00, 2.34kB/s]
100%|██████████| 6.34k/6.34k [00:02<00:00, 2.51kB/s]
=== ロボット初期化開始 ===
★ 走行設定: new （new＝今年の値 / old＝昨年の速度・加速度・PID）
✓ 機体の校正表: Pybricks Hub3 {'heading_correction': 360.1, 'wheel': 62.32, 'axle': 114.48}
✓ ハブ設定完了
✓ モーター設定完了
✓ デフォルト設定適用: 直進={'straight_acceleration': 800, 'straight_speed': 550}, 回転={'turn_acceleration': 313, 'turn_rate': 250}
✓ ロボットパラメータ設定完了
✓ PID制御設定完了（Pybricks の既定値を使用）
✓ ジャイロの待ち完了: 2001 ms（止まったまま 2000 ms）
✓ センサー初期化完了
✓ モーター角度リセット完了: 全モーター=0°
=== ロボット初期化完了 ===
The program was stopped (SystemExit).

==================================================
終了コード: 0
終了日時  : 2026-10-11 12:14:45
実行時間  : 24.3 秒
接続〜初期化完了: 12.5 秒（ハブを探す・つなぐ・送る・ジャイロの待ち。本番は試合の前に 1 回だけ）
走行: 測れず（「# 走行完了！」の行が無い。途中で止まった？）
