=== 実行ログ ===
スクリプト: run_coach_M04M05.py
実行日時 : 2026-10-03 21:02:07
ハブ     : --name Pybricks Hub3
==================================================

Searching for Pybricks Hub3...

  0%|          | 0.00/6.21k [00:00<?, ?B/s]
  8%|▊         | 507/6.21k [00:00<00:01, 2.98kB/s]
 16%|█▋        | 1.01k/6.21k [00:00<00:01, 2.95kB/s]
 24%|██▍       | 1.52k/6.21k [00:00<00:01, 2.92kB/s]
 33%|███▎      | 2.03k/6.21k [00:00<00:01, 2.91kB/s]
 41%|████      | 2.54k/6.21k [00:00<00:01, 2.91kB/s]
 49%|████▉     | 3.04k/6.21k [00:01<00:01, 2.89kB/s]
 57%|█████▋    | 3.55k/6.21k [00:01<00:00, 2.91kB/s]
 65%|██████▌   | 4.06k/6.21k [00:01<00:00, 2.90kB/s]
 73%|███████▎  | 4.56k/6.21k [00:01<00:00, 2.90kB/s]
 82%|████████▏ | 5.07k/6.21k [00:01<00:00, 2.69kB/s]
 90%|████████▉ | 5.58k/6.21k [00:01<00:00, 2.75kB/s]
 98%|█████████▊| 6.08k/6.21k [00:02<00:00, 2.80kB/s]
100%|██████████| 6.21k/6.21k [00:02<00:00, 2.54kB/s]
=== ロボット初期化開始 ===
★ 走行設定: new （new＝今年の値 / old＝昨年の速度・加速度・PID）
✓ 機体の校正表: Pybricks Hub3 {'heading_correction': 360.1, 'wheel': 62.32, 'axle': 114.48}
✓ ハブ設定完了
✓ モーター設定完了
✓ デフォルト設定適用: 直進={'straight_acceleration': 800, 'straight_speed': 550}, 回転={'turn_acceleration': 313, 'turn_rate': 250}
✓ ロボットパラメータ設定完了
✓ PID制御設定完了（Pybricks の既定値を使用）
✓ ジャイロの待ち完了: 2002 ms（止まったまま 2000 ms）
✓ センサー初期化完了
✓ モーター角度リセット完了: 全モーター=0°
=== ロボット初期化完了 ===
# 走行完了！

==================================================
終了コード: 0
終了日時  : 2026-10-03 21:02:28
実行時間  : 20.6 秒
接続〜初期化完了: 11.8 秒（ハブを探す・つなぐ・送る・ジャイロの待ち。本番は試合の前に 1 回だけ）
走行: 7.7 秒（初期化完了 → 走行完了。本番でもかかる時間）
