Searching for Pybricks Hub3...

  0%|          | 0.00/8.91k [00:00<?, ?B/s]
 11%|█▏        | 1.01k/8.91k [00:00<00:00, 8.80kB/s]
 23%|██▎       | 2.03k/8.91k [00:00<00:00, 8.97kB/s]
 34%|███▍      | 3.04k/8.91k [00:00<00:00, 8.60kB/s]
 46%|████▌     | 4.06k/8.91k [00:00<00:00, 8.46kB/s]
 57%|█████▋    | 5.07k/8.91k [00:00<00:00, 7.67kB/s]
 68%|██████▊   | 6.08k/8.91k [00:01<00:00, 4.59kB/s]
 80%|███████▉  | 7.10k/8.91k [00:01<00:00, 3.65kB/s]
 85%|████████▌ | 7.61k/8.91k [00:01<00:00, 3.48kB/s]
 91%|█████████ | 8.11k/8.91k [00:01<00:00, 3.33kB/s]
 97%|█████████▋| 8.62k/8.91k [00:01<00:00, 3.03kB/s]
100%|██████████| 8.91k/8.91k [00:02<00:00, 4.05kB/s]
=== ロボット初期化開始 ===
✓ 機体の校正表: Pybricks Hub3 {'heading_correction': 364.0, 'wheel': 62.32, 'axle': 114.48}
✓ ハブ設定完了
✓ モーター設定完了
✓ デフォルト設定適用: 直進={'straight_acceleration': 800, 'straight_speed': 550}, 回転={'turn_acceleration': 313, 'turn_rate': 250}
✓ ロボットパラメータ設定完了
✓ PID制御設定完了（Pybricks の既定値を使用）
✓ センサー初期化完了
✓ モーター角度リセット完了: 全モーター=0°
=== ロボット初期化完了 ===
# 比較走行: SETTINGS = old / COURSE = square / 回転の打ち消し = False
# 回り足りなさの補正 = False
# square の 1 辺: 700 mm
# settings: (400, 500, 240, 850)
# heading pid: (2000, 50, 100, 4, 8)
# distance pid: (1000, 50, 10, 4, 8)
# 所要時間: 15.68 秒
# ジャイロの向き: 363.42 度 （turn/square は 360、mission は 720 か 0 に近いほど良い）
# エンコーダの距離: 2808 mm / 電池: 7957 mV
# ★測って★ 終点のズレ (mm) を測ってターミナルに入れてね。入れ終わったらハブの右ボタン（▶）を押すと当て直しに進むよ
# ★いま★ ライトが緑になったら（ピーと鳴ったら）、機体の左側面を定規にぴったり当て直して、手を離してね
# 止まった時のジャイロ h1: 363.42 度 / 当て直した時のジャイロ h2: 361.7 度
# 向きの実測ズレ_右が＋: 1.72 度（当て直しで測った本当のズレ。＋は右に回りすぎ・−は回り足りない）
# 走行完了！
