Searching for Pybricks Hub3...

  0%|          | 0.00/7.42k [00:00<?, ?B/s]
 14%|█▎        | 1.01k/7.42k [00:00<00:00, 9.72kB/s]
 27%|██▋       | 2.03k/7.42k [00:00<00:00, 9.41kB/s]
 41%|████      | 3.04k/7.42k [00:00<00:00, 8.85kB/s]
 55%|█████▍    | 4.06k/7.42k [00:00<00:00, 8.58kB/s]
 68%|██████▊   | 5.07k/7.42k [00:00<00:00, 8.80kB/s]
 82%|████████▏ | 6.08k/7.42k [00:00<00:00, 8.69kB/s]
 96%|█████████▌| 7.10k/7.42k [00:01<00:00, 4.89kB/s]
100%|██████████| 7.42k/7.42k [00:01<00:00, 5.51kB/s]
=== ロボット初期化開始 ===
✓ 機体の校正表: Pybricks Hub3 {'heading_correction': 364.0, 'wheel': 62.32, 'axle': 114.48}
✓ ハブ設定完了
✓ モーター設定完了
✓ デフォルト設定適用: 直進={'straight_acceleration': 800, 'straight_speed': 550}, 回転={'turn_acceleration': 313, 'turn_rate': 250}
✓ ロボットパラメータ設定完了
✓ PID制御設定完了（Pybricks の既定値を使用）
✓ センサー初期化完了
✓ モーター角度リセット完了: 全モーター=0°
=== ロボット初期化完了 ===
# 比較走行: SETTINGS = old / COURSE = turn / 回転の打ち消し = False
# 回り足りなさの補正 = False
# settings: (400, 500, 240, 850)
# heading pid: (2000, 50, 100, 4, 8)
# distance pid: (1000, 50, 10, 4, 8)
#  回転 1 回目のあと ジャイロ: 92.29 度
#  回転 2 回目のあと ジャイロ: 182.82 度
#  回転 3 回目のあと ジャイロ: 274.49 度
#  回転 4 回目のあと ジャイロ: 363.02 度
# 所要時間: 4.22 秒
# ジャイロの向き: 363.01 度 （turn/square は 360、mission は 720 か 0 に近いほど良い）
# エンコーダの距離: -5 mm / 電池: 8061 mV
# → ものさしで実測した距離・向きのズレ・終点のズレを比較表に書く
# 走行完了！
