Searching for Pybricks Hub3...

  0%|          | 0.00/8.57k [00:00<?, ?B/s]
 12%|█▏        | 1.01k/8.57k [00:00<00:00, 9.94kB/s]
 24%|██▎       | 2.03k/8.57k [00:00<00:00, 9.44kB/s]
 36%|███▌      | 3.04k/8.57k [00:00<00:00, 9.35kB/s]
 47%|████▋     | 4.06k/8.57k [00:00<00:00, 8.86kB/s]
 59%|█████▉    | 5.07k/8.57k [00:00<00:00, 7.96kB/s]
 71%|███████   | 6.08k/8.57k [00:00<00:00, 5.19kB/s]
 83%|████████▎ | 7.10k/8.57k [00:01<00:00, 3.90kB/s]
 95%|█████████▍| 8.11k/8.57k [00:01<00:00, 3.35kB/s]
100%|██████████| 8.57k/8.57k [00:02<00:00, 2.17kB/s]
100%|██████████| 8.57k/8.57k [00:02<00:00, 3.76kB/s]
=== ロボット初期化開始 ===
✓ 機体の校正表: Pybricks Hub3 {'heading_correction': 364.0, 'wheel': 62.32, 'axle': 114.48}
✓ ハブ設定完了
✓ モーター設定完了
✓ デフォルト設定適用: 直進={'straight_acceleration': 800, 'straight_speed': 550}, 回転={'turn_acceleration': 313, 'turn_rate': 250}
✓ ロボットパラメータ設定完了
✓ PID制御設定完了（Pybricks の既定値を使用）
✓ センサー初期化完了
✓ モーター角度リセット完了: 全モーター=0°
=== ロボット初期化完了 ===
# 比較走行: SETTINGS = new / COURSE = square / 回転の打ち消し = False
# 回り足りなさの補正 = False
# square の 1 辺: 500 mm
# settings: (544, 800, 250, 313)
# heading pid: (7558, 0, 1889, 4, 8)
# distance pid: (7558, 0, 1889, 4, 8)
The program was stopped (SystemExit).
