Searching for Pybricks Hub3...

  0%|          | 0.00/6.54k [00:00<?, ?B/s]
 15%|█▌        | 1.01k/6.54k [00:00<00:00, 9.81kB/s]
 31%|███       | 2.03k/6.54k [00:00<00:00, 9.42kB/s]
 46%|████▋     | 3.04k/6.54k [00:00<00:00, 9.36kB/s]
 62%|██████▏   | 4.06k/6.54k [00:00<00:00, 8.87kB/s]
 77%|███████▋  | 5.07k/6.54k [00:00<00:00, 7.74kB/s]
 93%|█████████▎| 6.08k/6.54k [00:00<00:00, 4.94kB/s]
100%|██████████| 6.54k/6.54k [00:01<00:00, 4.55kB/s]
=== ロボット初期化開始 ===
✓ ハブ設定完了
✓ モーター設定完了
✓ デフォルト設定適用: 直進={'straight_acceleration': 800, 'straight_speed': 550}, 回転={'turn_acceleration': 313, 'turn_rate': 250}
✓ ロボットパラメータ設定完了
✓ PID制御設定完了（Pybricks の既定値を使用）
✓ センサー初期化完了
✓ モーター角度リセット完了: 全モーター=0°
=== ロボット初期化完了 ===
# 比較走行: SETTINGS = new / COURSE = square / 回転の打ち消し = False
# square の 1 辺: 500 mm
# settings: (544, 800, 250, 313)
# heading pid: (7558, 0, 1889, 4, 8)
# distance pid: (7558, 0, 1889, 4, 8)
# 所要時間: 13.31 秒
# ジャイロの向き: 359.8 度 （turn/square は 360、mission は 720 か 0 に近いほど良い）
# エンコーダの距離: 2006 mm / 電池: 8078 mV
# → ものさしで実測した距離・向きのズレ・終点のズレを比較表に書く
# 走行完了！
