Searching for Pybricks Hub3...

  0%|          | 0.00/7.42k [00:00<?, ?B/s]
 14%|█▎        | 1.01k/7.42k [00:00<00:00, 9.81kB/s]
 27%|██▋       | 2.03k/7.42k [00:00<00:00, 8.83kB/s]
 41%|████      | 3.04k/7.42k [00:00<00:00, 9.00kB/s]
 55%|█████▍    | 4.06k/7.42k [00:00<00:00, 9.09kB/s]
 68%|██████▊   | 5.07k/7.42k [00:00<00:00, 8.52kB/s]
 82%|████████▏ | 6.08k/7.42k [00:00<00:00, 5.14kB/s]
 96%|█████████▌| 7.10k/7.42k [00:01<00:00, 3.68kB/s]
100%|██████████| 7.42k/7.42k [00:01<00:00, 4.44kB/s]
=== ロボット初期化開始 ===
✓ 機体の校正表: Pybricks Hub3 {'heading_correction': 364.0, 'wheel': 62.32, 'axle': 114.48}
✓ ハブ設定完了
✓ モーター設定完了
✓ デフォルト設定適用: 直進={'straight_acceleration': 800, 'straight_speed': 550}, 回転={'turn_acceleration': 313, 'turn_rate': 250}
✓ ロボットパラメータ設定完了
✓ PID制御設定完了（Pybricks の既定値を使用）
✓ センサー初期化完了
✓ モーター角度リセット完了: 全モーター=0°
=== ロボット初期化完了 ===
# 比較走行: SETTINGS = new / COURSE = turn / 回転の打ち消し = False
# 回り足りなさの補正 = False
# settings: (544, 800, 250, 313)
# heading pid: (7558, 0, 1889, 4, 8)
# distance pid: (7558, 0, 1889, 4, 8)
#  回転 1 回目のあと ジャイロ: 89.94 度
#  回転 2 回目のあと ジャイロ: 180.13 度
#  回転 3 回目のあと ジャイロ: 271.36 度
#  回転 4 回目のあと ジャイロ: 360.39 度
# 所要時間: 5.5 秒
# ジャイロの向き: 360.4 度 （turn/square は 360、mission は 720 か 0 に近いほど良い）
# エンコーダの距離: -1 mm / 電池: 8064 mV
# → ものさしで実測した距離・向きのズレ・終点のズレを比較表に書く
# 走行完了！
