Searching for Pybricks Hub3...

  0%|          | 0.00/8.91k [00:00<?, ?B/s]
 11%|█▏        | 1.01k/8.91k [00:00<00:00, 9.90kB/s]
 23%|██▎       | 2.03k/8.91k [00:00<00:00, 9.51kB/s]
 34%|███▍      | 3.04k/8.91k [00:00<00:00, 9.37kB/s]
 46%|████▌     | 4.06k/8.91k [00:00<00:00, 9.30kB/s]
 57%|█████▋    | 5.07k/8.91k [00:00<00:00, 8.42kB/s]
 68%|██████▊   | 6.08k/8.91k [00:00<00:00, 5.11kB/s]
 80%|███████▉  | 7.10k/8.91k [00:01<00:00, 4.09kB/s]
 91%|█████████ | 8.11k/8.91k [00:01<00:00, 3.62kB/s]
 97%|█████████▋| 8.62k/8.91k [00:01<00:00, 3.46kB/s]
100%|██████████| 8.91k/8.91k [00:02<00:00, 4.42kB/s]
=== ロボット初期化開始 ===
✓ ジャイロの目盛りを Pybricks Hub3 の値にしました: 365.8
✓ ハブ設定完了
✓ モーター設定完了
✓ デフォルト設定適用: 直進={'straight_acceleration': 800, 'straight_speed': 550}, 回転={'turn_acceleration': 313, 'turn_rate': 250}
✓ ロボットパラメータ設定完了
✓ PID制御設定完了（Pybricks の既定値を使用）
✓ センサー初期化完了
✓ モーター角度リセット完了: 全モーター=0°
=== ロボット初期化完了 ===
# 比較走行: SETTINGS = new / COURSE = square / 回転の打ち消し = False
# 回り足りなさの補正 = False
# square の 1 辺: 700 mm
# settings: (544, 800, 250, 313)
# heading pid: (7558, 0, 1889, 4, 8)
# distance pid: (7558, 0, 1889, 4, 8)
# 所要時間: 14.73 秒
# ジャイロの向き: 359.88 度 （turn/square は 360、mission は 720 か 0 に近いほど良い）
# エンコーダの距離: 2809 mm / 電池: 7915 mV
# ★測って★ 終点のズレ (mm) を測ってターミナルに入れてね。入れ終わったらハブの右ボタン（▶）を押すと当て直しに進むよ
# ★いま★ ライトが緑になったら（ピーと鳴ったら）、機体の左側面を定規にぴったり当て直して、手を離してね
# 止まった時のジャイロ h1: 359.88 度 / 当て直した時のジャイロ h2: 358.92 度
# 向きの実測ズレ_右が＋: 0.9700001 度（当て直しで測った本当のズレ。＋は右に回りすぎ・−は回り足りない）
# 走行完了！
