Traceback (most recent call last):
  File "<frozen runpy>", line 198, in _run_module_as_main
  File "<frozen runpy>", line 88, in _run_code
  File "c:\Projects\FLL-2026-2027-Season-Robot-Game\.venv\Lib\site-packages\pybricksdev\__main__.py", line 9, in <module>
    main()
  File "c:\Projects\FLL-2026-2027-Season-Robot-Game\.venv\Lib\site-packages\pybricksdev\cli\__init__.py", line 620, in main
    asyncio.run(subparsers.choices[args.tool].tool.run(args))
  File "C:\Users\isaok\.pyenv\pyenv-win\versions\3.12.6\Lib\asyncio\runners.py", line 194, in run
    return runner.run(main)
           ^^^^^^^^^^^^^^^^
  File "C:\Users\isaok\.pyenv\pyenv-win\versions\3.12.6\Lib\asyncio\runners.py", line 118, in run
    return self._loop.run_until_complete(task)
           ^^^^^^^^^^^^^^^^^^^^^^^^^^^^^^^^^^^
  File "C:\Users\isaok\.pyenv\pyenv-win\versions\3.12.6\Lib\asyncio\base_events.py", line 687, in run_until_complete
    return future.result()
           ^^^^^^^^^^^^^^^
  File "c:\Projects\FLL-2026-2027-Season-Robot-Game\.venv\Lib\site-packages\pybricksdev\cli\__init__.py", line 194, in run
    device_or_address = await find_ble(args.name)
                        ^^^^^^^^^^^^^^^^^^^^^^^^^
  File "c:\Projects\FLL-2026-2027-Season-Robot-Game\.venv\Lib\site-packages\pybricksdev\ble\__init__.py", line 67, in find_device
    raise asyncio.TimeoutError
TimeoutError
Searching for Pybricks Hub3...
