Searching for Pybricks Hub3...

  0%|          | 0.00/9.82k [00:00<?, ?B/s]
 10%|█         | 1.01k/9.82k [00:00<00:01, 7.72kB/s]
 21%|██        | 2.03k/9.82k [00:00<00:00, 8.52kB/s]
 31%|███       | 3.04k/9.82k [00:00<00:00, 8.85kB/s]
 41%|████▏     | 4.06k/9.82k [00:00<00:00, 8.58kB/s]
 52%|█████▏    | 5.07k/9.82k [00:00<00:00, 7.57kB/s]
 62%|██████▏   | 6.08k/9.82k [00:01<00:00, 4.56kB/s]
 72%|███████▏  | 7.10k/9.82k [00:01<00:00, 3.15kB/s]
 77%|███████▋  | 7.61k/9.82k [00:01<00:00, 3.10kB/s]
 83%|████████▎ | 8.11k/9.82k [00:01<00:00, 2.89kB/s]
 88%|████████▊ | 8.62k/9.82k [00:02<00:00, 2.89kB/s]
 93%|█████████▎| 9.13k/9.82k [00:02<00:00, 2.58kB/s]
 98%|█████████▊| 9.63k/9.82k [00:02<00:00, 2.65kB/s]
100%|██████████| 9.82k/9.82k [00:02<00:00, 3.27kB/s]
=== ロボット初期化開始 ===
★ 走行設定: new （new＝今年の値 / old＝昨年の速度・加速度・PID）
✓ 機体の校正表: Pybricks Hub3 {'heading_correction': 360.1, 'wheel': 62.32, 'axle': 114.48}
✓ ハブ設定完了
✓ モーター設定完了
✓ デフォルト設定適用: 直進={'straight_acceleration': 800, 'straight_speed': 550}, 回転={'turn_acceleration': 313, 'turn_rate': 250}
✓ ロボットパラメータ設定完了
✓ PID制御設定完了（Pybricks の既定値を使用）
✓ ジャイロの待ち完了: 2000 ms（止まったまま 2000 ms）
✓ センサー初期化完了
✓ モーター角度リセット完了: 全モーター=0°
=== ロボット初期化完了 ===
# 比較走行: SETTINGS = new / COURSE = square / 回転の打ち消し = False
# 回り足りなさの補正 = False
# square の 1 辺: 700 mm
# settings: (544, 800, 250, 313)
# heading pid: (7558, 0, 1889, 4, 8)
# distance pid: (7558, 0, 1889, 4, 8)
# 所要時間: 14.71 秒
# ジャイロの向き: 360.45 度 （turn/square は 360、mission は 720 か 0 に近いほど良い）
# エンコーダの距離: 2810 mm / 電池: 7757 mV
# ★測って★ 終点のズレ (mm) を測ってターミナルに入れてね。入れ終わったらハブの右ボタン（▶）を押すと当て直しに進むよ
# ★いま★ ライトが緑になったら（ピーと鳴ったら）、機体の左側面を定規にぴったり当て直して、手を離してね
# 止まった時のジャイロ h1: 360.45 度 / 当て直した時のジャイロ h2: 359.33 度
# 向きの実測ズレ_右が＋: 1.12 度（当て直しで測った本当のズレ。＋は右に回りすぎ・−は回り足りない）
# 走行完了！
