Searching for Pybricks Hub3...

  0%|          | 0.00/8.57k [00:00<?, ?B/s]
 12%|█▏        | 1.01k/8.57k [00:00<00:00, 8.66kB/s]
 24%|██▎       | 2.03k/8.57k [00:00<00:00, 9.00kB/s]
 36%|███▌      | 3.04k/8.57k [00:00<00:00, 8.62kB/s]
 47%|████▋     | 4.06k/8.57k [00:00<00:00, 8.43kB/s]
 59%|█████▉    | 5.07k/8.57k [00:00<00:00, 6.80kB/s]
 71%|███████   | 6.08k/8.57k [00:01<00:00, 4.36kB/s]
 83%|████████▎ | 7.10k/8.57k [00:01<00:00, 3.56kB/s]
 89%|████████▉ | 7.61k/8.57k [00:01<00:00, 3.41kB/s]
 95%|█████████▍| 8.11k/8.57k [00:01<00:00, 3.28kB/s]
100%|██████████| 8.57k/8.57k [00:02<00:00, 2.15kB/s]
100%|██████████| 8.57k/8.57k [00:02<00:00, 3.74kB/s]
=== ロボット初期化開始 ===
✓ 機体の校正表: Pybricks Hub3 {'heading_correction': 364.0, 'wheel': 62.32, 'axle': 114.48}
✓ ハブ設定完了
✓ モーター設定完了
✓ デフォルト設定適用: 直進={'straight_acceleration': 800, 'straight_speed': 550}, 回転={'turn_acceleration': 313, 'turn_rate': 250}
✓ ロボットパラメータ設定完了
✓ PID制御設定完了（Pybricks の既定値を使用）
✓ センサー初期化完了
✓ モーター角度リセット完了: 全モーター=0°
=== ロボット初期化完了 ===
# 比較走行: SETTINGS = new / COURSE = square / 回転の打ち消し = False
# 回り足りなさの補正 = False
# square の 1 辺: 700 mm
# settings: (544, 800, 250, 313)
# heading pid: (7558, 0, 1889, 4, 8)
# distance pid: (7558, 0, 1889, 4, 8)
# 所要時間: 14.74 秒
# ジャイロの向き: 361.11 度 （turn/square は 360、mission は 720 か 0 に近いほど良い）
# エンコーダの距離: 2809 mm / 電池: 8016 mV
# ★いま★ 先に終点のズレ (mm) を測ってから、機体の左側面を定規にぴったり当て直して、手を離してね
# ！ 当て直しでほとんど動いていません。当て直しを忘れていたら、この回は除外にしてね
# 止まった時のジャイロ h1: 361.11 度 / 当て直した時のジャイロ h2: 361.16 度
# 向きの実測ズレ_右が＋: -0.05 度（当て直しで測った本当のズレ。＋は右に回りすぎ・−は回り足りない）
# 走行完了！
