Searching for Pybricks Hub3...

  0%|          | 0.00/6.50k [00:00<?, ?B/s]
 16%|█▌        | 1.01k/6.50k [00:00<00:00, 8.64kB/s]
 31%|███       | 2.03k/6.50k [00:00<00:00, 8.38kB/s]
 47%|████▋     | 3.04k/6.50k [00:00<00:00, 8.71kB/s]
 62%|██████▏   | 4.06k/6.50k [00:00<00:00, 8.91kB/s]
 78%|███████▊  | 5.07k/6.50k [00:00<00:00, 7.11kB/s]
 94%|█████████▎| 6.08k/6.50k [00:01<00:00, 4.76kB/s]
100%|██████████| 6.50k/6.50k [00:01<00:00, 4.38kB/s]
=== ロボット初期化開始 ===
✓ ハブ設定完了
✓ モーター設定完了
✓ デフォルト設定適用: 直進={'straight_acceleration': 800, 'straight_speed': 550}, 回転={'turn_acceleration': 313, 'turn_rate': 250}
✓ ロボットパラメータ設定完了
✓ PID制御設定完了（Pybricks の既定値を使用）
✓ センサー初期化完了
✓ モーター角度リセット完了: 全モーター=0°
=== ロボット初期化完了 ===
# 比較走行: SETTINGS = old / COURSE = turn / 回転の打ち消し = False
# settings: (400, 500, 240, 850)
# heading pid: (2000, 50, 100, 4, 8)
# distance pid: (1000, 50, 10, 4, 8)
#  回転 1 回目のあと ジャイロ: 93.54 度
#  回転 2 回目のあと ジャイロ: 182.88 度
#  回転 3 回目のあと ジャイロ: 275.86 度
#  回転 4 回目のあと ジャイロ: 363.11 度
# 所要時間: 4.12 秒
# ジャイロの向き: 363.11 度 （turn/square は 360、mission は 720 か 0 に近いほど良い）
# エンコーダの距離: -5 mm / 電池: 8116 mV
# → ものさしで実測した距離・向きのズレ・終点のズレを比較表に書く
# 走行完了！
