Searching for Pybricks Hub3...

  0%|          | 0.00/8.56k [00:00<?, ?B/s]
 12%|█▏        | 1.01k/8.56k [00:00<00:00, 8.74kB/s]
 24%|██▎       | 2.03k/8.56k [00:00<00:00, 9.00kB/s]
 36%|███▌      | 3.04k/8.56k [00:00<00:00, 8.61kB/s]
 47%|████▋     | 4.06k/8.56k [00:00<00:00, 8.85kB/s]
 59%|█████▉    | 5.07k/8.56k [00:00<00:00, 8.96kB/s]
 71%|███████   | 6.08k/8.56k [00:00<00:00, 8.01kB/s]
 83%|████████▎ | 7.10k/8.56k [00:01<00:00, 4.45kB/s]
 95%|█████████▍| 8.11k/8.56k [00:01<00:00, 3.61kB/s]
100%|██████████| 8.56k/8.56k [00:02<00:00, 4.21kB/s]
=== ロボット初期化開始 ===
✓ 機体の校正表: Pybricks Hub3 {'heading_correction': 364.0, 'wheel': 62.32, 'axle': 114.48}
✓ ハブ設定完了
✓ モーター設定完了
✓ デフォルト設定適用: 直進={'straight_acceleration': 800, 'straight_speed': 550}, 回転={'turn_acceleration': 313, 'turn_rate': 250}
✓ ロボットパラメータ設定完了
✓ PID制御設定完了（Pybricks の既定値を使用）
✓ センサー初期化完了
✓ モーター角度リセット完了: 全モーター=0°
=== ロボット初期化完了 ===
# 比較走行: SETTINGS = old / COURSE = turn / 回転の打ち消し = False
# 回り足りなさの補正 = False
# settings: (400, 500, 240, 850)
# heading pid: (2000, 50, 100, 4, 8)
# distance pid: (1000, 50, 10, 4, 8)
#  回転 1 回目のあと ジャイロ: 92.78 度
#  回転 2 回目のあと ジャイロ: 182.88 度
#  回転 3 回目のあと ジャイロ: 274.4 度
#  回転 4 回目のあと ジャイロ: 362.81 度
# 所要時間: 4.19 秒
# ジャイロの向き: 362.84 度 （turn/square は 360、mission は 720 か 0 に近いほど良い）
# エンコーダの距離: -5 mm / 電池: 8052 mV
# ★いま★ ライトが緑になったら（ピーと鳴ったら）、機体の左側面を定規にぴったり当て直して、手を離してね
# 止まった時のジャイロ h1: 362.84 度 / 当て直した時のジャイロ h2: 362.24 度
# 向きの実測ズレ_右が＋: 0.6 度（当て直しで測った本当のズレ。＋は右に回りすぎ・−は回り足りない）
# 走行完了！
