Searching for Pybricks Hub3...

  0%|          | 0.00/8.92k [00:00<?, ?B/s]
 11%|█▏        | 1.01k/8.92k [00:00<00:00, 9.75kB/s]
 23%|██▎       | 2.03k/8.92k [00:00<00:00, 9.39kB/s]
 34%|███▍      | 3.04k/8.92k [00:00<00:00, 9.35kB/s]
 45%|████▌     | 4.06k/8.92k [00:00<00:00, 8.85kB/s]
 57%|█████▋    | 5.07k/8.92k [00:00<00:00, 8.61kB/s]
 68%|██████▊   | 6.08k/8.92k [00:00<00:00, 5.59kB/s]
 80%|███████▉  | 7.10k/8.92k [00:01<00:00, 3.83kB/s]
 91%|█████████ | 8.11k/8.92k [00:01<00:00, 3.04kB/s]
 97%|█████████▋| 8.62k/8.92k [00:01<00:00, 3.01kB/s]
100%|██████████| 8.92k/8.92k [00:02<00:00, 4.07kB/s]
=== ロボット初期化開始 ===
✓ 機体の校正表: Pybricks Hub3 {'heading_correction': 364.0, 'wheel': 62.32, 'axle': 114.48}
✓ ハブ設定完了
✓ モーター設定完了
✓ デフォルト設定適用: 直進={'straight_acceleration': 800, 'straight_speed': 550}, 回転={'turn_acceleration': 313, 'turn_rate': 250}
✓ ロボットパラメータ設定完了
✓ PID制御設定完了（Pybricks の既定値を使用）
✓ センサー初期化完了
✓ モーター角度リセット完了: 全モーター=0°
=== ロボット初期化完了 ===
# 比較走行: SETTINGS = old / COURSE = mission / 回転の打ち消し = False
# 回り足りなさの補正 = False
# settings: (400, 500, 240, 850)
# heading pid: (2000, 50, 100, 4, 8)
# distance pid: (1000, 50, 10, 4, 8)
# 所要時間: 21.88 秒
# ジャイロの向き: 723.62 度 （turn/square は 360、mission は 720 か 0 に近いほど良い）
# エンコーダの距離: 2405 mm / 電池: 7924 mV
# ★測って★ 終点のズレ (mm) を測ってターミナルに入れてね。入れ終わったらハブの右ボタン（▶）を押すと当て直しに進むよ
# ★いま★ ライトが緑になったら（ピーと鳴ったら）、機体の左側面を定規にぴったり当て直して、手を離してね
# 止まった時のジャイロ h1: 723.62 度 / 当て直した時のジャイロ h2: 724.6 度
# 向きの実測ズレ_右が＋: -0.98 度（当て直しで測った本当のズレ。＋は右に回りすぎ・−は回り足りない）
# 走行完了！
