Searching for Pybricks Hub3...

  0%|          | 0.00/6.47k [00:00<?, ?B/s]
 16%|█▌        | 1.01k/6.47k [00:00<00:00, 10.1kB/s]
 31%|███▏      | 2.03k/6.47k [00:00<00:00, 8.81kB/s]
 47%|████▋     | 3.04k/6.47k [00:00<00:00, 9.04kB/s]
 63%|██████▎   | 4.06k/6.47k [00:00<00:00, 9.09kB/s]
 78%|███████▊  | 5.07k/6.47k [00:00<00:00, 8.39kB/s]
 94%|█████████▍| 6.08k/6.47k [00:00<00:00, 5.34kB/s]
100%|██████████| 6.47k/6.47k [00:01<00:00, 4.98kB/s]
=== ロボット初期化開始 ===
✓ ハブ設定完了
✓ モーター設定完了
✓ デフォルト設定適用: 直進={'straight_acceleration': 800, 'straight_speed': 550}, 回転={'turn_acceleration': 313, 'turn_rate': 250}
✓ ロボットパラメータ設定完了
✓ PID制御設定完了（Pybricks の既定値を使用）
✓ センサー初期化完了
✓ モーター角度リセット完了: 全モーター=0°
=== ロボット初期化完了 ===
# 比較走行: SETTINGS = new / COURSE = turn / 回転の打ち消し = False
# settings: (544, 800, 250, 313)
# heading pid: (7558, 0, 1889, 4, 8)
# distance pid: (7558, 0, 1889, 4, 8)
#  回転 1 回目のあと ジャイロ: 90.17 度
#  回転 2 回目のあと ジャイロ: 180.16 度
#  回転 3 回目のあと ジャイロ: 269.56 度
#  回転 4 回目のあと ジャイロ: 358.74 度
# 所要時間: 5.5 秒
# ジャイロの向き: 358.76 度 （turn/square は 360、mission は 720 か 0 に近いほど良い）
# エンコーダの距離: 0 mm / 電池: 8109 mV
# → ものさしで実測した距離・向きのズレ・終点のズレを比較表に書く
# 走行完了！
