Searching for Pybricks Hub3...

  0%|          | 0.00/8.92k [00:00<?, ?B/s]
 11%|█▏        | 1.01k/8.92k [00:00<00:00, 9.81kB/s]
 23%|██▎       | 2.03k/8.92k [00:00<00:00, 9.49kB/s]
 34%|███▍      | 3.04k/8.92k [00:00<00:00, 9.34kB/s]
 45%|████▌     | 4.06k/8.92k [00:00<00:00, 9.28kB/s]
 57%|█████▋    | 5.07k/8.92k [00:00<00:00, 8.88kB/s]
 68%|██████▊   | 6.08k/8.92k [00:00<00:00, 5.16kB/s]
 80%|███████▉  | 7.10k/8.92k [00:01<00:00, 4.11kB/s]
 91%|█████████ | 8.11k/8.92k [00:01<00:00, 3.62kB/s]
 97%|█████████▋| 8.62k/8.92k [00:01<00:00, 3.46kB/s]
100%|██████████| 8.92k/8.92k [00:02<00:00, 4.44kB/s]
=== ロボット初期化開始 ===
✓ 機体の校正表: Pybricks Hub3 {'heading_correction': 364.0, 'wheel': 62.32, 'axle': 114.48}
✓ ハブ設定完了
✓ モーター設定完了
✓ デフォルト設定適用: 直進={'straight_acceleration': 800, 'straight_speed': 550}, 回転={'turn_acceleration': 313, 'turn_rate': 250}
✓ ロボットパラメータ設定完了
✓ PID制御設定完了（Pybricks の既定値を使用）
✓ センサー初期化完了
✓ モーター角度リセット完了: 全モーター=0°
=== ロボット初期化完了 ===
# 比較走行: SETTINGS = new / COURSE = mission / 回転の打ち消し = False
# 回り足りなさの補正 = False
# settings: (544, 800, 250, 313)
# heading pid: (7558, 0, 1889, 4, 8)
# distance pid: (7558, 0, 1889, 4, 8)
# 所要時間: 21.7 秒
# ジャイロの向き: 720.25 度 （turn/square は 360、mission は 720 か 0 に近いほど良い）
# エンコーダの距離: 2406 mm / 電池: 7940 mV
# ★測って★ 終点のズレ (mm) を測ってターミナルに入れてね。入れ終わったらハブの右ボタン（▶）を押すと当て直しに進むよ
The program was stopped (SystemExit).
