=== 実行ログ ===
スクリプト: run_gyro_motor_check_slow.py
実行日時 : 2026-09-17 16:45:02
ハブ     : --name Pybricks Hub3
==================================================

Searching for Pybricks Hub3...

  0%|          | 0.00/5.40k [00:00<?, ?B/s]
 19%|█▉        | 1.01k/5.40k [00:00<00:00, 8.97kB/s]
 38%|███▊      | 2.03k/5.40k [00:00<00:00, 7.44kB/s]
 56%|█████▋    | 3.04k/5.40k [00:00<00:00, 7.79kB/s]
 75%|███████▌  | 4.06k/5.40k [00:00<00:00, 7.92kB/s]
 94%|█████████▍| 5.07k/5.40k [00:00<00:00, 7.45kB/s]
100%|██████████| 5.40k/5.40k [00:00<00:00, 6.68kB/s]
=== ロボット初期化開始 ===
✓ ハブ設定完了
✓ モーター設定完了
✓ デフォルト設定適用: 直進={'straight_acceleration': 800, 'straight_speed': 550}, 回転={'turn_acceleration': 313, 'turn_rate': 250}
✓ ロボットパラメータ設定完了
✓ PID制御設定完了（Pybricks の既定値を使用）
✓ センサー初期化完了
✓ モーター角度リセット完了: 全モーター=0°
=== ロボット初期化完了 ===
# MODE: spin / 回転速度: 100 / 命令: 1800 度 / 止まった時のジャイロ h1: 1800.76 度
# ピッと鳴ったら、手で定規にぴったり当て直して、手を離してね
# 定規に合わせ直した時のジャイロ h2: 1800.7 度
# 本当のズレ（＋は回り足りない）: -0.07 度（ジャイロの目盛りで）
# モーターで回ったときのジャイロの 1 周の読み: 360.139 度（手で回したときは 361.8）
# 電池: 7981 mV

==================================================
終了コード: 0
終了日時  : 2026-09-17 16:45:31
実行時間  : 29.4 秒
