=== 実行ログ ===
スクリプト: run_imu_calibrate_official.py
実行日時 : 2026-09-17 17:44:36
ハブ     : --name Pybricks Hub3
==================================================

Searching for Pybricks Hub3...

  0%|          | 0.00/243 [00:00<?, ?B/s]
100%|██████████| 243/243 [00:00<00:00, 5.55kB/s]
# 校正前の imu.settings: (2.0, 2500.0, (0.1389356, -1.317983, -0.2881232), (360.0, 360.0, 360.0), (9806.65, -9806.65, 9806.65, -9806.65, 9806.65, -9806.65), 360.0)

Going to calibrate X now!
- Put the hub on the table in front of you.
- top side (display) facing up
- right side (ports BDF) towards you.

Roll it towards you, without lifting the hub up!
Calibrating...
Roll it towards you, without lifting the hub up!
Matrix([
    [  -0.155],
    [  -0.984],
    [   0.076],
])
Traceback (most recent call last):
  File "run_imu_calibrate_official.py", line 22, in <module>
  File "_imu_calibrate.py", line 134, in <module>
  File "_imu_calibrate.py", line 129, in roll_hub
  File "_imu_calibrate.py", line 50, in roll_over_axis
RuntimeError: Lifted it!

==================================================
終了コード: 0
終了日時  : 2026-09-17 17:45:10
実行時間  : 33.8 秒
